Archive member included to satisfy reference by file (symbol)

.\CortexM3\ARM_GCC_541\Debug\Adjustable Automated Relocker Code.a(LFOutADC.o)
                              .\CortexM3\ARM_GCC_541\Debug\utility.o (LFOutADC_CountsPerVolt)
.\CortexM3\ARM_GCC_541\Debug\Adjustable Automated Relocker Code.a(LFOutADC_INT.o)
                              .\CortexM3\ARM_GCC_541\Debug\Adjustable Automated Relocker Code.a(LFOutADC.o) (LFOutADC_ISR1)
.\CortexM3\ARM_GCC_541\Debug\Adjustable Automated Relocker Code.a(redLight.o)
                              .\CortexM3\ARM_GCC_541\Debug\main.o (redLight_Write)
.\CortexM3\ARM_GCC_541\Debug\Adjustable Automated Relocker Code.a(fineDAC.o)
                              .\CortexM3\ARM_GCC_541\Debug\main.o (fineDAC_SetValue)
.\CortexM3\ARM_GCC_541\Debug\Adjustable Automated Relocker Code.a(switches.o)
                              .\CortexM3\ARM_GCC_541\Debug\main.o (switches_Write)
.\CortexM3\ARM_GCC_541\Debug\Adjustable Automated Relocker Code.a(calibratePin.o)
                              .\CortexM3\ARM_GCC_541\Debug\main.o (calibratePin_Read)
.\CortexM3\ARM_GCC_541\Debug\Adjustable Automated Relocker Code.a(orangeLight.o)
                              .\CortexM3\ARM_GCC_541\Debug\main.o (orangeLight_Write)
.\CortexM3\ARM_GCC_541\Debug\Adjustable Automated Relocker Code.a(yellowLight.o)
                              .\CortexM3\ARM_GCC_541\Debug\main.o (yellowLight_Write)
.\CortexM3\ARM_GCC_541\Debug\Adjustable Automated Relocker Code.a(greenLight.o)
                              .\CortexM3\ARM_GCC_541\Debug\main.o (greenLight_Write)
.\CortexM3\ARM_GCC_541\Debug\Adjustable Automated Relocker Code.a(setting8V.o)
                              .\CortexM3\ARM_GCC_541\Debug\utility.o (setting8V_Read)
.\CortexM3\ARM_GCC_541\Debug\Adjustable Automated Relocker Code.a(setting22V.o)
                              .\CortexM3\ARM_GCC_541\Debug\utility.o (setting22V_Read)
.\CortexM3\ARM_GCC_541\Debug\Adjustable Automated Relocker Code.a(setting28V.o)
                              .\CortexM3\ARM_GCC_541\Debug\utility.o (setting28V_Read)
.\CortexM3\ARM_GCC_541\Debug\Adjustable Automated Relocker Code.a(LFOutADC_AMux.o)
                              .\CortexM3\ARM_GCC_541\Debug\Adjustable Automated Relocker Code.a(LFOutADC.o) (LFOutADC_AMux_Select)
.\CortexM3\ARM_GCC_541\Debug\Adjustable Automated Relocker Code.a(LFOutADC_Ext_CP_Clk.o)
                              .\CortexM3\ARM_GCC_541\Debug\Adjustable Automated Relocker Code.a(LFOutADC.o) (LFOutADC_Ext_CP_Clk_SetModeRegister)
.\CortexM3\ARM_GCC_541\Debug\Adjustable Automated Relocker Code.a(LFOutADC_theACLK.o)
                              .\CortexM3\ARM_GCC_541\Debug\Adjustable Automated Relocker Code.a(LFOutADC.o) (LFOutADC_theACLK_SetModeRegister)
.\CortexM3\ARM_GCC_541\Debug\Adjustable Automated Relocker Code.a(CyLib.o)
                              .\CortexM3\ARM_GCC_541\Debug\Cm3Start.o (CyHalt)
.\CortexM3\ARM_GCC_541\Debug\Adjustable Automated Relocker Code.a(cyPm.o)
                              .\CortexM3\ARM_GCC_541\Debug\Adjustable Automated Relocker Code.a(CyLib.o) (CyPmReadStatus)
.\CortexM3\ARM_GCC_541\Debug\Adjustable Automated Relocker Code.a(coarseDAC.o)
                              .\CortexM3\ARM_GCC_541\Debug\main.o (coarseDAC_SetValue)
.\CortexM3\ARM_GCC_541\Debug\Adjustable Automated Relocker Code.a(errMonADC.o)
                              .\CortexM3\ARM_GCC_541\Debug\utility.o (errMonADC_countsPerVolt)
.\CortexM3\ARM_GCC_541\Debug\Adjustable Automated Relocker Code.a(errMonADC_INT.o)
                              .\CortexM3\ARM_GCC_541\Debug\Adjustable Automated Relocker Code.a(errMonADC.o) (errMonADC_ISR)
.\CortexM3\ARM_GCC_541\Debug\Adjustable Automated Relocker Code.a(errMonADC_theACLK.o)
                              .\CortexM3\ARM_GCC_541\Debug\Adjustable Automated Relocker Code.a(errMonADC.o) (errMonADC_theACLK_SetModeRegister)
.\CortexM3\ARM_GCC_541\Debug\Adjustable Automated Relocker Code.a(sampleErrorMonitor.o)
                              .\CortexM3\ARM_GCC_541\Debug\main.o (sampleErrorMonitor_Read)
.\CortexM3\ARM_GCC_541\Debug\Adjustable Automated Relocker Code.a(SW_Tx_UART_1.o)
                              .\CortexM3\ARM_GCC_541\Debug\main.o (SW_Tx_UART_1_Start)
.\CortexM3\ARM_GCC_541\Debug\Adjustable Automated Relocker Code.a(blockLockPin.o)
                              .\CortexM3\ARM_GCC_541\Debug\main.o (blockLockPin_Read)
.\CortexM3\ARM_GCC_541\Debug\Adjustable Automated Relocker Code.a(CyBootAsmGnu.o)
                              .\CortexM3\ARM_GCC_541\Debug\cyfitter_cfg.o (CyDelayCycles)
.\CortexM3\ARM_GCC_541\Debug\Adjustable Automated Relocker Code.a(SW_Tx_UART_1_AsmGnu.o)
                              .\CortexM3\ARM_GCC_541\Debug\Adjustable Automated Relocker Code.a(SW_Tx_UART_1.o) (SW_Tx_UART_1_PutChar)
.\CortexM3\ARM_GCC_541\Debug\Adjustable Automated Relocker Code.a(CyFlash.o)
[...]
Memory Configuration

Name             Origin             Length             Attributes
rom              0x00000000         0x00040000         xr
ram              0x1fff8000         0x00010000         xrw
*default*        0x00000000         0xffffffff

Linker script and memory map

LOAD c:/program files (x86)/cypress/psoc creator/4.2/psoc creator/import/gnu/arm/5.4.1/bin/../lib/gcc/arm-none-eabi/5.4.1/armv7-m/crti.o
LOAD c:/program files (x86)/cypress/psoc creator/4.2/psoc creator/import/gnu/arm/5.4.1/bin/../lib/gcc/arm-none-eabi/5.4.1/armv7-m/crtbegin.o
LOAD c:/program files (x86)/cypress/psoc creator/4.2/psoc creator/import/gnu/arm/5.4.1/bin/../lib/gcc/arm-none-eabi/5.4.1/../../../../arm-none-eabi/lib/armv7-m/crt0.o
START GROUP
LOAD .\CortexM3\ARM_GCC_541\Debug\main.o
LOAD .\CortexM3\ARM_GCC_541\Debug\utility.o
LOAD .\CortexM3\ARM_GCC_541\Debug\cyfitter_cfg.o
LOAD .\CortexM3\ARM_GCC_541\Debug\cymetadata.o
LOAD .\CortexM3\ARM_GCC_541\Debug\Cm3Start.o
LOAD .\CortexM3\ARM_GCC_541\Debug\Adjustable Automated Relocker Code.a
LOAD C:\Program Files (x86)\Cypress\PSoC Creator\4.2\PSoC Creator\psoc\content\cycomponentlibrary\CyComponentLibrary.cylib\CortexM3\ARM_GCC_541\Debug\CyComponentLibrary.a
END GROUP
START GROUP
LOAD c:/program files (x86)/cypress/psoc creator/4.2/psoc creator/import/gnu/arm/5.4.1/bin/../lib/gcc/arm-none-eabi/5.4.1/armv7-m\libgcc.a
LOAD c:/program files (x86)/cypress/psoc creator/4.2/psoc creator/import/gnu/arm/5.4.1/bin/../lib/gcc/arm-none-eabi/5.4.1/../../../../arm-none-eabi/lib/armv7-m\libg_nano.a
LOAD c:/program files (x86)/cypress/psoc creator/4.2/psoc creator/import/gnu/arm/5.4.1/bin/../lib/gcc/arm-none-eabi/5.4.1/../../../../arm-none-eabi/lib/armv7-m\libc_nano.a
END GROUP
START GROUP
LOAD c:/program files (x86)/cypress/psoc creator/4.2/psoc creator/import/gnu/arm/5.4.1/bin/../lib/gcc/arm-none-eabi/5.4.1/armv7-m\libgcc.a
LOAD c:/program files (x86)/cypress/psoc creator/4.2/psoc creator/import/gnu/arm/5.4.1/bin/../lib/gcc/arm-none-eabi/5.4.1/../../../../arm-none-eabi/lib/armv7-m\libc_nano.a
END GROUP
LOAD c:/program files (x86)/cypress/psoc creator/4.2/psoc creator/import/gnu/arm/5.4.1/bin/../lib/gcc/arm-none-eabi/5.4.1/armv7-m/crtend.o
LOAD c:/program files (x86)/cypress/psoc creator/4.2/psoc creator/import/gnu/arm/5.4.1/bin/../lib/gcc/arm-none-eabi/5.4.1/armv7-m/crtn.o
START GROUP
LOAD c:/program files (x86)/cypress/psoc creator/4.2/psoc creator/import/gnu/arm/5.4.1/bin/../lib/gcc/arm-none-eabi/5.4.1/armv7-m\libgcc.a
LOAD c:/program files (x86)/cypress/psoc creator/4.2/psoc creator/import/gnu/arm/5.4.1/bin/../lib/gcc/arm-none-eabi/5.4.1/../../../../arm-none-eabi/lib/armv7-m\libc.a
LOAD c:/program files (x86)/cypress/psoc creator/4.2/psoc creator/import/gnu/arm/5.4.1/bin/../lib/gcc/arm-none-eabi/5.4.1/../../../../arm-none-eabi/lib/armv7-m\libnosys.a
END GROUP
                0x00000000                CY_APPL_ORIGIN = 0x0
                0x00000100                CY_FLASH_ROW_SIZE = 0x100
                0x00000020                CY_ECC_ROW_SIZE = 0x20
                0x00000000                CY_EE_IN_BTLDR = 0x0
                0x00000000                CY_APPL_LOADABLE = 0x0
                0x00000800                CY_EE_SIZE = 0x800
                0x00000001                CY_APPL_NUM = 0x1
                0x00000001                CY_APPL_MAX = 0x1
                0x00000040                CY_METADATA_SIZE = 0x40
                0x00000000                CY_APPL_LOADABLE = 0x0
                0x00000000                CY_CHECKSUM_EXCLUDE_SIZE = ALIGN (0x0, CY_FLASH_ROW_SIZE)
                [!provide]                PROVIDE (__cy_heap_start, _end)
                0x00000001                PROVIDE (__cy_region_num, ((__cy_regions_end - __cy_regions) / 0x10))
                0x20008000                PROVIDE (__cy_stack, (ORIGIN (ram) + LENGTH (ram)))
                [!provide]                PROVIDE (__cy_heap_end, (__cy_stack - 0x800))

.cybootloader   0x00000000        0x0
 *(.cybootloader)
                0x00000000                appl1_start = CY_APPL_ORIGIN?CY_APPL_ORIGIN:ALIGN (CY_FLASH_ROW_SIZE)
                0x0001ff00                appl2_start = (appl1_start + ALIGN ((((LENGTH (rom) - appl1_start) - (0x2 * CY_FLASH_ROW_SIZE)) / 0x2), CY_FLASH_ROW_SIZE))
                0x00000000                appl_start = (CY_APPL_NUM == 0x1)?appl1_start:appl2_start
                0x00000000                ecc_offset = ((appl_start / CY_FLASH_ROW_SIZE) * CY_ECC_ROW_SIZE)
                0x00000000                ee_offset = (CY_APPL_LOADABLE && ! (CY_EE_IN_BTLDR))?((CY_EE_SIZE / CY_APPL_MAX) * (CY_APPL_NUM - 0x1)):0x0
                0x00000800                ee_size = (CY_APPL_LOADABLE && ! (CY_EE_IN_BTLDR))?(CY_EE_SIZE / CY_APPL_MAX):CY_EE_SIZE
                [!provide]                PROVIDE (CY_ECC_OFFSET, ecc_offset)

.text           0x00000000     0x4964
 CREATE_OBJECT_SYMBOLS
                0x00000000                PROVIDE (__cy_interrupt_vector, RomVectors)
 *(.romvectors)
 .romvectors    0x00000000       0x10 .\CortexM3\ARM_GCC_541\Debug\Cm3Start.o
                0x00000000                RomVectors
                0x00000001                ASSERT ((. != __cy_interrupt_vector), No interrupt vector)
                0x00000001                ASSERT (CY_APPL_ORIGIN?(SIZEOF (.cybootloader) <= CY_APPL_ORIGIN):0x1, Wrong image location)
                0x00000010                PROVIDE (__cy_reset, Reset)
 *(.text.Reset)
 .text.Reset    0x00000010       0x18 .\CortexM3\ARM_GCC_541\Debug\Cm3Start.o
                0x00000010                Reset
                0x00000001                ASSERT ((. != __cy_reset), No reset code)
 *(.dma_init)
                0x00000001                ASSERT ((((appl_start + .) <= 0x10000) || 0x1), DMA Init must be within the first 64k of flash)
 *(.text .text.* .gnu.linkonce.t.*)
 .text          0x00000028       0x5c c:/program files (x86)/cypress/psoc creator/4.2/psoc creator/import/gnu/arm/5.4.1/bin/../lib/gcc/arm-none-eabi/5.4.1/armv7-m/crtbegin.o
 .text.main     0x00000084      0x54c .\CortexM3\ARM_GCC_541\Debug\main.o
                0x00000084                main
 .text.Serial   0x000005d0        0xc .\CortexM3\ARM_GCC_541\Debug\utility.o
                0x000005d0                Serial
 .text.SendDataArray
                0x000005dc       0x38 .\CortexM3\ARM_GCC_541\Debug\utility.o
                0x000005dc                SendDataArray
 .text.LFOutADC_VoltsTo_Counts
                0x00000614       0x30 .\CortexM3\ARM_GCC_541\Debug\utility.o
                0x00000614                LFOutADC_VoltsTo_Counts
 *fill*         0x00000644        0x4 
 .text.DAC_VoltsTo_Counts
                0x00000648       0x50 .\CortexM3\ARM_GCC_541\Debug\utility.o
                0x00000648                DAC_VoltsTo_Counts
 .text.setupFreeSoc
                0x00000698      0x23c .\CortexM3\ARM_GCC_541\Debug\utility.o
                0x00000698                setupFreeSoc
 .text.CyClockStartupError
                0x000008d4        0x4 .\CortexM3\ARM_GCC_541\Debug\cyfitter_cfg.o
 .text.cfg_write_bytes32
                0x000008d8       0x34 .\CortexM3\ARM_GCC_541\Debug\cyfitter_cfg.o
 .text.CYMEMZERO
                0x0000090c        0xc .\CortexM3\ARM_GCC_541\Debug\cyfitter_cfg.o
 .text.AnalogSetDefault
                0x00000918       0x90 .\CortexM3\ARM_GCC_541\Debug\cyfitter_cfg.o
 .text.CYCONFIGCPY
                0x000009a8        0x8 .\CortexM3\ARM_GCC_541\Debug\cyfitter_cfg.o
 .text.ClockSetup
                0x000009b0       0xe4 .\CortexM3\ARM_GCC_541\Debug\cyfitter_cfg.o
 .text.LFOutADC_AMux_Set
                0x00000a94       0x1c .\CortexM3\ARM_GCC_541\Debug\cyfitter_cfg.o
                0x00000a94                LFOutADC_AMux_Set
 .text.LFOutADC_AMux_Unset
                0x00000ab0       0x1c .\CortexM3\ARM_GCC_541\Debug\cyfitter_cfg.o
                0x00000ab0                LFOutADC_AMux_Unset
 .text.cyfitter_cfg
                0x00000acc      0x120 .\CortexM3\ARM_GCC_541\Debug\cyfitter_cfg.o
                0x00000acc                cyfitter_cfg
 .text.IntDefaultHandler
                0x00000bec       0x10 .\CortexM3\ARM_GCC_541\Debug\Cm3Start.o
                0x00000bec                IntDefaultHandler
 .text._sbrk    0x00000bfc       0x30 .\CortexM3\ARM_GCC_541\Debug\Cm3Start.o
                0x00000bfc                _sbrk
 .text.Start_c  0x00000c2c       0x4c .\CortexM3\ARM_GCC_541\Debug\Cm3Start.o
                0x00000c2c                Start_c
 .text.initialize_psoc
                0x00000c78       0x68 .\CortexM3\ARM_GCC_541\Debug\Cm3Start.o
                0x00000c78                initialize_psoc
 .text.LFOutADC_GainCompensation
                0x00000ce0       0xdc .\CortexM3\ARM_GCC_541\Debug\Adjustable Automated Relocker Code.a(LFOutADC.o)
 .text.LFOutADC_SetDSMRef0Reg
                0x00000dbc       0x4c .\CortexM3\ARM_GCC_541\Debug\Adjustable Automated Relocker Code.a(LFOutADC.o)
 .text.LFOutADC_InitConfig
                0x00000e08       0xe0 .\CortexM3\ARM_GCC_541\Debug\Adjustable Automated Relocker Code.a(LFOutADC.o)
 .text.LFOutADC_Init
                0x00000ee8       0xc4 .\CortexM3\ARM_GCC_541\Debug\Adjustable Automated Relocker Code.a(LFOutADC.o)
                0x00000ee8                LFOutADC_Init
 .text.LFOutADC_Enable
                0x00000fac       0xd8 .\CortexM3\ARM_GCC_541\Debug\Adjustable Automated Relocker Code.a(LFOutADC.o)
                0x00000fac                LFOutADC_Enable
 .text.LFOutADC_Start
                0x00001084       0x28 .\CortexM3\ARM_GCC_541\Debug\Adjustable Automated Relocker Code.a(LFOutADC.o)
                0x00001084                LFOutADC_Start
 .text.LFOutADC_StartConvert
                0x000010ac       0x10 .\CortexM3\ARM_GCC_541\Debug\Adjustable Automated Relocker Code.a(LFOutADC.o)
                0x000010ac                LFOutADC_StartConvert
 .text.LFOutADC_IsEndConversion
                0x000010bc       0x30 .\CortexM3\ARM_GCC_541\Debug\Adjustable Automated Relocker Code.a(LFOutADC.o)
                0x000010bc                LFOutADC_IsEndConversion
 .text.LFOutADC_GetResult32
                0x000010ec       0x6c .\CortexM3\ARM_GCC_541\Debug\Adjustable Automated Relocker Code.a(LFOutADC.o)
                0x000010ec                LFOutADC_GetResult32
 .text.LFOutADC_SetOffset
                0x00001158        0xc .\CortexM3\ARM_GCC_541\Debug\Adjustable Automated Relocker Code.a(LFOutADC.o)
                0x00001158                LFOutADC_SetOffset
 .text.LFOutADC_SetGain
                0x00001164        0xc .\CortexM3\ARM_GCC_541\Debug\Adjustable Automated Relocker Code.a(LFOutADC.o)
                0x00001164                LFOutADC_SetGain
 .text.LFOutADC_CountsTo_Volts
                0x00001170       0x28 .\CortexM3\ARM_GCC_541\Debug\Adjustable Automated Relocker Code.a(LFOutADC.o)
                0x00001170                LFOutADC_CountsTo_Volts
 .text.LFOutADC_ISR1
                0x00001198        0x4 .\CortexM3\ARM_GCC_541\Debug\Adjustable Automated Relocker Code.a(LFOutADC_INT.o)
                0x00001198                LFOutADC_ISR1
 .text.redLight_Write
                0x0000119c       0x18 .\CortexM3\ARM_GCC_541\Debug\Adjustable Automated Relocker Code.a(redLight.o)
                0x0000119c                redLight_Write
 .text.fineDAC_Enable
                0x000011b4       0x1c .\CortexM3\ARM_GCC_541\Debug\Adjustable Automated Relocker Code.a(fineDAC.o)
                0x000011b4                fineDAC_Enable
 .text.fineDAC_SetSpeed
                0x000011d0       0x1c .\CortexM3\ARM_GCC_541\Debug\Adjustable Automated Relocker Code.a(fineDAC.o)
                0x000011d0                fineDAC_SetSpeed
 .text.fineDAC_SetValue
                0x000011ec        0xc .\CortexM3\ARM_GCC_541\Debug\Adjustable Automated Relocker Code.a(fineDAC.o)
                0x000011ec                fineDAC_SetValue
 .text.fineDAC_DacTrim
                0x000011f8       0x24 .\CortexM3\ARM_GCC_541\Debug\Adjustable Automated Relocker Code.a(fineDAC.o)
                0x000011f8                fineDAC_DacTrim
 .text.fineDAC_SetRange
                0x0000121c       0x20 .\CortexM3\ARM_GCC_541\Debug\Adjustable Automated Relocker Code.a(fineDAC.o)
                0x0000121c                fineDAC_SetRange
 .text.fineDAC_Init
                0x0000123c       0x20 .\CortexM3\ARM_GCC_541\Debug\Adjustable Automated Relocker Code.a(fineDAC.o)
                0x0000123c                fineDAC_Init
 .text.fineDAC_Start
                0x0000125c       0x24 .\CortexM3\ARM_GCC_541\Debug\Adjustable Automated Relocker Code.a(fineDAC.o)
                0x0000125c                fineDAC_Start
 .text.switches_Write
                0x00001280        0xc .\CortexM3\ARM_GCC_541\Debug\Adjustable Automated Relocker Code.a(switches.o)
                0x00001280                switches_Write
 .text.calibratePin_Read
                0x0000128c       0x10 .\CortexM3\ARM_GCC_541\Debug\Adjustable Automated Relocker Code.a(calibratePin.o)
                0x0000128c                calibratePin_Read
 .text.orangeLight_Write
                0x0000129c       0x18 .\CortexM3\ARM_GCC_541\Debug\Adjustable Automated Relocker Code.a(orangeLight.o)
                0x0000129c                orangeLight_Write
 .text.yellowLight_Write
                0x000012b4       0x18 .\CortexM3\ARM_GCC_541\Debug\Adjustable Automated Relocker Code.a(yellowLight.o)
                0x000012b4                yellowLight_Write
 .text.greenLight_Write
                0x000012cc       0x18 .\CortexM3\ARM_GCC_541\Debug\Adjustable Automated Relocker Code.a(greenLight.o)
                0x000012cc                greenLight_Write
 .text.setting8V_Read
                0x000012e4       0x10 .\CortexM3\ARM_GCC_541\Debug\Adjustable Automated Relocker Code.a(setting8V.o)
                0x000012e4                setting8V_Read
 .text.setting22V_Read
                0x000012f4       0x10 .\CortexM3\ARM_GCC_541\Debug\Adjustable Automated Relocker Code.a(setting22V.o)
                0x000012f4                setting22V_Read
 .text.setting28V_Read
                0x00001304       0x10 .\CortexM3\ARM_GCC_541\Debug\Adjustable Automated Relocker Code.a(setting28V.o)
                0x00001304                setting28V_Read
 .text.LFOutADC_AMux_Start
                0x00001314       0x20 .\CortexM3\ARM_GCC_541\Debug\Adjustable Automated Relocker Code.a(LFOutADC_AMux.o)
                0x00001314                LFOutADC_AMux_Start
 .text.LFOutADC_AMux_Select
                0x00001334       0x18 .\CortexM3\ARM_GCC_541\Debug\Adjustable Automated Relocker Code.a(LFOutADC_AMux.o)
                0x00001334                LFOutADC_AMux_Select
 .text.LFOutADC_Ext_CP_Clk_GetDividerRegister
                0x0000134c        0xc .\CortexM3\ARM_GCC_541\Debug\Adjustable Automated Relocker Code.a(LFOutADC_Ext_CP_Clk.o)
                0x0000134c                LFOutADC_Ext_CP_Clk_GetDividerRegister
 .text.LFOutADC_Ext_CP_Clk_SetModeRegister
                0x00001358       0x14 .\CortexM3\ARM_GCC_541\Debug\Adjustable Automated Relocker Code.a(LFOutADC_Ext_CP_Clk.o)
                0x00001358                LFOutADC_Ext_CP_Clk_SetModeRegister
 .text.LFOutADC_Ext_CP_Clk_GetSourceRegister
                0x0000136c       0x10 .\CortexM3\ARM_GCC_541\Debug\Adjustable Automated Relocker Code.a(LFOutADC_Ext_CP_Clk.o)
                0x0000136c                LFOutADC_Ext_CP_Clk_GetSourceRegister
 .text.LFOutADC_Ext_CP_Clk_SetDividerRegister
                0x0000137c       0xd8 .\CortexM3\ARM_GCC_541\Debug\Adjustable Automated Relocker Code.a(LFOutADC_Ext_CP_Clk.o)
                0x0000137c                LFOutADC_Ext_CP_Clk_SetDividerRegister
 .text.LFOutADC_theACLK_GetDividerRegister
                0x00001454        0xc .\CortexM3\ARM_GCC_541\Debug\Adjustable Automated Relocker Code.a(LFOutADC_theACLK.o)
                0x00001454                LFOutADC_theACLK_GetDividerRegister
 .text.LFOutADC_theACLK_SetModeRegister
                0x00001460       0x14 .\CortexM3\ARM_GCC_541\Debug\Adjustable Automated Relocker Code.a(LFOutADC_theACLK.o)
                0x00001460                LFOutADC_theACLK_SetModeRegister
 .text.LFOutADC_theACLK_GetSourceRegister
                0x00001474       0x10 .\CortexM3\ARM_GCC_541\Debug\Adjustable Automated Relocker Code.a(LFOutADC_theACLK.o)
                0x00001474                LFOutADC_theACLK_GetSourceRegister
 .text.LFOutADC_theACLK_SetDividerRegister
                0x00001484       0xdc .\CortexM3\ARM_GCC_541\Debug\Adjustable Automated Relocker Code.a(LFOutADC_theACLK.o)
                0x00001484                LFOutADC_theACLK_SetDividerRegister
 .text.CyHalt   0x00001560        0x4 .\CortexM3\ARM_GCC_541\Debug\Adjustable Automated Relocker Code.a(CyLib.o)
                0x00001560                CyHalt
 .text.CyDelay  0x00001564       0x2c .\CortexM3\ARM_GCC_541\Debug\Adjustable Automated Relocker Code.a(CyLib.o)
                0x00001564                CyDelay
 .text.CyDelayUs
                0x00001590       0x14 .\CortexM3\ARM_GCC_541\Debug\Adjustable Automated Relocker Code.a(CyLib.o)
                0x00001590                CyDelayUs
 .text.CyIntSetVector
                0x000015a4       0x28 .\CortexM3\ARM_GCC_541\Debug\Adjustable Automated Relocker Code.a(CyLib.o)
                0x000015a4                CyIntSetVector
 .text.CyIntSetPriority
                0x000015cc       0x30 .\CortexM3\ARM_GCC_541\Debug\Adjustable Automated Relocker Code.a(CyLib.o)
                0x000015cc                CyIntSetPriority
 .text.coarseDAC_Enable
                0x000015fc       0x1c .\CortexM3\ARM_GCC_541\Debug\Adjustable Automated Relocker Code.a(coarseDAC.o)
                0x000015fc                coarseDAC_Enable
 .text.coarseDAC_SetSpeed
                0x00001618       0x1c .\CortexM3\ARM_GCC_541\Debug\Adjustable Automated Relocker Code.a(coarseDAC.o)
                0x00001618                coarseDAC_SetSpeed
 .text.coarseDAC_SetValue
                0x00001634        0xc .\CortexM3\ARM_GCC_541\Debug\Adjustable Automated Relocker Code.a(coarseDAC.o)
                0x00001634                coarseDAC_SetValue
 .text.coarseDAC_DacTrim
                0x00001640       0x24 .\CortexM3\ARM_GCC_541\Debug\Adjustable Automated Relocker Code.a(coarseDAC.o)
                0x00001640                coarseDAC_DacTrim
 .text.coarseDAC_SetRange
                0x00001664       0x20 .\CortexM3\ARM_GCC_541\Debug\Adjustable Automated Relocker Code.a(coarseDAC.o)
                0x00001664                coarseDAC_SetRange
 .text.coarseDAC_Init
                0x00001684       0x20 .\CortexM3\ARM_GCC_541\Debug\Adjustable Automated Relocker Code.a(coarseDAC.o)
                0x00001684                coarseDAC_Init
 .text.coarseDAC_Start
                0x000016a4       0x24 .\CortexM3\ARM_GCC_541\Debug\Adjustable Automated Relocker Code.a(coarseDAC.o)
                0x000016a4                coarseDAC_Start
 .text.errMonADC_CalcGain
                0x000016c8       0x5c .\CortexM3\ARM_GCC_541\Debug\Adjustable Automated Relocker Code.a(errMonADC.o)
 .text.errMonADC_Enable
                0x00001724       0x94 .\CortexM3\ARM_GCC_541\Debug\Adjustable Automated Relocker Code.a(errMonADC.o)
                0x00001724                errMonADC_Enable
 .text.errMonADC_SetResolution
                0x000017b8       0x38 .\CortexM3\ARM_GCC_541\Debug\Adjustable Automated Relocker Code.a(errMonADC.o)
                0x000017b8                errMonADC_SetResolution
 .text.errMonADC_Init
                0x000017f0       0x3c .\CortexM3\ARM_GCC_541\Debug\Adjustable Automated Relocker Code.a(errMonADC.o)
                0x000017f0                errMonADC_Init
 .text.errMonADC_Start
                0x0000182c       0x1c .\CortexM3\ARM_GCC_541\Debug\Adjustable Automated Relocker Code.a(errMonADC.o)
                0x0000182c                errMonADC_Start
 .text.errMonADC_StartConvert
                0x00001848       0x10 .\CortexM3\ARM_GCC_541\Debug\Adjustable Automated Relocker Code.a(errMonADC.o)
                0x00001848                errMonADC_StartConvert
 .text.errMonADC_IsEndConversion
                0x00001858       0x24 .\CortexM3\ARM_GCC_541\Debug\Adjustable Automated Relocker Code.a(errMonADC.o)
                0x00001858                errMonADC_IsEndConversion
 .text.errMonADC_GetResult16
                0x0000187c       0x18 .\CortexM3\ARM_GCC_541\Debug\Adjustable Automated Relocker Code.a(errMonADC.o)
                0x0000187c                errMonADC_GetResult16
 .text.errMonADC_SetOffset
                0x00001894        0xc .\CortexM3\ARM_GCC_541\Debug\Adjustable Automated Relocker Code.a(errMonADC.o)
                0x00001894                errMonADC_SetOffset
 .text.errMonADC_SetGain
                0x000018a0       0x10 .\CortexM3\ARM_GCC_541\Debug\Adjustable Automated Relocker Code.a(errMonADC.o)
                0x000018a0                errMonADC_SetGain
 .text.errMonADC_CountsTo_Volts
                0x000018b0       0x50 .\CortexM3\ARM_GCC_541\Debug\Adjustable Automated Relocker Code.a(errMonADC.o)
                0x000018b0                errMonADC_CountsTo_Volts
 .text.errMonADC_ISR
                0x00001900        0x4 .\CortexM3\ARM_GCC_541\Debug\Adjustable Automated Relocker Code.a(errMonADC_INT.o)
                0x00001900                errMonADC_ISR
 .text.errMonADC_theACLK_SetModeRegister
                0x00001904       0x14 .\CortexM3\ARM_GCC_541\Debug\Adjustable Automated Relocker Code.a(errMonADC_theACLK.o)
                0x00001904                errMonADC_theACLK_SetModeRegister
 .text.sampleErrorMonitor_Read
                0x00001918       0x10 .\CortexM3\ARM_GCC_541\Debug\Adjustable Automated Relocker Code.a(sampleErrorMonitor.o)
                0x00001918                sampleErrorMonitor_Read
 .text.SW_Tx_UART_1_Start
                0x00001928        0x4 .\CortexM3\ARM_GCC_541\Debug\Adjustable Automated Relocker Code.a(SW_Tx_UART_1.o)
                0x00001928                SW_Tx_UART_1_Start
 .text.SW_Tx_UART_1_PutString
                0x0000192c       0x1c .\CortexM3\ARM_GCC_541\Debug\Adjustable Automated Relocker Code.a(SW_Tx_UART_1.o)
                0x0000192c                SW_Tx_UART_1_PutString
 .text.SW_Tx_UART_1_PutHexByte
                0x00001948       0x20 .\CortexM3\ARM_GCC_541\Debug\Adjustable Automated Relocker Code.a(SW_Tx_UART_1.o)
                0x00001948                SW_Tx_UART_1_PutHexByte
 .text.SW_Tx_UART_1_PutHexInt
                0x00001968       0x14 .\CortexM3\ARM_GCC_541\Debug\Adjustable Automated Relocker Code.a(SW_Tx_UART_1.o)
                0x00001968                SW_Tx_UART_1_PutHexInt
 .text.SW_Tx_UART_1_PutCRLF
                0x0000197c       0x10 .\CortexM3\ARM_GCC_541\Debug\Adjustable Automated Relocker Code.a(SW_Tx_UART_1.o)
                0x0000197c                SW_Tx_UART_1_PutCRLF
 .text.blockLockPin_Read
                0x0000198c       0x10 .\CortexM3\ARM_GCC_541\Debug\Adjustable Automated Relocker Code.a(blockLockPin.o)
                0x0000198c                blockLockPin_Read
 *fill*         0x0000199c        0x4 
 .text          0x000019a0       0x20 .\CortexM3\ARM_GCC_541\Debug\Adjustable Automated Relocker Code.a(CyBootAsmGnu.o)
                0x000019a0                CyDelayCycles
                0x000019b0                CyEnterCriticalSection
                0x000019b8                CyExitCriticalSection
 .text          0x000019c0       0xac .\CortexM3\ARM_GCC_541\Debug\Adjustable Automated Relocker Code.a(SW_Tx_UART_1_AsmGnu.o)
                0x000019c0                SW_Tx_UART_1_PutChar
 .text          0x00001a6c       0x24 c:/program files (x86)/cypress/psoc creator/4.2/psoc creator/import/gnu/arm/5.4.1/bin/../lib/gcc/arm-none-eabi/5.4.1/armv7-m\libgcc.a(_udivsi3.o)
                0x00001a6c                __aeabi_uidiv
                0x00001a6c                __udivsi3
                0x00001a80                __aeabi_uidivmod
 .text          0x00001a90        0x4 c:/program files (x86)/cypress/psoc creator/4.2/psoc creator/import/gnu/arm/5.4.1/bin/../lib/gcc/arm-none-eabi/5.4.1/armv7-m\libgcc.a(_dvmd_tls.o)
                0x00001a90                __aeabi_idiv0
                0x00001a90                __aeabi_ldiv0
 .text          0x00001a94      0x370 c:/program files (x86)/cypress/psoc creator/4.2/psoc creator/import/gnu/arm/5.4.1/bin/../lib/gcc/arm-none-eabi/5.4.1/armv7-m\libgcc.a(_arm_addsubdf3.o)
                0x00001a94                __aeabi_drsub
                0x00001a9c                __aeabi_dsub
                0x00001a9c                __subdf3
                0x00001aa0                __aeabi_dadd
                0x00001aa0                __adddf3
                0x00001d18                __floatunsidf
                0x00001d18                __aeabi_ui2d
                0x00001d38                __floatsidf
                0x00001d38                __aeabi_i2d
                0x00001d5c                __aeabi_f2d
                0x00001d5c                __extendsfdf2
                0x00001d98                __floatundidf
                0x00001d98                __aeabi_ul2d
                0x00001da8                __floatdidf
                0x00001da8                __aeabi_l2d
 .text          0x00001e04      0x424 c:/program files (x86)/cypress/psoc creator/4.2/psoc creator/import/gnu/arm/5.4.1/bin/../lib/gcc/arm-none-eabi/5.4.1/armv7-m\libgcc.a(_arm_muldivdf3.o)
                0x00001e04                __aeabi_dmul
                0x00001e04                __muldf3
                0x00002058                __divdf3
                0x00002058                __aeabi_ddiv
 .text          0x00002228      0x110 c:/program files (x86)/cypress/psoc creator/4.2/psoc creator/import/gnu/arm/5.4.1/bin/../lib/gcc/arm-none-eabi/5.4.1/armv7-m\libgcc.a(_arm_cmpdf2.o)
                0x00002228                __gtdf2
                0x00002228                __gedf2
                0x00002230                __ltdf2
                0x00002230                __ledf2
                0x00002238                __nedf2
                0x00002238                __eqdf2
                0x00002238                __cmpdf2
                0x000022b4                __aeabi_cdrcmple
                0x000022c4                __aeabi_cdcmpeq
                0x000022c4                __aeabi_cdcmple
                0x000022d4                __aeabi_dcmpeq
                0x000022e8                __aeabi_dcmplt
                0x000022fc                __aeabi_dcmple
                0x00002310                __aeabi_dcmpge
                0x00002324                __aeabi_dcmpgt
 .text          0x00002338       0x50 c:/program files (x86)/cypress/psoc creator/4.2/psoc creator/import/gnu/arm/5.4.1/bin/../lib/gcc/arm-none-eabi/5.4.1/armv7-m\libgcc.a(_arm_fixdfsi.o)
                0x00002338                __aeabi_d2iz
                0x00002338                __fixdfsi
 .text          0x00002388      0x21c c:/program files (x86)/cypress/psoc creator/4.2/psoc creator/import/gnu/arm/5.4.1/bin/../lib/gcc/arm-none-eabi/5.4.1/armv7-m\libgcc.a(_arm_addsubsf3.o)
                0x00002388                __aeabi_frsub
                0x00002390                __subsf3
                0x00002390                __aeabi_fsub
                0x00002394                __aeabi_fadd
                0x00002394                __addsf3
                0x000024f4                __aeabi_ui2f
                0x000024f4                __floatunsisf
                0x000024fc                __aeabi_i2f
                0x000024fc                __floatsisf
                0x00002518                __aeabi_ul2f
                0x00002518                __floatundisf
                0x00002528                __aeabi_l2f
                0x00002528                __floatdisf
 .text          0x000025a4      0x2a0 c:/program files (x86)/cypress/psoc creator/4.2/psoc creator/import/gnu/arm/5.4.1/bin/../lib/gcc/arm-none-eabi/5.4.1/armv7-m\libgcc.a(_arm_muldivsf3.o)
                0x000025a4                __mulsf3
                0x000025a4                __aeabi_fmul
                0x0000270c                __aeabi_fdiv
                0x0000270c                __divsf3
 .text          0x00002844       0x4c c:/program files (x86)/cypress/psoc creator/4.2/psoc creator/import/gnu/arm/5.4.1/bin/../lib/gcc/arm-none-eabi/5.4.1/armv7-m\libgcc.a(_arm_fixsfsi.o)
                0x00002844                __aeabi_f2iz
                0x00002844                __fixsfsi
 .text.__errno  0x00002890        0xc c:/program files (x86)/cypress/psoc creator/4.2/psoc creator/import/gnu/arm/5.4.1/bin/../lib/gcc/arm-none-eabi/5.4.1/../../../../arm-none-eabi/lib/armv7-m\libg_nano.a(lib_a-errno.o)
                0x00002890                __errno
 .text.__libc_init_array
                0x0000289c       0x4c c:/program files (x86)/cypress/psoc creator/4.2/psoc creator/import/gnu/arm/5.4.1/bin/../lib/gcc/arm-none-eabi/5.4.1/../../../../arm-none-eabi/lib/armv7-m\libg_nano.a(lib_a-init.o)
                0x0000289c                __libc_init_array
 .text.memcpy   0x000028e8       0x16 c:/program files (x86)/cypress/psoc creator/4.2/psoc creator/import/gnu/arm/5.4.1/bin/../lib/gcc/arm-none-eabi/5.4.1/../../../../arm-none-eabi/lib/armv7-m\libg_nano.a(lib_a-memcpy-stub.o)
                0x000028e8                memcpy
 .text.memset   0x000028fe       0x10 c:/program files (x86)/cypress/psoc creator/4.2/psoc creator/import/gnu/arm/5.4.1/bin/../lib/gcc/arm-none-eabi/5.4.1/../../../../arm-none-eabi/lib/armv7-m\libg_nano.a(lib_a-memset.o)
                0x000028fe                memset
 .text.__cvt    0x0000290e       0xc0 c:/program files (x86)/cypress/psoc creator/4.2/psoc creator/import/gnu/arm/5.4.1/bin/../lib/gcc/arm-none-eabi/5.4.1/../../../../arm-none-eabi/lib/armv7-m\libg_nano.a(lib_a-nano-vfprintf_float.o)
                0x0000290e                __cvt
 .text.__exponent
                0x000029ce       0x62 c:/program files (x86)/cypress/psoc creator/4.2/psoc creator/import/gnu/arm/5.4.1/bin/../lib/gcc/arm-none-eabi/5.4.1/../../../../arm-none-eabi/lib/armv7-m\libg_nano.a(lib_a-nano-vfprintf_float.o)
                0x000029ce                __exponent
 .text._printf_float
                0x00002a30      0x488 c:/program files (x86)/cypress/psoc creator/4.2/psoc creator/import/gnu/arm/5.4.1/bin/../lib/gcc/arm-none-eabi/5.4.1/../../../../arm-none-eabi/lib/armv7-m\libg_nano.a(lib_a-nano-vfprintf_float.o)
                0x00002a30                _printf_float
 .text._printf_common
                0x00002eb8       0xec c:/program files (x86)/cypress/psoc creator/4.2/psoc creator/import/gnu/arm/5.4.1/bin/../lib/gcc/arm-none-eabi/5.4.1/../../../../arm-none-eabi/lib/armv7-m\libg_nano.a(lib_a-nano-vfprintf_i.o)
                0x00002eb8                _printf_common
 .text._printf_i
                0x00002fa4      0x24c c:/program files (x86)/cypress/psoc creator/4.2/psoc creator/import/gnu/arm/5.4.1/bin/../lib/gcc/arm-none-eabi/5.4.1/../../../../arm-none-eabi/lib/armv7-m\libg_nano.a(lib_a-nano-vfprintf_i.o)
                0x00002fa4                _printf_i
 .text.sprintf  0x000031f0       0x48 c:/program files (x86)/cypress/psoc creator/4.2/psoc creator/import/gnu/arm/5.4.1/bin/../lib/gcc/arm-none-eabi/5.4.1/../../../../arm-none-eabi/lib/armv7-m\libg_nano.a(lib_a-sprintf.o)
                0x000031f0                siprintf
                0x000031f0                sprintf
 .text          0x00003238       0x10 c:/program files (x86)/cypress/psoc creator/4.2/psoc creator/import/gnu/arm/5.4.1/bin/../lib/gcc/arm-none-eabi/5.4.1/../../../../arm-none-eabi/lib/armv7-m\libg_nano.a(lib_a-strlen.o)
                0x00003238                strlen
 .text.quorem   0x00003248      0x116 c:/program files (x86)/cypress/psoc creator/4.2/psoc creator/import/gnu/arm/5.4.1/bin/../lib/gcc/arm-none-eabi/5.4.1/../../../../arm-none-eabi/lib/armv7-m\libg_nano.a(lib_a-dtoa.o)
 *fill*         0x0000335e        0x2 
 .text._dtoa_r  0x00003360      0xb30 c:/program files (x86)/cypress/psoc creator/4.2/psoc creator/import/gnu/arm/5.4.1/bin/../lib/gcc/arm-none-eabi/5.4.1/../../../../arm-none-eabi/lib/armv7-m\libg_nano.a(lib_a-dtoa.o)
                0x00003360                _dtoa_r
 .text._localeconv_r
                0x00003e90        0x8 c:/program files (x86)/cypress/psoc creator/4.2/psoc creator/import/gnu/arm/5.4.1/bin/../lib/gcc/arm-none-eabi/5.4.1/../../../../arm-none-eabi/lib/armv7-m\libg_nano.a(lib_a-locale.o)
                0x00003e90                _localeconv_r
 .text.malloc   0x00003e98       0x10 c:/program files (x86)/cypress/psoc creator/4.2/psoc creator/import/gnu/arm/5.4.1/bin/../lib/gcc/arm-none-eabi/5.4.1/../../../../arm-none-eabi/lib/armv7-m\libg_nano.a(lib_a-malloc.o)
                0x00003e98                malloc
 .text.memchr   0x00003ea8       0x1c c:/program files (x86)/cypress/psoc creator/4.2/psoc creator/import/gnu/arm/5.4.1/bin/../lib/gcc/arm-none-eabi/5.4.1/../../../../arm-none-eabi/lib/armv7-m\libg_nano.a(lib_a-memchr-stub.o)
                0x00003ea8                memchr
 .text._Balloc  0x00003ec4       0x6a c:/program files (x86)/cypress/psoc creator/4.2/psoc creator/import/gnu/arm/5.4.1/bin/../lib/gcc/arm-none-eabi/5.4.1/../../../../arm-none-eabi/lib/armv7-m\libg_nano.a(lib_a-mprec.o)
                0x00003ec4                _Balloc
 .text._Bfree   0x00003f2e       0x2e c:/program files (x86)/cypress/psoc creator/4.2/psoc creator/import/gnu/arm/5.4.1/bin/../lib/gcc/arm-none-eabi/5.4.1/../../../../arm-none-eabi/lib/armv7-m\libg_nano.a(lib_a-mprec.o)
                0x00003f2e                _Bfree
 .text.__multadd
                0x00003f5c       0x76 c:/program files (x86)/cypress/psoc creator/4.2/psoc creator/import/gnu/arm/5.4.1/bin/../lib/gcc/arm-none-eabi/5.4.1/../../../../arm-none-eabi/lib/armv7-m\libg_nano.a(lib_a-mprec.o)
                0x00003f5c                __multadd
 .text.__hi0bits
                0x00003fd2       0x40 c:/program files (x86)/cypress/psoc creator/4.2/psoc creator/import/gnu/arm/5.4.1/bin/../lib/gcc/arm-none-eabi/5.4.1/../../../../arm-none-eabi/lib/armv7-m\libg_nano.a(lib_a-mprec.o)
                0x00003fd2                __hi0bits
 .text.__lo0bits
                0x00004012       0x5a c:/program files (x86)/cypress/psoc creator/4.2/psoc creator/import/gnu/arm/5.4.1/bin/../lib/gcc/arm-none-eabi/5.4.1/../../../../arm-none-eabi/lib/armv7-m\libg_nano.a(lib_a-mprec.o)
                0x00004012                __lo0bits
 .text.__i2b    0x0000406c       0x12 c:/program files (x86)/cypress/psoc creator/4.2/psoc creator/import/gnu/arm/5.4.1/bin/../lib/gcc/arm-none-eabi/5.4.1/../../../../arm-none-eabi/lib/armv7-m\libg_nano.a(lib_a-mprec.o)
                0x0000406c                __i2b
 .text.__multiply
                0x0000407e      0x120 c:/program files (x86)/cypress/psoc creator/4.2/psoc creator/import/gnu/arm/5.4.1/bin/../lib/gcc/arm-none-eabi/5.4.1/../../../../arm-none-eabi/lib/armv7-m\libg_nano.a(lib_a-mprec.o)
                0x0000407e                __multiply
 *fill*         0x0000419e        0x2 
 .text.__pow5mult
                0x000041a0       0x9c c:/program files (x86)/cypress/psoc creator/4.2/psoc creator/import/gnu/arm/5.4.1/bin/../lib/gcc/arm-none-eabi/5.4.1/../../../../arm-none-eabi/lib/armv7-m\libg_nano.a(lib_a-mprec.o)
                0x000041a0                __pow5mult
 .text.__lshift
                0x0000423c       0xa2 c:/program files (x86)/cypress/psoc creator/4.2/psoc creator/import/gnu/arm/5.4.1/bin/../lib/gcc/arm-none-eabi/5.4.1/../../../../arm-none-eabi/lib/armv7-m\libg_nano.a(lib_a-mprec.o)
                0x0000423c                __lshift
 .text.__mcmp   0x000042de       0x38 c:/program files (x86)/cypress/psoc creator/4.2/psoc creator/import/gnu/arm/5.4.1/bin/../lib/gcc/arm-none-eabi/5.4.1/../../../../arm-none-eabi/lib/armv7-m\libg_nano.a(lib_a-mprec.o)
                0x000042de                __mcmp
 .text.__mdiff  0x00004316       0xbe c:/program files (x86)/cypress/psoc creator/4.2/psoc creator/import/gnu/arm/5.4.1/bin/../lib/gcc/arm-none-eabi/5.4.1/../../../../arm-none-eabi/lib/armv7-m\libg_nano.a(lib_a-mprec.o)
                0x00004316                __mdiff
 .text.__d2b    0x000043d4       0x9c c:/program files (x86)/cypress/psoc creator/4.2/psoc creator/import/gnu/arm/5.4.1/bin/../lib/gcc/arm-none-eabi/5.4.1/../../../../arm-none-eabi/lib/armv7-m\libg_nano.a(lib_a-mprec.o)
                0x000043d4                __d2b
 .text._calloc_r
                0x00004470       0x1c c:/program files (x86)/cypress/psoc creator/4.2/psoc creator/import/gnu/arm/5.4.1/bin/../lib/gcc/arm-none-eabi/5.4.1/../../../../arm-none-eabi/lib/armv7-m\libg_nano.a(lib_a-nano-callocr.o)
                0x00004470                _calloc_r
 .text._free_r  0x0000448c       0x98 c:/program files (x86)/cypress/psoc creator/4.2/psoc creator/import/gnu/arm/5.4.1/bin/../lib/gcc/arm-none-eabi/5.4.1/../../../../arm-none-eabi/lib/armv7-m\libg_nano.a(lib_a-nano-freer.o)
                0x0000448c                _free_r
 .text._malloc_r
                0x00004524       0xbc c:/program files (x86)/cypress/psoc creator/4.2/psoc creator/import/gnu/arm/5.4.1/bin/../lib/gcc/arm-none-eabi/5.4.1/../../../../arm-none-eabi/lib/armv7-m\libg_nano.a(lib_a-nano-mallocr.o)
                0x00004524                _malloc_r
 .text.__ssputs_r
                0x000045e0       0xb2 c:/program files (x86)/cypress/psoc creator/4.2/psoc creator/import/gnu/arm/5.4.1/bin/../lib/gcc/arm-none-eabi/5.4.1/../../../../arm-none-eabi/lib/armv7-m\libg_nano.a(lib_a-nano-svfprintf.o)
                0x000045e0                __ssputs_r
 *fill*         0x00004692        0x2 
 .text._svfprintf_r
                0x00004694      0x1e8 c:/program files (x86)/cypress/psoc creator/4.2/psoc creator/import/gnu/arm/5.4.1/bin/../lib/gcc/arm-none-eabi/5.4.1/../../../../arm-none-eabi/lib/armv7-m\libg_nano.a(lib_a-nano-svfprintf.o)
                0x00004694                _svfiprintf_r
                0x00004694                _svfprintf_r
 .text._sbrk_r  0x0000487c       0x20 c:/program files (x86)/cypress/psoc creator/4.2/psoc creator/import/gnu/arm/5.4.1/bin/../lib/gcc/arm-none-eabi/5.4.1/../../../../arm-none-eabi/lib/armv7-m\libg_nano.a(lib_a-sbrkr.o)
                0x0000487c                _sbrk_r
 .text.memmove  0x0000489c       0x36 c:/program files (x86)/cypress/psoc creator/4.2/psoc creator/import/gnu/arm/5.4.1/bin/../lib/gcc/arm-none-eabi/5.4.1/../../../../arm-none-eabi/lib/armv7-m\libg_nano.a(lib_a-memmove.o)
                0x0000489c                memmove
 .text.__malloc_lock
                0x000048d2        0x2 c:/program files (x86)/cypress/psoc creator/4.2/psoc creator/import/gnu/arm/5.4.1/bin/../lib/gcc/arm-none-eabi/5.4.1/../../../../arm-none-eabi/lib/armv7-m\libg_nano.a(lib_a-mlock.o)
                0x000048d2                __malloc_lock
 .text.__malloc_unlock
                0x000048d4        0x2 c:/program files (x86)/cypress/psoc creator/4.2/psoc creator/import/gnu/arm/5.4.1/bin/../lib/gcc/arm-none-eabi/5.4.1/../../../../arm-none-eabi/lib/armv7-m\libg_nano.a(lib_a-mlock.o)
                0x000048d4                __malloc_unlock
 .text._realloc_r
                0x000048d6       0x4c c:/program files (x86)/cypress/psoc creator/4.2/psoc creator/import/gnu/arm/5.4.1/bin/../lib/gcc/arm-none-eabi/5.4.1/../../../../arm-none-eabi/lib/armv7-m\libg_nano.a(lib_a-nano-reallocr.o)
                0x000048d6                _realloc_r
 .text._malloc_usable_size_r
                0x00004922       0x14 c:/program files (x86)/cypress/psoc creator/4.2/psoc creator/import/gnu/arm/5.4.1/bin/../lib/gcc/arm-none-eabi/5.4.1/../../../../arm-none-eabi/lib/armv7-m\libg_nano.a(lib_a-nano-msizer.o)
                0x00004922                _malloc_usable_size_r
 *fill*         0x00004936        0x2 
 .text          0x00004938       0x2c c:/program files (x86)/cypress/psoc creator/4.2/psoc creator/import/gnu/arm/5.4.1/bin/../lib/gcc/arm-none-eabi/5.4.1/armv7-m\libgcc.a(_arm_unorddf2.o)
                0x00004938                __unorddf2
                0x00004938                __aeabi_dcmpun
 *(.plt)
 *(.gnu.warning)
 *(.glue_7t)
 .glue_7t       0x00004964        0x0 linker stubs
 *(.glue_7)
 .glue_7        0x00004964        0x0 linker stubs
 *(.vfp11_veneer)
 .vfp11_veneer  0x00004964        0x0 linker stubs
 *(.bootloader)
 *(.ARM.extab* .gnu.linkonce.armextab.*)
 *(.gcc_except_table)

.v4_bx          0x00004964        0x0
 .v4_bx         0x00004964        0x0 linker stubs

.iplt           0x00004964        0x0
 .iplt          0x00004964        0x0 c:/program files (x86)/cypress/psoc creator/4.2/psoc creator/import/gnu/arm/5.4.1/bin/../lib/gcc/arm-none-eabi/5.4.1/armv7-m/crtbegin.o

.eh_frame_hdr
 *(.eh_frame_hdr)

.eh_frame       0x00004964        0x4
 *(.eh_frame)
 .eh_frame      0x00004964        0x0 c:/program files (x86)/cypress/psoc creator/4.2/psoc creator/import/gnu/arm/5.4.1/bin/../lib/gcc/arm-none-eabi/5.4.1/armv7-m/crtbegin.o
 .eh_frame      0x00004964        0x4 c:/program files (x86)/cypress/psoc creator/4.2/psoc creator/import/gnu/arm/5.4.1/bin/../lib/gcc/arm-none-eabi/5.4.1/armv7-m/crtend.o
                [!provide]                PROVIDE (__exidx_start, .)

.ARM.exidx
 *(.ARM.exidx* .gnu.linkonce.armexidx.*)
                0x00004968                __exidx_end = .

.rodata         0x00004968      0x710
 *(.rodata .rodata.* .gnu.linkonce.r.*)
 .rodata.str1.4
                0x00004968      0x349 .\CortexM3\ARM_GCC_541\Debug\main.o
 *fill*         0x00004cb1        0x3 
 .rodata.str1.4
                0x00004cb4      0x1dc .\CortexM3\ARM_GCC_541\Debug\utility.o
                                0x1db (size before relaxing)
 .rodata        0x00004e90       0x42 .\CortexM3\ARM_GCC_541\Debug\cyfitter_cfg.o
                0x00004e90                LFOutADC_AMux__addrTable
                0x00004e98                LFOutADC_AMux__maskTable
 *fill*         0x00004ed2        0x2 
 .rodata        0x00004ed4       0x11 .\CortexM3\ARM_GCC_541\Debug\Adjustable Automated Relocker Code.a(SW_Tx_UART_1.o)
 .rodata.str1.1
                0x00004ee5        0x2 c:/program files (x86)/cypress/psoc creator/4.2/psoc creator/import/gnu/arm/5.4.1/bin/../lib/gcc/arm-none-eabi/5.4.1/../../../../arm-none-eabi/lib/armv7-m\libg_nano.a(lib_a-impure.o)
 .rodata.str1.1
                0x00004ee7       0x12 c:/program files (x86)/cypress/psoc creator/4.2/psoc creator/import/gnu/arm/5.4.1/bin/../lib/gcc/arm-none-eabi/5.4.1/../../../../arm-none-eabi/lib/armv7-m\libg_nano.a(lib_a-nano-vfprintf_float.o)
 .rodata.str1.1
                0x00004ef9       0x22 c:/program files (x86)/cypress/psoc creator/4.2/psoc creator/import/gnu/arm/5.4.1/bin/../lib/gcc/arm-none-eabi/5.4.1/../../../../arm-none-eabi/lib/armv7-m\libg_nano.a(lib_a-nano-vfprintf_i.o)
 .rodata.str1.1
                0x00004f1b        0xd c:/program files (x86)/cypress/psoc creator/4.2/psoc creator/import/gnu/arm/5.4.1/bin/../lib/gcc/arm-none-eabi/5.4.1/../../../../arm-none-eabi/lib/armv7-m\libg_nano.a(lib_a-dtoa.o)
                                  0xf (size before relaxing)
 .rodata.str1.1
                0x00004f28        0x8 c:/program files (x86)/cypress/psoc creator/4.2/psoc creator/import/gnu/arm/5.4.1/bin/../lib/gcc/arm-none-eabi/5.4.1/../../../../arm-none-eabi/lib/armv7-m\libg_nano.a(lib_a-locale.o)
                                  0xb (size before relaxing)
 .rodata.__mprec_tens
                0x00004f30       0xc8 c:/program files (x86)/cypress/psoc creator/4.2/psoc creator/import/gnu/arm/5.4.1/bin/../lib/gcc/arm-none-eabi/5.4.1/../../../../arm-none-eabi/lib/armv7-m\libg_nano.a(lib_a-mprec.o)
                0x00004f30                __mprec_tens
 .rodata.p05.5408
                0x00004ff8        0xc c:/program files (x86)/cypress/psoc creator/4.2/psoc creator/import/gnu/arm/5.4.1/bin/../lib/gcc/arm-none-eabi/5.4.1/../../../../arm-none-eabi/lib/armv7-m\libg_nano.a(lib_a-mprec.o)
 *fill*         0x00005004        0x4 
 .rodata.__mprec_bigtens
                0x00005008       0x28 c:/program files (x86)/cypress/psoc creator/4.2/psoc creator/import/gnu/arm/5.4.1/bin/../lib/gcc/arm-none-eabi/5.4.1/../../../../arm-none-eabi/lib/armv7-m\libg_nano.a(lib_a-mprec.o)
                0x00005008                __mprec_bigtens
 .rodata.str1.1
                0x00005030       0x11 c:/program files (x86)/cypress/psoc creator/4.2/psoc creator/import/gnu/arm/5.4.1/bin/../lib/gcc/arm-none-eabi/5.4.1/../../../../arm-none-eabi/lib/armv7-m\libg_nano.a(lib_a-nano-svfprintf.o)
                0x00005044                . = ALIGN (0x4)
 *fill*         0x00005041        0x3 
 *(.init)
 .init          0x00005044        0x4 c:/program files (x86)/cypress/psoc creator/4.2/psoc creator/import/gnu/arm/5.4.1/bin/../lib/gcc/arm-none-eabi/5.4.1/armv7-m/crti.o
                0x00005044                _init
 .init          0x00005048        0x8 c:/program files (x86)/cypress/psoc creator/4.2/psoc creator/import/gnu/arm/5.4.1/bin/../lib/gcc/arm-none-eabi/5.4.1/armv7-m/crtn.o
                0x00005050                . = ALIGN (0x4)
                0x00005050                __preinit_array_start = .
 *(.preinit_array)
                0x00005050                __preinit_array_end = .
                0x00005050                . = ALIGN (0x4)
                0x00005050                __init_array_start = .
 *(SORT(.init_array.*))
 *(.init_array)
 .init_array    0x00005050        0x4 c:/program files (x86)/cypress/psoc creator/4.2/psoc creator/import/gnu/arm/5.4.1/bin/../lib/gcc/arm-none-eabi/5.4.1/armv7-m/crtbegin.o
 .init_array    0x00005054        0x4 .\CortexM3\ARM_GCC_541\Debug\Cm3Start.o
                0x00005058                __init_array_end = .
                0x00005058                . = ALIGN (0x4)
 *(.fini)
 .fini          0x00005058        0x4 c:/program files (x86)/cypress/psoc creator/4.2/psoc creator/import/gnu/arm/5.4.1/bin/../lib/gcc/arm-none-eabi/5.4.1/armv7-m/crti.o
                0x00005058                _fini
 .fini          0x0000505c        0x8 c:/program files (x86)/cypress/psoc creator/4.2/psoc creator/import/gnu/arm/5.4.1/bin/../lib/gcc/arm-none-eabi/5.4.1/armv7-m/crtn.o
                0x00005064                . = ALIGN (0x4)
                0x00005064                __fini_array_start = .
 *(.fini_array)
 .fini_array    0x00005064        0x4 c:/program files (x86)/cypress/psoc creator/4.2/psoc creator/import/gnu/arm/5.4.1/bin/../lib/gcc/arm-none-eabi/5.4.1/armv7-m/crtbegin.o
 *(SORT(.fini_array.*))
                0x00005068                __fini_array_end = .
                0x00005068                . = ALIGN (0x4)
 *crtbegin.o(.ctors)
 *(EXCLUDE_FILE(*crtend.o) .ctors)
 *(SORT(.ctors.*))
 *crtend.o(.ctors)
                0x00005068                . = ALIGN (0x4)
 *crtbegin.o(.dtors)
 *(EXCLUDE_FILE(*crtend.o) .dtors)
 *(SORT(.dtors.*))
 *crtend.o(.dtors)
                0x00005068                . = ALIGN (0x4)
                0x00005068                __cy_regions = .
                0x00005068        0x4 LONG 0x5078 __cy_region_init_ram
                0x0000506c        0x4 LONG 0x1fff80c8 __cy_region_start_data
                0x00005070        0x4 LONG 0xc8 __cy_region_init_size_ram
                0x00005074        0x4 LONG 0x48 __cy_region_zero_size_ram
                0x00005078                __cy_regions_end = .
                0x00005078                . = ALIGN (0x8)
                0x00005078                _etext = .

.cy_checksum_exclude
                0x00005078        0x0
 *(.cy_checksum_exclude)

.ramvectors     0x1fff8000       0xc0
                0x1fff8000                __cy_region_start_ram = .
 *(.ramvectors)
 .ramvectors    0x1fff8000       0xc0 .\CortexM3\ARM_GCC_541\Debug\Cm3Start.o
                0x1fff8000                CyRamVectors

.noinit         0x1fff80c0        0x1
 *(.noinit)
 .noinit        0x1fff80c0        0x1 .\CortexM3\ARM_GCC_541\Debug\Adjustable Automated Relocker Code.a(CyLib.o)
                0x1fff80c0                CyResetStatus

.data           0x1fff80c8       0xc8 load address 0x00005078
                0x1fff80c8                __cy_region_start_data = .
 *(.jcr)
 .jcr           0x1fff80c8        0x0 c:/program files (x86)/cypress/psoc creator/4.2/psoc creator/import/gnu/arm/5.4.1/bin/../lib/gcc/arm-none-eabi/5.4.1/armv7-m/crtbegin.o
 .jcr           0x1fff80c8        0x4 c:/program files (x86)/cypress/psoc creator/4.2/psoc creator/import/gnu/arm/5.4.1/bin/../lib/gcc/arm-none-eabi/5.4.1/armv7-m/crtend.o
 *(.got.plt)
 *(.got)
 *(.shdata)
 *(.data .data.* .gnu.linkonce.d.*)
 .data          0x1fff80cc        0x4 .\CortexM3\ARM_GCC_541\Debug\Cm3Start.o
 .data          0x1fff80d0        0x1 .\CortexM3\ARM_GCC_541\Debug\Adjustable Automated Relocker Code.a(LFOutADC.o)
                0x1fff80d0                LFOutADC_Config
 .data          0x1fff80d1        0x1 .\CortexM3\ARM_GCC_541\Debug\Adjustable Automated Relocker Code.a(LFOutADC_AMux.o)
 *fill*         0x1fff80d2        0x2 
 .data          0x1fff80d4       0x10 .\CortexM3\ARM_GCC_541\Debug\Adjustable Automated Relocker Code.a(CyLib.o)
                0x1fff80d4                cydelay_32k_ms
                0x1fff80d8                cydelay_freq_khz
                0x1fff80dc                cydelay_freq_mhz
                0x1fff80e0                cydelay_freq_hz
 .data          0x1fff80e4        0xc .\CortexM3\ARM_GCC_541\Debug\Adjustable Automated Relocker Code.a(SW_Tx_UART_1.o)
                0x1fff80e4                SW_Tx_UART_1_pinDrAdress
                0x1fff80e8                SW_Tx_UART_1_pinPortNumber
                0x1fff80ec                SW_Tx_UART_1_pinNumber
 .data.impure_data
                0x1fff80f0       0x60 c:/program files (x86)/cypress/psoc creator/4.2/psoc creator/import/gnu/arm/5.4.1/bin/../lib/gcc/arm-none-eabi/5.4.1/../../../../arm-none-eabi/lib/armv7-m\libg_nano.a(lib_a-impure.o)
 .data._impure_ptr
                0x1fff8150        0x4 c:/program files (x86)/cypress/psoc creator/4.2/psoc creator/import/gnu/arm/5.4.1/bin/../lib/gcc/arm-none-eabi/5.4.1/../../../../arm-none-eabi/lib/armv7-m\libg_nano.a(lib_a-impure.o)
                0x1fff8150                _impure_ptr
 .data.lconv    0x1fff8154       0x38 c:/program files (x86)/cypress/psoc creator/4.2/psoc creator/import/gnu/arm/5.4.1/bin/../lib/gcc/arm-none-eabi/5.4.1/../../../../arm-none-eabi/lib/armv7-m\libg_nano.a(lib_a-locale.o)
                0x1fff8190                . = ALIGN (0x8)
 *fill*         0x1fff818c        0x4 
 *(.ram)
                0x1fff8190                _edata = .

.igot.plt       0x1fff8190        0x0 load address 0x00005140
 .igot.plt      0x1fff8190        0x0 c:/program files (x86)/cypress/psoc creator/4.2/psoc creator/import/gnu/arm/5.4.1/bin/../lib/gcc/arm-none-eabi/5.4.1/armv7-m/crtbegin.o

.bss            0x1fff8190       0x48 load address 0x00005140
                0x1fff8190                PROVIDE (__bss_start__, .)
 *(.shbss)
 *(.bss .bss.* .gnu.linkonce.b.*)
 .bss           0x1fff8190       0x1c c:/program files (x86)/cypress/psoc creator/4.2/psoc creator/import/gnu/arm/5.4.1/bin/../lib/gcc/arm-none-eabi/5.4.1/armv7-m/crtbegin.o
 .bss           0x1fff81ac        0xc .\CortexM3\ARM_GCC_541\Debug\Adjustable Automated Relocker Code.a(LFOutADC.o)
                0x1fff81b0                LFOutADC_stopConversion
                0x1fff81b1                LFOutADC_convDone
                0x1fff81b2                LFOutADC_initVar
                0x1fff81b3                LFOutADC_started
                0x1fff81b4                LFOutADC_Offset
 .bss           0x1fff81b8        0x1 .\CortexM3\ARM_GCC_541\Debug\Adjustable Automated Relocker Code.a(fineDAC.o)
                0x1fff81b8                fineDAC_initVar
 .bss           0x1fff81b9        0x1 .\CortexM3\ARM_GCC_541\Debug\Adjustable Automated Relocker Code.a(coarseDAC.o)
                0x1fff81b9                coarseDAC_initVar
 .bss           0x1fff81ba        0x1 .\CortexM3\ARM_GCC_541\Debug\Adjustable Automated Relocker Code.a(errMonADC.o)
                0x1fff81ba                errMonADC_initVar
 *fill*         0x1fff81bb        0x1 
 .bss.__malloc_sbrk_start
                0x1fff81bc        0x4 c:/program files (x86)/cypress/psoc creator/4.2/psoc creator/import/gnu/arm/5.4.1/bin/../lib/gcc/arm-none-eabi/5.4.1/../../../../arm-none-eabi/lib/armv7-m\libg_nano.a(lib_a-nano-mallocr.o)
                0x1fff81bc                __malloc_sbrk_start
 .bss.__malloc_free_list
                0x1fff81c0        0x4 c:/program files (x86)/cypress/psoc creator/4.2/psoc creator/import/gnu/arm/5.4.1/bin/../lib/gcc/arm-none-eabi/5.4.1/../../../../arm-none-eabi/lib/armv7-m\libg_nano.a(lib_a-nano-mallocr.o)
                0x1fff81c0                __malloc_free_list
 *(COMMON)
 COMMON         0x1fff81c4        0x4 .\CortexM3\ARM_GCC_541\Debug\Adjustable Automated Relocker Code.a(LFOutADC.o)
                0x1fff81c4                LFOutADC_CountsPerVolt
 COMMON         0x1fff81c8        0xc .\CortexM3\ARM_GCC_541\Debug\Adjustable Automated Relocker Code.a(errMonADC.o)
                0x1fff81c8                errMonADC_shift
                0x1fff81cc                errMonADC_countsPer10Volt
                0x1fff81d0                errMonADC_offset
                0x1fff81d2                errMonADC_countsPerVolt
 COMMON         0x1fff81d4        0x4 c:/program files (x86)/cypress/psoc creator/4.2/psoc creator/import/gnu/arm/5.4.1/bin/../lib/gcc/arm-none-eabi/5.4.1/../../../../arm-none-eabi/lib/armv7-m\libg_nano.a(lib_a-reent.o)
                0x1fff81d4                errno
                0x1fff81d8                . = ALIGN (0x8)
 *(.ram.b)
                0x1fff81d8                _end = .
                0x1fff81d8                __end = .
                0x1fff81d8                PROVIDE (end, .)
                0x1fff81d8                PROVIDE (__bss_end__, .)
                0x00005078                __cy_region_init_ram = LOADADDR (.data)
                0x000000c8                __cy_region_init_size_ram = (_edata - ADDR (.data))
                0x00000048                __cy_region_zero_size_ram = (_end - _edata)

.heap           0x1fff81d8      0x200 load address 0x00005140
                0x1fff81d8                . = _end
                0x1fff83d8                . = (. + 0x200)
 *fill*         0x1fff81d8      0x200 
                0x1fff83d8                __cy_heap_limit = .

.stack          0x20007800      0x800
                0x20007800                __cy_stack_limit = .
                0x20008000                . = (. + 0x800)
 *fill*         0x20007800      0x800 
                0x00000001                ASSERT ((__cy_stack_limit >= __cy_heap_limit), region RAM overflowed with stack)
                0x00000000                cy_checksum_exclude_size = (CY_APPL_LOADABLE == 0x1)?SIZEOF (.cy_checksum_exclude):0x0
                0x00000001                ASSERT ((cy_checksum_exclude_size <= CY_CHECKSUM_EXCLUDE_SIZE), CY_BOOT: Section .cy_checksum_exclude size exceedes specified limit.)

.cyloadermeta
 *(.cyloadermeta)

.cyloadablemeta
 *(.cyloadablemeta)

.cyconfigecc    0x80000000       0xe4
 *(.cyconfigecc)
 .cyconfigecc   0x80000000       0xe4 .\CortexM3\ARM_GCC_541\Debug\cymetadata.o
                0x80000000                cy_meta_configecc

.cycustnvl      0x90000000        0x4
 *(.cycustnvl)
 .cycustnvl     0x90000000        0x4 .\CortexM3\ARM_GCC_541\Debug\cymetadata.o
                0x90000000                cy_meta_custnvl

.cywolatch      0x90100000        0x4
 *(.cywolatch)
 .cywolatch     0x90100000        0x4 .\CortexM3\ARM_GCC_541\Debug\cymetadata.o
                0x90100000                cy_meta_wonvl

.cyeeprom       0x90200000        0x0
 *(.cyeeprom)
                0x00000001                ASSERT ((. <= ((0x90200000 + ee_offset) + ee_size)), .cyeeprom data will not fit in EEPROM)

.cyflashprotect
                0x90400000      0x100
 *(.cyflashprotect)
 .cyflashprotect
                0x90400000      0x100 .\CortexM3\ARM_GCC_541\Debug\cymetadata.o
                0x90400000                cy_meta_flashprotect

.cymeta         0x90500000        0xc
 *(.cymeta)
 .cymeta        0x90500000        0xc .\CortexM3\ARM_GCC_541\Debug\cymetadata.o
                0x90500000                cy_metadata

.rel.dyn        0x00005140        0x0 load address 0x9050000c
 .rel.iplt      0x00005140        0x0 c:/program files (x86)/cypress/psoc creator/4.2/psoc creator/import/gnu/arm/5.4.1/bin/../lib/gcc/arm-none-eabi/5.4.1/armv7-m/crtbegin.o

.stab
 *(.stab)

.stabstr
 *(.stabstr)

.debug
 *(.debug)

.line
 *(.line)

.debug_srcinfo
 *(.debug_srcinfo)

.debug_sfnames
 *(.debug_sfnames)

.debug_aranges  0x00000000      0xc90
 *(.debug_aranges)
 .debug_aranges
                0x00000000       0x20 .\CortexM3\ARM_GCC_541\Debug\main.o
 .debug_aranges
                0x00000020       0x48 .\CortexM3\ARM_GCC_541\Debug\utility.o
 .debug_aranges
                0x00000068       0x68 .\CortexM3\ARM_GCC_541\Debug\cyfitter_cfg.o
 .debug_aranges
                0x000000d0       0x18 .\CortexM3\ARM_GCC_541\Debug\cymetadata.o
 .debug_aranges
                0x000000e8       0x48 .\CortexM3\ARM_GCC_541\Debug\Cm3Start.o
 .debug_aranges
                0x00000130       0xe8 .\CortexM3\ARM_GCC_541\Debug\Adjustable Automated Relocker Code.a(LFOutADC.o)
 .debug_aranges
                0x00000218       0x38 .\CortexM3\ARM_GCC_541\Debug\Adjustable Automated Relocker Code.a(LFOutADC_INT.o)
 .debug_aranges
                0x00000250       0x38 .\CortexM3\ARM_GCC_541\Debug\Adjustable Automated Relocker Code.a(redLight.o)
 .debug_aranges
                0x00000288       0x58 .\CortexM3\ARM_GCC_541\Debug\Adjustable Automated Relocker Code.a(fineDAC.o)
 .debug_aranges
                0x000002e0       0x28 .\CortexM3\ARM_GCC_541\Debug\Adjustable Automated Relocker Code.a(switches.o)
 .debug_aranges
                0x00000308       0x38 .\CortexM3\ARM_GCC_541\Debug\Adjustable Automated Relocker Code.a(calibratePin.o)
 .debug_aranges
                0x00000340       0x38 .\CortexM3\ARM_GCC_541\Debug\Adjustable Automated Relocker Code.a(orangeLight.o)
 .debug_aranges
                0x00000378       0x38 .\CortexM3\ARM_GCC_541\Debug\Adjustable Automated Relocker Code.a(yellowLight.o)
 .debug_aranges
                0x000003b0       0x38 .\CortexM3\ARM_GCC_541\Debug\Adjustable Automated Relocker Code.a(greenLight.o)
 .debug_aranges
                0x000003e8       0x38 .\CortexM3\ARM_GCC_541\Debug\Adjustable Automated Relocker Code.a(setting8V.o)
 .debug_aranges
                0x00000420       0x38 .\CortexM3\ARM_GCC_541\Debug\Adjustable Automated Relocker Code.a(setting22V.o)
 .debug_aranges
                0x00000458       0x38 .\CortexM3\ARM_GCC_541\Debug\Adjustable Automated Relocker Code.a(setting28V.o)
 .debug_aranges
                0x00000490       0x30 .\CortexM3\ARM_GCC_541\Debug\Adjustable Automated Relocker Code.a(LFOutADC_AMux.o)
 .debug_aranges
                0x000004c0       0x70 .\CortexM3\ARM_GCC_541\Debug\Adjustable Automated Relocker Code.a(LFOutADC_Ext_CP_Clk.o)
 .debug_aranges
                0x00000530       0x80 .\CortexM3\ARM_GCC_541\Debug\Adjustable Automated Relocker Code.a(LFOutADC_theACLK.o)
 .debug_aranges
                0x000005b0      0x2a0 .\CortexM3\ARM_GCC_541\Debug\Adjustable Automated Relocker Code.a(CyLib.o)
 .debug_aranges
                0x00000850       0x98 .\CortexM3\ARM_GCC_541\Debug\Adjustable Automated Relocker Code.a(cyPm.o)
 .debug_aranges
                0x000008e8       0x58 .\CortexM3\ARM_GCC_541\Debug\Adjustable Automated Relocker Code.a(coarseDAC.o)
 .debug_aranges
                0x00000940       0xa8 .\CortexM3\ARM_GCC_541\Debug\Adjustable Automated Relocker Code.a(errMonADC.o)
 .debug_aranges
                0x000009e8       0x20 .\CortexM3\ARM_GCC_541\Debug\Adjustable Automated Relocker Code.a(errMonADC_INT.o)
 .debug_aranges
                0x00000a08       0x80 .\CortexM3\ARM_GCC_541\Debug\Adjustable Automated Relocker Code.a(errMonADC_theACLK.o)
 .debug_aranges
                0x00000a88       0x38 .\CortexM3\ARM_GCC_541\Debug\Adjustable Automated Relocker Code.a(sampleErrorMonitor.o)
 .debug_aranges
                0x00000ac0       0x50 .\CortexM3\ARM_GCC_541\Debug\Adjustable Automated Relocker Code.a(SW_Tx_UART_1.o)
 .debug_aranges
                0x00000b10       0x38 .\CortexM3\ARM_GCC_541\Debug\Adjustable Automated Relocker Code.a(blockLockPin.o)
 .debug_aranges
                0x00000b48       0x20 .\CortexM3\ARM_GCC_541\Debug\Adjustable Automated Relocker Code.a(CyBootAsmGnu.o)
 .debug_aranges
                0x00000b68       0x20 .\CortexM3\ARM_GCC_541\Debug\Adjustable Automated Relocker Code.a(SW_Tx_UART_1_AsmGnu.o)
 .debug_aranges
                0x00000b88       0x88 .\CortexM3\ARM_GCC_541\Debug\Adjustable Automated Relocker Code.a(CyFlash.o)
 .debug_aranges
                0x00000c10       0x80 .\CortexM3\ARM_GCC_541\Debug\Adjustable Automated Relocker Code.a(CySpc.o)

.debug_pubnames
 *(.debug_pubnames)

.debug_info     0x00000000     0x7986
 *(.debug_info .gnu.linkonce.wi.*)
 .debug_info    0x00000000      0xdc3 .\CortexM3\ARM_GCC_541\Debug\main.o
 .debug_info    0x00000dc3      0x8a7 .\CortexM3\ARM_GCC_541\Debug\utility.o
 .debug_info    0x0000166a      0x620 .\CortexM3\ARM_GCC_541\Debug\cyfitter_cfg.o
 .debug_info    0x00001c8a      0x134 .\CortexM3\ARM_GCC_541\Debug\cymetadata.o
 .debug_info    0x00001dbe      0x3bb .\CortexM3\ARM_GCC_541\Debug\Cm3Start.o
 .debug_info    0x00002179      0xa19 .\CortexM3\ARM_GCC_541\Debug\Adjustable Automated Relocker Code.a(LFOutADC.o)
 .debug_info    0x00002b92       0xd3 .\CortexM3\ARM_GCC_541\Debug\Adjustable Automated Relocker Code.a(LFOutADC_INT.o)
 .debug_info    0x00002c65      0x11f .\CortexM3\ARM_GCC_541\Debug\Adjustable Automated Relocker Code.a(redLight.o)
 .debug_info    0x00002d84      0x1de .\CortexM3\ARM_GCC_541\Debug\Adjustable Automated Relocker Code.a(fineDAC.o)
 .debug_info    0x00002f62       0xd6 .\CortexM3\ARM_GCC_541\Debug\Adjustable Automated Relocker Code.a(switches.o)
 .debug_info    0x00003038      0x11f .\CortexM3\ARM_GCC_541\Debug\Adjustable Automated Relocker Code.a(calibratePin.o)
 .debug_info    0x00003157      0x11f .\CortexM3\ARM_GCC_541\Debug\Adjustable Automated Relocker Code.a(orangeLight.o)
 .debug_info    0x00003276      0x11f .\CortexM3\ARM_GCC_541\Debug\Adjustable Automated Relocker Code.a(yellowLight.o)
 .debug_info    0x00003395      0x11f .\CortexM3\ARM_GCC_541\Debug\Adjustable Automated Relocker Code.a(greenLight.o)
 .debug_info    0x000034b4      0x11f .\CortexM3\ARM_GCC_541\Debug\Adjustable Automated Relocker Code.a(setting8V.o)
 .debug_info    0x000035d3      0x11f .\CortexM3\ARM_GCC_541\Debug\Adjustable Automated Relocker Code.a(setting22V.o)
 .debug_info    0x000036f2      0x11f .\CortexM3\ARM_GCC_541\Debug\Adjustable Automated Relocker Code.a(setting28V.o)
 .debug_info    0x00003811      0x165 .\CortexM3\ARM_GCC_541\Debug\Adjustable Automated Relocker Code.a(LFOutADC_AMux.o)
 .debug_info    0x00003976      0x283 .\CortexM3\ARM_GCC_541\Debug\Adjustable Automated Relocker Code.a(LFOutADC_Ext_CP_Clk.o)
 .debug_info    0x00003bf9      0x2c4 .\CortexM3\ARM_GCC_541\Debug\Adjustable Automated Relocker Code.a(LFOutADC_theACLK.o)
 .debug_info    0x00003ebd     0x1374 .\CortexM3\ARM_GCC_541\Debug\Adjustable Automated Relocker Code.a(CyLib.o)
 .debug_info    0x00005231      0xa2a .\CortexM3\ARM_GCC_541\Debug\Adjustable Automated Relocker Code.a(cyPm.o)
 .debug_info    0x00005c5b      0x1df .\CortexM3\ARM_GCC_541\Debug\Adjustable Automated Relocker Code.a(coarseDAC.o)
 .debug_info    0x00005e3a      0x5c0 .\CortexM3\ARM_GCC_541\Debug\Adjustable Automated Relocker Code.a(errMonADC.o)
 .debug_info    0x000063fa       0x92 .\CortexM3\ARM_GCC_541\Debug\Adjustable Automated Relocker Code.a(errMonADC_INT.o)
 .debug_info    0x0000648c      0x2c4 .\CortexM3\ARM_GCC_541\Debug\Adjustable Automated Relocker Code.a(errMonADC_theACLK.o)
 .debug_info    0x00006750      0x11f .\CortexM3\ARM_GCC_541\Debug\Adjustable Automated Relocker Code.a(sampleErrorMonitor.o)
 .debug_info    0x0000686f      0x2c4 .\CortexM3\ARM_GCC_541\Debug\Adjustable Automated Relocker Code.a(SW_Tx_UART_1.o)
 .debug_info    0x00006b33      0x11f .\CortexM3\ARM_GCC_541\Debug\Adjustable Automated Relocker Code.a(blockLockPin.o)
 .debug_info    0x00006c52       0xae .\CortexM3\ARM_GCC_541\Debug\Adjustable Automated Relocker Code.a(CyBootAsmGnu.o)
 .debug_info    0x00006d00       0xe9 .\CortexM3\ARM_GCC_541\Debug\Adjustable Automated Relocker Code.a(SW_Tx_UART_1_AsmGnu.o)
 .debug_info    0x00006de9      0x64d .\CortexM3\ARM_GCC_541\Debug\Adjustable Automated Relocker Code.a(CyFlash.o)
 .debug_info    0x00007436      0x550 .\CortexM3\ARM_GCC_541\Debug\Adjustable Automated Relocker Code.a(CySpc.o)

.debug_abbrev   0x00000000     0x1fb4
 *(.debug_abbrev)
 .debug_abbrev  0x00000000      0x12a .\CortexM3\ARM_GCC_541\Debug\main.o
 .debug_abbrev  0x0000012a      0x166 .\CortexM3\ARM_GCC_541\Debug\utility.o
 .debug_abbrev  0x00000290      0x21e .\CortexM3\ARM_GCC_541\Debug\cyfitter_cfg.o
 .debug_abbrev  0x000004ae       0x5d .\CortexM3\ARM_GCC_541\Debug\cymetadata.o
 .debug_abbrev  0x0000050b      0x1e8 .\CortexM3\ARM_GCC_541\Debug\Cm3Start.o
 .debug_abbrev  0x000006f3      0x1eb .\CortexM3\ARM_GCC_541\Debug\Adjustable Automated Relocker Code.a(LFOutADC.o)
 .debug_abbrev  0x000008de       0x42 .\CortexM3\ARM_GCC_541\Debug\Adjustable Automated Relocker Code.a(LFOutADC_INT.o)
 .debug_abbrev  0x00000920       0x90 .\CortexM3\ARM_GCC_541\Debug\Adjustable Automated Relocker Code.a(redLight.o)
 .debug_abbrev  0x000009b0       0xf7 .\CortexM3\ARM_GCC_541\Debug\Adjustable Automated Relocker Code.a(fineDAC.o)
 .debug_abbrev  0x00000aa7       0x81 .\CortexM3\ARM_GCC_541\Debug\Adjustable Automated Relocker Code.a(switches.o)
 .debug_abbrev  0x00000b28       0x90 .\CortexM3\ARM_GCC_541\Debug\Adjustable Automated Relocker Code.a(calibratePin.o)
 .debug_abbrev  0x00000bb8       0x90 .\CortexM3\ARM_GCC_541\Debug\Adjustable Automated Relocker Code.a(orangeLight.o)
 .debug_abbrev  0x00000c48       0x90 .\CortexM3\ARM_GCC_541\Debug\Adjustable Automated Relocker Code.a(yellowLight.o)
 .debug_abbrev  0x00000cd8       0x90 .\CortexM3\ARM_GCC_541\Debug\Adjustable Automated Relocker Code.a(greenLight.o)
 .debug_abbrev  0x00000d68       0x90 .\CortexM3\ARM_GCC_541\Debug\Adjustable Automated Relocker Code.a(setting8V.o)
 .debug_abbrev  0x00000df8       0x90 .\CortexM3\ARM_GCC_541\Debug\Adjustable Automated Relocker Code.a(setting22V.o)
 .debug_abbrev  0x00000e88       0x90 .\CortexM3\ARM_GCC_541\Debug\Adjustable Automated Relocker Code.a(setting28V.o)
 .debug_abbrev  0x00000f18       0xb1 .\CortexM3\ARM_GCC_541\Debug\Adjustable Automated Relocker Code.a(LFOutADC_AMux.o)
 .debug_abbrev  0x00000fc9      0x139 .\CortexM3\ARM_GCC_541\Debug\Adjustable Automated Relocker Code.a(LFOutADC_Ext_CP_Clk.o)
 .debug_abbrev  0x00001102      0x121 .\CortexM3\ARM_GCC_541\Debug\Adjustable Automated Relocker Code.a(LFOutADC_theACLK.o)
 .debug_abbrev  0x00001223      0x254 .\CortexM3\ARM_GCC_541\Debug\Adjustable Automated Relocker Code.a(CyLib.o)
 .debug_abbrev  0x00001477      0x1ab .\CortexM3\ARM_GCC_541\Debug\Adjustable Automated Relocker Code.a(cyPm.o)
 .debug_abbrev  0x00001622       0xf7 .\CortexM3\ARM_GCC_541\Debug\Adjustable Automated Relocker Code.a(coarseDAC.o)
 .debug_abbrev  0x00001719      0x1ac .\CortexM3\ARM_GCC_541\Debug\Adjustable Automated Relocker Code.a(errMonADC.o)
 .debug_abbrev  0x000018c5       0x42 .\CortexM3\ARM_GCC_541\Debug\Adjustable Automated Relocker Code.a(errMonADC_INT.o)
 .debug_abbrev  0x00001907      0x121 .\CortexM3\ARM_GCC_541\Debug\Adjustable Automated Relocker Code.a(errMonADC_theACLK.o)
 .debug_abbrev  0x00001a28       0x90 .\CortexM3\ARM_GCC_541\Debug\Adjustable Automated Relocker Code.a(sampleErrorMonitor.o)
 .debug_abbrev  0x00001ab8      0x109 .\CortexM3\ARM_GCC_541\Debug\Adjustable Automated Relocker Code.a(SW_Tx_UART_1.o)
 .debug_abbrev  0x00001bc1       0x90 .\CortexM3\ARM_GCC_541\Debug\Adjustable Automated Relocker Code.a(blockLockPin.o)
 .debug_abbrev  0x00001c51       0x14 .\CortexM3\ARM_GCC_541\Debug\Adjustable Automated Relocker Code.a(CyBootAsmGnu.o)
 .debug_abbrev  0x00001c65       0x14 .\CortexM3\ARM_GCC_541\Debug\Adjustable Automated Relocker Code.a(SW_Tx_UART_1_AsmGnu.o)
 .debug_abbrev  0x00001c79      0x1a7 .\CortexM3\ARM_GCC_541\Debug\Adjustable Automated Relocker Code.a(CyFlash.o)
 .debug_abbrev  0x00001e20      0x194 .\CortexM3\ARM_GCC_541\Debug\Adjustable Automated Relocker Code.a(CySpc.o)

.debug_line     0x00000000     0x32d0
 *(.debug_line)
 .debug_line    0x00000000      0x3b8 .\CortexM3\ARM_GCC_541\Debug\main.o
 .debug_line    0x000003b8      0x397 .\CortexM3\ARM_GCC_541\Debug\utility.o
 .debug_line    0x0000074f      0x212 .\CortexM3\ARM_GCC_541\Debug\cyfitter_cfg.o
 .debug_line    0x00000961      0x141 .\CortexM3\ARM_GCC_541\Debug\cymetadata.o
 .debug_line    0x00000aa2      0x234 .\CortexM3\ARM_GCC_541\Debug\Cm3Start.o
 .debug_line    0x00000cd6      0x368 .\CortexM3\ARM_GCC_541\Debug\Adjustable Automated Relocker Code.a(LFOutADC.o)
 .debug_line    0x0000103e       0x85 .\CortexM3\ARM_GCC_541\Debug\Adjustable Automated Relocker Code.a(LFOutADC_INT.o)
 .debug_line    0x000010c3       0x95 .\CortexM3\ARM_GCC_541\Debug\Adjustable Automated Relocker Code.a(redLight.o)
 .debug_line    0x00001158       0xe4 .\CortexM3\ARM_GCC_541\Debug\Adjustable Automated Relocker Code.a(fineDAC.o)
 .debug_line    0x0000123c       0x70 .\CortexM3\ARM_GCC_541\Debug\Adjustable Automated Relocker Code.a(switches.o)
 .debug_line    0x000012ac       0x99 .\CortexM3\ARM_GCC_541\Debug\Adjustable Automated Relocker Code.a(calibratePin.o)
 .debug_line    0x00001345       0x98 .\CortexM3\ARM_GCC_541\Debug\Adjustable Automated Relocker Code.a(orangeLight.o)
 .debug_line    0x000013dd       0x98 .\CortexM3\ARM_GCC_541\Debug\Adjustable Automated Relocker Code.a(yellowLight.o)
 .debug_line    0x00001475       0x97 .\CortexM3\ARM_GCC_541\Debug\Adjustable Automated Relocker Code.a(greenLight.o)
 .debug_line    0x0000150c       0x96 .\CortexM3\ARM_GCC_541\Debug\Adjustable Automated Relocker Code.a(setting8V.o)
 .debug_line    0x000015a2       0x97 .\CortexM3\ARM_GCC_541\Debug\Adjustable Automated Relocker Code.a(setting22V.o)
 .debug_line    0x00001639       0x97 .\CortexM3\ARM_GCC_541\Debug\Adjustable Automated Relocker Code.a(setting28V.o)
 .debug_line    0x000016d0       0xb1 .\CortexM3\ARM_GCC_541\Debug\Adjustable Automated Relocker Code.a(LFOutADC_AMux.o)
 .debug_line    0x00001781      0x182 .\CortexM3\ARM_GCC_541\Debug\Adjustable Automated Relocker Code.a(LFOutADC_Ext_CP_Clk.o)
 .debug_line    0x00001903      0x1a2 .\CortexM3\ARM_GCC_541\Debug\Adjustable Automated Relocker Code.a(LFOutADC_theACLK.o)
 .debug_line    0x00001aa5      0x816 .\CortexM3\ARM_GCC_541\Debug\Adjustable Automated Relocker Code.a(CyLib.o)
 .debug_line    0x000022bb      0x367 .\CortexM3\ARM_GCC_541\Debug\Adjustable Automated Relocker Code.a(cyPm.o)
 .debug_line    0x00002622       0xe6 .\CortexM3\ARM_GCC_541\Debug\Adjustable Automated Relocker Code.a(coarseDAC.o)
 .debug_line    0x00002708      0x220 .\CortexM3\ARM_GCC_541\Debug\Adjustable Automated Relocker Code.a(errMonADC.o)
 .debug_line    0x00002928       0x56 .\CortexM3\ARM_GCC_541\Debug\Adjustable Automated Relocker Code.a(errMonADC_INT.o)
 .debug_line    0x0000297e      0x1a3 .\CortexM3\ARM_GCC_541\Debug\Adjustable Automated Relocker Code.a(errMonADC_theACLK.o)
 .debug_line    0x00002b21       0x9f .\CortexM3\ARM_GCC_541\Debug\Adjustable Automated Relocker Code.a(sampleErrorMonitor.o)
 .debug_line    0x00002bc0       0xf6 .\CortexM3\ARM_GCC_541\Debug\Adjustable Automated Relocker Code.a(SW_Tx_UART_1.o)
 .debug_line    0x00002cb6       0x99 .\CortexM3\ARM_GCC_541\Debug\Adjustable Automated Relocker Code.a(blockLockPin.o)
 .debug_line    0x00002d4f       0x66 .\CortexM3\ARM_GCC_541\Debug\Adjustable Automated Relocker Code.a(CyBootAsmGnu.o)
 .debug_line    0x00002db5       0xa1 .\CortexM3\ARM_GCC_541\Debug\Adjustable Automated Relocker Code.a(SW_Tx_UART_1_AsmGnu.o)
 .debug_line    0x00002e56      0x21a .\CortexM3\ARM_GCC_541\Debug\Adjustable Automated Relocker Code.a(CyFlash.o)
 .debug_line    0x00003070      0x260 .\CortexM3\ARM_GCC_541\Debug\Adjustable Automated Relocker Code.a(CySpc.o)

.debug_frame    0x00000000     0x2570
 *(.debug_frame)
 .debug_frame   0x00000000       0x44 .\CortexM3\ARM_GCC_541\Debug\main.o
 .debug_frame   0x00000044       0xec .\CortexM3\ARM_GCC_541\Debug\utility.o
 .debug_frame   0x00000130      0x11c .\CortexM3\ARM_GCC_541\Debug\cyfitter_cfg.o
 .debug_frame   0x0000024c       0xb8 .\CortexM3\ARM_GCC_541\Debug\Cm3Start.o
 .debug_frame   0x00000304      0x284 .\CortexM3\ARM_GCC_541\Debug\Adjustable Automated Relocker Code.a(LFOutADC.o)
 .debug_frame   0x00000588       0x50 .\CortexM3\ARM_GCC_541\Debug\Adjustable Automated Relocker Code.a(LFOutADC_INT.o)
 .debug_frame   0x000005d8       0x50 .\CortexM3\ARM_GCC_541\Debug\Adjustable Automated Relocker Code.a(redLight.o)
 .debug_frame   0x00000628       0xb4 .\CortexM3\ARM_GCC_541\Debug\Adjustable Automated Relocker Code.a(fineDAC.o)
 .debug_frame   0x000006dc       0x30 .\CortexM3\ARM_GCC_541\Debug\Adjustable Automated Relocker Code.a(switches.o)
 .debug_frame   0x0000070c       0x50 .\CortexM3\ARM_GCC_541\Debug\Adjustable Automated Relocker Code.a(calibratePin.o)
 .debug_frame   0x0000075c       0x50 .\CortexM3\ARM_GCC_541\Debug\Adjustable Automated Relocker Code.a(orangeLight.o)
 .debug_frame   0x000007ac       0x50 .\CortexM3\ARM_GCC_541\Debug\Adjustable Automated Relocker Code.a(yellowLight.o)
 .debug_frame   0x000007fc       0x50 .\CortexM3\ARM_GCC_541\Debug\Adjustable Automated Relocker Code.a(greenLight.o)
 .debug_frame   0x0000084c       0x50 .\CortexM3\ARM_GCC_541\Debug\Adjustable Automated Relocker Code.a(setting8V.o)
 .debug_frame   0x0000089c       0x50 .\CortexM3\ARM_GCC_541\Debug\Adjustable Automated Relocker Code.a(setting22V.o)
 .debug_frame   0x000008ec       0x50 .\CortexM3\ARM_GCC_541\Debug\Adjustable Automated Relocker Code.a(setting28V.o)
 .debug_frame   0x0000093c       0x64 .\CortexM3\ARM_GCC_541\Debug\Adjustable Automated Relocker Code.a(LFOutADC_AMux.o)
 .debug_frame   0x000009a0       0xe0 .\CortexM3\ARM_GCC_541\Debug\Adjustable Automated Relocker Code.a(LFOutADC_Ext_CP_Clk.o)
 .debug_frame   0x00000a80      0x100 .\CortexM3\ARM_GCC_541\Debug\Adjustable Automated Relocker Code.a(LFOutADC_theACLK.o)
 .debug_frame   0x00000b80      0x738 .\CortexM3\ARM_GCC_541\Debug\Adjustable Automated Relocker Code.a(CyLib.o)
 .debug_frame   0x000012b8      0x1f8 .\CortexM3\ARM_GCC_541\Debug\Adjustable Automated Relocker Code.a(cyPm.o)
 .debug_frame   0x000014b0       0xb4 .\CortexM3\ARM_GCC_541\Debug\Adjustable Automated Relocker Code.a(coarseDAC.o)
 .debug_frame   0x00001564      0x1b0 .\CortexM3\ARM_GCC_541\Debug\Adjustable Automated Relocker Code.a(errMonADC.o)
 .debug_frame   0x00001714       0x20 .\CortexM3\ARM_GCC_541\Debug\Adjustable Automated Relocker Code.a(errMonADC_INT.o)
 .debug_frame   0x00001734      0x100 .\CortexM3\ARM_GCC_541\Debug\Adjustable Automated Relocker Code.a(errMonADC_theACLK.o)
 .debug_frame   0x00001834       0x50 .\CortexM3\ARM_GCC_541\Debug\Adjustable Automated Relocker Code.a(sampleErrorMonitor.o)
 .debug_frame   0x00001884       0xc8 .\CortexM3\ARM_GCC_541\Debug\Adjustable Automated Relocker Code.a(SW_Tx_UART_1.o)
 .debug_frame   0x0000194c       0x50 .\CortexM3\ARM_GCC_541\Debug\Adjustable Automated Relocker Code.a(blockLockPin.o)
 .debug_frame   0x0000199c      0x194 .\CortexM3\ARM_GCC_541\Debug\Adjustable Automated Relocker Code.a(CyFlash.o)
 .debug_frame   0x00001b30      0x180 .\CortexM3\ARM_GCC_541\Debug\Adjustable Automated Relocker Code.a(CySpc.o)
 .debug_frame   0x00001cb0       0x20 c:/program files (x86)/cypress/psoc creator/4.2/psoc creator/import/gnu/arm/5.4.1/bin/../lib/gcc/arm-none-eabi/5.4.1/armv7-m\libgcc.a(_udivsi3.o)
 .debug_frame   0x00001cd0       0x44 c:/program files (x86)/cypress/psoc creator/4.2/psoc creator/import/gnu/arm/5.4.1/bin/../lib/gcc/arm-none-eabi/5.4.1/armv7-m\libgcc.a(_aeabi_ldivmod.o)
 .debug_frame   0x00001d14       0x38 c:/program files (x86)/cypress/psoc creator/4.2/psoc creator/import/gnu/arm/5.4.1/bin/../lib/gcc/arm-none-eabi/5.4.1/armv7-m\libgcc.a(_udivmoddi4.o)
 .debug_frame   0x00001d4c       0x20 c:/program files (x86)/cypress/psoc creator/4.2/psoc creator/import/gnu/arm/5.4.1/bin/../lib/gcc/arm-none-eabi/5.4.1/../../../../arm-none-eabi/lib/armv7-m\libg_nano.a(lib_a-errno.o)
 .debug_frame   0x00001d6c       0x28 c:/program files (x86)/cypress/psoc creator/4.2/psoc creator/import/gnu/arm/5.4.1/bin/../lib/gcc/arm-none-eabi/5.4.1/../../../../arm-none-eabi/lib/armv7-m\libg_nano.a(lib_a-exit.o)
 .debug_frame   0x00001d94       0x2c c:/program files (x86)/cypress/psoc creator/4.2/psoc creator/import/gnu/arm/5.4.1/bin/../lib/gcc/arm-none-eabi/5.4.1/../../../../arm-none-eabi/lib/armv7-m\libg_nano.a(lib_a-init.o)
 .debug_frame   0x00001dc0       0x28 c:/program files (x86)/cypress/psoc creator/4.2/psoc creator/import/gnu/arm/5.4.1/bin/../lib/gcc/arm-none-eabi/5.4.1/../../../../arm-none-eabi/lib/armv7-m\libg_nano.a(lib_a-memcpy-stub.o)
 .debug_frame   0x00001de8       0x20 c:/program files (x86)/cypress/psoc creator/4.2/psoc creator/import/gnu/arm/5.4.1/bin/../lib/gcc/arm-none-eabi/5.4.1/../../../../arm-none-eabi/lib/armv7-m\libg_nano.a(lib_a-memset.o)
 .debug_frame   0x00001e08       0x8c c:/program files (x86)/cypress/psoc creator/4.2/psoc creator/import/gnu/arm/5.4.1/bin/../lib/gcc/arm-none-eabi/5.4.1/../../../../arm-none-eabi/lib/armv7-m\libg_nano.a(lib_a-nano-vfprintf_float.o)
 .debug_frame   0x00001e94       0x60 c:/program files (x86)/cypress/psoc creator/4.2/psoc creator/import/gnu/arm/5.4.1/bin/../lib/gcc/arm-none-eabi/5.4.1/../../../../arm-none-eabi/lib/armv7-m\libg_nano.a(lib_a-nano-vfprintf_i.o)
 .debug_frame   0x00001ef4       0x70 c:/program files (x86)/cypress/psoc creator/4.2/psoc creator/import/gnu/arm/5.4.1/bin/../lib/gcc/arm-none-eabi/5.4.1/../../../../arm-none-eabi/lib/armv7-m\libg_nano.a(lib_a-sprintf.o)
 .debug_frame   0x00001f64       0x6c c:/program files (x86)/cypress/psoc creator/4.2/psoc creator/import/gnu/arm/5.4.1/bin/../lib/gcc/arm-none-eabi/5.4.1/../../../../arm-none-eabi/lib/armv7-m\libg_nano.a(lib_a-dtoa.o)
 .debug_frame   0x00001fd0       0x98 c:/program files (x86)/cypress/psoc creator/4.2/psoc creator/import/gnu/arm/5.4.1/bin/../lib/gcc/arm-none-eabi/5.4.1/../../../../arm-none-eabi/lib/armv7-m\libg_nano.a(lib_a-locale.o)
 .debug_frame   0x00002068       0x30 c:/program files (x86)/cypress/psoc creator/4.2/psoc creator/import/gnu/arm/5.4.1/bin/../lib/gcc/arm-none-eabi/5.4.1/../../../../arm-none-eabi/lib/armv7-m\libg_nano.a(lib_a-malloc.o)
 .debug_frame   0x00002098       0x28 c:/program files (x86)/cypress/psoc creator/4.2/psoc creator/import/gnu/arm/5.4.1/bin/../lib/gcc/arm-none-eabi/5.4.1/../../../../arm-none-eabi/lib/armv7-m\libg_nano.a(lib_a-memchr-stub.o)
 .debug_frame   0x000020c0      0x234 c:/program files (x86)/cypress/psoc creator/4.2/psoc creator/import/gnu/arm/5.4.1/bin/../lib/gcc/arm-none-eabi/5.4.1/../../../../arm-none-eabi/lib/armv7-m\libg_nano.a(lib_a-mprec.o)
 .debug_frame   0x000022f4       0x2c c:/program files (x86)/cypress/psoc creator/4.2/psoc creator/import/gnu/arm/5.4.1/bin/../lib/gcc/arm-none-eabi/5.4.1/../../../../arm-none-eabi/lib/armv7-m\libg_nano.a(lib_a-nano-callocr.o)
 .debug_frame   0x00002320       0x38 c:/program files (x86)/cypress/psoc creator/4.2/psoc creator/import/gnu/arm/5.4.1/bin/../lib/gcc/arm-none-eabi/5.4.1/../../../../arm-none-eabi/lib/armv7-m\libg_nano.a(lib_a-nano-freer.o)
 .debug_frame   0x00002358       0x2c c:/program files (x86)/cypress/psoc creator/4.2/psoc creator/import/gnu/arm/5.4.1/bin/../lib/gcc/arm-none-eabi/5.4.1/../../../../arm-none-eabi/lib/armv7-m\libg_nano.a(lib_a-nano-mallocr.o)
 .debug_frame   0x00002384       0x90 c:/program files (x86)/cypress/psoc creator/4.2/psoc creator/import/gnu/arm/5.4.1/bin/../lib/gcc/arm-none-eabi/5.4.1/../../../../arm-none-eabi/lib/armv7-m\libg_nano.a(lib_a-nano-svfprintf.o)
 .debug_frame   0x00002414       0x2c c:/program files (x86)/cypress/psoc creator/4.2/psoc creator/import/gnu/arm/5.4.1/bin/../lib/gcc/arm-none-eabi/5.4.1/../../../../arm-none-eabi/lib/armv7-m\libg_nano.a(lib_a-sbrkr.o)
 .debug_frame   0x00002440       0x20 c:/program files (x86)/cypress/psoc creator/4.2/psoc creator/import/gnu/arm/5.4.1/bin/../lib/gcc/arm-none-eabi/5.4.1/../../../../arm-none-eabi/lib/armv7-m\libg_nano.a(lib_a-strcmp.o)
 .debug_frame   0x00002460       0x28 c:/program files (x86)/cypress/psoc creator/4.2/psoc creator/import/gnu/arm/5.4.1/bin/../lib/gcc/arm-none-eabi/5.4.1/../../../../arm-none-eabi/lib/armv7-m\libg_nano.a(lib_a-memmove.o)
 .debug_frame   0x00002488       0x30 c:/program files (x86)/cypress/psoc creator/4.2/psoc creator/import/gnu/arm/5.4.1/bin/../lib/gcc/arm-none-eabi/5.4.1/../../../../arm-none-eabi/lib/armv7-m\libg_nano.a(lib_a-mlock.o)
 .debug_frame   0x000024b8       0x3c c:/program files (x86)/cypress/psoc creator/4.2/psoc creator/import/gnu/arm/5.4.1/bin/../lib/gcc/arm-none-eabi/5.4.1/../../../../arm-none-eabi/lib/armv7-m\libg_nano.a(lib_a-nano-reallocr.o)
 .debug_frame   0x000024f4       0x5c c:/program files (x86)/cypress/psoc creator/4.2/psoc creator/import/gnu/arm/5.4.1/bin/../lib/gcc/arm-none-eabi/5.4.1/../../../../arm-none-eabi/lib/armv7-m\libg_nano.a(lib_a-reent.o)
 .debug_frame   0x00002550       0x20 c:/program files (x86)/cypress/psoc creator/4.2/psoc creator/import/gnu/arm/5.4.1/bin/../lib/gcc/arm-none-eabi/5.4.1/../../../../arm-none-eabi/lib/armv7-m\libg_nano.a(lib_a-nano-msizer.o)

.debug_str      0x00000000     0x2a87
 *(.debug_str)
 .debug_str     0x00000000      0x5d6 .\CortexM3\ARM_GCC_541\Debug\main.o
                                0x62a (size before relaxing)
 .debug_str     0x000005d6      0x17d .\CortexM3\ARM_GCC_541\Debug\utility.o
                                0x51f (size before relaxing)
 .debug_str     0x00000753      0x1d9 .\CortexM3\ARM_GCC_541\Debug\cyfitter_cfg.o
                                0x397 (size before relaxing)
 .debug_str     0x0000092c       0x7f .\CortexM3\ARM_GCC_541\Debug\cymetadata.o
                                0x202 (size before relaxing)
 .debug_str     0x000009ab      0x144 .\CortexM3\ARM_GCC_541\Debug\Cm3Start.o
                                0x328 (size before relaxing)
 .debug_str     0x00000aef      0x3ea .\CortexM3\ARM_GCC_541\Debug\Adjustable Automated Relocker Code.a(LFOutADC.o)
                                0x6b4 (size before relaxing)
 .debug_str     0x00000ed9       0x5e .\CortexM3\ARM_GCC_541\Debug\Adjustable Automated Relocker Code.a(LFOutADC_INT.o)
                                0x1f7 (size before relaxing)
 .debug_str     0x00000f37       0x6b .\CortexM3\ARM_GCC_541\Debug\Adjustable Automated Relocker Code.a(redLight.o)
                                0x20f (size before relaxing)
 .debug_str     0x00000fa2       0x98 .\CortexM3\ARM_GCC_541\Debug\Adjustable Automated Relocker Code.a(fineDAC.o)
                                0x251 (size before relaxing)
 .debug_str     0x0000103a       0x38 .\CortexM3\ARM_GCC_541\Debug\Adjustable Automated Relocker Code.a(switches.o)
                                0x1d6 (size before relaxing)
 .debug_str     0x00001072       0x6c .\CortexM3\ARM_GCC_541\Debug\Adjustable Automated Relocker Code.a(calibratePin.o)
                                0x223 (size before relaxing)
 .debug_str     0x000010de       0x67 .\CortexM3\ARM_GCC_541\Debug\Adjustable Automated Relocker Code.a(orangeLight.o)
                                0x21e (size before relaxing)
 .debug_str     0x00001145       0x67 .\CortexM3\ARM_GCC_541\Debug\Adjustable Automated Relocker Code.a(yellowLight.o)
                                0x21e (size before relaxing)
 .debug_str     0x000011ac       0x63 .\CortexM3\ARM_GCC_541\Debug\Adjustable Automated Relocker Code.a(greenLight.o)
                                0x219 (size before relaxing)
 .debug_str     0x0000120f       0x60 .\CortexM3\ARM_GCC_541\Debug\Adjustable Automated Relocker Code.a(setting8V.o)
                                0x214 (size before relaxing)
 .debug_str     0x0000126f       0x64 .\CortexM3\ARM_GCC_541\Debug\Adjustable Automated Relocker Code.a(setting22V.o)
                                0x219 (size before relaxing)
 .debug_str     0x000012d3       0x64 .\CortexM3\ARM_GCC_541\Debug\Adjustable Automated Relocker Code.a(setting28V.o)
                                0x219 (size before relaxing)
 .debug_str     0x00001337       0x73 .\CortexM3\ARM_GCC_541\Debug\Adjustable Automated Relocker Code.a(LFOutADC_AMux.o)
                                0x240 (size before relaxing)
 .debug_str     0x000013aa      0x1a5 .\CortexM3\ARM_GCC_541\Debug\Adjustable Automated Relocker Code.a(LFOutADC_Ext_CP_Clk.o)
                                0x39c (size before relaxing)
 .debug_str     0x0000154f      0x18b .\CortexM3\ARM_GCC_541\Debug\Adjustable Automated Relocker Code.a(LFOutADC_theACLK.o)
                                0x3c5 (size before relaxing)
 .debug_str     0x000016da      0x7ea .\CortexM3\ARM_GCC_541\Debug\Adjustable Automated Relocker Code.a(CyLib.o)
                                0xa65 (size before relaxing)
 .debug_str     0x00001ec4      0x365 .\CortexM3\ARM_GCC_541\Debug\Adjustable Automated Relocker Code.a(cyPm.o)
                                0x751 (size before relaxing)
 .debug_str     0x00002229       0x9c .\CortexM3\ARM_GCC_541\Debug\Adjustable Automated Relocker Code.a(coarseDAC.o)
                                0x265 (size before relaxing)
 .debug_str     0x000022c5      0x178 .\CortexM3\ARM_GCC_541\Debug\Adjustable Automated Relocker Code.a(errMonADC.o)
                                0x4db (size before relaxing)
 .debug_str     0x0000243d       0x35 .\CortexM3\ARM_GCC_541\Debug\Adjustable Automated Relocker Code.a(errMonADC_INT.o)
                                0x1b9 (size before relaxing)
 .debug_str     0x00002472      0x1b3 .\CortexM3\ARM_GCC_541\Debug\Adjustable Automated Relocker Code.a(errMonADC_theACLK.o)
                                0x3d3 (size before relaxing)
 .debug_str     0x00002625       0x84 .\CortexM3\ARM_GCC_541\Debug\Adjustable Automated Relocker Code.a(sampleErrorMonitor.o)
                                0x241 (size before relaxing)
 .debug_str     0x000026a9      0x10b .\CortexM3\ARM_GCC_541\Debug\Adjustable Automated Relocker Code.a(SW_Tx_UART_1.o)
                                0x31d (size before relaxing)
 .debug_str     0x000027b4       0x6c .\CortexM3\ARM_GCC_541\Debug\Adjustable Automated Relocker Code.a(blockLockPin.o)
                                0x223 (size before relaxing)
 .debug_str     0x00002820      0x1bb .\CortexM3\ARM_GCC_541\Debug\Adjustable Automated Relocker Code.a(CyFlash.o)
                                0x3de (size before relaxing)
 .debug_str     0x000029db       0xac .\CortexM3\ARM_GCC_541\Debug\Adjustable Automated Relocker Code.a(CySpc.o)
                                0x356 (size before relaxing)

.debug_loc      0x00000000     0x370e
 *(.debug_loc)
 .debug_loc     0x00000000      0x726 .\CortexM3\ARM_GCC_541\Debug\main.o
 .debug_loc     0x00000726      0x3e1 .\CortexM3\ARM_GCC_541\Debug\utility.o
 .debug_loc     0x00000b07      0x23f .\CortexM3\ARM_GCC_541\Debug\cyfitter_cfg.o
 .debug_loc     0x00000d46      0x144 .\CortexM3\ARM_GCC_541\Debug\Cm3Start.o
 .debug_loc     0x00000e8a      0x68c .\CortexM3\ARM_GCC_541\Debug\Adjustable Automated Relocker Code.a(LFOutADC.o)
 .debug_loc     0x00001516       0x42 .\CortexM3\ARM_GCC_541\Debug\Adjustable Automated Relocker Code.a(redLight.o)
 .debug_loc     0x00001558       0x79 .\CortexM3\ARM_GCC_541\Debug\Adjustable Automated Relocker Code.a(fineDAC.o)
 .debug_loc     0x000015d1       0x42 .\CortexM3\ARM_GCC_541\Debug\Adjustable Automated Relocker Code.a(calibratePin.o)
 .debug_loc     0x00001613       0x42 .\CortexM3\ARM_GCC_541\Debug\Adjustable Automated Relocker Code.a(orangeLight.o)
 .debug_loc     0x00001655       0x42 .\CortexM3\ARM_GCC_541\Debug\Adjustable Automated Relocker Code.a(yellowLight.o)
 .debug_loc     0x00001697       0x42 .\CortexM3\ARM_GCC_541\Debug\Adjustable Automated Relocker Code.a(greenLight.o)
 .debug_loc     0x000016d9       0x42 .\CortexM3\ARM_GCC_541\Debug\Adjustable Automated Relocker Code.a(setting8V.o)
 .debug_loc     0x0000171b       0x42 .\CortexM3\ARM_GCC_541\Debug\Adjustable Automated Relocker Code.a(setting22V.o)
 .debug_loc     0x0000175d       0x42 .\CortexM3\ARM_GCC_541\Debug\Adjustable Automated Relocker Code.a(setting28V.o)
 .debug_loc     0x0000179f       0x6c .\CortexM3\ARM_GCC_541\Debug\Adjustable Automated Relocker Code.a(LFOutADC_AMux.o)
 .debug_loc     0x0000180b      0x12c .\CortexM3\ARM_GCC_541\Debug\Adjustable Automated Relocker Code.a(LFOutADC_Ext_CP_Clk.o)
 .debug_loc     0x00001937      0x149 .\CortexM3\ARM_GCC_541\Debug\Adjustable Automated Relocker Code.a(LFOutADC_theACLK.o)
 .debug_loc     0x00001a80      0xa11 .\CortexM3\ARM_GCC_541\Debug\Adjustable Automated Relocker Code.a(CyLib.o)
 .debug_loc     0x00002491      0x1e4 .\CortexM3\ARM_GCC_541\Debug\Adjustable Automated Relocker Code.a(cyPm.o)
 .debug_loc     0x00002675       0x79 .\CortexM3\ARM_GCC_541\Debug\Adjustable Automated Relocker Code.a(coarseDAC.o)
 .debug_loc     0x000026ee      0x295 .\CortexM3\ARM_GCC_541\Debug\Adjustable Automated Relocker Code.a(errMonADC.o)
 .debug_loc     0x00002983      0x14d .\CortexM3\ARM_GCC_541\Debug\Adjustable Automated Relocker Code.a(errMonADC_theACLK.o)
 .debug_loc     0x00002ad0       0x42 .\CortexM3\ARM_GCC_541\Debug\Adjustable Automated Relocker Code.a(sampleErrorMonitor.o)
 .debug_loc     0x00002b12      0x103 .\CortexM3\ARM_GCC_541\Debug\Adjustable Automated Relocker Code.a(SW_Tx_UART_1.o)
 .debug_loc     0x00002c15       0x42 .\CortexM3\ARM_GCC_541\Debug\Adjustable Automated Relocker Code.a(blockLockPin.o)
 .debug_loc     0x00002c57      0x3b2 .\CortexM3\ARM_GCC_541\Debug\Adjustable Automated Relocker Code.a(CyFlash.o)
 .debug_loc     0x00003009      0x705 .\CortexM3\ARM_GCC_541\Debug\Adjustable Automated Relocker Code.a(CySpc.o)

.debug_macinfo
 *(.debug_macinfo)

.debug_ranges   0x00000000      0xa70
 *(.debug_ranges)
 .debug_ranges  0x00000000       0x28 .\CortexM3\ARM_GCC_541\Debug\main.o
 .debug_ranges  0x00000028       0x38 .\CortexM3\ARM_GCC_541\Debug\utility.o
 .debug_ranges  0x00000060       0x58 .\CortexM3\ARM_GCC_541\Debug\cyfitter_cfg.o
 .debug_ranges  0x000000b8       0x38 .\CortexM3\ARM_GCC_541\Debug\Cm3Start.o
 .debug_ranges  0x000000f0       0xd8 .\CortexM3\ARM_GCC_541\Debug\Adjustable Automated Relocker Code.a(LFOutADC.o)
 .debug_ranges  0x000001c8       0x28 .\CortexM3\ARM_GCC_541\Debug\Adjustable Automated Relocker Code.a(LFOutADC_INT.o)
 .debug_ranges  0x000001f0       0x28 .\CortexM3\ARM_GCC_541\Debug\Adjustable Automated Relocker Code.a(redLight.o)
 .debug_ranges  0x00000218       0x48 .\CortexM3\ARM_GCC_541\Debug\Adjustable Automated Relocker Code.a(fineDAC.o)
 .debug_ranges  0x00000260       0x18 .\CortexM3\ARM_GCC_541\Debug\Adjustable Automated Relocker Code.a(switches.o)
 .debug_ranges  0x00000278       0x28 .\CortexM3\ARM_GCC_541\Debug\Adjustable Automated Relocker Code.a(calibratePin.o)
 .debug_ranges  0x000002a0       0x28 .\CortexM3\ARM_GCC_541\Debug\Adjustable Automated Relocker Code.a(orangeLight.o)
 .debug_ranges  0x000002c8       0x28 .\CortexM3\ARM_GCC_541\Debug\Adjustable Automated Relocker Code.a(yellowLight.o)
 .debug_ranges  0x000002f0       0x28 .\CortexM3\ARM_GCC_541\Debug\Adjustable Automated Relocker Code.a(greenLight.o)
 .debug_ranges  0x00000318       0x28 .\CortexM3\ARM_GCC_541\Debug\Adjustable Automated Relocker Code.a(setting8V.o)
 .debug_ranges  0x00000340       0x28 .\CortexM3\ARM_GCC_541\Debug\Adjustable Automated Relocker Code.a(setting22V.o)
 .debug_ranges  0x00000368       0x28 .\CortexM3\ARM_GCC_541\Debug\Adjustable Automated Relocker Code.a(setting28V.o)
 .debug_ranges  0x00000390       0x20 .\CortexM3\ARM_GCC_541\Debug\Adjustable Automated Relocker Code.a(LFOutADC_AMux.o)
 .debug_ranges  0x000003b0       0x60 .\CortexM3\ARM_GCC_541\Debug\Adjustable Automated Relocker Code.a(LFOutADC_Ext_CP_Clk.o)
 .debug_ranges  0x00000410       0x70 .\CortexM3\ARM_GCC_541\Debug\Adjustable Automated Relocker Code.a(LFOutADC_theACLK.o)
 .debug_ranges  0x00000480      0x290 .\CortexM3\ARM_GCC_541\Debug\Adjustable Automated Relocker Code.a(CyLib.o)
 .debug_ranges  0x00000710       0x88 .\CortexM3\ARM_GCC_541\Debug\Adjustable Automated Relocker Code.a(cyPm.o)
 .debug_ranges  0x00000798       0x48 .\CortexM3\ARM_GCC_541\Debug\Adjustable Automated Relocker Code.a(coarseDAC.o)
 .debug_ranges  0x000007e0       0x98 .\CortexM3\ARM_GCC_541\Debug\Adjustable Automated Relocker Code.a(errMonADC.o)
 .debug_ranges  0x00000878       0x10 .\CortexM3\ARM_GCC_541\Debug\Adjustable Automated Relocker Code.a(errMonADC_INT.o)
 .debug_ranges  0x00000888       0x70 .\CortexM3\ARM_GCC_541\Debug\Adjustable Automated Relocker Code.a(errMonADC_theACLK.o)
 .debug_ranges  0x000008f8       0x28 .\CortexM3\ARM_GCC_541\Debug\Adjustable Automated Relocker Code.a(sampleErrorMonitor.o)
 .debug_ranges  0x00000920       0x40 .\CortexM3\ARM_GCC_541\Debug\Adjustable Automated Relocker Code.a(SW_Tx_UART_1.o)
 .debug_ranges  0x00000960       0x28 .\CortexM3\ARM_GCC_541\Debug\Adjustable Automated Relocker Code.a(blockLockPin.o)
 .debug_ranges  0x00000988       0x78 .\CortexM3\ARM_GCC_541\Debug\Adjustable Automated Relocker Code.a(CyFlash.o)
 .debug_ranges  0x00000a00       0x70 .\CortexM3\ARM_GCC_541\Debug\Adjustable Automated Relocker Code.a(CySpc.o)

.comment        0x00000000       0x6e
 .comment       0x00000000       0x6e .\CortexM3\ARM_GCC_541\Debug\main.o
                                 0x6f (size before relaxing)
 .comment       0x0000006e       0x6f .\CortexM3\ARM_GCC_541\Debug\utility.o
 .comment       0x0000006e       0x6f .\CortexM3\ARM_GCC_541\Debug\cyfitter_cfg.o
 .comment       0x0000006e       0x6f .\CortexM3\ARM_GCC_541\Debug\cymetadata.o
 .comment       0x0000006e       0x6f .\CortexM3\ARM_GCC_541\Debug\Cm3Start.o
 .comment       0x0000006e       0x6f .\CortexM3\ARM_GCC_541\Debug\Adjustable Automated Relocker Code.a(LFOutADC.o)
 .comment       0x0000006e       0x6f .\CortexM3\ARM_GCC_541\Debug\Adjustable Automated Relocker Code.a(LFOutADC_INT.o)
 .comment       0x0000006e       0x6f .\CortexM3\ARM_GCC_541\Debug\Adjustable Automated Relocker Code.a(redLight.o)
 .comment       0x0000006e       0x6f .\CortexM3\ARM_GCC_541\Debug\Adjustable Automated Relocker Code.a(fineDAC.o)
 .comment       0x0000006e       0x6f .\CortexM3\ARM_GCC_541\Debug\Adjustable Automated Relocker Code.a(switches.o)