Archive member included to satisfy reference by file (symbol)

.\CortexM3\ARM_GCC_541\Release\Adjustable Automated Relocker Code.a(LFOutADC.o)
                              .\CortexM3\ARM_GCC_541\Release\utility.o (LFOutADC_CountsPerVolt)
.\CortexM3\ARM_GCC_541\Release\Adjustable Automated Relocker Code.a(LFOutADC_INT.o)
                              .\CortexM3\ARM_GCC_541\Release\Adjustable Automated Relocker Code.a(LFOutADC.o) (LFOutADC_ISR1)
.\CortexM3\ARM_GCC_541\Release\Adjustable Automated Relocker Code.a(redLight.o)
                              .\CortexM3\ARM_GCC_541\Release\main.o (redLight_Write)
.\CortexM3\ARM_GCC_541\Release\Adjustable Automated Relocker Code.a(fineDAC.o)
                              .\CortexM3\ARM_GCC_541\Release\main.o (fineDAC_SetValue)
.\CortexM3\ARM_GCC_541\Release\Adjustable Automated Relocker Code.a(switches.o)
                              .\CortexM3\ARM_GCC_541\Release\main.o (switches_Write)
.\CortexM3\ARM_GCC_541\Release\Adjustable Automated Relocker Code.a(calibratePin.o)
                              .\CortexM3\ARM_GCC_541\Release\main.o (calibratePin_Read)
.\CortexM3\ARM_GCC_541\Release\Adjustable Automated Relocker Code.a(orangeLight.o)
                              .\CortexM3\ARM_GCC_541\Release\main.o (orangeLight_Write)
.\CortexM3\ARM_GCC_541\Release\Adjustable Automated Relocker Code.a(yellowLight.o)
                              .\CortexM3\ARM_GCC_541\Release\main.o (yellowLight_Write)
.\CortexM3\ARM_GCC_541\Release\Adjustable Automated Relocker Code.a(greenLight.o)
                              .\CortexM3\ARM_GCC_541\Release\main.o (greenLight_Write)
.\CortexM3\ARM_GCC_541\Release\Adjustable Automated Relocker Code.a(setting8V.o)
                              .\CortexM3\ARM_GCC_541\Release\utility.o (setting8V_Read)
.\CortexM3\ARM_GCC_541\Release\Adjustable Automated Relocker Code.a(setting22V.o)
                              .\CortexM3\ARM_GCC_541\Release\utility.o (setting22V_Read)
.\CortexM3\ARM_GCC_541\Release\Adjustable Automated Relocker Code.a(setting28V.o)
                              .\CortexM3\ARM_GCC_541\Release\utility.o (setting28V_Read)
.\CortexM3\ARM_GCC_541\Release\Adjustable Automated Relocker Code.a(LFOutADC_AMux.o)
                              .\CortexM3\ARM_GCC_541\Release\Adjustable Automated Relocker Code.a(LFOutADC.o) (LFOutADC_AMux_Select)
.\CortexM3\ARM_GCC_541\Release\Adjustable Automated Relocker Code.a(LFOutADC_Ext_CP_Clk.o)
                              .\CortexM3\ARM_GCC_541\Release\Adjustable Automated Relocker Code.a(LFOutADC.o) (LFOutADC_Ext_CP_Clk_SetDividerRegister)
.\CortexM3\ARM_GCC_541\Release\Adjustable Automated Relocker Code.a(LFOutADC_theACLK.o)
                              .\CortexM3\ARM_GCC_541\Release\Adjustable Automated Relocker Code.a(LFOutADC.o) (LFOutADC_theACLK_SetDividerRegister)
.\CortexM3\ARM_GCC_541\Release\Adjustable Automated Relocker Code.a(CyLib.o)
                              .\CortexM3\ARM_GCC_541\Release\Cm3Start.o (CyHalt)
.\CortexM3\ARM_GCC_541\Release\Adjustable Automated Relocker Code.a(cyPm.o)
                              .\CortexM3\ARM_GCC_541\Release\Adjustable Automated Relocker Code.a(CyLib.o) (CyPmReadStatus)
.\CortexM3\ARM_GCC_541\Release\Adjustable Automated Relocker Code.a(coarseDAC.o)
                              .\CortexM3\ARM_GCC_541\Release\main.o (coarseDAC_SetValue)
.\CortexM3\ARM_GCC_541\Release\Adjustable Automated Relocker Code.a(errMonADC.o)
                              .\CortexM3\ARM_GCC_541\Release\utility.o (errMonADC_countsPerVolt)
.\CortexM3\ARM_GCC_541\Release\Adjustable Automated Relocker Code.a(errMonADC_INT.o)
                              .\CortexM3\ARM_GCC_541\Release\Adjustable Automated Relocker Code.a(errMonADC.o) (errMonADC_ISR)
.\CortexM3\ARM_GCC_541\Release\Adjustable Automated Relocker Code.a(errMonADC_theACLK.o)
                              .\CortexM3\ARM_GCC_541\Release\Adjustable Automated Relocker Code.a(errMonADC.o) (errMonADC_theACLK_SetModeRegister)
.\CortexM3\ARM_GCC_541\Release\Adjustable Automated Relocker Code.a(sampleErrorMonitor.o)
                              .\CortexM3\ARM_GCC_541\Release\main.o (sampleErrorMonitor_Read)
.\CortexM3\ARM_GCC_541\Release\Adjustable Automated Relocker Code.a(SW_Tx_UART_1.o)
                              .\CortexM3\ARM_GCC_541\Release\main.o (SW_Tx_UART_1_Start)
.\CortexM3\ARM_GCC_541\Release\Adjustable Automated Relocker Code.a(blockLockPin.o)
                              .\CortexM3\ARM_GCC_541\Release\main.o (blockLockPin_Read)
.\CortexM3\ARM_GCC_541\Release\Adjustable Automated Relocker Code.a(CyBootAsmGnu.o)
                              .\CortexM3\ARM_GCC_541\Release\cyfitter_cfg.o (CyDelayCycles)
.\CortexM3\ARM_GCC_541\Release\Adjustable Automated Relocker Code.a(SW_Tx_UART_1_AsmGnu.o)
                              .\CortexM3\ARM_GCC_541\Release\Adjustable Automated Relocker Code.a(SW_Tx_UART_1.o) (SW_Tx_UART_1_PutChar)
[...]
Memory Configuration

Name             Origin             Length             Attributes
rom              0x00000000         0x00040000         xr
ram              0x1fff8000         0x00010000         xrw
*default*        0x00000000         0xffffffff

Linker script and memory map

LOAD c:/program files (x86)/cypress/psoc creator/4.2/psoc creator/import/gnu/arm/5.4.1/bin/../lib/gcc/arm-none-eabi/5.4.1/armv7-m/crti.o
LOAD c:/program files (x86)/cypress/psoc creator/4.2/psoc creator/import/gnu/arm/5.4.1/bin/../lib/gcc/arm-none-eabi/5.4.1/armv7-m/crtbegin.o
LOAD c:/program files (x86)/cypress/psoc creator/4.2/psoc creator/import/gnu/arm/5.4.1/bin/../lib/gcc/arm-none-eabi/5.4.1/../../../../arm-none-eabi/lib/armv7-m/crt0.o
START GROUP
LOAD .\CortexM3\ARM_GCC_541\Release\main.o
LOAD .\CortexM3\ARM_GCC_541\Release\utility.o
LOAD .\CortexM3\ARM_GCC_541\Release\cyfitter_cfg.o
LOAD .\CortexM3\ARM_GCC_541\Release\cymetadata.o
LOAD .\CortexM3\ARM_GCC_541\Release\Cm3Start.o
LOAD .\CortexM3\ARM_GCC_541\Release\Adjustable Automated Relocker Code.a
LOAD C:\Program Files (x86)\Cypress\PSoC Creator\4.2\PSoC Creator\psoc\content\cycomponentlibrary\CyComponentLibrary.cylib\CortexM3\ARM_GCC_541\Release\CyComponentLibrary.a
END GROUP
START GROUP
LOAD c:/program files (x86)/cypress/psoc creator/4.2/psoc creator/import/gnu/arm/5.4.1/bin/../lib/gcc/arm-none-eabi/5.4.1/armv7-m\libgcc.a
LOAD c:/program files (x86)/cypress/psoc creator/4.2/psoc creator/import/gnu/arm/5.4.1/bin/../lib/gcc/arm-none-eabi/5.4.1/../../../../arm-none-eabi/lib/armv7-m\libg_nano.a
LOAD c:/program files (x86)/cypress/psoc creator/4.2/psoc creator/import/gnu/arm/5.4.1/bin/../lib/gcc/arm-none-eabi/5.4.1/../../../../arm-none-eabi/lib/armv7-m\libc_nano.a
END GROUP
START GROUP
LOAD c:/program files (x86)/cypress/psoc creator/4.2/psoc creator/import/gnu/arm/5.4.1/bin/../lib/gcc/arm-none-eabi/5.4.1/armv7-m\libgcc.a
LOAD c:/program files (x86)/cypress/psoc creator/4.2/psoc creator/import/gnu/arm/5.4.1/bin/../lib/gcc/arm-none-eabi/5.4.1/../../../../arm-none-eabi/lib/armv7-m\libc_nano.a
END GROUP
LOAD c:/program files (x86)/cypress/psoc creator/4.2/psoc creator/import/gnu/arm/5.4.1/bin/../lib/gcc/arm-none-eabi/5.4.1/armv7-m/crtend.o
LOAD c:/program files (x86)/cypress/psoc creator/4.2/psoc creator/import/gnu/arm/5.4.1/bin/../lib/gcc/arm-none-eabi/5.4.1/armv7-m/crtn.o
START GROUP
LOAD c:/program files (x86)/cypress/psoc creator/4.2/psoc creator/import/gnu/arm/5.4.1/bin/../lib/gcc/arm-none-eabi/5.4.1/armv7-m\libgcc.a
LOAD c:/program files (x86)/cypress/psoc creator/4.2/psoc creator/import/gnu/arm/5.4.1/bin/../lib/gcc/arm-none-eabi/5.4.1/../../../../arm-none-eabi/lib/armv7-m\libc.a
LOAD c:/program files (x86)/cypress/psoc creator/4.2/psoc creator/import/gnu/arm/5.4.1/bin/../lib/gcc/arm-none-eabi/5.4.1/../../../../arm-none-eabi/lib/armv7-m\libnosys.a
END GROUP
                0x00000000                CY_APPL_ORIGIN = 0x0
                0x00000100                CY_FLASH_ROW_SIZE = 0x100
                0x00000020                CY_ECC_ROW_SIZE = 0x20
                0x00000000                CY_EE_IN_BTLDR = 0x0
                0x00000000                CY_APPL_LOADABLE = 0x0
                0x00000800                CY_EE_SIZE = 0x800
                0x00000001                CY_APPL_NUM = 0x1
                0x00000001                CY_APPL_MAX = 0x1
                0x00000040                CY_METADATA_SIZE = 0x40
                0x00000000                CY_APPL_LOADABLE = 0x0
                0x00000000                CY_CHECKSUM_EXCLUDE_SIZE = ALIGN (0x0, CY_FLASH_ROW_SIZE)
                [!provide]                PROVIDE (__cy_heap_start, _end)
                0x00000001                PROVIDE (__cy_region_num, ((__cy_regions_end - __cy_regions) / 0x10))
                0x20008000                PROVIDE (__cy_stack, (ORIGIN (ram) + LENGTH (ram)))
                [!provide]                PROVIDE (__cy_heap_end, (__cy_stack - 0x800))

.cybootloader   0x00000000        0x0
 *(.cybootloader)
                0x00000000                appl1_start = CY_APPL_ORIGIN?CY_APPL_ORIGIN:ALIGN (CY_FLASH_ROW_SIZE)
                0x0001ff00                appl2_start = (appl1_start + ALIGN ((((LENGTH (rom) - appl1_start) - (0x2 * CY_FLASH_ROW_SIZE)) / 0x2), CY_FLASH_ROW_SIZE))
                0x00000000                appl_start = (CY_APPL_NUM == 0x1)?appl1_start:appl2_start
                0x00000000                ecc_offset = ((appl_start / CY_FLASH_ROW_SIZE) * CY_ECC_ROW_SIZE)
                0x00000000                ee_offset = (CY_APPL_LOADABLE && ! (CY_EE_IN_BTLDR))?((CY_EE_SIZE / CY_APPL_MAX) * (CY_APPL_NUM - 0x1)):0x0
                0x00000800                ee_size = (CY_APPL_LOADABLE && ! (CY_EE_IN_BTLDR))?(CY_EE_SIZE / CY_APPL_MAX):CY_EE_SIZE
                [!provide]                PROVIDE (CY_ECC_OFFSET, ecc_offset)

.text           0x00000000     0x47c8
 CREATE_OBJECT_SYMBOLS
                0x00000000                PROVIDE (__cy_interrupt_vector, RomVectors)
 *(.romvectors)
 .romvectors    0x00000000       0x10 .\CortexM3\ARM_GCC_541\Release\Cm3Start.o
                0x00000000                RomVectors
                0x00000001                ASSERT ((. != __cy_interrupt_vector), No interrupt vector)
                0x00000001                ASSERT (CY_APPL_ORIGIN?(SIZEOF (.cybootloader) <= CY_APPL_ORIGIN):0x1, Wrong image location)
                0x00000010                PROVIDE (__cy_reset, Reset)
 *(.text.Reset)
 .text.Reset    0x00000010       0x18 .\CortexM3\ARM_GCC_541\Release\Cm3Start.o
                0x00000010                Reset
                0x00000001                ASSERT ((. != __cy_reset), No reset code)
 *(.dma_init)
                0x00000001                ASSERT ((((appl_start + .) <= 0x10000) || 0x1), DMA Init must be within the first 64k of flash)
 *(.text .text.* .gnu.linkonce.t.*)
 .text          0x00000028       0x5c c:/program files (x86)/cypress/psoc creator/4.2/psoc creator/import/gnu/arm/5.4.1/bin/../lib/gcc/arm-none-eabi/5.4.1/armv7-m/crtbegin.o
 *fill*         0x00000084        0x4 
 .text.startup.main
                0x00000088      0x53c .\CortexM3\ARM_GCC_541\Release\main.o
                0x00000088                main
 .text.Serial   0x000005c4        0xe .\CortexM3\ARM_GCC_541\Release\utility.o
                0x000005c4                Serial
 *fill*         0x000005d2        0x2 
 .text.SendDataArray
                0x000005d4       0x38 .\CortexM3\ARM_GCC_541\Release\utility.o
                0x000005d4                SendDataArray
 .text.LFOutADC_VoltsTo_Counts
                0x0000060c       0x34 .\CortexM3\ARM_GCC_541\Release\utility.o
                0x0000060c                LFOutADC_VoltsTo_Counts
 .text.DAC_VoltsTo_Counts
                0x00000640       0x60 .\CortexM3\ARM_GCC_541\Release\utility.o
                0x00000640                DAC_VoltsTo_Counts
 .text.setupFreeSoc
                0x000006a0      0x254 .\CortexM3\ARM_GCC_541\Release\utility.o
                0x000006a0                setupFreeSoc
 .text.LFOutADC_AMux_Set
                0x000008f4       0x1c .\CortexM3\ARM_GCC_541\Release\cyfitter_cfg.o
                0x000008f4                LFOutADC_AMux_Set
 .text.LFOutADC_AMux_Unset
                0x00000910       0x1c .\CortexM3\ARM_GCC_541\Release\cyfitter_cfg.o
                0x00000910                LFOutADC_AMux_Unset
 .text.cyfitter_cfg
                0x0000092c      0x280 .\CortexM3\ARM_GCC_541\Release\cyfitter_cfg.o
                0x0000092c                cyfitter_cfg
 .text.IntDefaultHandler
                0x00000bac       0x10 .\CortexM3\ARM_GCC_541\Release\Cm3Start.o
                0x00000bac                IntDefaultHandler
 .text._sbrk    0x00000bbc       0x30 .\CortexM3\ARM_GCC_541\Release\Cm3Start.o
                0x00000bbc                _sbrk
 .text.Start_c  0x00000bec       0x50 .\CortexM3\ARM_GCC_541\Release\Cm3Start.o
                0x00000bec                Start_c
 .text.startup.initialize_psoc
                0x00000c3c       0x68 .\CortexM3\ARM_GCC_541\Release\Cm3Start.o
                0x00000c3c                initialize_psoc
 .text.LFOutADC_InitConfig.part.0
                0x00000ca4       0xf8 .\CortexM3\ARM_GCC_541\Release\Adjustable Automated Relocker Code.a(LFOutADC.o)
 .text.LFOutADC_Init
                0x00000d9c       0xb0 .\CortexM3\ARM_GCC_541\Release\Adjustable Automated Relocker Code.a(LFOutADC.o)
                0x00000d9c                LFOutADC_Init
 .text.LFOutADC_Enable
                0x00000e4c       0xd0 .\CortexM3\ARM_GCC_541\Release\Adjustable Automated Relocker Code.a(LFOutADC.o)
                0x00000e4c                LFOutADC_Enable
 .text.LFOutADC_Start
                0x00000f1c       0x20 .\CortexM3\ARM_GCC_541\Release\Adjustable Automated Relocker Code.a(LFOutADC.o)
                0x00000f1c                LFOutADC_Start
 .text.LFOutADC_StartConvert
                0x00000f3c       0x10 .\CortexM3\ARM_GCC_541\Release\Adjustable Automated Relocker Code.a(LFOutADC.o)
                0x00000f3c                LFOutADC_StartConvert
 .text.LFOutADC_IsEndConversion
                0x00000f4c       0x28 .\CortexM3\ARM_GCC_541\Release\Adjustable Automated Relocker Code.a(LFOutADC.o)
                0x00000f4c                LFOutADC_IsEndConversion
 .text.LFOutADC_GetResult32
                0x00000f74       0x58 .\CortexM3\ARM_GCC_541\Release\Adjustable Automated Relocker Code.a(LFOutADC.o)
                0x00000f74                LFOutADC_GetResult32
 .text.LFOutADC_SetOffset
                0x00000fcc        0xc .\CortexM3\ARM_GCC_541\Release\Adjustable Automated Relocker Code.a(LFOutADC.o)
                0x00000fcc                LFOutADC_SetOffset
 .text.LFOutADC_SetGain
                0x00000fd8        0xc .\CortexM3\ARM_GCC_541\Release\Adjustable Automated Relocker Code.a(LFOutADC.o)
                0x00000fd8                LFOutADC_SetGain
 .text.LFOutADC_CountsTo_Volts
                0x00000fe4       0x2c .\CortexM3\ARM_GCC_541\Release\Adjustable Automated Relocker Code.a(LFOutADC.o)
                0x00000fe4                LFOutADC_CountsTo_Volts
 .text.LFOutADC_ISR1
                0x00001010        0x2 .\CortexM3\ARM_GCC_541\Release\Adjustable Automated Relocker Code.a(LFOutADC_INT.o)
                0x00001010                LFOutADC_ISR1
 *fill*         0x00001012        0x2 
 .text.redLight_Write
                0x00001014       0x18 .\CortexM3\ARM_GCC_541\Release\Adjustable Automated Relocker Code.a(redLight.o)
                0x00001014                redLight_Write
 .text.fineDAC_Enable
                0x0000102c       0x18 .\CortexM3\ARM_GCC_541\Release\Adjustable Automated Relocker Code.a(fineDAC.o)
                0x0000102c                fineDAC_Enable
 .text.fineDAC_SetSpeed
                0x00001044       0x1c .\CortexM3\ARM_GCC_541\Release\Adjustable Automated Relocker Code.a(fineDAC.o)
                0x00001044                fineDAC_SetSpeed
 .text.fineDAC_SetValue
                0x00001060        0xc .\CortexM3\ARM_GCC_541\Release\Adjustable Automated Relocker Code.a(fineDAC.o)
                0x00001060                fineDAC_SetValue
 .text.fineDAC_DacTrim
                0x0000106c       0x24 .\CortexM3\ARM_GCC_541\Release\Adjustable Automated Relocker Code.a(fineDAC.o)
                0x0000106c                fineDAC_DacTrim
 .text.fineDAC_SetRange
                0x00001090       0x1c .\CortexM3\ARM_GCC_541\Release\Adjustable Automated Relocker Code.a(fineDAC.o)
                0x00001090                fineDAC_SetRange
 .text.fineDAC_Init
                0x000010ac       0x20 .\CortexM3\ARM_GCC_541\Release\Adjustable Automated Relocker Code.a(fineDAC.o)
                0x000010ac                fineDAC_Init
 .text.fineDAC_Start
                0x000010cc       0x24 .\CortexM3\ARM_GCC_541\Release\Adjustable Automated Relocker Code.a(fineDAC.o)
                0x000010cc                fineDAC_Start
 .text.switches_Write
                0x000010f0        0xc .\CortexM3\ARM_GCC_541\Release\Adjustable Automated Relocker Code.a(switches.o)
                0x000010f0                switches_Write
 .text.calibratePin_Read
                0x000010fc       0x10 .\CortexM3\ARM_GCC_541\Release\Adjustable Automated Relocker Code.a(calibratePin.o)
                0x000010fc                calibratePin_Read
 .text.orangeLight_Write
                0x0000110c       0x18 .\CortexM3\ARM_GCC_541\Release\Adjustable Automated Relocker Code.a(orangeLight.o)
                0x0000110c                orangeLight_Write
 .text.yellowLight_Write
                0x00001124       0x18 .\CortexM3\ARM_GCC_541\Release\Adjustable Automated Relocker Code.a(yellowLight.o)
                0x00001124                yellowLight_Write
 .text.greenLight_Write
                0x0000113c       0x18 .\CortexM3\ARM_GCC_541\Release\Adjustable Automated Relocker Code.a(greenLight.o)
                0x0000113c                greenLight_Write
 .text.setting8V_Read
                0x00001154       0x10 .\CortexM3\ARM_GCC_541\Release\Adjustable Automated Relocker Code.a(setting8V.o)
                0x00001154                setting8V_Read
 .text.setting22V_Read
                0x00001164       0x10 .\CortexM3\ARM_GCC_541\Release\Adjustable Automated Relocker Code.a(setting22V.o)
                0x00001164                setting22V_Read
 .text.setting28V_Read
                0x00001174       0x10 .\CortexM3\ARM_GCC_541\Release\Adjustable Automated Relocker Code.a(setting28V.o)
                0x00001174                setting28V_Read
 .text.LFOutADC_AMux_Start
                0x00001184       0x1c .\CortexM3\ARM_GCC_541\Release\Adjustable Automated Relocker Code.a(LFOutADC_AMux.o)
                0x00001184                LFOutADC_AMux_Start
 .text.LFOutADC_AMux_Select
                0x000011a0       0x18 .\CortexM3\ARM_GCC_541\Release\Adjustable Automated Relocker Code.a(LFOutADC_AMux.o)
                0x000011a0                LFOutADC_AMux_Select
 .text.LFOutADC_Ext_CP_Clk_SetDividerRegister
                0x000011b8       0xc8 .\CortexM3\ARM_GCC_541\Release\Adjustable Automated Relocker Code.a(LFOutADC_Ext_CP_Clk.o)
                0x000011b8                LFOutADC_Ext_CP_Clk_SetDividerRegister
 .text.LFOutADC_Ext_CP_Clk_SetModeRegister
                0x00001280       0x14 .\CortexM3\ARM_GCC_541\Release\Adjustable Automated Relocker Code.a(LFOutADC_Ext_CP_Clk.o)
                0x00001280                LFOutADC_Ext_CP_Clk_SetModeRegister
 .text.LFOutADC_theACLK_SetDividerRegister
                0x00001294       0xe0 .\CortexM3\ARM_GCC_541\Release\Adjustable Automated Relocker Code.a(LFOutADC_theACLK.o)
                0x00001294                LFOutADC_theACLK_SetDividerRegister
 .text.LFOutADC_theACLK_SetModeRegister
                0x00001374       0x14 .\CortexM3\ARM_GCC_541\Release\Adjustable Automated Relocker Code.a(LFOutADC_theACLK.o)
                0x00001374                LFOutADC_theACLK_SetModeRegister
 .text.CyDelay  0x00001388       0x2c .\CortexM3\ARM_GCC_541\Release\Adjustable Automated Relocker Code.a(CyLib.o)
                0x00001388                CyDelay
 .text.CyDelayUs
                0x000013b4       0x10 .\CortexM3\ARM_GCC_541\Release\Adjustable Automated Relocker Code.a(CyLib.o)
                0x000013b4                CyDelayUs
 .text.CyIntSetVector
                0x000013c4       0x1c .\CortexM3\ARM_GCC_541\Release\Adjustable Automated Relocker Code.a(CyLib.o)
                0x000013c4                CyIntSetVector
 .text.CyIntSetPriority
                0x000013e0       0x14 .\CortexM3\ARM_GCC_541\Release\Adjustable Automated Relocker Code.a(CyLib.o)
                0x000013e0                CyIntSetPriority
 .text.coarseDAC_Enable
                0x000013f4       0x18 .\CortexM3\ARM_GCC_541\Release\Adjustable Automated Relocker Code.a(coarseDAC.o)
                0x000013f4                coarseDAC_Enable
 .text.coarseDAC_SetSpeed
                0x0000140c       0x1c .\CortexM3\ARM_GCC_541\Release\Adjustable Automated Relocker Code.a(coarseDAC.o)
                0x0000140c                coarseDAC_SetSpeed
 .text.coarseDAC_SetValue
                0x00001428        0xc .\CortexM3\ARM_GCC_541\Release\Adjustable Automated Relocker Code.a(coarseDAC.o)
                0x00001428                coarseDAC_SetValue
 .text.coarseDAC_DacTrim
                0x00001434       0x24 .\CortexM3\ARM_GCC_541\Release\Adjustable Automated Relocker Code.a(coarseDAC.o)
                0x00001434                coarseDAC_DacTrim
 .text.coarseDAC_SetRange
                0x00001458       0x1c .\CortexM3\ARM_GCC_541\Release\Adjustable Automated Relocker Code.a(coarseDAC.o)
                0x00001458                coarseDAC_SetRange
 .text.coarseDAC_Init
                0x00001474       0x20 .\CortexM3\ARM_GCC_541\Release\Adjustable Automated Relocker Code.a(coarseDAC.o)
                0x00001474                coarseDAC_Init
 .text.coarseDAC_Start
                0x00001494       0x24 .\CortexM3\ARM_GCC_541\Release\Adjustable Automated Relocker Code.a(coarseDAC.o)
                0x00001494                coarseDAC_Start
 .text.errMonADC_Enable
                0x000014b8       0x9c .\CortexM3\ARM_GCC_541\Release\Adjustable Automated Relocker Code.a(errMonADC.o)
                0x000014b8                errMonADC_Enable
 .text.errMonADC_SetResolution
                0x00001554       0x60 .\CortexM3\ARM_GCC_541\Release\Adjustable Automated Relocker Code.a(errMonADC.o)
                0x00001554                errMonADC_SetResolution
 .text.errMonADC_Init
                0x000015b4       0x3c .\CortexM3\ARM_GCC_541\Release\Adjustable Automated Relocker Code.a(errMonADC.o)
                0x000015b4                errMonADC_Init
 .text.errMonADC_Start
                0x000015f0       0x1c .\CortexM3\ARM_GCC_541\Release\Adjustable Automated Relocker Code.a(errMonADC.o)
                0x000015f0                errMonADC_Start
 .text.errMonADC_StartConvert
                0x0000160c       0x10 .\CortexM3\ARM_GCC_541\Release\Adjustable Automated Relocker Code.a(errMonADC.o)
                0x0000160c                errMonADC_StartConvert
 .text.errMonADC_IsEndConversion
                0x0000161c       0x28 .\CortexM3\ARM_GCC_541\Release\Adjustable Automated Relocker Code.a(errMonADC.o)
                0x0000161c                errMonADC_IsEndConversion
 .text.errMonADC_GetResult16
                0x00001644       0x18 .\CortexM3\ARM_GCC_541\Release\Adjustable Automated Relocker Code.a(errMonADC.o)
                0x00001644                errMonADC_GetResult16
 .text.errMonADC_SetOffset
                0x0000165c        0xc .\CortexM3\ARM_GCC_541\Release\Adjustable Automated Relocker Code.a(errMonADC.o)
                0x0000165c                errMonADC_SetOffset
 .text.errMonADC_SetGain
                0x00001668       0x10 .\CortexM3\ARM_GCC_541\Release\Adjustable Automated Relocker Code.a(errMonADC.o)
                0x00001668                errMonADC_SetGain
 .text.errMonADC_CountsTo_Volts
                0x00001678       0x4c .\CortexM3\ARM_GCC_541\Release\Adjustable Automated Relocker Code.a(errMonADC.o)
                0x00001678                errMonADC_CountsTo_Volts
 .text.errMonADC_ISR
                0x000016c4        0x2 .\CortexM3\ARM_GCC_541\Release\Adjustable Automated Relocker Code.a(errMonADC_INT.o)
                0x000016c4                errMonADC_ISR
 *fill*         0x000016c6        0x2 
 .text.errMonADC_theACLK_SetModeRegister
                0x000016c8       0x14 .\CortexM3\ARM_GCC_541\Release\Adjustable Automated Relocker Code.a(errMonADC_theACLK.o)
                0x000016c8                errMonADC_theACLK_SetModeRegister
 .text.sampleErrorMonitor_Read
                0x000016dc       0x10 .\CortexM3\ARM_GCC_541\Release\Adjustable Automated Relocker Code.a(sampleErrorMonitor.o)
                0x000016dc                sampleErrorMonitor_Read
 .text.SW_Tx_UART_1_Start
                0x000016ec        0x2 .\CortexM3\ARM_GCC_541\Release\Adjustable Automated Relocker Code.a(SW_Tx_UART_1.o)
                0x000016ec                SW_Tx_UART_1_Start
 .text.SW_Tx_UART_1_PutString
                0x000016ee       0x18 .\CortexM3\ARM_GCC_541\Release\Adjustable Automated Relocker Code.a(SW_Tx_UART_1.o)
                0x000016ee                SW_Tx_UART_1_PutString
 *fill*         0x00001706        0x2 
 .text.SW_Tx_UART_1_PutHexByte
                0x00001708       0x20 .\CortexM3\ARM_GCC_541\Release\Adjustable Automated Relocker Code.a(SW_Tx_UART_1.o)
                0x00001708                SW_Tx_UART_1_PutHexByte
 .text.SW_Tx_UART_1_PutHexInt
                0x00001728       0x14 .\CortexM3\ARM_GCC_541\Release\Adjustable Automated Relocker Code.a(SW_Tx_UART_1.o)
                0x00001728                SW_Tx_UART_1_PutHexInt
 .text.SW_Tx_UART_1_PutCRLF
                0x0000173c       0x12 .\CortexM3\ARM_GCC_541\Release\Adjustable Automated Relocker Code.a(SW_Tx_UART_1.o)
                0x0000173c                SW_Tx_UART_1_PutCRLF
 *fill*         0x0000174e        0x2 
 .text.blockLockPin_Read
                0x00001750       0x10 .\CortexM3\ARM_GCC_541\Release\Adjustable Automated Relocker Code.a(blockLockPin.o)
                0x00001750                blockLockPin_Read
 .text          0x00001760       0x20 .\CortexM3\ARM_GCC_541\Release\Adjustable Automated Relocker Code.a(CyBootAsmGnu.o)
                0x00001760                CyDelayCycles
                0x00001770                CyEnterCriticalSection
                0x00001778                CyExitCriticalSection
 .text          0x00001780       0xac .\CortexM3\ARM_GCC_541\Release\Adjustable Automated Relocker Code.a(SW_Tx_UART_1_AsmGnu.o)
                0x00001780                SW_Tx_UART_1_PutChar
 .text          0x0000182c       0x24 c:/program files (x86)/cypress/psoc creator/4.2/psoc creator/import/gnu/arm/5.4.1/bin/../lib/gcc/arm-none-eabi/5.4.1/armv7-m\libgcc.a(_udivsi3.o)
                0x0000182c                __aeabi_uidiv
                0x0000182c                __udivsi3
                0x00001840                __aeabi_uidivmod
 .text          0x00001850        0x4 c:/program files (x86)/cypress/psoc creator/4.2/psoc creator/import/gnu/arm/5.4.1/bin/../lib/gcc/arm-none-eabi/5.4.1/armv7-m\libgcc.a(_dvmd_tls.o)
                0x00001850                __aeabi_idiv0
                0x00001850                __aeabi_ldiv0
 .text          0x00001854      0x370 c:/program files (x86)/cypress/psoc creator/4.2/psoc creator/import/gnu/arm/5.4.1/bin/../lib/gcc/arm-none-eabi/5.4.1/armv7-m\libgcc.a(_arm_addsubdf3.o)
                0x00001854                __aeabi_drsub
                0x0000185c                __aeabi_dsub
                0x0000185c                __subdf3
                0x00001860                __aeabi_dadd
                0x00001860                __adddf3
                0x00001ad8                __floatunsidf
                0x00001ad8                __aeabi_ui2d
                0x00001af8                __floatsidf
                0x00001af8                __aeabi_i2d
                0x00001b1c                __aeabi_f2d
                0x00001b1c                __extendsfdf2
                0x00001b58                __floatundidf
                0x00001b58                __aeabi_ul2d
                0x00001b68                __floatdidf
                0x00001b68                __aeabi_l2d
 .text          0x00001bc4      0x424 c:/program files (x86)/cypress/psoc creator/4.2/psoc creator/import/gnu/arm/5.4.1/bin/../lib/gcc/arm-none-eabi/5.4.1/armv7-m\libgcc.a(_arm_muldivdf3.o)
                0x00001bc4                __aeabi_dmul
                0x00001bc4                __muldf3
                0x00001e18                __divdf3
                0x00001e18                __aeabi_ddiv
 .text          0x00001fe8      0x110 c:/program files (x86)/cypress/psoc creator/4.2/psoc creator/import/gnu/arm/5.4.1/bin/../lib/gcc/arm-none-eabi/5.4.1/armv7-m\libgcc.a(_arm_cmpdf2.o)
                0x00001fe8                __gtdf2
                0x00001fe8                __gedf2
                0x00001ff0                __ltdf2
                0x00001ff0                __ledf2
                0x00001ff8                __nedf2
                0x00001ff8                __eqdf2
                0x00001ff8                __cmpdf2
                0x00002074                __aeabi_cdrcmple
                0x00002084                __aeabi_cdcmpeq
                0x00002084                __aeabi_cdcmple
                0x00002094                __aeabi_dcmpeq
                0x000020a8                __aeabi_dcmplt
                0x000020bc                __aeabi_dcmple
                0x000020d0                __aeabi_dcmpge
                0x000020e4                __aeabi_dcmpgt
 .text          0x000020f8       0x50 c:/program files (x86)/cypress/psoc creator/4.2/psoc creator/import/gnu/arm/5.4.1/bin/../lib/gcc/arm-none-eabi/5.4.1/armv7-m\libgcc.a(_arm_fixdfsi.o)
                0x000020f8                __aeabi_d2iz
                0x000020f8                __fixdfsi
 .text          0x00002148       0xa0 c:/program files (x86)/cypress/psoc creator/4.2/psoc creator/import/gnu/arm/5.4.1/bin/../lib/gcc/arm-none-eabi/5.4.1/armv7-m\libgcc.a(_arm_truncdfsf2.o)
                0x00002148                __truncdfsf2
                0x00002148                __aeabi_d2f
 .text          0x000021e8      0x21c c:/program files (x86)/cypress/psoc creator/4.2/psoc creator/import/gnu/arm/5.4.1/bin/../lib/gcc/arm-none-eabi/5.4.1/armv7-m\libgcc.a(_arm_addsubsf3.o)
                0x000021e8                __aeabi_frsub
                0x000021f0                __subsf3
                0x000021f0                __aeabi_fsub
                0x000021f4                __aeabi_fadd
                0x000021f4                __addsf3
                0x00002354                __aeabi_ui2f
                0x00002354                __floatunsisf
                0x0000235c                __aeabi_i2f
                0x0000235c                __floatsisf
                0x00002378                __aeabi_ul2f
                0x00002378                __floatundisf
                0x00002388                __aeabi_l2f
                0x00002388                __floatdisf
 .text          0x00002404      0x2a0 c:/program files (x86)/cypress/psoc creator/4.2/psoc creator/import/gnu/arm/5.4.1/bin/../lib/gcc/arm-none-eabi/5.4.1/armv7-m\libgcc.a(_arm_muldivsf3.o)
                0x00002404                __mulsf3
                0x00002404                __aeabi_fmul
                0x0000256c                __aeabi_fdiv
                0x0000256c                __divsf3
 .text          0x000026a4       0x4c c:/program files (x86)/cypress/psoc creator/4.2/psoc creator/import/gnu/arm/5.4.1/bin/../lib/gcc/arm-none-eabi/5.4.1/armv7-m\libgcc.a(_arm_fixsfsi.o)
                0x000026a4                __aeabi_f2iz
                0x000026a4                __fixsfsi
 .text.__errno  0x000026f0        0xc c:/program files (x86)/cypress/psoc creator/4.2/psoc creator/import/gnu/arm/5.4.1/bin/../lib/gcc/arm-none-eabi/5.4.1/../../../../arm-none-eabi/lib/armv7-m\libg_nano.a(lib_a-errno.o)
                0x000026f0                __errno
 .text.__libc_init_array
                0x000026fc       0x4c c:/program files (x86)/cypress/psoc creator/4.2/psoc creator/import/gnu/arm/5.4.1/bin/../lib/gcc/arm-none-eabi/5.4.1/../../../../arm-none-eabi/lib/armv7-m\libg_nano.a(lib_a-init.o)
                0x000026fc                __libc_init_array
 .text.memset   0x00002748       0x10 c:/program files (x86)/cypress/psoc creator/4.2/psoc creator/import/gnu/arm/5.4.1/bin/../lib/gcc/arm-none-eabi/5.4.1/../../../../arm-none-eabi/lib/armv7-m\libg_nano.a(lib_a-memset.o)
                0x00002748                memset
 .text.__cvt    0x00002758       0xc0 c:/program files (x86)/cypress/psoc creator/4.2/psoc creator/import/gnu/arm/5.4.1/bin/../lib/gcc/arm-none-eabi/5.4.1/../../../../arm-none-eabi/lib/armv7-m\libg_nano.a(lib_a-nano-vfprintf_float.o)
                0x00002758                __cvt
 .text.__exponent
                0x00002818       0x62 c:/program files (x86)/cypress/psoc creator/4.2/psoc creator/import/gnu/arm/5.4.1/bin/../lib/gcc/arm-none-eabi/5.4.1/../../../../arm-none-eabi/lib/armv7-m\libg_nano.a(lib_a-nano-vfprintf_float.o)
                0x00002818                __exponent
 *fill*         0x0000287a        0x2 
 .text._printf_float
                0x0000287c      0x488 c:/program files (x86)/cypress/psoc creator/4.2/psoc creator/import/gnu/arm/5.4.1/bin/../lib/gcc/arm-none-eabi/5.4.1/../../../../arm-none-eabi/lib/armv7-m\libg_nano.a(lib_a-nano-vfprintf_float.o)
                0x0000287c                _printf_float
 .text._printf_common
                0x00002d04       0xec c:/program files (x86)/cypress/psoc creator/4.2/psoc creator/import/gnu/arm/5.4.1/bin/../lib/gcc/arm-none-eabi/5.4.1/../../../../arm-none-eabi/lib/armv7-m\libg_nano.a(lib_a-nano-vfprintf_i.o)
                0x00002d04                _printf_common
 .text._printf_i
                0x00002df0      0x24c c:/program files (x86)/cypress/psoc creator/4.2/psoc creator/import/gnu/arm/5.4.1/bin/../lib/gcc/arm-none-eabi/5.4.1/../../../../arm-none-eabi/lib/armv7-m\libg_nano.a(lib_a-nano-vfprintf_i.o)
                0x00002df0                _printf_i
 .text.sprintf  0x0000303c       0x48 c:/program files (x86)/cypress/psoc creator/4.2/psoc creator/import/gnu/arm/5.4.1/bin/../lib/gcc/arm-none-eabi/5.4.1/../../../../arm-none-eabi/lib/armv7-m\libg_nano.a(lib_a-sprintf.o)
                0x0000303c                siprintf
                0x0000303c                sprintf
 .text          0x00003084       0x10 c:/program files (x86)/cypress/psoc creator/4.2/psoc creator/import/gnu/arm/5.4.1/bin/../lib/gcc/arm-none-eabi/5.4.1/../../../../arm-none-eabi/lib/armv7-m\libg_nano.a(lib_a-strlen.o)
                0x00003084                strlen
 .text.quorem   0x00003094      0x116 c:/program files (x86)/cypress/psoc creator/4.2/psoc creator/import/gnu/arm/5.4.1/bin/../lib/gcc/arm-none-eabi/5.4.1/../../../../arm-none-eabi/lib/armv7-m\libg_nano.a(lib_a-dtoa.o)
 *fill*         0x000031aa        0x6 
 .text._dtoa_r  0x000031b0      0xb30 c:/program files (x86)/cypress/psoc creator/4.2/psoc creator/import/gnu/arm/5.4.1/bin/../lib/gcc/arm-none-eabi/5.4.1/../../../../arm-none-eabi/lib/armv7-m\libg_nano.a(lib_a-dtoa.o)
                0x000031b0                _dtoa_r
 .text._localeconv_r
                0x00003ce0        0x8 c:/program files (x86)/cypress/psoc creator/4.2/psoc creator/import/gnu/arm/5.4.1/bin/../lib/gcc/arm-none-eabi/5.4.1/../../../../arm-none-eabi/lib/armv7-m\libg_nano.a(lib_a-locale.o)
                0x00003ce0                _localeconv_r
 .text.malloc   0x00003ce8       0x10 c:/program files (x86)/cypress/psoc creator/4.2/psoc creator/import/gnu/arm/5.4.1/bin/../lib/gcc/arm-none-eabi/5.4.1/../../../../arm-none-eabi/lib/armv7-m\libg_nano.a(lib_a-malloc.o)
                0x00003ce8                malloc
 .text.memchr   0x00003cf8       0x1c c:/program files (x86)/cypress/psoc creator/4.2/psoc creator/import/gnu/arm/5.4.1/bin/../lib/gcc/arm-none-eabi/5.4.1/../../../../arm-none-eabi/lib/armv7-m\libg_nano.a(lib_a-memchr-stub.o)
                0x00003cf8                memchr
 .text.memcpy   0x00003d14       0x16 c:/program files (x86)/cypress/psoc creator/4.2/psoc creator/import/gnu/arm/5.4.1/bin/../lib/gcc/arm-none-eabi/5.4.1/../../../../arm-none-eabi/lib/armv7-m\libg_nano.a(lib_a-memcpy-stub.o)
                0x00003d14                memcpy
 .text._Balloc  0x00003d2a       0x6a c:/program files (x86)/cypress/psoc creator/4.2/psoc creator/import/gnu/arm/5.4.1/bin/../lib/gcc/arm-none-eabi/5.4.1/../../../../arm-none-eabi/lib/armv7-m\libg_nano.a(lib_a-mprec.o)
                0x00003d2a                _Balloc
 .text._Bfree   0x00003d94       0x2e c:/program files (x86)/cypress/psoc creator/4.2/psoc creator/import/gnu/arm/5.4.1/bin/../lib/gcc/arm-none-eabi/5.4.1/../../../../arm-none-eabi/lib/armv7-m\libg_nano.a(lib_a-mprec.o)
                0x00003d94                _Bfree
 .text.__multadd
                0x00003dc2       0x76 c:/program files (x86)/cypress/psoc creator/4.2/psoc creator/import/gnu/arm/5.4.1/bin/../lib/gcc/arm-none-eabi/5.4.1/../../../../arm-none-eabi/lib/armv7-m\libg_nano.a(lib_a-mprec.o)
                0x00003dc2                __multadd
 .text.__hi0bits
                0x00003e38       0x40 c:/program files (x86)/cypress/psoc creator/4.2/psoc creator/import/gnu/arm/5.4.1/bin/../lib/gcc/arm-none-eabi/5.4.1/../../../../arm-none-eabi/lib/armv7-m\libg_nano.a(lib_a-mprec.o)
                0x00003e38                __hi0bits
 .text.__lo0bits
                0x00003e78       0x5a c:/program files (x86)/cypress/psoc creator/4.2/psoc creator/import/gnu/arm/5.4.1/bin/../lib/gcc/arm-none-eabi/5.4.1/../../../../arm-none-eabi/lib/armv7-m\libg_nano.a(lib_a-mprec.o)
                0x00003e78                __lo0bits
 .text.__i2b    0x00003ed2       0x12 c:/program files (x86)/cypress/psoc creator/4.2/psoc creator/import/gnu/arm/5.4.1/bin/../lib/gcc/arm-none-eabi/5.4.1/../../../../arm-none-eabi/lib/armv7-m\libg_nano.a(lib_a-mprec.o)
                0x00003ed2                __i2b
 .text.__multiply
                0x00003ee4      0x120 c:/program files (x86)/cypress/psoc creator/4.2/psoc creator/import/gnu/arm/5.4.1/bin/../lib/gcc/arm-none-eabi/5.4.1/../../../../arm-none-eabi/lib/armv7-m\libg_nano.a(lib_a-mprec.o)
                0x00003ee4                __multiply
 .text.__pow5mult
                0x00004004       0x9c c:/program files (x86)/cypress/psoc creator/4.2/psoc creator/import/gnu/arm/5.4.1/bin/../lib/gcc/arm-none-eabi/5.4.1/../../../../arm-none-eabi/lib/armv7-m\libg_nano.a(lib_a-mprec.o)
                0x00004004                __pow5mult
 .text.__lshift
                0x000040a0       0xa2 c:/program files (x86)/cypress/psoc creator/4.2/psoc creator/import/gnu/arm/5.4.1/bin/../lib/gcc/arm-none-eabi/5.4.1/../../../../arm-none-eabi/lib/armv7-m\libg_nano.a(lib_a-mprec.o)
                0x000040a0                __lshift
 .text.__mcmp   0x00004142       0x38 c:/program files (x86)/cypress/psoc creator/4.2/psoc creator/import/gnu/arm/5.4.1/bin/../lib/gcc/arm-none-eabi/5.4.1/../../../../arm-none-eabi/lib/armv7-m\libg_nano.a(lib_a-mprec.o)
                0x00004142                __mcmp
 .text.__mdiff  0x0000417a       0xbe c:/program files (x86)/cypress/psoc creator/4.2/psoc creator/import/gnu/arm/5.4.1/bin/../lib/gcc/arm-none-eabi/5.4.1/../../../../arm-none-eabi/lib/armv7-m\libg_nano.a(lib_a-mprec.o)
                0x0000417a                __mdiff
 .text.__d2b    0x00004238       0x9c c:/program files (x86)/cypress/psoc creator/4.2/psoc creator/import/gnu/arm/5.4.1/bin/../lib/gcc/arm-none-eabi/5.4.1/../../../../arm-none-eabi/lib/armv7-m\libg_nano.a(lib_a-mprec.o)
                0x00004238                __d2b
 .text._calloc_r
                0x000042d4       0x1c c:/program files (x86)/cypress/psoc creator/4.2/psoc creator/import/gnu/arm/5.4.1/bin/../lib/gcc/arm-none-eabi/5.4.1/../../../../arm-none-eabi/lib/armv7-m\libg_nano.a(lib_a-nano-callocr.o)
                0x000042d4                _calloc_r
 .text._free_r  0x000042f0       0x98 c:/program files (x86)/cypress/psoc creator/4.2/psoc creator/import/gnu/arm/5.4.1/bin/../lib/gcc/arm-none-eabi/5.4.1/../../../../arm-none-eabi/lib/armv7-m\libg_nano.a(lib_a-nano-freer.o)
                0x000042f0                _free_r
 .text._malloc_r
                0x00004388       0xbc c:/program files (x86)/cypress/psoc creator/4.2/psoc creator/import/gnu/arm/5.4.1/bin/../lib/gcc/arm-none-eabi/5.4.1/../../../../arm-none-eabi/lib/armv7-m\libg_nano.a(lib_a-nano-mallocr.o)
                0x00004388                _malloc_r
 .text.__ssputs_r
                0x00004444       0xb2 c:/program files (x86)/cypress/psoc creator/4.2/psoc creator/import/gnu/arm/5.4.1/bin/../lib/gcc/arm-none-eabi/5.4.1/../../../../arm-none-eabi/lib/armv7-m\libg_nano.a(lib_a-nano-svfprintf.o)
                0x00004444                __ssputs_r
 *fill*         0x000044f6        0x2 
 .text._svfprintf_r
                0x000044f8      0x1e8 c:/program files (x86)/cypress/psoc creator/4.2/psoc creator/import/gnu/arm/5.4.1/bin/../lib/gcc/arm-none-eabi/5.4.1/../../../../arm-none-eabi/lib/armv7-m\libg_nano.a(lib_a-nano-svfprintf.o)
                0x000044f8                _svfiprintf_r
                0x000044f8                _svfprintf_r
 .text._sbrk_r  0x000046e0       0x20 c:/program files (x86)/cypress/psoc creator/4.2/psoc creator/import/gnu/arm/5.4.1/bin/../lib/gcc/arm-none-eabi/5.4.1/../../../../arm-none-eabi/lib/armv7-m\libg_nano.a(lib_a-sbrkr.o)
                0x000046e0                _sbrk_r
 .text.memmove  0x00004700       0x36 c:/program files (x86)/cypress/psoc creator/4.2/psoc creator/import/gnu/arm/5.4.1/bin/../lib/gcc/arm-none-eabi/5.4.1/../../../../arm-none-eabi/lib/armv7-m\libg_nano.a(lib_a-memmove.o)
                0x00004700                memmove
 .text.__malloc_lock
                0x00004736        0x2 c:/program files (x86)/cypress/psoc creator/4.2/psoc creator/import/gnu/arm/5.4.1/bin/../lib/gcc/arm-none-eabi/5.4.1/../../../../arm-none-eabi/lib/armv7-m\libg_nano.a(lib_a-mlock.o)
                0x00004736                __malloc_lock
 .text.__malloc_unlock
                0x00004738        0x2 c:/program files (x86)/cypress/psoc creator/4.2/psoc creator/import/gnu/arm/5.4.1/bin/../lib/gcc/arm-none-eabi/5.4.1/../../../../arm-none-eabi/lib/armv7-m\libg_nano.a(lib_a-mlock.o)
                0x00004738                __malloc_unlock
 .text._realloc_r
                0x0000473a       0x4c c:/program files (x86)/cypress/psoc creator/4.2/psoc creator/import/gnu/arm/5.4.1/bin/../lib/gcc/arm-none-eabi/5.4.1/../../../../arm-none-eabi/lib/armv7-m\libg_nano.a(lib_a-nano-reallocr.o)
                0x0000473a                _realloc_r
 .text._malloc_usable_size_r
                0x00004786       0x14 c:/program files (x86)/cypress/psoc creator/4.2/psoc creator/import/gnu/arm/5.4.1/bin/../lib/gcc/arm-none-eabi/5.4.1/../../../../arm-none-eabi/lib/armv7-m\libg_nano.a(lib_a-nano-msizer.o)
                0x00004786                _malloc_usable_size_r
 *fill*         0x0000479a        0x2 
 .text          0x0000479c       0x2c c:/program files (x86)/cypress/psoc creator/4.2/psoc creator/import/gnu/arm/5.4.1/bin/../lib/gcc/arm-none-eabi/5.4.1/armv7-m\libgcc.a(_arm_unorddf2.o)
                0x0000479c                __unorddf2
                0x0000479c                __aeabi_dcmpun
 *(.plt)
 *(.gnu.warning)
 *(.glue_7t)
 .glue_7t       0x000047c8        0x0 linker stubs
 *(.glue_7)
 .glue_7        0x000047c8        0x0 linker stubs
 *(.vfp11_veneer)
 .vfp11_veneer  0x000047c8        0x0 linker stubs
 *(.bootloader)
 *(.ARM.extab* .gnu.linkonce.armextab.*)
 *(.gcc_except_table)

.v4_bx          0x000047c8        0x0
 .v4_bx         0x000047c8        0x0 linker stubs

.iplt           0x000047c8        0x0
 .iplt          0x000047c8        0x0 c:/program files (x86)/cypress/psoc creator/4.2/psoc creator/import/gnu/arm/5.4.1/bin/../lib/gcc/arm-none-eabi/5.4.1/armv7-m/crtbegin.o

.eh_frame_hdr
 *(.eh_frame_hdr)

.eh_frame       0x000047c8        0x4
 *(.eh_frame)
 .eh_frame      0x000047c8        0x0 c:/program files (x86)/cypress/psoc creator/4.2/psoc creator/import/gnu/arm/5.4.1/bin/../lib/gcc/arm-none-eabi/5.4.1/armv7-m/crtbegin.o
 .eh_frame      0x000047c8        0x4 c:/program files (x86)/cypress/psoc creator/4.2/psoc creator/import/gnu/arm/5.4.1/bin/../lib/gcc/arm-none-eabi/5.4.1/armv7-m/crtend.o
                [!provide]                PROVIDE (__exidx_start, .)

.ARM.exidx
 *(.ARM.exidx* .gnu.linkonce.armexidx.*)
                0x000047cc                __exidx_end = .

.rodata         0x000047d0      0x720
 *(.rodata .rodata.* .gnu.linkonce.r.*)
 .rodata.str1.1
                0x000047d0      0x363 .\CortexM3\ARM_GCC_541\Release\main.o
 .rodata.str1.1
                0x00004b33      0x1d1 .\CortexM3\ARM_GCC_541\Release\utility.o
 .rodata        0x00004d04       0x40 .\CortexM3\ARM_GCC_541\Release\cyfitter_cfg.o
                0x00004d04                LFOutADC_AMux__addrTable
                0x00004d0c                LFOutADC_AMux__maskTable
 .rodata        0x00004d44        0xa .\CortexM3\ARM_GCC_541\Release\Adjustable Automated Relocker Code.a(errMonADC.o)
 .rodata        0x00004d4e       0x11 .\CortexM3\ARM_GCC_541\Release\Adjustable Automated Relocker Code.a(SW_Tx_UART_1.o)
 .rodata.str1.1
                0x00004d5f        0x2 c:/program files (x86)/cypress/psoc creator/4.2/psoc creator/import/gnu/arm/5.4.1/bin/../lib/gcc/arm-none-eabi/5.4.1/../../../../arm-none-eabi/lib/armv7-m\libg_nano.a(lib_a-impure.o)
 .rodata.str1.1
                0x00004d61       0x12 c:/program files (x86)/cypress/psoc creator/4.2/psoc creator/import/gnu/arm/5.4.1/bin/../lib/gcc/arm-none-eabi/5.4.1/../../../../arm-none-eabi/lib/armv7-m\libg_nano.a(lib_a-nano-vfprintf_float.o)
 .rodata.str1.1
                0x00004d73       0x22 c:/program files (x86)/cypress/psoc creator/4.2/psoc creator/import/gnu/arm/5.4.1/bin/../lib/gcc/arm-none-eabi/5.4.1/../../../../arm-none-eabi/lib/armv7-m\libg_nano.a(lib_a-nano-vfprintf_i.o)
 .rodata.str1.1
                0x00004d95        0xd c:/program files (x86)/cypress/psoc creator/4.2/psoc creator/import/gnu/arm/5.4.1/bin/../lib/gcc/arm-none-eabi/5.4.1/../../../../arm-none-eabi/lib/armv7-m\libg_nano.a(lib_a-dtoa.o)
                                  0xf (size before relaxing)
 .rodata.str1.1
                0x00004da2        0x6 c:/program files (x86)/cypress/psoc creator/4.2/psoc creator/import/gnu/arm/5.4.1/bin/../lib/gcc/arm-none-eabi/5.4.1/../../../../arm-none-eabi/lib/armv7-m\libg_nano.a(lib_a-locale.o)
                                  0xb (size before relaxing)
 .rodata.__mprec_tens
                0x00004da8       0xc8 c:/program files (x86)/cypress/psoc creator/4.2/psoc creator/import/gnu/arm/5.4.1/bin/../lib/gcc/arm-none-eabi/5.4.1/../../../../arm-none-eabi/lib/armv7-m\libg_nano.a(lib_a-mprec.o)
                0x00004da8                __mprec_tens
 .rodata.p05.5408
                0x00004e70        0xc c:/program files (x86)/cypress/psoc creator/4.2/psoc creator/import/gnu/arm/5.4.1/bin/../lib/gcc/arm-none-eabi/5.4.1/../../../../arm-none-eabi/lib/armv7-m\libg_nano.a(lib_a-mprec.o)
 *fill*         0x00004e7c        0x4 
 .rodata.__mprec_bigtens
                0x00004e80       0x28 c:/program files (x86)/cypress/psoc creator/4.2/psoc creator/import/gnu/arm/5.4.1/bin/../lib/gcc/arm-none-eabi/5.4.1/../../../../arm-none-eabi/lib/armv7-m\libg_nano.a(lib_a-mprec.o)
                0x00004e80                __mprec_bigtens
 .rodata.str1.1
                0x00004ea8       0x11 c:/program files (x86)/cypress/psoc creator/4.2/psoc creator/import/gnu/arm/5.4.1/bin/../lib/gcc/arm-none-eabi/5.4.1/../../../../arm-none-eabi/lib/armv7-m\libg_nano.a(lib_a-nano-svfprintf.o)
                0x00004ebc                . = ALIGN (0x4)
 *fill*         0x00004eb9        0x3 
 *(.init)
 .init          0x00004ebc        0x4 c:/program files (x86)/cypress/psoc creator/4.2/psoc creator/import/gnu/arm/5.4.1/bin/../lib/gcc/arm-none-eabi/5.4.1/armv7-m/crti.o
                0x00004ebc                _init
 .init          0x00004ec0        0x8 c:/program files (x86)/cypress/psoc creator/4.2/psoc creator/import/gnu/arm/5.4.1/bin/../lib/gcc/arm-none-eabi/5.4.1/armv7-m/crtn.o
                0x00004ec8                . = ALIGN (0x4)
                0x00004ec8                __preinit_array_start = .
 *(.preinit_array)
                0x00004ec8                __preinit_array_end = .
                0x00004ec8                . = ALIGN (0x4)
                0x00004ec8                __init_array_start = .
 *(SORT(.init_array.*))
 *(.init_array)
 .init_array    0x00004ec8        0x4 c:/program files (x86)/cypress/psoc creator/4.2/psoc creator/import/gnu/arm/5.4.1/bin/../lib/gcc/arm-none-eabi/5.4.1/armv7-m/crtbegin.o
 .init_array    0x00004ecc        0x4 .\CortexM3\ARM_GCC_541\Release\Cm3Start.o
                0x00004ed0                __init_array_end = .
                0x00004ed0                . = ALIGN (0x4)
 *(.fini)
 .fini          0x00004ed0        0x4 c:/program files (x86)/cypress/psoc creator/4.2/psoc creator/import/gnu/arm/5.4.1/bin/../lib/gcc/arm-none-eabi/5.4.1/armv7-m/crti.o
                0x00004ed0                _fini
 .fini          0x00004ed4        0x8 c:/program files (x86)/cypress/psoc creator/4.2/psoc creator/import/gnu/arm/5.4.1/bin/../lib/gcc/arm-none-eabi/5.4.1/armv7-m/crtn.o
                0x00004edc                . = ALIGN (0x4)
                0x00004edc                __fini_array_start = .
 *(.fini_array)
 .fini_array    0x00004edc        0x4 c:/program files (x86)/cypress/psoc creator/4.2/psoc creator/import/gnu/arm/5.4.1/bin/../lib/gcc/arm-none-eabi/5.4.1/armv7-m/crtbegin.o
 *(SORT(.fini_array.*))
                0x00004ee0                __fini_array_end = .
                0x00004ee0                . = ALIGN (0x4)
 *crtbegin.o(.ctors)
 *(EXCLUDE_FILE(*crtend.o) .ctors)
 *(SORT(.ctors.*))
 *crtend.o(.ctors)
                0x00004ee0                . = ALIGN (0x4)
 *crtbegin.o(.dtors)
 *(EXCLUDE_FILE(*crtend.o) .dtors)
 *(SORT(.dtors.*))
 *crtend.o(.dtors)
                0x00004ee0                . = ALIGN (0x4)
                0x00004ee0                __cy_regions = .
                0x00004ee0        0x4 LONG 0x4ef0 __cy_region_init_ram
                0x00004ee4        0x4 LONG 0x1fff80c8 __cy_region_start_data
                0x00004ee8        0x4 LONG 0xc8 __cy_region_init_size_ram
                0x00004eec        0x4 LONG 0x50 __cy_region_zero_size_ram
                0x00004ef0                __cy_regions_end = .
                0x00004ef0                . = ALIGN (0x8)
                0x00004ef0                _etext = .

.cy_checksum_exclude
                0x00004ef0        0x0
 *(.cy_checksum_exclude)

.ramvectors     0x1fff8000       0xc0
                0x1fff8000                __cy_region_start_ram = .
 *(.ramvectors)
 .ramvectors    0x1fff8000       0xc0 .\CortexM3\ARM_GCC_541\Release\Cm3Start.o
                0x1fff8000                CyRamVectors

.noinit         0x1fff80c0        0x1
 *(.noinit)
 .noinit        0x1fff80c0        0x1 .\CortexM3\ARM_GCC_541\Release\Adjustable Automated Relocker Code.a(CyLib.o)
                0x1fff80c0                CyResetStatus

.data           0x1fff80c8       0xc8 load address 0x00004ef0
                0x1fff80c8                __cy_region_start_data = .
 *(.jcr)
 .jcr           0x1fff80c8        0x0 c:/program files (x86)/cypress/psoc creator/4.2/psoc creator/import/gnu/arm/5.4.1/bin/../lib/gcc/arm-none-eabi/5.4.1/armv7-m/crtbegin.o
 .jcr           0x1fff80c8        0x4 c:/program files (x86)/cypress/psoc creator/4.2/psoc creator/import/gnu/arm/5.4.1/bin/../lib/gcc/arm-none-eabi/5.4.1/armv7-m/crtend.o
 *(.got.plt)
 *(.got)
 *(.shdata)
 *(.data .data.* .gnu.linkonce.d.*)
 .data          0x1fff80cc        0x4 .\CortexM3\ARM_GCC_541\Release\Cm3Start.o
 .data          0x1fff80d0        0x1 .\CortexM3\ARM_GCC_541\Release\Adjustable Automated Relocker Code.a(LFOutADC.o)
                0x1fff80d0                LFOutADC_Config
 .data          0x1fff80d1        0x1 .\CortexM3\ARM_GCC_541\Release\Adjustable Automated Relocker Code.a(LFOutADC_AMux.o)
 *fill*         0x1fff80d2        0x2 
 .data          0x1fff80d4       0x10 .\CortexM3\ARM_GCC_541\Release\Adjustable Automated Relocker Code.a(CyLib.o)
                0x1fff80d4                cydelay_32k_ms
                0x1fff80d8                cydelay_freq_khz
                0x1fff80dc                cydelay_freq_mhz
                0x1fff80e0                cydelay_freq_hz
 .data          0x1fff80e4        0xc .\CortexM3\ARM_GCC_541\Release\Adjustable Automated Relocker Code.a(SW_Tx_UART_1.o)
                0x1fff80e4                SW_Tx_UART_1_pinDrAdress
                0x1fff80e8                SW_Tx_UART_1_pinPortNumber
                0x1fff80ec                SW_Tx_UART_1_pinNumber
 .data.impure_data
                0x1fff80f0       0x60 c:/program files (x86)/cypress/psoc creator/4.2/psoc creator/import/gnu/arm/5.4.1/bin/../lib/gcc/arm-none-eabi/5.4.1/../../../../arm-none-eabi/lib/armv7-m\libg_nano.a(lib_a-impure.o)
 .data._impure_ptr
                0x1fff8150        0x4 c:/program files (x86)/cypress/psoc creator/4.2/psoc creator/import/gnu/arm/5.4.1/bin/../lib/gcc/arm-none-eabi/5.4.1/../../../../arm-none-eabi/lib/armv7-m\libg_nano.a(lib_a-impure.o)
                0x1fff8150                _impure_ptr
 .data.lconv    0x1fff8154       0x38 c:/program files (x86)/cypress/psoc creator/4.2/psoc creator/import/gnu/arm/5.4.1/bin/../lib/gcc/arm-none-eabi/5.4.1/../../../../arm-none-eabi/lib/armv7-m\libg_nano.a(lib_a-locale.o)
                0x1fff8190                . = ALIGN (0x8)
 *fill*         0x1fff818c        0x4 
 *(.ram)
                0x1fff8190                _edata = .

.igot.plt       0x1fff8190        0x0 load address 0x00004fb8
 .igot.plt      0x1fff8190        0x0 c:/program files (x86)/cypress/psoc creator/4.2/psoc creator/import/gnu/arm/5.4.1/bin/../lib/gcc/arm-none-eabi/5.4.1/armv7-m/crtbegin.o

.bss            0x1fff8190       0x50 load address 0x00004fb8
                0x1fff8190                PROVIDE (__bss_start__, .)
 *(.shbss)
 *(.bss .bss.* .gnu.linkonce.b.*)
 .bss           0x1fff8190       0x1c c:/program files (x86)/cypress/psoc creator/4.2/psoc creator/import/gnu/arm/5.4.1/bin/../lib/gcc/arm-none-eabi/5.4.1/armv7-m/crtbegin.o
 .bss           0x1fff81ac       0x10 .\CortexM3\ARM_GCC_541\Release\Adjustable Automated Relocker Code.a(LFOutADC.o)
                0x1fff81ac                LFOutADC_convDone
                0x1fff81b2                LFOutADC_stopConversion
                0x1fff81b3                LFOutADC_initVar
                0x1fff81b4                LFOutADC_started
                0x1fff81b8                LFOutADC_Offset
 .bss           0x1fff81bc        0x1 .\CortexM3\ARM_GCC_541\Release\Adjustable Automated Relocker Code.a(fineDAC.o)
                0x1fff81bc                fineDAC_initVar
 .bss           0x1fff81bd        0x1 .\CortexM3\ARM_GCC_541\Release\Adjustable Automated Relocker Code.a(coarseDAC.o)
                0x1fff81bd                coarseDAC_initVar
 .bss           0x1fff81be        0x1 .\CortexM3\ARM_GCC_541\Release\Adjustable Automated Relocker Code.a(errMonADC.o)
                0x1fff81be                errMonADC_initVar
 *fill*         0x1fff81bf        0x1 
 .bss.__malloc_sbrk_start
                0x1fff81c0        0x4 c:/program files (x86)/cypress/psoc creator/4.2/psoc creator/import/gnu/arm/5.4.1/bin/../lib/gcc/arm-none-eabi/5.4.1/../../../../arm-none-eabi/lib/armv7-m\libg_nano.a(lib_a-nano-mallocr.o)
                0x1fff81c0                __malloc_sbrk_start
 .bss.__malloc_free_list
                0x1fff81c4        0x4 c:/program files (x86)/cypress/psoc creator/4.2/psoc creator/import/gnu/arm/5.4.1/bin/../lib/gcc/arm-none-eabi/5.4.1/../../../../arm-none-eabi/lib/armv7-m\libg_nano.a(lib_a-nano-mallocr.o)
                0x1fff81c4                __malloc_free_list
 *(COMMON)
 COMMON         0x1fff81c8        0x4 .\CortexM3\ARM_GCC_541\Release\Adjustable Automated Relocker Code.a(LFOutADC.o)
                0x1fff81c8                LFOutADC_CountsPerVolt
 COMMON         0x1fff81cc        0xc .\CortexM3\ARM_GCC_541\Release\Adjustable Automated Relocker Code.a(errMonADC.o)
                0x1fff81cc                errMonADC_shift
                0x1fff81d0                errMonADC_countsPer10Volt
                0x1fff81d4                errMonADC_offset
                0x1fff81d6                errMonADC_countsPerVolt
 COMMON         0x1fff81d8        0x4 c:/program files (x86)/cypress/psoc creator/4.2/psoc creator/import/gnu/arm/5.4.1/bin/../lib/gcc/arm-none-eabi/5.4.1/../../../../arm-none-eabi/lib/armv7-m\libg_nano.a(lib_a-reent.o)
                0x1fff81d8                errno
                0x1fff81e0                . = ALIGN (0x8)
 *fill*         0x1fff81dc        0x4 
 *(.ram.b)
                0x1fff81e0                _end = .
                0x1fff81e0                __end = .
                0x1fff81e0                PROVIDE (end, .)
                0x1fff81e0                PROVIDE (__bss_end__, .)
                0x00004ef0                __cy_region_init_ram = LOADADDR (.data)
                0x000000c8                __cy_region_init_size_ram = (_edata - ADDR (.data))
                0x00000050                __cy_region_zero_size_ram = (_end - _edata)

.heap           0x1fff81e0      0x200 load address 0x00004fb8
                0x1fff81e0                . = _end
                0x1fff83e0                . = (. + 0x200)
 *fill*         0x1fff81e0      0x200 
                0x1fff83e0                __cy_heap_limit = .

.stack          0x20007800      0x800
                0x20007800                __cy_stack_limit = .
                0x20008000                . = (. + 0x800)
 *fill*         0x20007800      0x800 
                0x00000001                ASSERT ((__cy_stack_limit >= __cy_heap_limit), region RAM overflowed with stack)
                0x00000000                cy_checksum_exclude_size = (CY_APPL_LOADABLE == 0x1)?SIZEOF (.cy_checksum_exclude):0x0
                0x00000001                ASSERT ((cy_checksum_exclude_size <= CY_CHECKSUM_EXCLUDE_SIZE), CY_BOOT: Section .cy_checksum_exclude size exceedes specified limit.)

.cyloadermeta
 *(.cyloadermeta)

.cyloadablemeta
 *(.cyloadablemeta)

.cyconfigecc    0x80000000       0xe4
 *(.cyconfigecc)
 .cyconfigecc   0x80000000       0xe4 .\CortexM3\ARM_GCC_541\Release\cymetadata.o
                0x80000000                cy_meta_configecc

.cycustnvl      0x90000000        0x4
 *(.cycustnvl)
 .cycustnvl     0x90000000        0x4 .\CortexM3\ARM_GCC_541\Release\cymetadata.o
                0x90000000                cy_meta_custnvl

.cywolatch      0x90100000        0x4
 *(.cywolatch)
 .cywolatch     0x90100000        0x4 .\CortexM3\ARM_GCC_541\Release\cymetadata.o
                0x90100000                cy_meta_wonvl

.cyeeprom       0x90200000        0x0
 *(.cyeeprom)
                0x00000001                ASSERT ((. <= ((0x90200000 + ee_offset) + ee_size)), .cyeeprom data will not fit in EEPROM)

.cyflashprotect
                0x90400000      0x100
 *(.cyflashprotect)
 .cyflashprotect
                0x90400000      0x100 .\CortexM3\ARM_GCC_541\Release\cymetadata.o
                0x90400000                cy_meta_flashprotect

.cymeta         0x90500000        0xc
 *(.cymeta)
 .cymeta        0x90500000        0xc .\CortexM3\ARM_GCC_541\Release\cymetadata.o
                0x90500000                cy_metadata

.rel.dyn        0x00004fb8        0x0 load address 0x9050000c
 .rel.iplt      0x00004fb8        0x0 c:/program files (x86)/cypress/psoc creator/4.2/psoc creator/import/gnu/arm/5.4.1/bin/../lib/gcc/arm-none-eabi/5.4.1/armv7-m/crtbegin.o

.stab
 *(.stab)

.stabstr
 *(.stabstr)

.debug
 *(.debug)

.line
 *(.line)

.debug_srcinfo
 *(.debug_srcinfo)

.debug_sfnames
 *(.debug_sfnames)

.debug_aranges  0x00000000      0xbf8
 *(.debug_aranges)
 .debug_aranges
                0x00000000       0x20 .\CortexM3\ARM_GCC_541\Release\main.o
 .debug_aranges
                0x00000020       0x48 .\CortexM3\ARM_GCC_541\Release\utility.o
 .debug_aranges
                0x00000068       0x38 .\CortexM3\ARM_GCC_541\Release\cyfitter_cfg.o
 .debug_aranges
                0x000000a0       0x18 .\CortexM3\ARM_GCC_541\Release\cymetadata.o
 .debug_aranges
                0x000000b8       0x48 .\CortexM3\ARM_GCC_541\Release\Cm3Start.o
 .debug_aranges
                0x00000100       0xd8 .\CortexM3\ARM_GCC_541\Release\Adjustable Automated Relocker Code.a(LFOutADC.o)
 .debug_aranges
                0x000001d8       0x20 .\CortexM3\ARM_GCC_541\Release\Adjustable Automated Relocker Code.a(LFOutADC_INT.o)
 .debug_aranges
                0x000001f8       0x38 .\CortexM3\ARM_GCC_541\Release\Adjustable Automated Relocker Code.a(redLight.o)
 .debug_aranges
                0x00000230       0x58 .\CortexM3\ARM_GCC_541\Release\Adjustable Automated Relocker Code.a(fineDAC.o)
 .debug_aranges
                0x00000288       0x28 .\CortexM3\ARM_GCC_541\Release\Adjustable Automated Relocker Code.a(switches.o)
 .debug_aranges
                0x000002b0       0x38 .\CortexM3\ARM_GCC_541\Release\Adjustable Automated Relocker Code.a(calibratePin.o)
 .debug_aranges
                0x000002e8       0x38 .\CortexM3\ARM_GCC_541\Release\Adjustable Automated Relocker Code.a(orangeLight.o)
 .debug_aranges
                0x00000320       0x38 .\CortexM3\ARM_GCC_541\Release\Adjustable Automated Relocker Code.a(yellowLight.o)
 .debug_aranges
                0x00000358       0x38 .\CortexM3\ARM_GCC_541\Release\Adjustable Automated Relocker Code.a(greenLight.o)
 .debug_aranges
                0x00000390       0x38 .\CortexM3\ARM_GCC_541\Release\Adjustable Automated Relocker Code.a(setting8V.o)
 .debug_aranges
                0x000003c8       0x38 .\CortexM3\ARM_GCC_541\Release\Adjustable Automated Relocker Code.a(setting22V.o)
 .debug_aranges
                0x00000400       0x38 .\CortexM3\ARM_GCC_541\Release\Adjustable Automated Relocker Code.a(setting28V.o)
 .debug_aranges
                0x00000438       0x30 .\CortexM3\ARM_GCC_541\Release\Adjustable Automated Relocker Code.a(LFOutADC_AMux.o)
 .debug_aranges
                0x00000468       0x70 .\CortexM3\ARM_GCC_541\Release\Adjustable Automated Relocker Code.a(LFOutADC_Ext_CP_Clk.o)
 .debug_aranges
                0x000004d8       0x80 .\CortexM3\ARM_GCC_541\Release\Adjustable Automated Relocker Code.a(LFOutADC_theACLK.o)
 .debug_aranges
                0x00000558      0x298 .\CortexM3\ARM_GCC_541\Release\Adjustable Automated Relocker Code.a(CyLib.o)
 .debug_aranges
                0x000007f0       0x78 .\CortexM3\ARM_GCC_541\Release\Adjustable Automated Relocker Code.a(cyPm.o)
 .debug_aranges
                0x00000868       0x58 .\CortexM3\ARM_GCC_541\Release\Adjustable Automated Relocker Code.a(coarseDAC.o)
 .debug_aranges
                0x000008c0       0xa0 .\CortexM3\ARM_GCC_541\Release\Adjustable Automated Relocker Code.a(errMonADC.o)
 .debug_aranges
                0x00000960       0x20 .\CortexM3\ARM_GCC_541\Release\Adjustable Automated Relocker Code.a(errMonADC_INT.o)
 .debug_aranges
                0x00000980       0x80 .\CortexM3\ARM_GCC_541\Release\Adjustable Automated Relocker Code.a(errMonADC_theACLK.o)
 .debug_aranges
                0x00000a00       0x38 .\CortexM3\ARM_GCC_541\Release\Adjustable Automated Relocker Code.a(sampleErrorMonitor.o)
 .debug_aranges
                0x00000a38       0x48 .\CortexM3\ARM_GCC_541\Release\Adjustable Automated Relocker Code.a(SW_Tx_UART_1.o)
 .debug_aranges
                0x00000a80       0x38 .\CortexM3\ARM_GCC_541\Release\Adjustable Automated Relocker Code.a(blockLockPin.o)
 .debug_aranges
                0x00000ab8       0x20 .\CortexM3\ARM_GCC_541\Release\Adjustable Automated Relocker Code.a(CyBootAsmGnu.o)
 .debug_aranges
                0x00000ad8       0x20 .\CortexM3\ARM_GCC_541\Release\Adjustable Automated Relocker Code.a(SW_Tx_UART_1_AsmGnu.o)
 .debug_aranges
                0x00000af8       0x80 .\CortexM3\ARM_GCC_541\Release\Adjustable Automated Relocker Code.a(CyFlash.o)
 .debug_aranges
                0x00000b78       0x80 .\CortexM3\ARM_GCC_541\Release\Adjustable Automated Relocker Code.a(CySpc.o)

.debug_pubnames
 *(.debug_pubnames)

.debug_info     0x00000000     0x79f1
 *(.debug_info .gnu.linkonce.wi.*)
 .debug_info    0x00000000      0xe26 .\CortexM3\ARM_GCC_541\Release\main.o
 .debug_info    0x00000e26      0x894 .\CortexM3\ARM_GCC_541\Release\utility.o
 .debug_info    0x000016ba      0x623 .\CortexM3\ARM_GCC_541\Release\cyfitter_cfg.o
 .debug_info    0x00001cdd      0x134 .\CortexM3\ARM_GCC_541\Release\cymetadata.o
 .debug_info    0x00001e11      0x3b7 .\CortexM3\ARM_GCC_541\Release\Cm3Start.o
 .debug_info    0x000021c8      0xa56 .\CortexM3\ARM_GCC_541\Release\Adjustable Automated Relocker Code.a(LFOutADC.o)
 .debug_info    0x00002c1e       0xa6 .\CortexM3\ARM_GCC_541\Release\Adjustable Automated Relocker Code.a(LFOutADC_INT.o)
 .debug_info    0x00002cc4      0x121 .\CortexM3\ARM_GCC_541\Release\Adjustable Automated Relocker Code.a(redLight.o)
 .debug_info    0x00002de5      0x1fb .\CortexM3\ARM_GCC_541\Release\Adjustable Automated Relocker Code.a(fineDAC.o)
 .debug_info    0x00002fe0       0xd6 .\CortexM3\ARM_GCC_541\Release\Adjustable Automated Relocker Code.a(switches.o)
 .debug_info    0x000030b6      0x121 .\CortexM3\ARM_GCC_541\Release\Adjustable Automated Relocker Code.a(calibratePin.o)
 .debug_info    0x000031d7      0x121 .\CortexM3\ARM_GCC_541\Release\Adjustable Automated Relocker Code.a(orangeLight.o)
 .debug_info    0x000032f8      0x121 .\CortexM3\ARM_GCC_541\Release\Adjustable Automated Relocker Code.a(yellowLight.o)
 .debug_info    0x00003419      0x121 .\CortexM3\ARM_GCC_541\Release\Adjustable Automated Relocker Code.a(greenLight.o)
 .debug_info    0x0000353a      0x121 .\CortexM3\ARM_GCC_541\Release\Adjustable Automated Relocker Code.a(setting8V.o)
 .debug_info    0x0000365b      0x121 .\CortexM3\ARM_GCC_541\Release\Adjustable Automated Relocker Code.a(setting22V.o)
 .debug_info    0x0000377c      0x121 .\CortexM3\ARM_GCC_541\Release\Adjustable Automated Relocker Code.a(setting28V.o)
 .debug_info    0x0000389d      0x177 .\CortexM3\ARM_GCC_541\Release\Adjustable Automated Relocker Code.a(LFOutADC_AMux.o)
 .debug_info    0x00003a14      0x29d .\CortexM3\ARM_GCC_541\Release\Adjustable Automated Relocker Code.a(LFOutADC_Ext_CP_Clk.o)
 .debug_info    0x00003cb1      0x2da .\CortexM3\ARM_GCC_541\Release\Adjustable Automated Relocker Code.a(LFOutADC_theACLK.o)
 .debug_info    0x00003f8b     0x1343 .\CortexM3\ARM_GCC_541\Release\Adjustable Automated Relocker Code.a(CyLib.o)
 .debug_info    0x000052ce      0x97e .\CortexM3\ARM_GCC_541\Release\Adjustable Automated Relocker Code.a(cyPm.o)
 .debug_info    0x00005c4c      0x1f5 .\CortexM3\ARM_GCC_541\Release\Adjustable Automated Relocker Code.a(coarseDAC.o)
 .debug_info    0x00005e41      0x597 .\CortexM3\ARM_GCC_541\Release\Adjustable Automated Relocker Code.a(errMonADC.o)
 .debug_info    0x000063d8       0x92 .\CortexM3\ARM_GCC_541\Release\Adjustable Automated Relocker Code.a(errMonADC_INT.o)
 .debug_info    0x0000646a      0x2da .\CortexM3\ARM_GCC_541\Release\Adjustable Automated Relocker Code.a(errMonADC_theACLK.o)
 .debug_info    0x00006744      0x121 .\CortexM3\ARM_GCC_541\Release\Adjustable Automated Relocker Code.a(sampleErrorMonitor.o)
 .debug_info    0x00006865      0x294 .\CortexM3\ARM_GCC_541\Release\Adjustable Automated Relocker Code.a(SW_Tx_UART_1.o)
 .debug_info    0x00006af9      0x121 .\CortexM3\ARM_GCC_541\Release\Adjustable Automated Relocker Code.a(blockLockPin.o)
 .debug_info    0x00006c1a       0xe0 .\CortexM3\ARM_GCC_541\Release\Adjustable Automated Relocker Code.a(CyBootAsmGnu.o)
 .debug_info    0x00006cfa       0xe7 .\CortexM3\ARM_GCC_541\Release\Adjustable Automated Relocker Code.a(SW_Tx_UART_1_AsmGnu.o)
 .debug_info    0x00006de1      0x6c0 .\CortexM3\ARM_GCC_541\Release\Adjustable Automated Relocker Code.a(CyFlash.o)
 .debug_info    0x000074a1      0x550 .\CortexM3\ARM_GCC_541\Release\Adjustable Automated Relocker Code.a(CySpc.o)

.debug_abbrev   0x00000000     0x2413
 *(.debug_abbrev)
 .debug_abbrev  0x00000000      0x12a .\CortexM3\ARM_GCC_541\Release\main.o
 .debug_abbrev  0x0000012a      0x199 .\CortexM3\ARM_GCC_541\Release\utility.o
 .debug_abbrev  0x000002c3      0x24c .\CortexM3\ARM_GCC_541\Release\cyfitter_cfg.o
 .debug_abbrev  0x0000050f       0x5d .\CortexM3\ARM_GCC_541\Release\cymetadata.o
 .debug_abbrev  0x0000056c      0x1f4 .\CortexM3\ARM_GCC_541\Release\Cm3Start.o
 .debug_abbrev  0x00000760      0x28f .\CortexM3\ARM_GCC_541\Release\Adjustable Automated Relocker Code.a(LFOutADC.o)
 .debug_abbrev  0x000009ef       0x4b .\CortexM3\ARM_GCC_541\Release\Adjustable Automated Relocker Code.a(LFOutADC_INT.o)
 .debug_abbrev  0x00000a3a       0x90 .\CortexM3\ARM_GCC_541\Release\Adjustable Automated Relocker Code.a(redLight.o)
 .debug_abbrev  0x00000aca      0x14e .\CortexM3\ARM_GCC_541\Release\Adjustable Automated Relocker Code.a(fineDAC.o)
 .debug_abbrev  0x00000c18       0x81 .\CortexM3\ARM_GCC_541\Release\Adjustable Automated Relocker Code.a(switches.o)
 .debug_abbrev  0x00000c99       0x90 .\CortexM3\ARM_GCC_541\Release\Adjustable Automated Relocker Code.a(calibratePin.o)
 .debug_abbrev  0x00000d29       0x90 .\CortexM3\ARM_GCC_541\Release\Adjustable Automated Relocker Code.a(orangeLight.o)
 .debug_abbrev  0x00000db9       0x90 .\CortexM3\ARM_GCC_541\Release\Adjustable Automated Relocker Code.a(yellowLight.o)
 .debug_abbrev  0x00000e49       0x90 .\CortexM3\ARM_GCC_541\Release\Adjustable Automated Relocker Code.a(greenLight.o)
 .debug_abbrev  0x00000ed9       0x90 .\CortexM3\ARM_GCC_541\Release\Adjustable Automated Relocker Code.a(setting8V.o)
 .debug_abbrev  0x00000f69       0x90 .\CortexM3\ARM_GCC_541\Release\Adjustable Automated Relocker Code.a(setting22V.o)
 .debug_abbrev  0x00000ff9       0x90 .\CortexM3\ARM_GCC_541\Release\Adjustable Automated Relocker Code.a(setting28V.o)
 .debug_abbrev  0x00001089       0xbe .\CortexM3\ARM_GCC_541\Release\Adjustable Automated Relocker Code.a(LFOutADC_AMux.o)
 .debug_abbrev  0x00001147      0x144 .\CortexM3\ARM_GCC_541\Release\Adjustable Automated Relocker Code.a(LFOutADC_Ext_CP_Clk.o)
 .debug_abbrev  0x0000128b      0x144 .\CortexM3\ARM_GCC_541\Release\Adjustable Automated Relocker Code.a(LFOutADC_theACLK.o)
 .debug_abbrev  0x000013cf      0x390 .\CortexM3\ARM_GCC_541\Release\Adjustable Automated Relocker Code.a(CyLib.o)
 .debug_abbrev  0x0000175f      0x1d5 .\CortexM3\ARM_GCC_541\Release\Adjustable Automated Relocker Code.a(cyPm.o)
 .debug_abbrev  0x00001934      0x140 .\CortexM3\ARM_GCC_541\Release\Adjustable Automated Relocker Code.a(coarseDAC.o)
 .debug_abbrev  0x00001a74      0x1d7 .\CortexM3\ARM_GCC_541\Release\Adjustable Automated Relocker Code.a(errMonADC.o)
 .debug_abbrev  0x00001c4b       0x42 .\CortexM3\ARM_GCC_541\Release\Adjustable Automated Relocker Code.a(errMonADC_INT.o)
 .debug_abbrev  0x00001c8d      0x144 .\CortexM3\ARM_GCC_541\Release\Adjustable Automated Relocker Code.a(errMonADC_theACLK.o)
 .debug_abbrev  0x00001dd1       0x90 .\CortexM3\ARM_GCC_541\Release\Adjustable Automated Relocker Code.a(sampleErrorMonitor.o)
 .debug_abbrev  0x00001e61      0x123 .\CortexM3\ARM_GCC_541\Release\Adjustable Automated Relocker Code.a(SW_Tx_UART_1.o)
 .debug_abbrev  0x00001f84       0x90 .\CortexM3\ARM_GCC_541\Release\Adjustable Automated Relocker Code.a(blockLockPin.o)
 .debug_abbrev  0x00002014       0x14 .\CortexM3\ARM_GCC_541\Release\Adjustable Automated Relocker Code.a(CyBootAsmGnu.o)
 .debug_abbrev  0x00002028       0x14 .\CortexM3\ARM_GCC_541\Release\Adjustable Automated Relocker Code.a(SW_Tx_UART_1_AsmGnu.o)
 .debug_abbrev  0x0000203c      0x235 .\CortexM3\ARM_GCC_541\Release\Adjustable Automated Relocker Code.a(CyFlash.o)
 .debug_abbrev  0x00002271      0x1a2 .\CortexM3\ARM_GCC_541\Release\Adjustable Automated Relocker Code.a(CySpc.o)

.debug_line     0x00000000     0x33bd
 *(.debug_line)
 .debug_line    0x00000000      0x3ae .\CortexM3\ARM_GCC_541\Release\main.o
 .debug_line    0x000003ae      0x3c5 .\CortexM3\ARM_GCC_541\Release\utility.o
 .debug_line    0x00000773      0x211 .\CortexM3\ARM_GCC_541\Release\cyfitter_cfg.o
 .debug_line    0x00000984      0x141 .\CortexM3\ARM_GCC_541\Release\cymetadata.o
 .debug_line    0x00000ac5      0x21f .\CortexM3\ARM_GCC_541\Release\Cm3Start.o
 .debug_line    0x00000ce4      0x3ce .\CortexM3\ARM_GCC_541\Release\Adjustable Automated Relocker Code.a(LFOutADC.o)
 .debug_line    0x000010b2       0x56 .\CortexM3\ARM_GCC_541\Release\Adjustable Automated Relocker Code.a(LFOutADC_INT.o)
 .debug_line    0x00001108       0x97 .\CortexM3\ARM_GCC_541\Release\Adjustable Automated Relocker Code.a(redLight.o)
 .debug_line    0x0000119f       0xf3 .\CortexM3\ARM_GCC_541\Release\Adjustable Automated Relocker Code.a(fineDAC.o)
 .debug_line    0x00001292       0x70 .\CortexM3\ARM_GCC_541\Release\Adjustable Automated Relocker Code.a(switches.o)
 .debug_line    0x00001302       0x9b .\CortexM3\ARM_GCC_541\Release\Adjustable Automated Relocker Code.a(calibratePin.o)
 .debug_line    0x0000139d       0x9a .\CortexM3\ARM_GCC_541\Release\Adjustable Automated Relocker Code.a(orangeLight.o)
 .debug_line    0x00001437       0x9a .\CortexM3\ARM_GCC_541\Release\Adjustable Automated Relocker Code.a(yellowLight.o)
 .debug_line    0x000014d1       0x97 .\CortexM3\ARM_GCC_541\Release\Adjustable Automated Relocker Code.a(greenLight.o)
 .debug_line    0x00001568       0x98 .\CortexM3\ARM_GCC_541\Release\Adjustable Automated Relocker Code.a(setting8V.o)
 .debug_line    0x00001600       0x99 .\CortexM3\ARM_GCC_541\Release\Adjustable Automated Relocker Code.a(setting22V.o)
 .debug_line    0x00001699       0x99 .\CortexM3\ARM_GCC_541\Release\Adjustable Automated Relocker Code.a(setting28V.o)
 .debug_line    0x00001732       0xa1 .\CortexM3\ARM_GCC_541\Release\Adjustable Automated Relocker Code.a(LFOutADC_AMux.o)
 .debug_line    0x000017d3      0x1b7 .\CortexM3\ARM_GCC_541\Release\Adjustable Automated Relocker Code.a(LFOutADC_Ext_CP_Clk.o)
 .debug_line    0x0000198a      0x1d2 .\CortexM3\ARM_GCC_541\Release\Adjustable Automated Relocker Code.a(LFOutADC_theACLK.o)
 .debug_line    0x00001b5c      0x7fc .\CortexM3\ARM_GCC_541\Release\Adjustable Automated Relocker Code.a(CyLib.o)
 .debug_line    0x00002358      0x3be .\CortexM3\ARM_GCC_541\Release\Adjustable Automated Relocker Code.a(cyPm.o)
 .debug_line    0x00002716       0xf5 .\CortexM3\ARM_GCC_541\Release\Adjustable Automated Relocker Code.a(coarseDAC.o)
 .debug_line    0x0000280b      0x213 .\CortexM3\ARM_GCC_541\Release\Adjustable Automated Relocker Code.a(errMonADC.o)
 .debug_line    0x00002a1e       0x56 .\CortexM3\ARM_GCC_541\Release\Adjustable Automated Relocker Code.a(errMonADC_INT.o)
 .debug_line    0x00002a74      0x1ce .\CortexM3\ARM_GCC_541\Release\Adjustable Automated Relocker Code.a(errMonADC_theACLK.o)
 .debug_line    0x00002c42       0xa1 .\CortexM3\ARM_GCC_541\Release\Adjustable Automated Relocker Code.a(sampleErrorMonitor.o)
 .debug_line    0x00002ce3       0xe8 .\CortexM3\ARM_GCC_541\Release\Adjustable Automated Relocker Code.a(SW_Tx_UART_1.o)
 .debug_line    0x00002dcb       0x9b .\CortexM3\ARM_GCC_541\Release\Adjustable Automated Relocker Code.a(blockLockPin.o)
 .debug_line    0x00002e66       0x66 .\CortexM3\ARM_GCC_541\Release\Adjustable Automated Relocker Code.a(CyBootAsmGnu.o)
 .debug_line    0x00002ecc       0xa1 .\CortexM3\ARM_GCC_541\Release\Adjustable Automated Relocker Code.a(SW_Tx_UART_1_AsmGnu.o)
 .debug_line    0x00002f6d      0x204 .\CortexM3\ARM_GCC_541\Release\Adjustable Automated Relocker Code.a(CyFlash.o)
 .debug_line    0x00003171      0x24c .\CortexM3\ARM_GCC_541\Release\Adjustable Automated Relocker Code.a(CySpc.o)

.debug_frame    0x00000000     0x2448
 *(.debug_frame)
 .debug_frame   0x00000000       0x44 .\CortexM3\ARM_GCC_541\Release\main.o
 .debug_frame   0x00000044       0xf8 .\CortexM3\ARM_GCC_541\Release\utility.o
 .debug_frame   0x0000013c       0x68 .\CortexM3\ARM_GCC_541\Release\cyfitter_cfg.o
 .debug_frame   0x000001a4       0xb8 .\CortexM3\ARM_GCC_541\Release\Cm3Start.o
 .debug_frame   0x0000025c      0x28c .\CortexM3\ARM_GCC_541\Release\Adjustable Automated Relocker Code.a(LFOutADC.o)
 .debug_frame   0x000004e8       0x50 .\CortexM3\ARM_GCC_541\Release\Adjustable Automated Relocker Code.a(LFOutADC_INT.o)
 .debug_frame   0x00000538       0x50 .\CortexM3\ARM_GCC_541\Release\Adjustable Automated Relocker Code.a(redLight.o)
 .debug_frame   0x00000588       0xac .\CortexM3\ARM_GCC_541\Release\Adjustable Automated Relocker Code.a(fineDAC.o)
 .debug_frame   0x00000634       0x30 .\CortexM3\ARM_GCC_541\Release\Adjustable Automated Relocker Code.a(switches.o)
 .debug_frame   0x00000664       0x50 .\CortexM3\ARM_GCC_541\Release\Adjustable Automated Relocker Code.a(calibratePin.o)
 .debug_frame   0x000006b4       0x50 .\CortexM3\ARM_GCC_541\Release\Adjustable Automated Relocker Code.a(orangeLight.o)
 .debug_frame   0x00000704       0x50 .\CortexM3\ARM_GCC_541\Release\Adjustable Automated Relocker Code.a(yellowLight.o)
 .debug_frame   0x00000754       0x50 .\CortexM3\ARM_GCC_541\Release\Adjustable Automated Relocker Code.a(greenLight.o)
 .debug_frame   0x000007a4       0x50 .\CortexM3\ARM_GCC_541\Release\Adjustable Automated Relocker Code.a(setting8V.o)
 .debug_frame   0x000007f4       0x50 .\CortexM3\ARM_GCC_541\Release\Adjustable Automated Relocker Code.a(setting22V.o)
 .debug_frame   0x00000844       0x50 .\CortexM3\ARM_GCC_541\Release\Adjustable Automated Relocker Code.a(setting28V.o)
 .debug_frame   0x00000894       0x68 .\CortexM3\ARM_GCC_541\Release\Adjustable Automated Relocker Code.a(LFOutADC_AMux.o)
 .debug_frame   0x000008fc       0xe0 .\CortexM3\ARM_GCC_541\Release\Adjustable Automated Relocker Code.a(LFOutADC_Ext_CP_Clk.o)
 .debug_frame   0x000009dc      0x104 .\CortexM3\ARM_GCC_541\Release\Adjustable Automated Relocker Code.a(LFOutADC_theACLK.o)
 .debug_frame   0x00000ae0      0x6f8 .\CortexM3\ARM_GCC_541\Release\Adjustable Automated Relocker Code.a(CyLib.o)
 .debug_frame   0x000011d8      0x1c8 .\CortexM3\ARM_GCC_541\Release\Adjustable Automated Relocker Code.a(cyPm.o)
 .debug_frame   0x000013a0       0xac .\CortexM3\ARM_GCC_541\Release\Adjustable Automated Relocker Code.a(coarseDAC.o)
 .debug_frame   0x0000144c      0x18c .\CortexM3\ARM_GCC_541\Release\Adjustable Automated Relocker Code.a(errMonADC.o)
 .debug_frame   0x000015d8       0x20 .\CortexM3\ARM_GCC_541\Release\Adjustable Automated Relocker Code.a(errMonADC_INT.o)
 .debug_frame   0x000015f8      0x100 .\CortexM3\ARM_GCC_541\Release\Adjustable Automated Relocker Code.a(errMonADC_theACLK.o)
 .debug_frame   0x000016f8       0x50 .\CortexM3\ARM_GCC_541\Release\Adjustable Automated Relocker Code.a(sampleErrorMonitor.o)
 .debug_frame   0x00001748       0xdc .\CortexM3\ARM_GCC_541\Release\Adjustable Automated Relocker Code.a(SW_Tx_UART_1.o)
 .debug_frame   0x00001824       0x50 .\CortexM3\ARM_GCC_541\Release\Adjustable Automated Relocker Code.a(blockLockPin.o)
 .debug_frame   0x00001874      0x184 .\CortexM3\ARM_GCC_541\Release\Adjustable Automated Relocker Code.a(CyFlash.o)
 .debug_frame   0x000019f8      0x190 .\CortexM3\ARM_GCC_541\Release\Adjustable Automated Relocker Code.a(CySpc.o)
 .debug_frame   0x00001b88       0x20 c:/program files (x86)/cypress/psoc creator/4.2/psoc creator/import/gnu/arm/5.4.1/bin/../lib/gcc/arm-none-eabi/5.4.1/armv7-m\libgcc.a(_udivsi3.o)
 .debug_frame   0x00001ba8       0x44 c:/program files (x86)/cypress/psoc creator/4.2/psoc creator/import/gnu/arm/5.4.1/bin/../lib/gcc/arm-none-eabi/5.4.1/armv7-m\libgcc.a(_aeabi_ldivmod.o)
 .debug_frame   0x00001bec       0x38 c:/program files (x86)/cypress/psoc creator/4.2/psoc creator/import/gnu/arm/5.4.1/bin/../lib/gcc/arm-none-eabi/5.4.1/armv7-m\libgcc.a(_udivmoddi4.o)
 .debug_frame   0x00001c24       0x20 c:/program files (x86)/cypress/psoc creator/4.2/psoc creator/import/gnu/arm/5.4.1/bin/../lib/gcc/arm-none-eabi/5.4.1/../../../../arm-none-eabi/lib/armv7-m\libg_nano.a(lib_a-errno.o)
 .debug_frame   0x00001c44       0x28 c:/program files (x86)/cypress/psoc creator/4.2/psoc creator/import/gnu/arm/5.4.1/bin/../lib/gcc/arm-none-eabi/5.4.1/../../../../arm-none-eabi/lib/armv7-m\libg_nano.a(lib_a-exit.o)
 .debug_frame   0x00001c6c       0x2c c:/program files (x86)/cypress/psoc creator/4.2/psoc creator/import/gnu/arm/5.4.1/bin/../lib/gcc/arm-none-eabi/5.4.1/../../../../arm-none-eabi/lib/armv7-m\libg_nano.a(lib_a-init.o)
 .debug_frame   0x00001c98       0x20 c:/program files (x86)/cypress/psoc creator/4.2/psoc creator/import/gnu/arm/5.4.1/bin/../lib/gcc/arm-none-eabi/5.4.1/../../../../arm-none-eabi/lib/armv7-m\libg_nano.a(lib_a-memset.o)
 .debug_frame   0x00001cb8       0x8c c:/program files (x86)/cypress/psoc creator/4.2/psoc creator/import/gnu/arm/5.4.1/bin/../lib/gcc/arm-none-eabi/5.4.1/../../../../arm-none-eabi/lib/armv7-m\libg_nano.a(lib_a-nano-vfprintf_float.o)
 .debug_frame   0x00001d44       0x60 c:/program files (x86)/cypress/psoc creator/4.2/psoc creator/import/gnu/arm/5.4.1/bin/../lib/gcc/arm-none-eabi/5.4.1/../../../../arm-none-eabi/lib/armv7-m\libg_nano.a(lib_a-nano-vfprintf_i.o)
 .debug_frame   0x00001da4       0x70 c:/program files (x86)/cypress/psoc creator/4.2/psoc creator/import/gnu/arm/5.4.1/bin/../lib/gcc/arm-none-eabi/5.4.1/../../../../arm-none-eabi/lib/armv7-m\libg_nano.a(lib_a-sprintf.o)
 .debug_frame   0x00001e14       0x6c c:/program files (x86)/cypress/psoc creator/4.2/psoc creator/import/gnu/arm/5.4.1/bin/../lib/gcc/arm-none-eabi/5.4.1/../../../../arm-none-eabi/lib/armv7-m\libg_nano.a(lib_a-dtoa.o)
 .debug_frame   0x00001e80       0x98 c:/program files (x86)/cypress/psoc creator/4.2/psoc creator/import/gnu/arm/5.4.1/bin/../lib/gcc/arm-none-eabi/5.4.1/../../../../arm-none-eabi/lib/armv7-m\libg_nano.a(lib_a-locale.o)
 .debug_frame   0x00001f18       0x30 c:/program files (x86)/cypress/psoc creator/4.2/psoc creator/import/gnu/arm/5.4.1/bin/../lib/gcc/arm-none-eabi/5.4.1/../../../../arm-none-eabi/lib/armv7-m\libg_nano.a(lib_a-malloc.o)
 .debug_frame   0x00001f48       0x28 c:/program files (x86)/cypress/psoc creator/4.2/psoc creator/import/gnu/arm/5.4.1/bin/../lib/gcc/arm-none-eabi/5.4.1/../../../../arm-none-eabi/lib/armv7-m\libg_nano.a(lib_a-memchr-stub.o)
 .debug_frame   0x00001f70       0x28 c:/program files (x86)/cypress/psoc creator/4.2/psoc creator/import/gnu/arm/5.4.1/bin/../lib/gcc/arm-none-eabi/5.4.1/../../../../arm-none-eabi/lib/armv7-m\libg_nano.a(lib_a-memcpy-stub.o)
 .debug_frame   0x00001f98      0x234 c:/program files (x86)/cypress/psoc creator/4.2/psoc creator/import/gnu/arm/5.4.1/bin/../lib/gcc/arm-none-eabi/5.4.1/../../../../arm-none-eabi/lib/armv7-m\libg_nano.a(lib_a-mprec.o)
 .debug_frame   0x000021cc       0x2c c:/program files (x86)/cypress/psoc creator/4.2/psoc creator/import/gnu/arm/5.4.1/bin/../lib/gcc/arm-none-eabi/5.4.1/../../../../arm-none-eabi/lib/armv7-m\libg_nano.a(lib_a-nano-callocr.o)
 .debug_frame   0x000021f8       0x38 c:/program files (x86)/cypress/psoc creator/4.2/psoc creator/import/gnu/arm/5.4.1/bin/../lib/gcc/arm-none-eabi/5.4.1/../../../../arm-none-eabi/lib/armv7-m\libg_nano.a(lib_a-nano-freer.o)
 .debug_frame   0x00002230       0x2c c:/program files (x86)/cypress/psoc creator/4.2/psoc creator/import/gnu/arm/5.4.1/bin/../lib/gcc/arm-none-eabi/5.4.1/../../../../arm-none-eabi/lib/armv7-m\libg_nano.a(lib_a-nano-mallocr.o)
 .debug_frame   0x0000225c       0x90 c:/program files (x86)/cypress/psoc creator/4.2/psoc creator/import/gnu/arm/5.4.1/bin/../lib/gcc/arm-none-eabi/5.4.1/../../../../arm-none-eabi/lib/armv7-m\libg_nano.a(lib_a-nano-svfprintf.o)
 .debug_frame   0x000022ec       0x2c c:/program files (x86)/cypress/psoc creator/4.2/psoc creator/import/gnu/arm/5.4.1/bin/../lib/gcc/arm-none-eabi/5.4.1/../../../../arm-none-eabi/lib/armv7-m\libg_nano.a(lib_a-sbrkr.o)
 .debug_frame   0x00002318       0x20 c:/program files (x86)/cypress/psoc creator/4.2/psoc creator/import/gnu/arm/5.4.1/bin/../lib/gcc/arm-none-eabi/5.4.1/../../../../arm-none-eabi/lib/armv7-m\libg_nano.a(lib_a-strcmp.o)
 .debug_frame   0x00002338       0x28 c:/program files (x86)/cypress/psoc creator/4.2/psoc creator/import/gnu/arm/5.4.1/bin/../lib/gcc/arm-none-eabi/5.4.1/../../../../arm-none-eabi/lib/armv7-m\libg_nano.a(lib_a-memmove.o)
 .debug_frame   0x00002360       0x30 c:/program files (x86)/cypress/psoc creator/4.2/psoc creator/import/gnu/arm/5.4.1/bin/../lib/gcc/arm-none-eabi/5.4.1/../../../../arm-none-eabi/lib/armv7-m\libg_nano.a(lib_a-mlock.o)
 .debug_frame   0x00002390       0x3c c:/program files (x86)/cypress/psoc creator/4.2/psoc creator/import/gnu/arm/5.4.1/bin/../lib/gcc/arm-none-eabi/5.4.1/../../../../arm-none-eabi/lib/armv7-m\libg_nano.a(lib_a-nano-reallocr.o)
 .debug_frame   0x000023cc       0x5c c:/program files (x86)/cypress/psoc creator/4.2/psoc creator/import/gnu/arm/5.4.1/bin/../lib/gcc/arm-none-eabi/5.4.1/../../../../arm-none-eabi/lib/armv7-m\libg_nano.a(lib_a-reent.o)
 .debug_frame   0x00002428       0x20 c:/program files (x86)/cypress/psoc creator/4.2/psoc creator/import/gnu/arm/5.4.1/bin/../lib/gcc/arm-none-eabi/5.4.1/../../../../arm-none-eabi/lib/armv7-m\libg_nano.a(lib_a-nano-msizer.o)

.debug_str      0x00000000     0x2a88
 *(.debug_str)
 .debug_str     0x00000000      0x608 .\CortexM3\ARM_GCC_541\Release\main.o
                                0x65c (size before relaxing)
 .debug_str     0x00000608      0x17d .\CortexM3\ARM_GCC_541\Release\utility.o
                                0x551 (size before relaxing)
 .debug_str     0x00000785      0x1d2 .\CortexM3\ARM_GCC_541\Release\cyfitter_cfg.o
                                0x3c2 (size before relaxing)
 .debug_str     0x00000957       0x7f .\CortexM3\ARM_GCC_541\Release\cymetadata.o
                                0x234 (size before relaxing)
 .debug_str     0x000009d6      0x144 .\CortexM3\ARM_GCC_541\Release\Cm3Start.o
                                0x35a (size before relaxing)
 .debug_str     0x00000b1a      0x3ea .\CortexM3\ARM_GCC_541\Release\Adjustable Automated Relocker Code.a(LFOutADC.o)
                                0x6df (size before relaxing)
 .debug_str     0x00000f04       0x34 .\CortexM3\ARM_GCC_541\Release\Adjustable Automated Relocker Code.a(LFOutADC_INT.o)
                                0x1ff (size before relaxing)
 .debug_str     0x00000f38       0x6b .\CortexM3\ARM_GCC_541\Release\Adjustable Automated Relocker Code.a(redLight.o)
                                0x241 (size before relaxing)
 .debug_str     0x00000fa3       0x98 .\CortexM3\ARM_GCC_541\Release\Adjustable Automated Relocker Code.a(fineDAC.o)
                                0x283 (size before relaxing)
 .debug_str     0x0000103b       0x38 .\CortexM3\ARM_GCC_541\Release\Adjustable Automated Relocker Code.a(switches.o)
                                0x208 (size before relaxing)
 .debug_str     0x00001073       0x6c .\CortexM3\ARM_GCC_541\Release\Adjustable Automated Relocker Code.a(calibratePin.o)
                                0x255 (size before relaxing)
 .debug_str     0x000010df       0x67 .\CortexM3\ARM_GCC_541\Release\Adjustable Automated Relocker Code.a(orangeLight.o)
                                0x250 (size before relaxing)
 .debug_str     0x00001146       0x67 .\CortexM3\ARM_GCC_541\Release\Adjustable Automated Relocker Code.a(yellowLight.o)
                                0x250 (size before relaxing)
 .debug_str     0x000011ad       0x63 .\CortexM3\ARM_GCC_541\Release\Adjustable Automated Relocker Code.a(greenLight.o)
                                0x24b (size before relaxing)
 .debug_str     0x00001210       0x60 .\CortexM3\ARM_GCC_541\Release\Adjustable Automated Relocker Code.a(setting8V.o)
                                0x246 (size before relaxing)
 .debug_str     0x00001270       0x64 .\CortexM3\ARM_GCC_541\Release\Adjustable Automated Relocker Code.a(setting22V.o)
                                0x24b (size before relaxing)
 .debug_str     0x000012d4       0x64 .\CortexM3\ARM_GCC_541\Release\Adjustable Automated Relocker Code.a(setting28V.o)
                                0x24b (size before relaxing)
 .debug_str     0x00001338       0x73 .\CortexM3\ARM_GCC_541\Release\Adjustable Automated Relocker Code.a(LFOutADC_AMux.o)
                                0x272 (size before relaxing)
 .debug_str     0x000013ab      0x1a5 .\CortexM3\ARM_GCC_541\Release\Adjustable Automated Relocker Code.a(LFOutADC_Ext_CP_Clk.o)
                                0x3ce (size before relaxing)
 .debug_str     0x00001550      0x18b .\CortexM3\ARM_GCC_541\Release\Adjustable Automated Relocker Code.a(LFOutADC_theACLK.o)
                                0x3f7 (size before relaxing)
 .debug_str     0x000016db      0x7ea .\CortexM3\ARM_GCC_541\Release\Adjustable Automated Relocker Code.a(CyLib.o)
                                0xa97 (size before relaxing)
 .debug_str     0x00001ec5      0x365 .\CortexM3\ARM_GCC_541\Release\Adjustable Automated Relocker Code.a(cyPm.o)
                                0x77c (size before relaxing)
 .debug_str     0x0000222a       0x9c .\CortexM3\ARM_GCC_541\Release\Adjustable Automated Relocker Code.a(coarseDAC.o)
                                0x297 (size before relaxing)
 .debug_str     0x000022c6      0x178 .\CortexM3\ARM_GCC_541\Release\Adjustable Automated Relocker Code.a(errMonADC.o)
                                0x506 (size before relaxing)
 .debug_str     0x0000243e       0x35 .\CortexM3\ARM_GCC_541\Release\Adjustable Automated Relocker Code.a(errMonADC_INT.o)
                                0x1eb (size before relaxing)
 .debug_str     0x00002473      0x1b3 .\CortexM3\ARM_GCC_541\Release\Adjustable Automated Relocker Code.a(errMonADC_theACLK.o)
                                0x405 (size before relaxing)
 .debug_str     0x00002626       0x84 .\CortexM3\ARM_GCC_541\Release\Adjustable Automated Relocker Code.a(sampleErrorMonitor.o)
                                0x273 (size before relaxing)
 .debug_str     0x000026aa      0x10b .\CortexM3\ARM_GCC_541\Release\Adjustable Automated Relocker Code.a(SW_Tx_UART_1.o)
                                0x33c (size before relaxing)
 .debug_str     0x000027b5       0x6c .\CortexM3\ARM_GCC_541\Release\Adjustable Automated Relocker Code.a(blockLockPin.o)
                                0x255 (size before relaxing)
 .debug_str     0x00002821      0x1bb .\CortexM3\ARM_GCC_541\Release\Adjustable Automated Relocker Code.a(CyFlash.o)
                                0x409 (size before relaxing)
 .debug_str     0x000029dc       0xac .\CortexM3\ARM_GCC_541\Release\Adjustable Automated Relocker Code.a(CySpc.o)
                                0x388 (size before relaxing)

.debug_loc      0x00000000     0x375d
 *(.debug_loc)
 .debug_loc     0x00000000      0x6c3 .\CortexM3\ARM_GCC_541\Release\main.o
 .debug_loc     0x000006c3      0x399 .\CortexM3\ARM_GCC_541\Release\utility.o
 .debug_loc     0x00000a5c      0x3c7 .\CortexM3\ARM_GCC_541\Release\cyfitter_cfg.o
 .debug_loc     0x00000e23      0x1af .\CortexM3\ARM_GCC_541\Release\Cm3Start.o
 .debug_loc     0x00000fd2      0x583 .\CortexM3\ARM_GCC_541\Release\Adjustable Automated Relocker Code.a(LFOutADC.o)
 .debug_loc     0x00001555       0x5a .\CortexM3\ARM_GCC_541\Release\Adjustable Automated Relocker Code.a(redLight.o)
 .debug_loc     0x000015af       0x72 .\CortexM3\ARM_GCC_541\Release\Adjustable Automated Relocker Code.a(fineDAC.o)
 .debug_loc     0x00001621       0x5a .\CortexM3\ARM_GCC_541\Release\Adjustable Automated Relocker Code.a(calibratePin.o)
 .debug_loc     0x0000167b       0x5a .\CortexM3\ARM_GCC_541\Release\Adjustable Automated Relocker Code.a(orangeLight.o)
 .debug_loc     0x000016d5       0x5a .\CortexM3\ARM_GCC_541\Release\Adjustable Automated Relocker Code.a(yellowLight.o)
 .debug_loc     0x0000172f       0x5a .\CortexM3\ARM_GCC_541\Release\Adjustable Automated Relocker Code.a(greenLight.o)
 .debug_loc     0x00001789       0x5a .\CortexM3\ARM_GCC_541\Release\Adjustable Automated Relocker Code.a(setting8V.o)
 .debug_loc     0x000017e3       0x5a .\CortexM3\ARM_GCC_541\Release\Adjustable Automated Relocker Code.a(setting22V.o)
 .debug_loc     0x0000183d       0x5a .\CortexM3\ARM_GCC_541\Release\Adjustable Automated Relocker Code.a(setting28V.o)
 .debug_loc     0x00001897       0x6e .\CortexM3\ARM_GCC_541\Release\Adjustable Automated Relocker Code.a(LFOutADC_AMux.o)
 .debug_loc     0x00001905       0xa6 .\CortexM3\ARM_GCC_541\Release\Adjustable Automated Relocker Code.a(LFOutADC_Ext_CP_Clk.o)
 .debug_loc     0x000019ab       0xc7 .\CortexM3\ARM_GCC_541\Release\Adjustable Automated Relocker Code.a(LFOutADC_theACLK.o)
 .debug_loc     0x00001a72      0xa20 .\CortexM3\ARM_GCC_541\Release\Adjustable Automated Relocker Code.a(CyLib.o)
 .debug_loc     0x00002492      0x1d6 .\CortexM3\ARM_GCC_541\Release\Adjustable Automated Relocker Code.a(cyPm.o)
 .debug_loc     0x00002668       0x72 .\CortexM3\ARM_GCC_541\Release\Adjustable Automated Relocker Code.a(coarseDAC.o)
 .debug_loc     0x000026da      0x286 .\CortexM3\ARM_GCC_541\Release\Adjustable Automated Relocker Code.a(errMonADC.o)
 .debug_loc     0x00002960       0xc7 .\CortexM3\ARM_GCC_541\Release\Adjustable Automated Relocker Code.a(errMonADC_theACLK.o)
 .debug_loc     0x00002a27       0x5a .\CortexM3\ARM_GCC_541\Release\Adjustable Automated Relocker Code.a(sampleErrorMonitor.o)
 .debug_loc     0x00002a81      0x132 .\CortexM3\ARM_GCC_541\Release\Adjustable Automated Relocker Code.a(SW_Tx_UART_1.o)
 .debug_loc     0x00002bb3       0x5a .\CortexM3\ARM_GCC_541\Release\Adjustable Automated Relocker Code.a(blockLockPin.o)
 .debug_loc     0x00002c0d      0x4b7 .\CortexM3\ARM_GCC_541\Release\Adjustable Automated Relocker Code.a(CyFlash.o)
 .debug_loc     0x000030c4      0x699 .\CortexM3\ARM_GCC_541\Release\Adjustable Automated Relocker Code.a(CySpc.o)

.debug_macinfo
 *(.debug_macinfo)

.debug_ranges   0x00000000      0xd08
 *(.debug_ranges)
 .debug_ranges  0x00000000       0x48 .\CortexM3\ARM_GCC_541\Release\main.o
 .debug_ranges  0x00000048       0x50 .\CortexM3\ARM_GCC_541\Release\utility.o
 .debug_ranges  0x00000098      0x160 .\CortexM3\ARM_GCC_541\Release\cyfitter_cfg.o
 .debug_ranges  0x000001f8       0x50 .\CortexM3\ARM_GCC_541\Release\Cm3Start.o
 .debug_ranges  0x00000248       0xe0 .\CortexM3\ARM_GCC_541\Release\Adjustable Automated Relocker Code.a(LFOutADC.o)
 .debug_ranges  0x00000328       0x10 .\CortexM3\ARM_GCC_541\Release\Adjustable Automated Relocker Code.a(LFOutADC_INT.o)
 .debug_ranges  0x00000338       0x28 .\CortexM3\ARM_GCC_541\Release\Adjustable Automated Relocker Code.a(redLight.o)
 .debug_ranges  0x00000360       0x48 .\CortexM3\ARM_GCC_541\Release\Adjustable Automated Relocker Code.a(fineDAC.o)
 .debug_ranges  0x000003a8       0x18 .\CortexM3\ARM_GCC_541\Release\Adjustable Automated Relocker Code.a(switches.o)
 .debug_ranges  0x000003c0       0x28 .\CortexM3\ARM_GCC_541\Release\Adjustable Automated Relocker Code.a(calibratePin.o)
 .debug_ranges  0x000003e8       0x28 .\CortexM3\ARM_GCC_541\Release\Adjustable Automated Relocker Code.a(orangeLight.o)
 .debug_ranges  0x00000410       0x28 .\CortexM3\ARM_GCC_541\Release\Adjustable Automated Relocker Code.a(yellowLight.o)
 .debug_ranges  0x00000438       0x28 .\CortexM3\ARM_GCC_541\Release\Adjustable Automated Relocker Code.a(greenLight.o)
 .debug_ranges  0x00000460       0x28 .\CortexM3\ARM_GCC_541\Release\Adjustable Automated Relocker Code.a(setting8V.o)
 .debug_ranges  0x00000488       0x28 .\CortexM3\ARM_GCC_541\Release\Adjustable Automated Relocker Code.a(setting22V.o)
 .debug_ranges  0x000004b0       0x28 .\CortexM3\ARM_GCC_541\Release\Adjustable Automated Relocker Code.a(setting28V.o)
 .debug_ranges  0x000004d8       0x20 .\CortexM3\ARM_GCC_541\Release\Adjustable Automated Relocker Code.a(LFOutADC_AMux.o)
 .debug_ranges  0x000004f8       0xb8 .\CortexM3\ARM_GCC_541\Release\Adjustable Automated Relocker Code.a(LFOutADC_Ext_CP_Clk.o)
 .debug_ranges  0x000005b0       0xc8 .\CortexM3\ARM_GCC_541\Release\Adjustable Automated Relocker Code.a(LFOutADC_theACLK.o)
 .debug_ranges  0x00000678      0x2b8 .\CortexM3\ARM_GCC_541\Release\Adjustable Automated Relocker Code.a(CyLib.o)
 .debug_ranges  0x00000930       0x90 .\CortexM3\ARM_GCC_541\Release\Adjustable Automated Relocker Code.a(cyPm.o)
 .debug_ranges  0x000009c0       0x48 .\CortexM3\ARM_GCC_541\Release\Adjustable Automated Relocker Code.a(coarseDAC.o)
 .debug_ranges  0x00000a08       0xa8 .\CortexM3\ARM_GCC_541\Release\Adjustable Automated Relocker Code.a(errMonADC.o)
 .debug_ranges  0x00000ab0       0x10 .\CortexM3\ARM_GCC_541\Release\Adjustable Automated Relocker Code.a(errMonADC_INT.o)
 .debug_ranges  0x00000ac0       0xc8 .\CortexM3\ARM_GCC_541\Release\Adjustable Automated Relocker Code.a(errMonADC_theACLK.o)
 .debug_ranges  0x00000b88       0x28 .\CortexM3\ARM_GCC_541\Release\Adjustable Automated Relocker Code.a(sampleErrorMonitor.o)
 .debug_ranges  0x00000bb0       0x38 .\CortexM3\ARM_GCC_541\Release\Adjustable Automated Relocker Code.a(SW_Tx_UART_1.o)
 .debug_ranges  0x00000be8       0x28 .\CortexM3\ARM_GCC_541\Release\Adjustable Automated Relocker Code.a(blockLockPin.o)
 .debug_ranges  0x00000c10       0x88 .\CortexM3\ARM_GCC_541\Release\Adjustable Automated Relocker Code.a(CyFlash.o)
 .debug_ranges  0x00000c98       0x70 .\CortexM3\ARM_GCC_541\Release\Adjustable Automated Relocker Code.a(CySpc.o)

.comment        0x00000000       0x6e
 .comment       0x00000000       0x6e .\CortexM3\ARM_GCC_541\Release\main.o
                                 0x6f (size before relaxing)
 .comment       0x0000006e       0x6f .\CortexM3\ARM_GCC_541\Release\utility.o
 .comment       0x0000006e       0x6f .\CortexM3\ARM_GCC_541\Release\cyfitter_cfg.o
 .comment       0x0000006e       0x6f .\CortexM3\ARM_GCC_541\Release\cymetadata.o
 .comment       0x0000006e       0x6f .\CortexM3\ARM_GCC_541\Release\Cm3Start.o
 .comment       0x0000006e       0x6f .\CortexM3\ARM_GCC_541\Release\Adjustable Automated Relocker Code.a(LFOutADC.o)
 .comment       0x0000006e       0x6f .\CortexM3\ARM_GCC_541\Release\Adjustable Automated Relocker Code.a(LFOutADC_INT.o)
 .comment       0x0000006e       0x6f .\CortexM3\ARM_GCC_541\Release\Adjustable Automated Relocker Code.a(redLight.o)
 .comment       0x0000006e       0x6f .\CortexM3\ARM_GCC_541\Release\Adjustable Automated Relocker Code.a(fineDAC.o)
 .comment       0x0000006e       0x6f .\CortexM3\ARM_GCC_541\Release\Adjustable Automated Relocker Code.a(switches.o)
 .comment       0x0000006e       0x6f .\CortexM3\ARM_GCC_541\Release\Adjustable Automated Relocker Code.a(calibratePin.o)
 .comment       0x0000006e       0x6f .\CortexM3\ARM_GCC_541\Release\Adjustable Automated Relocker Code.a(orangeLight.o)
 .comment       0x0000006e       0x6f .\CortexM3\ARM_GCC_541\Release\Adjustable Automated Relocker Code.a(yellowLight.o)
 .comment       0x0000006e       0x6f .\CortexM3\ARM_GCC_541\Release\Adjustable Automated Relocker Code.a(greenLight.o)
 .comment       0x0000006e       0x6f .\CortexM3\ARM_GCC_541\Release\Adjustable Automated Relocker Code.a(setting8V.o)
 .comment       0x0000006e       0x6f .\CortexM3\ARM_GCC_541\Release\Adjustable Automated Relocker Code.a(setting22V.o)
 .comment       0x0000006e       0x6f .\CortexM3\ARM_GCC_541\Release\Adjustable Automated Relocker Code.a(setting28V.o)
 .comment       0x0000006e       0x6f .\CortexM3\ARM_GCC_541\Release\Adjustable Automated Relocker Code.a(LFOutADC_AMux.o)