ARM GAS  C:\Users\THOMPS~1\AppData\Local\Temp\cc1H8Boe.s 			page 1


   1              		.syntax unified
   2              		.cpu cortex-m3
   3              		.fpu softvfp
   4              		.eabi_attribute 20, 1
   5              		.eabi_attribute 21, 1
   6              		.eabi_attribute 23, 3
   7              		.eabi_attribute 24, 1
   8              		.eabi_attribute 25, 1
   9              		.eabi_attribute 26, 1
  10              		.eabi_attribute 30, 4
  11              		.eabi_attribute 34, 1
  12              		.eabi_attribute 18, 4
  13              		.thumb
  14              		.syntax unified
  15              		.file	"fineDAC_PM.c"
  16              		.text
  17              	.Ltext0:
  18              		.cfi_sections	.debug_frame
  19              		.section	.text.fineDAC_SaveConfig,"ax",%progbits
  20              		.align	1
  21              		.global	fineDAC_SaveConfig
  22              		.thumb
  23              		.thumb_func
  24              		.type	fineDAC_SaveConfig, %function
  25              	fineDAC_SaveConfig:
  26              	.LFB0:
  27              		.file 1 "Generated_Source\\PSoC5\\fineDAC_PM.c"
   1:Generated_Source\PSoC5/fineDAC_PM.c **** /*******************************************************************************
   2:Generated_Source\PSoC5/fineDAC_PM.c **** * File Name: fineDAC_PM.c  
   3:Generated_Source\PSoC5/fineDAC_PM.c **** * Version 1.90
   4:Generated_Source\PSoC5/fineDAC_PM.c **** *
   5:Generated_Source\PSoC5/fineDAC_PM.c **** * Description:
   6:Generated_Source\PSoC5/fineDAC_PM.c **** *  This file provides the power management source code to API for the
   7:Generated_Source\PSoC5/fineDAC_PM.c **** *  VDAC8.  
   8:Generated_Source\PSoC5/fineDAC_PM.c **** *
   9:Generated_Source\PSoC5/fineDAC_PM.c **** * Note:
  10:Generated_Source\PSoC5/fineDAC_PM.c **** *  None
  11:Generated_Source\PSoC5/fineDAC_PM.c **** *
  12:Generated_Source\PSoC5/fineDAC_PM.c **** ********************************************************************************
  13:Generated_Source\PSoC5/fineDAC_PM.c **** * Copyright 2008-2012, Cypress Semiconductor Corporation.  All rights reserved.
  14:Generated_Source\PSoC5/fineDAC_PM.c **** * You may use this file only in accordance with the license, terms, conditions, 
  15:Generated_Source\PSoC5/fineDAC_PM.c **** * disclaimers, and limitations in the end user license agreement accompanying 
  16:Generated_Source\PSoC5/fineDAC_PM.c **** * the software package with which this file was provided.
  17:Generated_Source\PSoC5/fineDAC_PM.c **** *******************************************************************************/
  18:Generated_Source\PSoC5/fineDAC_PM.c **** 
  19:Generated_Source\PSoC5/fineDAC_PM.c **** #include "fineDAC.h"
  20:Generated_Source\PSoC5/fineDAC_PM.c **** 
  21:Generated_Source\PSoC5/fineDAC_PM.c **** static fineDAC_backupStruct fineDAC_backup;
  22:Generated_Source\PSoC5/fineDAC_PM.c **** 
  23:Generated_Source\PSoC5/fineDAC_PM.c **** 
  24:Generated_Source\PSoC5/fineDAC_PM.c **** /*******************************************************************************
  25:Generated_Source\PSoC5/fineDAC_PM.c **** * Function Name: fineDAC_SaveConfig
  26:Generated_Source\PSoC5/fineDAC_PM.c **** ********************************************************************************
  27:Generated_Source\PSoC5/fineDAC_PM.c **** * Summary:
  28:Generated_Source\PSoC5/fineDAC_PM.c **** *  Save the current user configuration
  29:Generated_Source\PSoC5/fineDAC_PM.c **** *
  30:Generated_Source\PSoC5/fineDAC_PM.c **** * Parameters:  
ARM GAS  C:\Users\THOMPS~1\AppData\Local\Temp\cc1H8Boe.s 			page 2


  31:Generated_Source\PSoC5/fineDAC_PM.c **** *  void  
  32:Generated_Source\PSoC5/fineDAC_PM.c **** *
  33:Generated_Source\PSoC5/fineDAC_PM.c **** * Return: 
  34:Generated_Source\PSoC5/fineDAC_PM.c **** *  void
  35:Generated_Source\PSoC5/fineDAC_PM.c **** *
  36:Generated_Source\PSoC5/fineDAC_PM.c **** *******************************************************************************/
  37:Generated_Source\PSoC5/fineDAC_PM.c **** void fineDAC_SaveConfig(void) 
  38:Generated_Source\PSoC5/fineDAC_PM.c **** {
  28              		.loc 1 38 0
  29              		.cfi_startproc
  30              		@ args = 0, pretend = 0, frame = 0
  31              		@ frame_needed = 0, uses_anonymous_args = 0
  32              		@ link register save eliminated.
  39:Generated_Source\PSoC5/fineDAC_PM.c ****     if (!((fineDAC_CR1 & fineDAC_SRC_MASK) == fineDAC_SRC_UDB))
  33              		.loc 1 39 0
  34 0000 044B     		ldr	r3, .L3
  35 0002 1B78     		ldrb	r3, [r3]	@ zero_extendqisi2
  36 0004 9B06     		lsls	r3, r3, #26
  40:Generated_Source\PSoC5/fineDAC_PM.c ****     {
  41:Generated_Source\PSoC5/fineDAC_PM.c ****         fineDAC_backup.data_value = fineDAC_Data;
  37              		.loc 1 41 0
  38 0006 5FBF     		itttt	pl
  39 0008 034B     		ldrpl	r3, .L3+4
  40 000a 1A78     		ldrbpl	r2, [r3]	@ zero_extendqisi2
  41 000c 034B     		ldrpl	r3, .L3+8
  42 000e 5A70     		strbpl	r2, [r3, #1]
  43 0010 7047     		bx	lr
  44              	.L4:
  45 0012 00BF     		.align	2
  46              	.L3:
  47 0014 2D580040 		.word	1073764397
  48 0018 835B0040 		.word	1073765251
  49 001c 00000000 		.word	.LANCHOR0
  50              		.cfi_endproc
  51              	.LFE0:
  52              		.size	fineDAC_SaveConfig, .-fineDAC_SaveConfig
  53              		.section	.text.fineDAC_RestoreConfig,"ax",%progbits
  54              		.align	1
  55              		.global	fineDAC_RestoreConfig
  56              		.thumb
  57              		.thumb_func
  58              		.type	fineDAC_RestoreConfig, %function
  59              	fineDAC_RestoreConfig:
  60              	.LFB1:
  42:Generated_Source\PSoC5/fineDAC_PM.c ****     }
  43:Generated_Source\PSoC5/fineDAC_PM.c **** }
  44:Generated_Source\PSoC5/fineDAC_PM.c **** 
  45:Generated_Source\PSoC5/fineDAC_PM.c **** 
  46:Generated_Source\PSoC5/fineDAC_PM.c **** /*******************************************************************************
  47:Generated_Source\PSoC5/fineDAC_PM.c **** * Function Name: fineDAC_RestoreConfig
  48:Generated_Source\PSoC5/fineDAC_PM.c **** ********************************************************************************
  49:Generated_Source\PSoC5/fineDAC_PM.c **** *
  50:Generated_Source\PSoC5/fineDAC_PM.c **** * Summary:
  51:Generated_Source\PSoC5/fineDAC_PM.c **** *  Restores the current user configuration.
  52:Generated_Source\PSoC5/fineDAC_PM.c **** *
  53:Generated_Source\PSoC5/fineDAC_PM.c **** * Parameters:  
  54:Generated_Source\PSoC5/fineDAC_PM.c **** *  void
ARM GAS  C:\Users\THOMPS~1\AppData\Local\Temp\cc1H8Boe.s 			page 3


  55:Generated_Source\PSoC5/fineDAC_PM.c **** *
  56:Generated_Source\PSoC5/fineDAC_PM.c **** * Return: 
  57:Generated_Source\PSoC5/fineDAC_PM.c **** *  void
  58:Generated_Source\PSoC5/fineDAC_PM.c **** *
  59:Generated_Source\PSoC5/fineDAC_PM.c **** *******************************************************************************/
  60:Generated_Source\PSoC5/fineDAC_PM.c **** void fineDAC_RestoreConfig(void) 
  61:Generated_Source\PSoC5/fineDAC_PM.c **** {
  61              		.loc 1 61 0
  62              		.cfi_startproc
  63              		@ args = 0, pretend = 0, frame = 0
  64              		@ frame_needed = 0, uses_anonymous_args = 0
  65              		@ link register save eliminated.
  62:Generated_Source\PSoC5/fineDAC_PM.c ****     if (!((fineDAC_CR1 & fineDAC_SRC_MASK) == fineDAC_SRC_UDB))
  66              		.loc 1 62 0
  67 0000 0C4B     		ldr	r3, .L9
  68 0002 1B78     		ldrb	r3, [r3]	@ zero_extendqisi2
  69 0004 9B06     		lsls	r3, r3, #26
  70 0006 13D4     		bmi	.L5
  63:Generated_Source\PSoC5/fineDAC_PM.c ****     {
  64:Generated_Source\PSoC5/fineDAC_PM.c ****         if((fineDAC_Strobe & fineDAC_STRB_MASK) == fineDAC_STRB_EN)
  71              		.loc 1 64 0
  72 0008 0B4B     		ldr	r3, .L9+4
  73 000a 0C48     		ldr	r0, .L9+8
  74 000c 1A78     		ldrb	r2, [r3]	@ zero_extendqisi2
  75 000e 0C49     		ldr	r1, .L9+12
  76 0010 12F0080F 		tst	r2, #8
  77 0014 0AD0     		beq	.L7
  78              	.LBB4:
  79              	.LBB5:
  65:Generated_Source\PSoC5/fineDAC_PM.c ****         {
  66:Generated_Source\PSoC5/fineDAC_PM.c ****             fineDAC_Strobe &= (uint8)(~fineDAC_STRB_MASK);
  80              		.loc 1 66 0
  81 0016 1A78     		ldrb	r2, [r3]	@ zero_extendqisi2
  82 0018 02F0F702 		and	r2, r2, #247
  83 001c 1A70     		strb	r2, [r3]
  67:Generated_Source\PSoC5/fineDAC_PM.c ****             fineDAC_Data = fineDAC_backup.data_value;
  84              		.loc 1 67 0
  85 001e 4278     		ldrb	r2, [r0, #1]	@ zero_extendqisi2
  86 0020 0A70     		strb	r2, [r1]
  68:Generated_Source\PSoC5/fineDAC_PM.c ****             fineDAC_Strobe |= fineDAC_STRB_EN;
  87              		.loc 1 68 0
  88 0022 1A78     		ldrb	r2, [r3]	@ zero_extendqisi2
  89 0024 42F00802 		orr	r2, r2, #8
  90 0028 1A70     		strb	r2, [r3]
  91 002a 7047     		bx	lr
  92              	.L7:
  93              	.LBE5:
  94              	.LBE4:
  69:Generated_Source\PSoC5/fineDAC_PM.c ****         }
  70:Generated_Source\PSoC5/fineDAC_PM.c ****         else
  71:Generated_Source\PSoC5/fineDAC_PM.c ****         {
  72:Generated_Source\PSoC5/fineDAC_PM.c ****             fineDAC_Data = fineDAC_backup.data_value;
  95              		.loc 1 72 0
  96 002c 4378     		ldrb	r3, [r0, #1]	@ zero_extendqisi2
  97 002e 0B70     		strb	r3, [r1]
  98              	.L5:
  99 0030 7047     		bx	lr
ARM GAS  C:\Users\THOMPS~1\AppData\Local\Temp\cc1H8Boe.s 			page 4


 100              	.L10:
 101 0032 00BF     		.align	2
 102              	.L9:
 103 0034 2D580040 		.word	1073764397
 104 0038 9F5A0040 		.word	1073765023
 105 003c 00000000 		.word	.LANCHOR0
 106 0040 835B0040 		.word	1073765251
 107              		.cfi_endproc
 108              	.LFE1:
 109              		.size	fineDAC_RestoreConfig, .-fineDAC_RestoreConfig
 110              		.section	.text.fineDAC_Sleep,"ax",%progbits
 111              		.align	1
 112              		.global	fineDAC_Sleep
 113              		.thumb
 114              		.thumb_func
 115              		.type	fineDAC_Sleep, %function
 116              	fineDAC_Sleep:
 117              	.LFB2:
  73:Generated_Source\PSoC5/fineDAC_PM.c ****         }
  74:Generated_Source\PSoC5/fineDAC_PM.c ****     }
  75:Generated_Source\PSoC5/fineDAC_PM.c **** }
  76:Generated_Source\PSoC5/fineDAC_PM.c **** 
  77:Generated_Source\PSoC5/fineDAC_PM.c **** 
  78:Generated_Source\PSoC5/fineDAC_PM.c **** /*******************************************************************************
  79:Generated_Source\PSoC5/fineDAC_PM.c **** * Function Name: fineDAC_Sleep
  80:Generated_Source\PSoC5/fineDAC_PM.c **** ********************************************************************************
  81:Generated_Source\PSoC5/fineDAC_PM.c **** * Summary:
  82:Generated_Source\PSoC5/fineDAC_PM.c **** *  Stop and Save the user configuration
  83:Generated_Source\PSoC5/fineDAC_PM.c **** *
  84:Generated_Source\PSoC5/fineDAC_PM.c **** * Parameters:  
  85:Generated_Source\PSoC5/fineDAC_PM.c **** *  void:  
  86:Generated_Source\PSoC5/fineDAC_PM.c **** *
  87:Generated_Source\PSoC5/fineDAC_PM.c **** * Return: 
  88:Generated_Source\PSoC5/fineDAC_PM.c **** *  void
  89:Generated_Source\PSoC5/fineDAC_PM.c **** *
  90:Generated_Source\PSoC5/fineDAC_PM.c **** * Global variables:
  91:Generated_Source\PSoC5/fineDAC_PM.c **** *  fineDAC_backup.enableState:  Is modified depending on the enable 
  92:Generated_Source\PSoC5/fineDAC_PM.c **** *  state  of the block before entering sleep mode.
  93:Generated_Source\PSoC5/fineDAC_PM.c **** *
  94:Generated_Source\PSoC5/fineDAC_PM.c **** *******************************************************************************/
  95:Generated_Source\PSoC5/fineDAC_PM.c **** void fineDAC_Sleep(void) 
  96:Generated_Source\PSoC5/fineDAC_PM.c **** {
 118              		.loc 1 96 0
 119              		.cfi_startproc
 120              		@ args = 0, pretend = 0, frame = 0
 121              		@ frame_needed = 0, uses_anonymous_args = 0
 122 0000 08B5     		push	{r3, lr}
 123              		.cfi_def_cfa_offset 8
 124              		.cfi_offset 3, -8
 125              		.cfi_offset 14, -4
  97:Generated_Source\PSoC5/fineDAC_PM.c ****     /* Save VDAC8's enable state */    
  98:Generated_Source\PSoC5/fineDAC_PM.c ****     if(fineDAC_ACT_PWR_EN == (fineDAC_PWRMGR & fineDAC_ACT_PWR_EN))
 126              		.loc 1 98 0
 127 0002 094B     		ldr	r3, .L14
 128 0004 094A     		ldr	r2, .L14+4
 129 0006 1B78     		ldrb	r3, [r3]	@ zero_extendqisi2
 130 0008 03F00803 		and	r3, r3, #8
ARM GAS  C:\Users\THOMPS~1\AppData\Local\Temp\cc1H8Boe.s 			page 5


 131 000c 03F0FF01 		and	r1, r3, #255
 132 0010 13B1     		cbz	r3, .L12
  99:Generated_Source\PSoC5/fineDAC_PM.c ****     {
 100:Generated_Source\PSoC5/fineDAC_PM.c ****         /* VDAC8 is enabled */
 101:Generated_Source\PSoC5/fineDAC_PM.c ****         fineDAC_backup.enableState = 1u;
 133              		.loc 1 101 0
 134 0012 0123     		movs	r3, #1
 135 0014 1370     		strb	r3, [r2]
 136 0016 00E0     		b	.L13
 137              	.L12:
 102:Generated_Source\PSoC5/fineDAC_PM.c ****     }
 103:Generated_Source\PSoC5/fineDAC_PM.c ****     else
 104:Generated_Source\PSoC5/fineDAC_PM.c ****     {
 105:Generated_Source\PSoC5/fineDAC_PM.c ****         /* VDAC8 is disabled */
 106:Generated_Source\PSoC5/fineDAC_PM.c ****         fineDAC_backup.enableState = 0u;
 138              		.loc 1 106 0
 139 0018 1170     		strb	r1, [r2]
 140              	.L13:
 107:Generated_Source\PSoC5/fineDAC_PM.c ****     }
 108:Generated_Source\PSoC5/fineDAC_PM.c ****     
 109:Generated_Source\PSoC5/fineDAC_PM.c ****     fineDAC_Stop();
 141              		.loc 1 109 0
 142 001a FFF7FEFF 		bl	fineDAC_Stop
 143              	.LVL0:
 110:Generated_Source\PSoC5/fineDAC_PM.c ****     fineDAC_SaveConfig();
 111:Generated_Source\PSoC5/fineDAC_PM.c **** }
 144              		.loc 1 111 0
 145 001e BDE80840 		pop	{r3, lr}
 146              		.cfi_restore 14
 147              		.cfi_restore 3
 148              		.cfi_def_cfa_offset 0
 110:Generated_Source\PSoC5/fineDAC_PM.c ****     fineDAC_SaveConfig();
 149              		.loc 1 110 0
 150 0022 FFF7FEBF 		b	fineDAC_SaveConfig
 151              	.LVL1:
 152              	.L15:
 153 0026 00BF     		.align	2
 154              	.L14:
 155 0028 A8430040 		.word	1073759144
 156 002c 00000000 		.word	.LANCHOR0
 157              		.cfi_endproc
 158              	.LFE2:
 159              		.size	fineDAC_Sleep, .-fineDAC_Sleep
 160              		.section	.text.fineDAC_Wakeup,"ax",%progbits
 161              		.align	1
 162              		.global	fineDAC_Wakeup
 163              		.thumb
 164              		.thumb_func
 165              		.type	fineDAC_Wakeup, %function
 166              	fineDAC_Wakeup:
 167              	.LFB3:
 112:Generated_Source\PSoC5/fineDAC_PM.c **** 
 113:Generated_Source\PSoC5/fineDAC_PM.c **** 
 114:Generated_Source\PSoC5/fineDAC_PM.c **** /*******************************************************************************
 115:Generated_Source\PSoC5/fineDAC_PM.c **** * Function Name: fineDAC_Wakeup
 116:Generated_Source\PSoC5/fineDAC_PM.c **** ********************************************************************************
 117:Generated_Source\PSoC5/fineDAC_PM.c **** *
ARM GAS  C:\Users\THOMPS~1\AppData\Local\Temp\cc1H8Boe.s 			page 6


 118:Generated_Source\PSoC5/fineDAC_PM.c **** * Summary:
 119:Generated_Source\PSoC5/fineDAC_PM.c **** *  Restores and enables the user configuration
 120:Generated_Source\PSoC5/fineDAC_PM.c **** *  
 121:Generated_Source\PSoC5/fineDAC_PM.c **** * Parameters:  
 122:Generated_Source\PSoC5/fineDAC_PM.c **** *  void
 123:Generated_Source\PSoC5/fineDAC_PM.c **** *
 124:Generated_Source\PSoC5/fineDAC_PM.c **** * Return: 
 125:Generated_Source\PSoC5/fineDAC_PM.c **** *  void
 126:Generated_Source\PSoC5/fineDAC_PM.c **** *
 127:Generated_Source\PSoC5/fineDAC_PM.c **** * Global variables:
 128:Generated_Source\PSoC5/fineDAC_PM.c **** *  fineDAC_backup.enableState:  Is used to restore the enable state of 
 129:Generated_Source\PSoC5/fineDAC_PM.c **** *  block on wakeup from sleep mode.
 130:Generated_Source\PSoC5/fineDAC_PM.c **** *
 131:Generated_Source\PSoC5/fineDAC_PM.c **** *******************************************************************************/
 132:Generated_Source\PSoC5/fineDAC_PM.c **** void fineDAC_Wakeup(void) 
 133:Generated_Source\PSoC5/fineDAC_PM.c **** {
 168              		.loc 1 133 0
 169              		.cfi_startproc
 170              		@ args = 0, pretend = 0, frame = 0
 171              		@ frame_needed = 0, uses_anonymous_args = 0
 172 0000 08B5     		push	{r3, lr}
 173              		.cfi_def_cfa_offset 8
 174              		.cfi_offset 3, -8
 175              		.cfi_offset 14, -4
 134:Generated_Source\PSoC5/fineDAC_PM.c ****     fineDAC_RestoreConfig();
 176              		.loc 1 134 0
 177 0002 FFF7FEFF 		bl	fineDAC_RestoreConfig
 178              	.LVL2:
 135:Generated_Source\PSoC5/fineDAC_PM.c ****     
 136:Generated_Source\PSoC5/fineDAC_PM.c ****     if(fineDAC_backup.enableState == 1u)
 179              		.loc 1 136 0
 180 0006 064B     		ldr	r3, .L18
 181 0008 1B78     		ldrb	r3, [r3]	@ zero_extendqisi2
 182 000a 012B     		cmp	r3, #1
 183 000c 07D1     		bne	.L16
 137:Generated_Source\PSoC5/fineDAC_PM.c ****     {
 138:Generated_Source\PSoC5/fineDAC_PM.c ****         /* Enable VDAC8's operation */
 139:Generated_Source\PSoC5/fineDAC_PM.c ****         fineDAC_Enable();
 184              		.loc 1 139 0
 185 000e FFF7FEFF 		bl	fineDAC_Enable
 186              	.LVL3:
 140:Generated_Source\PSoC5/fineDAC_PM.c **** 
 141:Generated_Source\PSoC5/fineDAC_PM.c ****         /* Restore the data register */
 142:Generated_Source\PSoC5/fineDAC_PM.c ****         fineDAC_SetValue(fineDAC_Data);
 187              		.loc 1 142 0
 188 0012 044B     		ldr	r3, .L18+4
 189 0014 1878     		ldrb	r0, [r3]	@ zero_extendqisi2
 143:Generated_Source\PSoC5/fineDAC_PM.c ****     } /* Do nothing if VDAC8 was disabled before */    
 144:Generated_Source\PSoC5/fineDAC_PM.c **** }
 190              		.loc 1 144 0
 191 0016 BDE80840 		pop	{r3, lr}
 192              		.cfi_remember_state
 193              		.cfi_restore 14
 194              		.cfi_restore 3
 195              		.cfi_def_cfa_offset 0
 142:Generated_Source\PSoC5/fineDAC_PM.c ****     } /* Do nothing if VDAC8 was disabled before */    
 196              		.loc 1 142 0
ARM GAS  C:\Users\THOMPS~1\AppData\Local\Temp\cc1H8Boe.s 			page 7


 197 001a FFF7FEBF 		b	fineDAC_SetValue
 198              	.LVL4:
 199              	.L16:
 200              		.cfi_restore_state
 201 001e 08BD     		pop	{r3, pc}
 202              	.L19:
 203              		.align	2
 204              	.L18:
 205 0020 00000000 		.word	.LANCHOR0
 206 0024 835B0040 		.word	1073765251
 207              		.cfi_endproc
 208              	.LFE3:
 209              		.size	fineDAC_Wakeup, .-fineDAC_Wakeup
 210              		.bss
 211              		.set	.LANCHOR0,. + 0
 212              		.type	fineDAC_backup, %object
 213              		.size	fineDAC_backup, 2
 214              	fineDAC_backup:
 215 0000 0000     		.space	2
 216              		.text
 217              	.Letext0:
 218              		.file 2 "Generated_Source\\PSoC5\\cytypes.h"
 219              		.file 3 "Generated_Source\\PSoC5\\fineDAC.h"
 220              		.section	.debug_info,"",%progbits
 221              	.Ldebug_info0:
 222 0000 79010000 		.4byte	0x179
 223 0004 0400     		.2byte	0x4
 224 0006 00000000 		.4byte	.Ldebug_abbrev0
 225 000a 04       		.byte	0x4
 226 000b 01       		.uleb128 0x1
 227 000c C3000000 		.4byte	.LASF22
 228 0010 0C       		.byte	0xc
 229 0011 85010000 		.4byte	.LASF23
 230 0015 EB010000 		.4byte	.LASF24
 231 0019 00000000 		.4byte	.Ldebug_ranges0+0
 232 001d 00000000 		.4byte	0
 233 0021 00000000 		.4byte	.Ldebug_line0
 234 0025 02       		.uleb128 0x2
 235 0026 01       		.byte	0x1
 236 0027 06       		.byte	0x6
 237 0028 DF010000 		.4byte	.LASF0
 238 002c 02       		.uleb128 0x2
 239 002d 01       		.byte	0x1
 240 002e 08       		.byte	0x8
 241 002f 55000000 		.4byte	.LASF1
 242 0033 02       		.uleb128 0x2
 243 0034 02       		.byte	0x2
 244 0035 05       		.byte	0x5
 245 0036 A9010000 		.4byte	.LASF2
 246 003a 02       		.uleb128 0x2
 247 003b 02       		.byte	0x2
 248 003c 07       		.byte	0x7
 249 003d 8F000000 		.4byte	.LASF3
 250 0041 02       		.uleb128 0x2
 251 0042 04       		.byte	0x4
 252 0043 05       		.byte	0x5
 253 0044 CA010000 		.4byte	.LASF4
ARM GAS  C:\Users\THOMPS~1\AppData\Local\Temp\cc1H8Boe.s 			page 8


 254 0048 02       		.uleb128 0x2
 255 0049 04       		.byte	0x4
 256 004a 07       		.byte	0x7
 257 004b 7D000000 		.4byte	.LASF5
 258 004f 02       		.uleb128 0x2
 259 0050 08       		.byte	0x8
 260 0051 05       		.byte	0x5
 261 0052 51010000 		.4byte	.LASF6
 262 0056 02       		.uleb128 0x2
 263 0057 08       		.byte	0x8
 264 0058 07       		.byte	0x7
 265 0059 3E000000 		.4byte	.LASF7
 266 005d 03       		.uleb128 0x3
 267 005e 04       		.byte	0x4
 268 005f 05       		.byte	0x5
 269 0060 696E7400 		.ascii	"int\000"
 270 0064 02       		.uleb128 0x2
 271 0065 04       		.byte	0x4
 272 0066 07       		.byte	0x7
 273 0067 B6000000 		.4byte	.LASF8
 274 006b 04       		.uleb128 0x4
 275 006c C4010000 		.4byte	.LASF12
 276 0070 02       		.byte	0x2
 277 0071 E401     		.2byte	0x1e4
 278 0073 2C000000 		.4byte	0x2c
 279 0077 02       		.uleb128 0x2
 280 0078 04       		.byte	0x4
 281 0079 04       		.byte	0x4
 282 007a 38000000 		.4byte	.LASF9
 283 007e 02       		.uleb128 0x2
 284 007f 08       		.byte	0x8
 285 0080 04       		.byte	0x4
 286 0081 AF000000 		.4byte	.LASF10
 287 0085 02       		.uleb128 0x2
 288 0086 01       		.byte	0x1
 289 0087 08       		.byte	0x8
 290 0088 5F010000 		.4byte	.LASF11
 291 008c 04       		.uleb128 0x4
 292 008d 78000000 		.4byte	.LASF13
 293 0091 02       		.byte	0x2
 294 0092 8E02     		.2byte	0x28e
 295 0094 98000000 		.4byte	0x98
 296 0098 05       		.uleb128 0x5
 297 0099 6B000000 		.4byte	0x6b
 298 009d 06       		.uleb128 0x6
 299 009e 02       		.byte	0x2
 300 009f 03       		.byte	0x3
 301 00a0 25       		.byte	0x25
 302 00a1 BE000000 		.4byte	0xbe
 303 00a5 07       		.uleb128 0x7
 304 00a6 D3010000 		.4byte	.LASF14
 305 00aa 03       		.byte	0x3
 306 00ab 27       		.byte	0x27
 307 00ac 6B000000 		.4byte	0x6b
 308 00b0 00       		.byte	0
 309 00b1 07       		.uleb128 0x7
 310 00b2 1E000000 		.4byte	.LASF15
ARM GAS  C:\Users\THOMPS~1\AppData\Local\Temp\cc1H8Boe.s 			page 9


 311 00b6 03       		.byte	0x3
 312 00b7 28       		.byte	0x28
 313 00b8 6B000000 		.4byte	0x6b
 314 00bc 01       		.byte	0x1
 315 00bd 00       		.byte	0
 316 00be 08       		.uleb128 0x8
 317 00bf 63000000 		.4byte	.LASF16
 318 00c3 03       		.byte	0x3
 319 00c4 29       		.byte	0x29
 320 00c5 9D000000 		.4byte	0x9d
 321 00c9 09       		.uleb128 0x9
 322 00ca 7D020000 		.4byte	.LASF25
 323 00ce 01       		.byte	0x1
 324 00cf 3C       		.byte	0x3c
 325 00d0 01       		.byte	0x1
 326 00d1 0A       		.uleb128 0xa
 327 00d2 64010000 		.4byte	.LASF26
 328 00d6 01       		.byte	0x1
 329 00d7 25       		.byte	0x25
 330 00d8 00000000 		.4byte	.LFB0
 331 00dc 20000000 		.4byte	.LFE0-.LFB0
 332 00e0 01       		.uleb128 0x1
 333 00e1 9C       		.byte	0x9c
 334 00e2 0B       		.uleb128 0xb
 335 00e3 C9000000 		.4byte	0xc9
 336 00e7 00000000 		.4byte	.LFB1
 337 00eb 44000000 		.4byte	.LFE1-.LFB1
 338 00ef 01       		.uleb128 0x1
 339 00f0 9C       		.byte	0x9c
 340 00f1 0C       		.uleb128 0xc
 341 00f2 77010000 		.4byte	.LASF17
 342 00f6 01       		.byte	0x1
 343 00f7 5F       		.byte	0x5f
 344 00f8 00000000 		.4byte	.LFB2
 345 00fc 30000000 		.4byte	.LFE2-.LFB2
 346 0100 01       		.uleb128 0x1
 347 0101 9C       		.byte	0x9c
 348 0102 19010000 		.4byte	0x119
 349 0106 0D       		.uleb128 0xd
 350 0107 1E000000 		.4byte	.LVL0
 351 010b 5B010000 		.4byte	0x15b
 352 010f 0E       		.uleb128 0xe
 353 0110 26000000 		.4byte	.LVL1
 354 0114 D1000000 		.4byte	0xd1
 355 0118 00       		.byte	0
 356 0119 0C       		.uleb128 0xc
 357 011a 29000000 		.4byte	.LASF18
 358 011e 01       		.byte	0x1
 359 011f 84       		.byte	0x84
 360 0120 00000000 		.4byte	.LFB3
 361 0124 28000000 		.4byte	.LFE3-.LFB3
 362 0128 01       		.uleb128 0x1
 363 0129 9C       		.byte	0x9c
 364 012a 4A010000 		.4byte	0x14a
 365 012e 0D       		.uleb128 0xd
 366 012f 06000000 		.4byte	.LVL2
 367 0133 C9000000 		.4byte	0xc9
ARM GAS  C:\Users\THOMPS~1\AppData\Local\Temp\cc1H8Boe.s 			page 10


 368 0137 0D       		.uleb128 0xd
 369 0138 12000000 		.4byte	.LVL3
 370 013c 66010000 		.4byte	0x166
 371 0140 0E       		.uleb128 0xe
 372 0141 1E000000 		.4byte	.LVL4
 373 0145 71010000 		.4byte	0x171
 374 0149 00       		.byte	0
 375 014a 0F       		.uleb128 0xf
 376 014b 0F000000 		.4byte	.LASF27
 377 014f 01       		.byte	0x1
 378 0150 15       		.byte	0x15
 379 0151 BE000000 		.4byte	0xbe
 380 0155 05       		.uleb128 0x5
 381 0156 03       		.byte	0x3
 382 0157 00000000 		.4byte	fineDAC_backup
 383 015b 10       		.uleb128 0x10
 384 015c A2000000 		.4byte	.LASF19
 385 0160 A2000000 		.4byte	.LASF19
 386 0164 03       		.byte	0x3
 387 0165 34       		.byte	0x34
 388 0166 10       		.uleb128 0x10
 389 0167 00000000 		.4byte	.LASF20
 390 016b 00000000 		.4byte	.LASF20
 391 016f 03       		.byte	0x3
 392 0170 3A       		.byte	0x3a
 393 0171 10       		.uleb128 0x10
 394 0172 B3010000 		.4byte	.LASF21
 395 0176 B3010000 		.4byte	.LASF21
 396 017a 03       		.byte	0x3
 397 017b 37       		.byte	0x37
 398 017c 00       		.byte	0
 399              		.section	.debug_abbrev,"",%progbits
 400              	.Ldebug_abbrev0:
 401 0000 01       		.uleb128 0x1
 402 0001 11       		.uleb128 0x11
 403 0002 01       		.byte	0x1
 404 0003 25       		.uleb128 0x25
 405 0004 0E       		.uleb128 0xe
 406 0005 13       		.uleb128 0x13
 407 0006 0B       		.uleb128 0xb
 408 0007 03       		.uleb128 0x3
 409 0008 0E       		.uleb128 0xe
 410 0009 1B       		.uleb128 0x1b
 411 000a 0E       		.uleb128 0xe
 412 000b 55       		.uleb128 0x55
 413 000c 17       		.uleb128 0x17
 414 000d 11       		.uleb128 0x11
 415 000e 01       		.uleb128 0x1
 416 000f 10       		.uleb128 0x10
 417 0010 17       		.uleb128 0x17
 418 0011 00       		.byte	0
 419 0012 00       		.byte	0
 420 0013 02       		.uleb128 0x2
 421 0014 24       		.uleb128 0x24
 422 0015 00       		.byte	0
 423 0016 0B       		.uleb128 0xb
 424 0017 0B       		.uleb128 0xb
ARM GAS  C:\Users\THOMPS~1\AppData\Local\Temp\cc1H8Boe.s 			page 11


 425 0018 3E       		.uleb128 0x3e
 426 0019 0B       		.uleb128 0xb
 427 001a 03       		.uleb128 0x3
 428 001b 0E       		.uleb128 0xe
 429 001c 00       		.byte	0
 430 001d 00       		.byte	0
 431 001e 03       		.uleb128 0x3
 432 001f 24       		.uleb128 0x24
 433 0020 00       		.byte	0
 434 0021 0B       		.uleb128 0xb
 435 0022 0B       		.uleb128 0xb
 436 0023 3E       		.uleb128 0x3e
 437 0024 0B       		.uleb128 0xb
 438 0025 03       		.uleb128 0x3
 439 0026 08       		.uleb128 0x8
 440 0027 00       		.byte	0
 441 0028 00       		.byte	0
 442 0029 04       		.uleb128 0x4
 443 002a 16       		.uleb128 0x16
 444 002b 00       		.byte	0
 445 002c 03       		.uleb128 0x3
 446 002d 0E       		.uleb128 0xe
 447 002e 3A       		.uleb128 0x3a
 448 002f 0B       		.uleb128 0xb
 449 0030 3B       		.uleb128 0x3b
 450 0031 05       		.uleb128 0x5
 451 0032 49       		.uleb128 0x49
 452 0033 13       		.uleb128 0x13
 453 0034 00       		.byte	0
 454 0035 00       		.byte	0
 455 0036 05       		.uleb128 0x5
 456 0037 35       		.uleb128 0x35
 457 0038 00       		.byte	0
 458 0039 49       		.uleb128 0x49
 459 003a 13       		.uleb128 0x13
 460 003b 00       		.byte	0
 461 003c 00       		.byte	0
 462 003d 06       		.uleb128 0x6
 463 003e 13       		.uleb128 0x13
 464 003f 01       		.byte	0x1
 465 0040 0B       		.uleb128 0xb
 466 0041 0B       		.uleb128 0xb
 467 0042 3A       		.uleb128 0x3a
 468 0043 0B       		.uleb128 0xb
 469 0044 3B       		.uleb128 0x3b
 470 0045 0B       		.uleb128 0xb
 471 0046 01       		.uleb128 0x1
 472 0047 13       		.uleb128 0x13
 473 0048 00       		.byte	0
 474 0049 00       		.byte	0
 475 004a 07       		.uleb128 0x7
 476 004b 0D       		.uleb128 0xd
 477 004c 00       		.byte	0
 478 004d 03       		.uleb128 0x3
 479 004e 0E       		.uleb128 0xe
 480 004f 3A       		.uleb128 0x3a
 481 0050 0B       		.uleb128 0xb
ARM GAS  C:\Users\THOMPS~1\AppData\Local\Temp\cc1H8Boe.s 			page 12


 482 0051 3B       		.uleb128 0x3b
 483 0052 0B       		.uleb128 0xb
 484 0053 49       		.uleb128 0x49
 485 0054 13       		.uleb128 0x13
 486 0055 38       		.uleb128 0x38
 487 0056 0B       		.uleb128 0xb
 488 0057 00       		.byte	0
 489 0058 00       		.byte	0
 490 0059 08       		.uleb128 0x8
 491 005a 16       		.uleb128 0x16
 492 005b 00       		.byte	0
 493 005c 03       		.uleb128 0x3
 494 005d 0E       		.uleb128 0xe
 495 005e 3A       		.uleb128 0x3a
 496 005f 0B       		.uleb128 0xb
 497 0060 3B       		.uleb128 0x3b
 498 0061 0B       		.uleb128 0xb
 499 0062 49       		.uleb128 0x49
 500 0063 13       		.uleb128 0x13
 501 0064 00       		.byte	0
 502 0065 00       		.byte	0
 503 0066 09       		.uleb128 0x9
 504 0067 2E       		.uleb128 0x2e
 505 0068 00       		.byte	0
 506 0069 3F       		.uleb128 0x3f
 507 006a 19       		.uleb128 0x19
 508 006b 03       		.uleb128 0x3
 509 006c 0E       		.uleb128 0xe
 510 006d 3A       		.uleb128 0x3a
 511 006e 0B       		.uleb128 0xb
 512 006f 3B       		.uleb128 0x3b
 513 0070 0B       		.uleb128 0xb
 514 0071 27       		.uleb128 0x27
 515 0072 19       		.uleb128 0x19
 516 0073 20       		.uleb128 0x20
 517 0074 0B       		.uleb128 0xb
 518 0075 00       		.byte	0
 519 0076 00       		.byte	0
 520 0077 0A       		.uleb128 0xa
 521 0078 2E       		.uleb128 0x2e
 522 0079 00       		.byte	0
 523 007a 3F       		.uleb128 0x3f
 524 007b 19       		.uleb128 0x19
 525 007c 03       		.uleb128 0x3
 526 007d 0E       		.uleb128 0xe
 527 007e 3A       		.uleb128 0x3a
 528 007f 0B       		.uleb128 0xb
 529 0080 3B       		.uleb128 0x3b
 530 0081 0B       		.uleb128 0xb
 531 0082 27       		.uleb128 0x27
 532 0083 19       		.uleb128 0x19
 533 0084 11       		.uleb128 0x11
 534 0085 01       		.uleb128 0x1
 535 0086 12       		.uleb128 0x12
 536 0087 06       		.uleb128 0x6
 537 0088 40       		.uleb128 0x40
 538 0089 18       		.uleb128 0x18
ARM GAS  C:\Users\THOMPS~1\AppData\Local\Temp\cc1H8Boe.s 			page 13


 539 008a 9742     		.uleb128 0x2117
 540 008c 19       		.uleb128 0x19
 541 008d 00       		.byte	0
 542 008e 00       		.byte	0
 543 008f 0B       		.uleb128 0xb
 544 0090 2E       		.uleb128 0x2e
 545 0091 00       		.byte	0
 546 0092 31       		.uleb128 0x31
 547 0093 13       		.uleb128 0x13
 548 0094 11       		.uleb128 0x11
 549 0095 01       		.uleb128 0x1
 550 0096 12       		.uleb128 0x12
 551 0097 06       		.uleb128 0x6
 552 0098 40       		.uleb128 0x40
 553 0099 18       		.uleb128 0x18
 554 009a 9742     		.uleb128 0x2117
 555 009c 19       		.uleb128 0x19
 556 009d 00       		.byte	0
 557 009e 00       		.byte	0
 558 009f 0C       		.uleb128 0xc
 559 00a0 2E       		.uleb128 0x2e
 560 00a1 01       		.byte	0x1
 561 00a2 3F       		.uleb128 0x3f
 562 00a3 19       		.uleb128 0x19
 563 00a4 03       		.uleb128 0x3
 564 00a5 0E       		.uleb128 0xe
 565 00a6 3A       		.uleb128 0x3a
 566 00a7 0B       		.uleb128 0xb
 567 00a8 3B       		.uleb128 0x3b
 568 00a9 0B       		.uleb128 0xb
 569 00aa 27       		.uleb128 0x27
 570 00ab 19       		.uleb128 0x19
 571 00ac 11       		.uleb128 0x11
 572 00ad 01       		.uleb128 0x1
 573 00ae 12       		.uleb128 0x12
 574 00af 06       		.uleb128 0x6
 575 00b0 40       		.uleb128 0x40
 576 00b1 18       		.uleb128 0x18
 577 00b2 9742     		.uleb128 0x2117
 578 00b4 19       		.uleb128 0x19
 579 00b5 01       		.uleb128 0x1
 580 00b6 13       		.uleb128 0x13
 581 00b7 00       		.byte	0
 582 00b8 00       		.byte	0
 583 00b9 0D       		.uleb128 0xd
 584 00ba 898201   		.uleb128 0x4109
 585 00bd 00       		.byte	0
 586 00be 11       		.uleb128 0x11
 587 00bf 01       		.uleb128 0x1
 588 00c0 31       		.uleb128 0x31
 589 00c1 13       		.uleb128 0x13
 590 00c2 00       		.byte	0
 591 00c3 00       		.byte	0
 592 00c4 0E       		.uleb128 0xe
 593 00c5 898201   		.uleb128 0x4109
 594 00c8 00       		.byte	0
 595 00c9 11       		.uleb128 0x11
ARM GAS  C:\Users\THOMPS~1\AppData\Local\Temp\cc1H8Boe.s 			page 14


 596 00ca 01       		.uleb128 0x1
 597 00cb 9542     		.uleb128 0x2115
 598 00cd 19       		.uleb128 0x19
 599 00ce 31       		.uleb128 0x31
 600 00cf 13       		.uleb128 0x13
 601 00d0 00       		.byte	0
 602 00d1 00       		.byte	0
 603 00d2 0F       		.uleb128 0xf
 604 00d3 34       		.uleb128 0x34
 605 00d4 00       		.byte	0
 606 00d5 03       		.uleb128 0x3
 607 00d6 0E       		.uleb128 0xe
 608 00d7 3A       		.uleb128 0x3a
 609 00d8 0B       		.uleb128 0xb
 610 00d9 3B       		.uleb128 0x3b
 611 00da 0B       		.uleb128 0xb
 612 00db 49       		.uleb128 0x49
 613 00dc 13       		.uleb128 0x13
 614 00dd 02       		.uleb128 0x2
 615 00de 18       		.uleb128 0x18
 616 00df 00       		.byte	0
 617 00e0 00       		.byte	0
 618 00e1 10       		.uleb128 0x10
 619 00e2 2E       		.uleb128 0x2e
 620 00e3 00       		.byte	0
 621 00e4 3F       		.uleb128 0x3f
 622 00e5 19       		.uleb128 0x19
 623 00e6 3C       		.uleb128 0x3c
 624 00e7 19       		.uleb128 0x19
 625 00e8 6E       		.uleb128 0x6e
 626 00e9 0E       		.uleb128 0xe
 627 00ea 03       		.uleb128 0x3
 628 00eb 0E       		.uleb128 0xe
 629 00ec 3A       		.uleb128 0x3a
 630 00ed 0B       		.uleb128 0xb
 631 00ee 3B       		.uleb128 0x3b
 632 00ef 0B       		.uleb128 0xb
 633 00f0 00       		.byte	0
 634 00f1 00       		.byte	0
 635 00f2 00       		.byte	0
 636              		.section	.debug_aranges,"",%progbits
 637 0000 34000000 		.4byte	0x34
 638 0004 0200     		.2byte	0x2
 639 0006 00000000 		.4byte	.Ldebug_info0
 640 000a 04       		.byte	0x4
 641 000b 00       		.byte	0
 642 000c 0000     		.2byte	0
 643 000e 0000     		.2byte	0
 644 0010 00000000 		.4byte	.LFB0
 645 0014 20000000 		.4byte	.LFE0-.LFB0
 646 0018 00000000 		.4byte	.LFB1
 647 001c 44000000 		.4byte	.LFE1-.LFB1
 648 0020 00000000 		.4byte	.LFB2
 649 0024 30000000 		.4byte	.LFE2-.LFB2
 650 0028 00000000 		.4byte	.LFB3
 651 002c 28000000 		.4byte	.LFE3-.LFB3
 652 0030 00000000 		.4byte	0
ARM GAS  C:\Users\THOMPS~1\AppData\Local\Temp\cc1H8Boe.s 			page 15


 653 0034 00000000 		.4byte	0
 654              		.section	.debug_ranges,"",%progbits
 655              	.Ldebug_ranges0:
 656 0000 00000000 		.4byte	.LFB0
 657 0004 20000000 		.4byte	.LFE0
 658 0008 00000000 		.4byte	.LFB1
 659 000c 44000000 		.4byte	.LFE1
 660 0010 00000000 		.4byte	.LFB2
 661 0014 30000000 		.4byte	.LFE2
 662 0018 00000000 		.4byte	.LFB3
 663 001c 28000000 		.4byte	.LFE3
 664 0020 00000000 		.4byte	0
 665 0024 00000000 		.4byte	0
 666              		.section	.debug_line,"",%progbits
 667              	.Ldebug_line0:
 668 0000 AC000000 		.section	.debug_str,"MS",%progbits,1
 668      02005400 
 668      00000201 
 668      FB0E0D00 
 668      01010101 
 669              	.LASF20:
 670 0000 66696E65 		.ascii	"fineDAC_Enable\000"
 670      4441435F 
 670      456E6162 
 670      6C6500
 671              	.LASF27:
 672 000f 66696E65 		.ascii	"fineDAC_backup\000"
 672      4441435F 
 672      6261636B 
 672      757000
 673              	.LASF15:
 674 001e 64617461 		.ascii	"data_value\000"
 674      5F76616C 
 674      756500
 675              	.LASF18:
 676 0029 66696E65 		.ascii	"fineDAC_Wakeup\000"
 676      4441435F 
 676      57616B65 
 676      757000
 677              	.LASF9:
 678 0038 666C6F61 		.ascii	"float\000"
 678      7400
 679              	.LASF7:
 680 003e 6C6F6E67 		.ascii	"long long unsigned int\000"
 680      206C6F6E 
 680      6720756E 
 680      7369676E 
 680      65642069 
 681              	.LASF1:
 682 0055 756E7369 		.ascii	"unsigned char\000"
 682      676E6564 
 682      20636861 
 682      7200
 683              	.LASF16:
 684 0063 66696E65 		.ascii	"fineDAC_backupStruct\000"
 684      4441435F 
 684      6261636B 
ARM GAS  C:\Users\THOMPS~1\AppData\Local\Temp\cc1H8Boe.s 			page 16


 684      75705374 
 684      72756374 
 685              	.LASF13:
 686 0078 72656738 		.ascii	"reg8\000"
 686      00
 687              	.LASF5:
 688 007d 6C6F6E67 		.ascii	"long unsigned int\000"
 688      20756E73 
 688      69676E65 
 688      6420696E 
 688      7400
 689              	.LASF3:
 690 008f 73686F72 		.ascii	"short unsigned int\000"
 690      7420756E 
 690      7369676E 
 690      65642069 
 690      6E7400
 691              	.LASF19:
 692 00a2 66696E65 		.ascii	"fineDAC_Stop\000"
 692      4441435F 
 692      53746F70 
 692      00
 693              	.LASF10:
 694 00af 646F7562 		.ascii	"double\000"
 694      6C6500
 695              	.LASF8:
 696 00b6 756E7369 		.ascii	"unsigned int\000"
 696      676E6564 
 696      20696E74 
 696      00
 697              	.LASF22:
 698 00c3 474E5520 		.ascii	"GNU C11 5.4.1 20160609 (release) [ARM/embedded-5-br"
 698      43313120 
 698      352E342E 
 698      31203230 
 698      31363036 
 699 00f6 616E6368 		.ascii	"anch revision 237715] -mcpu=cortex-m3 -mthumb -g -O"
 699      20726576 
 699      6973696F 
 699      6E203233 
 699      37373135 
 700 0129 73202D66 		.ascii	"s -ffunction-sections -ffat-lto-objects\000"
 700      66756E63 
 700      74696F6E 
 700      2D736563 
 700      74696F6E 
 701              	.LASF6:
 702 0151 6C6F6E67 		.ascii	"long long int\000"
 702      206C6F6E 
 702      6720696E 
 702      7400
 703              	.LASF11:
 704 015f 63686172 		.ascii	"char\000"
 704      00
 705              	.LASF26:
 706 0164 66696E65 		.ascii	"fineDAC_SaveConfig\000"
 706      4441435F 
ARM GAS  C:\Users\THOMPS~1\AppData\Local\Temp\cc1H8Boe.s 			page 17


 706      53617665 
 706      436F6E66 
 706      696700
 707              	.LASF17:
 708 0177 66696E65 		.ascii	"fineDAC_Sleep\000"
 708      4441435F 
 708      536C6565 
 708      7000
 709              	.LASF23:
 710 0185 47656E65 		.ascii	"Generated_Source\\PSoC5\\fineDAC_PM.c\000"
 710      72617465 
 710      645F536F 
 710      75726365 
 710      5C50536F 
 711              	.LASF2:
 712 01a9 73686F72 		.ascii	"short int\000"
 712      7420696E 
 712      7400
 713              	.LASF21:
 714 01b3 66696E65 		.ascii	"fineDAC_SetValue\000"
 714      4441435F 
 714      53657456 
 714      616C7565 
 714      00
 715              	.LASF12:
 716 01c4 75696E74 		.ascii	"uint8\000"
 716      3800
 717              	.LASF4:
 718 01ca 6C6F6E67 		.ascii	"long int\000"
 718      20696E74 
 718      00
 719              	.LASF14:
 720 01d3 656E6162 		.ascii	"enableState\000"
 720      6C655374 
 720      61746500 
 721              	.LASF0:
 722 01df 7369676E 		.ascii	"signed char\000"
 722      65642063 
 722      68617200 
 723              	.LASF24:
 724 01eb 5C5C766C 		.ascii	"\\\\vladan\\Thompson Lab Documents\\Graham\\Arduino"
 724      6164616E 
 724      5C54686F 
 724      6D70736F 
 724      6E204C61 
 725 0219 5C547269 		.ascii	"\\Triggered Relocker\\src\\Adjustable Automated Rel"
 725      67676572 
 725      65642052 
 725      656C6F63 
 725      6B65725C 
 726 0249 6F636B65 		.ascii	"ocker Code\\Adjustable Automated Relocker Code.cyds"
 726      7220436F 
 726      64655C41 
 726      646A7573 
 726      7461626C 
 727 027b 6E00     		.ascii	"n\000"
 728              	.LASF25:
ARM GAS  C:\Users\THOMPS~1\AppData\Local\Temp\cc1H8Boe.s 			page 18


 729 027d 66696E65 		.ascii	"fineDAC_RestoreConfig\000"
 729      4441435F 
 729      52657374 
 729      6F726543 
 729      6F6E6669 
 730              		.ident	"GCC: (GNU Tools for ARM Embedded Processors) 5.4.1 20160609 (release) [ARM/embedded-5-bran
