ARM GAS  C:\Users\THOMPS~1\AppData\Local\Temp\ccP1wsW2.s 			page 1


   1              		.syntax unified
   2              		.cpu cortex-m3
   3              		.fpu softvfp
   4              		.eabi_attribute 20, 1
   5              		.eabi_attribute 21, 1
   6              		.eabi_attribute 23, 3
   7              		.eabi_attribute 24, 1
   8              		.eabi_attribute 25, 1
   9              		.eabi_attribute 26, 1
  10              		.eabi_attribute 30, 4
  11              		.eabi_attribute 34, 1
  12              		.eabi_attribute 18, 4
  13              		.thumb
  14              		.syntax unified
  15              		.file	"fineDAC.c"
  16              		.text
  17              	.Ltext0:
  18              		.cfi_sections	.debug_frame
  19              		.section	.text.fineDAC_Enable,"ax",%progbits
  20              		.align	1
  21              		.global	fineDAC_Enable
  22              		.thumb
  23              		.thumb_func
  24              		.type	fineDAC_Enable, %function
  25              	fineDAC_Enable:
  26              	.LFB1:
  27              		.file 1 "Generated_Source\\PSoC5\\fineDAC.c"
   1:Generated_Source\PSoC5/fineDAC.c **** /*******************************************************************************
   2:Generated_Source\PSoC5/fineDAC.c **** * File Name: fineDAC.c  
   3:Generated_Source\PSoC5/fineDAC.c **** * Version 1.90
   4:Generated_Source\PSoC5/fineDAC.c **** *
   5:Generated_Source\PSoC5/fineDAC.c **** * Description:
   6:Generated_Source\PSoC5/fineDAC.c **** *  This file provides the source code to the API for the 8-bit Voltage DAC 
   7:Generated_Source\PSoC5/fineDAC.c **** *  (VDAC8) User Module.
   8:Generated_Source\PSoC5/fineDAC.c **** *
   9:Generated_Source\PSoC5/fineDAC.c **** * Note:
  10:Generated_Source\PSoC5/fineDAC.c **** *  Any unusual or non-standard behavior should be noted here. Other-
  11:Generated_Source\PSoC5/fineDAC.c **** *  wise, this section should remain blank.
  12:Generated_Source\PSoC5/fineDAC.c **** *
  13:Generated_Source\PSoC5/fineDAC.c **** ********************************************************************************
  14:Generated_Source\PSoC5/fineDAC.c **** * Copyright 2008-2012, Cypress Semiconductor Corporation.  All rights reserved.
  15:Generated_Source\PSoC5/fineDAC.c **** * You may use this file only in accordance with the license, terms, conditions, 
  16:Generated_Source\PSoC5/fineDAC.c **** * disclaimers, and limitations in the end user license agreement accompanying 
  17:Generated_Source\PSoC5/fineDAC.c **** * the software package with which this file was provided.
  18:Generated_Source\PSoC5/fineDAC.c **** *******************************************************************************/
  19:Generated_Source\PSoC5/fineDAC.c **** 
  20:Generated_Source\PSoC5/fineDAC.c **** #include "cytypes.h"
  21:Generated_Source\PSoC5/fineDAC.c **** #include "fineDAC.h"
  22:Generated_Source\PSoC5/fineDAC.c **** 
  23:Generated_Source\PSoC5/fineDAC.c **** #if (CY_PSOC5A)
  24:Generated_Source\PSoC5/fineDAC.c **** #include <CyLib.h>
  25:Generated_Source\PSoC5/fineDAC.c **** #endif /* CY_PSOC5A */
  26:Generated_Source\PSoC5/fineDAC.c **** 
  27:Generated_Source\PSoC5/fineDAC.c **** uint8 fineDAC_initVar = 0u;
  28:Generated_Source\PSoC5/fineDAC.c **** 
  29:Generated_Source\PSoC5/fineDAC.c **** #if (CY_PSOC5A)
  30:Generated_Source\PSoC5/fineDAC.c ****     static uint8 fineDAC_restoreVal = 0u;
ARM GAS  C:\Users\THOMPS~1\AppData\Local\Temp\ccP1wsW2.s 			page 2


  31:Generated_Source\PSoC5/fineDAC.c **** #endif /* CY_PSOC5A */
  32:Generated_Source\PSoC5/fineDAC.c **** 
  33:Generated_Source\PSoC5/fineDAC.c **** #if (CY_PSOC5A)
  34:Generated_Source\PSoC5/fineDAC.c ****     static fineDAC_backupStruct fineDAC_backup;
  35:Generated_Source\PSoC5/fineDAC.c **** #endif /* CY_PSOC5A */
  36:Generated_Source\PSoC5/fineDAC.c **** 
  37:Generated_Source\PSoC5/fineDAC.c **** 
  38:Generated_Source\PSoC5/fineDAC.c **** /*******************************************************************************
  39:Generated_Source\PSoC5/fineDAC.c **** * Function Name: fineDAC_Init
  40:Generated_Source\PSoC5/fineDAC.c **** ********************************************************************************
  41:Generated_Source\PSoC5/fineDAC.c **** * Summary:
  42:Generated_Source\PSoC5/fineDAC.c **** *  Initialize to the schematic state.
  43:Generated_Source\PSoC5/fineDAC.c **** * 
  44:Generated_Source\PSoC5/fineDAC.c **** * Parameters:
  45:Generated_Source\PSoC5/fineDAC.c **** *  void:
  46:Generated_Source\PSoC5/fineDAC.c **** *
  47:Generated_Source\PSoC5/fineDAC.c **** * Return:
  48:Generated_Source\PSoC5/fineDAC.c **** *  void
  49:Generated_Source\PSoC5/fineDAC.c **** *
  50:Generated_Source\PSoC5/fineDAC.c **** * Theory:
  51:Generated_Source\PSoC5/fineDAC.c **** *
  52:Generated_Source\PSoC5/fineDAC.c **** * Side Effects:
  53:Generated_Source\PSoC5/fineDAC.c **** *
  54:Generated_Source\PSoC5/fineDAC.c **** *******************************************************************************/
  55:Generated_Source\PSoC5/fineDAC.c **** void fineDAC_Init(void) 
  56:Generated_Source\PSoC5/fineDAC.c **** {
  57:Generated_Source\PSoC5/fineDAC.c ****     fineDAC_CR0 = (fineDAC_MODE_V );
  58:Generated_Source\PSoC5/fineDAC.c **** 
  59:Generated_Source\PSoC5/fineDAC.c ****     /* Set default data source */
  60:Generated_Source\PSoC5/fineDAC.c ****     #if(fineDAC_DEFAULT_DATA_SRC != 0 )
  61:Generated_Source\PSoC5/fineDAC.c ****         fineDAC_CR1 = (fineDAC_DEFAULT_CNTL | fineDAC_DACBUS_ENABLE) ;
  62:Generated_Source\PSoC5/fineDAC.c ****     #else
  63:Generated_Source\PSoC5/fineDAC.c ****         fineDAC_CR1 = (fineDAC_DEFAULT_CNTL | fineDAC_DACBUS_DISABLE) ;
  64:Generated_Source\PSoC5/fineDAC.c ****     #endif /* (fineDAC_DEFAULT_DATA_SRC != 0 ) */
  65:Generated_Source\PSoC5/fineDAC.c **** 
  66:Generated_Source\PSoC5/fineDAC.c ****     /* Set default strobe mode */
  67:Generated_Source\PSoC5/fineDAC.c ****     #if(fineDAC_DEFAULT_STRB != 0)
  68:Generated_Source\PSoC5/fineDAC.c ****         fineDAC_Strobe |= fineDAC_STRB_EN ;
  69:Generated_Source\PSoC5/fineDAC.c ****     #endif/* (fineDAC_DEFAULT_STRB != 0) */
  70:Generated_Source\PSoC5/fineDAC.c **** 
  71:Generated_Source\PSoC5/fineDAC.c ****     /* Set default range */
  72:Generated_Source\PSoC5/fineDAC.c ****     fineDAC_SetRange(fineDAC_DEFAULT_RANGE); 
  73:Generated_Source\PSoC5/fineDAC.c **** 
  74:Generated_Source\PSoC5/fineDAC.c ****     /* Set default speed */
  75:Generated_Source\PSoC5/fineDAC.c ****     fineDAC_SetSpeed(fineDAC_DEFAULT_SPEED);
  76:Generated_Source\PSoC5/fineDAC.c **** }
  77:Generated_Source\PSoC5/fineDAC.c **** 
  78:Generated_Source\PSoC5/fineDAC.c **** 
  79:Generated_Source\PSoC5/fineDAC.c **** /*******************************************************************************
  80:Generated_Source\PSoC5/fineDAC.c **** * Function Name: fineDAC_Enable
  81:Generated_Source\PSoC5/fineDAC.c **** ********************************************************************************
  82:Generated_Source\PSoC5/fineDAC.c **** * Summary:
  83:Generated_Source\PSoC5/fineDAC.c **** *  Enable the VDAC8
  84:Generated_Source\PSoC5/fineDAC.c **** * 
  85:Generated_Source\PSoC5/fineDAC.c **** * Parameters:
  86:Generated_Source\PSoC5/fineDAC.c **** *  void
  87:Generated_Source\PSoC5/fineDAC.c **** *
ARM GAS  C:\Users\THOMPS~1\AppData\Local\Temp\ccP1wsW2.s 			page 3


  88:Generated_Source\PSoC5/fineDAC.c **** * Return:
  89:Generated_Source\PSoC5/fineDAC.c **** *  void
  90:Generated_Source\PSoC5/fineDAC.c **** *
  91:Generated_Source\PSoC5/fineDAC.c **** * Theory:
  92:Generated_Source\PSoC5/fineDAC.c **** *
  93:Generated_Source\PSoC5/fineDAC.c **** * Side Effects:
  94:Generated_Source\PSoC5/fineDAC.c **** *
  95:Generated_Source\PSoC5/fineDAC.c **** *******************************************************************************/
  96:Generated_Source\PSoC5/fineDAC.c **** void fineDAC_Enable(void) 
  97:Generated_Source\PSoC5/fineDAC.c **** {
  28              		.loc 1 97 0
  29              		.cfi_startproc
  30              		@ args = 0, pretend = 0, frame = 0
  31              		@ frame_needed = 0, uses_anonymous_args = 0
  32              		@ link register save eliminated.
  98:Generated_Source\PSoC5/fineDAC.c ****     fineDAC_PWRMGR |= fineDAC_ACT_PWR_EN;
  33              		.loc 1 98 0
  34 0000 044A     		ldr	r2, .L2
  35 0002 1378     		ldrb	r3, [r2]	@ zero_extendqisi2
  36 0004 43F00803 		orr	r3, r3, #8
  37 0008 1370     		strb	r3, [r2]
  99:Generated_Source\PSoC5/fineDAC.c ****     fineDAC_STBY_PWRMGR |= fineDAC_STBY_PWR_EN;
  38              		.loc 1 99 0
  39 000a 137C     		ldrb	r3, [r2, #16]	@ zero_extendqisi2
  40 000c 43F00803 		orr	r3, r3, #8
  41 0010 1374     		strb	r3, [r2, #16]
  42 0012 7047     		bx	lr
  43              	.L3:
  44              		.align	2
  45              	.L2:
  46 0014 A8430040 		.word	1073759144
  47              		.cfi_endproc
  48              	.LFE1:
  49              		.size	fineDAC_Enable, .-fineDAC_Enable
  50              		.section	.text.fineDAC_Stop,"ax",%progbits
  51              		.align	1
  52              		.global	fineDAC_Stop
  53              		.thumb
  54              		.thumb_func
  55              		.type	fineDAC_Stop, %function
  56              	fineDAC_Stop:
  57              	.LFB3:
 100:Generated_Source\PSoC5/fineDAC.c **** 
 101:Generated_Source\PSoC5/fineDAC.c ****     /*This is to restore the value of register CR0 ,
 102:Generated_Source\PSoC5/fineDAC.c ****     which is modified  in Stop API , this prevents misbehaviour of VDAC */
 103:Generated_Source\PSoC5/fineDAC.c ****     #if (CY_PSOC5A)
 104:Generated_Source\PSoC5/fineDAC.c ****         if(fineDAC_restoreVal == 1u) 
 105:Generated_Source\PSoC5/fineDAC.c ****         {
 106:Generated_Source\PSoC5/fineDAC.c ****              fineDAC_CR0 = fineDAC_backup.data_value;
 107:Generated_Source\PSoC5/fineDAC.c ****              fineDAC_restoreVal = 0u;
 108:Generated_Source\PSoC5/fineDAC.c ****         }
 109:Generated_Source\PSoC5/fineDAC.c ****     #endif /* CY_PSOC5A */
 110:Generated_Source\PSoC5/fineDAC.c **** }
 111:Generated_Source\PSoC5/fineDAC.c **** 
 112:Generated_Source\PSoC5/fineDAC.c **** 
 113:Generated_Source\PSoC5/fineDAC.c **** /*******************************************************************************
 114:Generated_Source\PSoC5/fineDAC.c **** * Function Name: fineDAC_Start
ARM GAS  C:\Users\THOMPS~1\AppData\Local\Temp\ccP1wsW2.s 			page 4


 115:Generated_Source\PSoC5/fineDAC.c **** ********************************************************************************
 116:Generated_Source\PSoC5/fineDAC.c **** *
 117:Generated_Source\PSoC5/fineDAC.c **** * Summary:
 118:Generated_Source\PSoC5/fineDAC.c **** *  The start function initializes the voltage DAC with the default values, 
 119:Generated_Source\PSoC5/fineDAC.c **** *  and sets the power to the given level.  A power level of 0, is the same as
 120:Generated_Source\PSoC5/fineDAC.c **** *  executing the stop function.
 121:Generated_Source\PSoC5/fineDAC.c **** *
 122:Generated_Source\PSoC5/fineDAC.c **** * Parameters:
 123:Generated_Source\PSoC5/fineDAC.c **** *  Power: Sets power level between off (0) and (3) high power
 124:Generated_Source\PSoC5/fineDAC.c **** *
 125:Generated_Source\PSoC5/fineDAC.c **** * Return:
 126:Generated_Source\PSoC5/fineDAC.c **** *  void 
 127:Generated_Source\PSoC5/fineDAC.c **** *
 128:Generated_Source\PSoC5/fineDAC.c **** * Global variables:
 129:Generated_Source\PSoC5/fineDAC.c **** *  fineDAC_initVar: Is modified when this function is called for the 
 130:Generated_Source\PSoC5/fineDAC.c **** *  first time. Is used to ensure that initialization happens only once.
 131:Generated_Source\PSoC5/fineDAC.c **** *
 132:Generated_Source\PSoC5/fineDAC.c **** *******************************************************************************/
 133:Generated_Source\PSoC5/fineDAC.c **** void fineDAC_Start(void)  
 134:Generated_Source\PSoC5/fineDAC.c **** {
 135:Generated_Source\PSoC5/fineDAC.c ****     /* Hardware initiazation only needs to occure the first time */
 136:Generated_Source\PSoC5/fineDAC.c ****     if(fineDAC_initVar == 0u)
 137:Generated_Source\PSoC5/fineDAC.c ****     { 
 138:Generated_Source\PSoC5/fineDAC.c ****         fineDAC_Init();
 139:Generated_Source\PSoC5/fineDAC.c ****         fineDAC_initVar = 1u;
 140:Generated_Source\PSoC5/fineDAC.c ****     }
 141:Generated_Source\PSoC5/fineDAC.c **** 
 142:Generated_Source\PSoC5/fineDAC.c ****     /* Enable power to DAC */
 143:Generated_Source\PSoC5/fineDAC.c ****     fineDAC_Enable();
 144:Generated_Source\PSoC5/fineDAC.c **** 
 145:Generated_Source\PSoC5/fineDAC.c ****     /* Set default value */
 146:Generated_Source\PSoC5/fineDAC.c ****     fineDAC_SetValue(fineDAC_DEFAULT_DATA); 
 147:Generated_Source\PSoC5/fineDAC.c **** }
 148:Generated_Source\PSoC5/fineDAC.c **** 
 149:Generated_Source\PSoC5/fineDAC.c **** 
 150:Generated_Source\PSoC5/fineDAC.c **** /*******************************************************************************
 151:Generated_Source\PSoC5/fineDAC.c **** * Function Name: fineDAC_Stop
 152:Generated_Source\PSoC5/fineDAC.c **** ********************************************************************************
 153:Generated_Source\PSoC5/fineDAC.c **** *
 154:Generated_Source\PSoC5/fineDAC.c **** * Summary:
 155:Generated_Source\PSoC5/fineDAC.c **** *  Powers down DAC to lowest power state.
 156:Generated_Source\PSoC5/fineDAC.c **** *
 157:Generated_Source\PSoC5/fineDAC.c **** * Parameters:
 158:Generated_Source\PSoC5/fineDAC.c **** *  void
 159:Generated_Source\PSoC5/fineDAC.c **** *
 160:Generated_Source\PSoC5/fineDAC.c **** * Return:
 161:Generated_Source\PSoC5/fineDAC.c **** *  void
 162:Generated_Source\PSoC5/fineDAC.c **** *
 163:Generated_Source\PSoC5/fineDAC.c **** * Theory:
 164:Generated_Source\PSoC5/fineDAC.c **** *
 165:Generated_Source\PSoC5/fineDAC.c **** * Side Effects:
 166:Generated_Source\PSoC5/fineDAC.c **** *
 167:Generated_Source\PSoC5/fineDAC.c **** *******************************************************************************/
 168:Generated_Source\PSoC5/fineDAC.c **** void fineDAC_Stop(void) 
 169:Generated_Source\PSoC5/fineDAC.c **** {
  58              		.loc 1 169 0
  59              		.cfi_startproc
ARM GAS  C:\Users\THOMPS~1\AppData\Local\Temp\ccP1wsW2.s 			page 5


  60              		@ args = 0, pretend = 0, frame = 0
  61              		@ frame_needed = 0, uses_anonymous_args = 0
  62              		@ link register save eliminated.
 170:Generated_Source\PSoC5/fineDAC.c ****     /* Disble power to DAC */
 171:Generated_Source\PSoC5/fineDAC.c ****     fineDAC_PWRMGR &= (uint8)(~fineDAC_ACT_PWR_EN);
  63              		.loc 1 171 0
  64 0000 044A     		ldr	r2, .L5
  65 0002 1378     		ldrb	r3, [r2]	@ zero_extendqisi2
  66 0004 03F0F703 		and	r3, r3, #247
  67 0008 1370     		strb	r3, [r2]
 172:Generated_Source\PSoC5/fineDAC.c ****     fineDAC_STBY_PWRMGR &= (uint8)(~fineDAC_STBY_PWR_EN);
  68              		.loc 1 172 0
  69 000a 137C     		ldrb	r3, [r2, #16]	@ zero_extendqisi2
  70 000c 03F0F703 		and	r3, r3, #247
  71 0010 1374     		strb	r3, [r2, #16]
  72 0012 7047     		bx	lr
  73              	.L6:
  74              		.align	2
  75              	.L5:
  76 0014 A8430040 		.word	1073759144
  77              		.cfi_endproc
  78              	.LFE3:
  79              		.size	fineDAC_Stop, .-fineDAC_Stop
  80              		.section	.text.fineDAC_SetSpeed,"ax",%progbits
  81              		.align	1
  82              		.global	fineDAC_SetSpeed
  83              		.thumb
  84              		.thumb_func
  85              		.type	fineDAC_SetSpeed, %function
  86              	fineDAC_SetSpeed:
  87              	.LFB4:
 173:Generated_Source\PSoC5/fineDAC.c **** 
 174:Generated_Source\PSoC5/fineDAC.c ****     /* This is a work around for PSoC5A  ,
 175:Generated_Source\PSoC5/fineDAC.c ****     this sets VDAC to current mode with output off */
 176:Generated_Source\PSoC5/fineDAC.c ****     #if (CY_PSOC5A)
 177:Generated_Source\PSoC5/fineDAC.c ****         fineDAC_backup.data_value = fineDAC_CR0;
 178:Generated_Source\PSoC5/fineDAC.c ****         fineDAC_CR0 = fineDAC_CUR_MODE_OUT_OFF;
 179:Generated_Source\PSoC5/fineDAC.c ****         fineDAC_restoreVal = 1u;
 180:Generated_Source\PSoC5/fineDAC.c ****     #endif /* CY_PSOC5A */
 181:Generated_Source\PSoC5/fineDAC.c **** }
 182:Generated_Source\PSoC5/fineDAC.c **** 
 183:Generated_Source\PSoC5/fineDAC.c **** 
 184:Generated_Source\PSoC5/fineDAC.c **** /*******************************************************************************
 185:Generated_Source\PSoC5/fineDAC.c **** * Function Name: fineDAC_SetSpeed
 186:Generated_Source\PSoC5/fineDAC.c **** ********************************************************************************
 187:Generated_Source\PSoC5/fineDAC.c **** *
 188:Generated_Source\PSoC5/fineDAC.c **** * Summary:
 189:Generated_Source\PSoC5/fineDAC.c **** *  Set DAC speed
 190:Generated_Source\PSoC5/fineDAC.c **** *
 191:Generated_Source\PSoC5/fineDAC.c **** * Parameters:
 192:Generated_Source\PSoC5/fineDAC.c **** *  power: Sets speed value
 193:Generated_Source\PSoC5/fineDAC.c **** *
 194:Generated_Source\PSoC5/fineDAC.c **** * Return:
 195:Generated_Source\PSoC5/fineDAC.c **** *  void
 196:Generated_Source\PSoC5/fineDAC.c **** *
 197:Generated_Source\PSoC5/fineDAC.c **** * Theory:
 198:Generated_Source\PSoC5/fineDAC.c **** *
ARM GAS  C:\Users\THOMPS~1\AppData\Local\Temp\ccP1wsW2.s 			page 6


 199:Generated_Source\PSoC5/fineDAC.c **** * Side Effects:
 200:Generated_Source\PSoC5/fineDAC.c **** *
 201:Generated_Source\PSoC5/fineDAC.c **** *******************************************************************************/
 202:Generated_Source\PSoC5/fineDAC.c **** void fineDAC_SetSpeed(uint8 speed) 
 203:Generated_Source\PSoC5/fineDAC.c **** {
  88              		.loc 1 203 0
  89              		.cfi_startproc
  90              		@ args = 0, pretend = 0, frame = 0
  91              		@ frame_needed = 0, uses_anonymous_args = 0
  92              		@ link register save eliminated.
  93              	.LVL0:
 204:Generated_Source\PSoC5/fineDAC.c ****     /* Clear power mask then write in new value */
 205:Generated_Source\PSoC5/fineDAC.c ****     fineDAC_CR0 &= (uint8)(~fineDAC_HS_MASK);
  94              		.loc 1 205 0
  95 0000 054B     		ldr	r3, .L8
 206:Generated_Source\PSoC5/fineDAC.c ****     fineDAC_CR0 |=  (speed & fineDAC_HS_MASK);
  96              		.loc 1 206 0
  97 0002 00F00200 		and	r0, r0, #2
  98              	.LVL1:
 205:Generated_Source\PSoC5/fineDAC.c ****     fineDAC_CR0 |=  (speed & fineDAC_HS_MASK);
  99              		.loc 1 205 0
 100 0006 1A78     		ldrb	r2, [r3]	@ zero_extendqisi2
 101 0008 02F0FD02 		and	r2, r2, #253
 102 000c 1A70     		strb	r2, [r3]
 103              		.loc 1 206 0
 104 000e 1A78     		ldrb	r2, [r3]	@ zero_extendqisi2
 105 0010 1043     		orrs	r0, r0, r2
 106 0012 1870     		strb	r0, [r3]
 107 0014 7047     		bx	lr
 108              	.L9:
 109 0016 00BF     		.align	2
 110              	.L8:
 111 0018 2C580040 		.word	1073764396
 112              		.cfi_endproc
 113              	.LFE4:
 114              		.size	fineDAC_SetSpeed, .-fineDAC_SetSpeed
 115              		.section	.text.fineDAC_SetValue,"ax",%progbits
 116              		.align	1
 117              		.global	fineDAC_SetValue
 118              		.thumb
 119              		.thumb_func
 120              		.type	fineDAC_SetValue, %function
 121              	fineDAC_SetValue:
 122              	.LFB6:
 207:Generated_Source\PSoC5/fineDAC.c **** }
 208:Generated_Source\PSoC5/fineDAC.c **** 
 209:Generated_Source\PSoC5/fineDAC.c **** 
 210:Generated_Source\PSoC5/fineDAC.c **** /*******************************************************************************
 211:Generated_Source\PSoC5/fineDAC.c **** * Function Name: fineDAC_SetRange
 212:Generated_Source\PSoC5/fineDAC.c **** ********************************************************************************
 213:Generated_Source\PSoC5/fineDAC.c **** *
 214:Generated_Source\PSoC5/fineDAC.c **** * Summary:
 215:Generated_Source\PSoC5/fineDAC.c **** *  Set one of three current ranges.
 216:Generated_Source\PSoC5/fineDAC.c **** *
 217:Generated_Source\PSoC5/fineDAC.c **** * Parameters:
 218:Generated_Source\PSoC5/fineDAC.c **** *  Range: Sets one of Three valid ranges.
 219:Generated_Source\PSoC5/fineDAC.c **** *
ARM GAS  C:\Users\THOMPS~1\AppData\Local\Temp\ccP1wsW2.s 			page 7


 220:Generated_Source\PSoC5/fineDAC.c **** * Return:
 221:Generated_Source\PSoC5/fineDAC.c **** *  void 
 222:Generated_Source\PSoC5/fineDAC.c **** *
 223:Generated_Source\PSoC5/fineDAC.c **** * Theory:
 224:Generated_Source\PSoC5/fineDAC.c **** *
 225:Generated_Source\PSoC5/fineDAC.c **** * Side Effects:
 226:Generated_Source\PSoC5/fineDAC.c **** *
 227:Generated_Source\PSoC5/fineDAC.c **** *******************************************************************************/
 228:Generated_Source\PSoC5/fineDAC.c **** void fineDAC_SetRange(uint8 range) 
 229:Generated_Source\PSoC5/fineDAC.c **** {
 230:Generated_Source\PSoC5/fineDAC.c ****     fineDAC_CR0 &= (uint8)(~fineDAC_RANGE_MASK);      /* Clear existing mode */
 231:Generated_Source\PSoC5/fineDAC.c ****     fineDAC_CR0 |= (range & fineDAC_RANGE_MASK);      /*  Set Range  */
 232:Generated_Source\PSoC5/fineDAC.c ****     fineDAC_DacTrim();
 233:Generated_Source\PSoC5/fineDAC.c **** }
 234:Generated_Source\PSoC5/fineDAC.c **** 
 235:Generated_Source\PSoC5/fineDAC.c **** 
 236:Generated_Source\PSoC5/fineDAC.c **** /*******************************************************************************
 237:Generated_Source\PSoC5/fineDAC.c **** * Function Name: fineDAC_SetValue
 238:Generated_Source\PSoC5/fineDAC.c **** ********************************************************************************
 239:Generated_Source\PSoC5/fineDAC.c **** *
 240:Generated_Source\PSoC5/fineDAC.c **** * Summary:
 241:Generated_Source\PSoC5/fineDAC.c **** *  Set 8-bit DAC value
 242:Generated_Source\PSoC5/fineDAC.c **** *
 243:Generated_Source\PSoC5/fineDAC.c **** * Parameters:  
 244:Generated_Source\PSoC5/fineDAC.c **** *  value:  Sets DAC value between 0 and 255.
 245:Generated_Source\PSoC5/fineDAC.c **** *
 246:Generated_Source\PSoC5/fineDAC.c **** * Return: 
 247:Generated_Source\PSoC5/fineDAC.c **** *  void 
 248:Generated_Source\PSoC5/fineDAC.c **** *
 249:Generated_Source\PSoC5/fineDAC.c **** * Theory: 
 250:Generated_Source\PSoC5/fineDAC.c **** *
 251:Generated_Source\PSoC5/fineDAC.c **** * Side Effects:
 252:Generated_Source\PSoC5/fineDAC.c **** *
 253:Generated_Source\PSoC5/fineDAC.c **** *******************************************************************************/
 254:Generated_Source\PSoC5/fineDAC.c **** void fineDAC_SetValue(uint8 value) 
 255:Generated_Source\PSoC5/fineDAC.c **** {
 123              		.loc 1 255 0
 124              		.cfi_startproc
 125              		@ args = 0, pretend = 0, frame = 0
 126              		@ frame_needed = 0, uses_anonymous_args = 0
 127              		@ link register save eliminated.
 128              	.LVL2:
 256:Generated_Source\PSoC5/fineDAC.c ****     #if (CY_PSOC5A)
 257:Generated_Source\PSoC5/fineDAC.c ****         uint8 fineDAC_intrStatus = CyEnterCriticalSection();
 258:Generated_Source\PSoC5/fineDAC.c ****     #endif /* CY_PSOC5A */
 259:Generated_Source\PSoC5/fineDAC.c **** 
 260:Generated_Source\PSoC5/fineDAC.c ****     fineDAC_Data = value;                /*  Set Value  */
 129              		.loc 1 260 0
 130 0000 014B     		ldr	r3, .L11
 131 0002 1870     		strb	r0, [r3]
 132 0004 7047     		bx	lr
 133              	.L12:
 134 0006 00BF     		.align	2
 135              	.L11:
 136 0008 835B0040 		.word	1073765251
 137              		.cfi_endproc
 138              	.LFE6:
ARM GAS  C:\Users\THOMPS~1\AppData\Local\Temp\ccP1wsW2.s 			page 8


 139              		.size	fineDAC_SetValue, .-fineDAC_SetValue
 140              		.section	.text.fineDAC_DacTrim,"ax",%progbits
 141              		.align	1
 142              		.global	fineDAC_DacTrim
 143              		.thumb
 144              		.thumb_func
 145              		.type	fineDAC_DacTrim, %function
 146              	fineDAC_DacTrim:
 147              	.LFB7:
 261:Generated_Source\PSoC5/fineDAC.c **** 
 262:Generated_Source\PSoC5/fineDAC.c ****     /* PSOC5A requires a double write */
 263:Generated_Source\PSoC5/fineDAC.c ****     /* Exit Critical Section */
 264:Generated_Source\PSoC5/fineDAC.c ****     #if (CY_PSOC5A)
 265:Generated_Source\PSoC5/fineDAC.c ****         fineDAC_Data = value;
 266:Generated_Source\PSoC5/fineDAC.c ****         CyExitCriticalSection(fineDAC_intrStatus);
 267:Generated_Source\PSoC5/fineDAC.c ****     #endif /* CY_PSOC5A */
 268:Generated_Source\PSoC5/fineDAC.c **** }
 269:Generated_Source\PSoC5/fineDAC.c **** 
 270:Generated_Source\PSoC5/fineDAC.c **** 
 271:Generated_Source\PSoC5/fineDAC.c **** /*******************************************************************************
 272:Generated_Source\PSoC5/fineDAC.c **** * Function Name: fineDAC_DacTrim
 273:Generated_Source\PSoC5/fineDAC.c **** ********************************************************************************
 274:Generated_Source\PSoC5/fineDAC.c **** *
 275:Generated_Source\PSoC5/fineDAC.c **** * Summary:
 276:Generated_Source\PSoC5/fineDAC.c **** *  Set the trim value for the given range.
 277:Generated_Source\PSoC5/fineDAC.c **** *
 278:Generated_Source\PSoC5/fineDAC.c **** * Parameters:
 279:Generated_Source\PSoC5/fineDAC.c **** *  range:  1V or 4V range.  See constants.
 280:Generated_Source\PSoC5/fineDAC.c **** *
 281:Generated_Source\PSoC5/fineDAC.c **** * Return:
 282:Generated_Source\PSoC5/fineDAC.c **** *  void
 283:Generated_Source\PSoC5/fineDAC.c **** *
 284:Generated_Source\PSoC5/fineDAC.c **** * Theory: 
 285:Generated_Source\PSoC5/fineDAC.c **** *
 286:Generated_Source\PSoC5/fineDAC.c **** * Side Effects:
 287:Generated_Source\PSoC5/fineDAC.c **** *
 288:Generated_Source\PSoC5/fineDAC.c **** *******************************************************************************/
 289:Generated_Source\PSoC5/fineDAC.c **** void fineDAC_DacTrim(void) 
 290:Generated_Source\PSoC5/fineDAC.c **** {
 148              		.loc 1 290 0
 149              		.cfi_startproc
 150              		@ args = 0, pretend = 0, frame = 0
 151              		@ frame_needed = 0, uses_anonymous_args = 0
 152              		@ link register save eliminated.
 291:Generated_Source\PSoC5/fineDAC.c ****     uint8 mode;
 292:Generated_Source\PSoC5/fineDAC.c **** 
 293:Generated_Source\PSoC5/fineDAC.c ****     mode = (uint8)((fineDAC_CR0 & fineDAC_RANGE_MASK) >> 2) + fineDAC_TRIM_M7_1V_RNG_OFFSET;
 153              		.loc 1 293 0
 154 0000 064B     		ldr	r3, .L14
 294:Generated_Source\PSoC5/fineDAC.c ****     fineDAC_TR = CY_GET_XTND_REG8((uint8 *)(fineDAC_DAC_TRIM_BASE + mode));
 155              		.loc 1 294 0
 156 0002 074A     		ldr	r2, .L14+4
 293:Generated_Source\PSoC5/fineDAC.c ****     fineDAC_TR = CY_GET_XTND_REG8((uint8 *)(fineDAC_DAC_TRIM_BASE + mode));
 157              		.loc 1 293 0
 158 0004 1B78     		ldrb	r3, [r3]	@ zero_extendqisi2
 159              	.LVL3:
 160              		.loc 1 294 0
ARM GAS  C:\Users\THOMPS~1\AppData\Local\Temp\ccP1wsW2.s 			page 9


 161 0006 C3F38103 		ubfx	r3, r3, #2, #2
 162              	.LVL4:
 163 000a 03F19243 		add	r3, r3, #1224736768
 164 000e 0633     		adds	r3, r3, #6
 165 0010 93F83831 		ldrb	r3, [r3, #312]	@ zero_extendqisi2
 166 0014 DBB2     		uxtb	r3, r3
 167 0016 1370     		strb	r3, [r2]
 168 0018 7047     		bx	lr
 169              	.L15:
 170 001a 00BF     		.align	2
 171              	.L14:
 172 001c 2C580040 		.word	1073764396
 173 0020 0B460040 		.word	1073759755
 174              		.cfi_endproc
 175              	.LFE7:
 176              		.size	fineDAC_DacTrim, .-fineDAC_DacTrim
 177              		.section	.text.fineDAC_SetRange,"ax",%progbits
 178              		.align	1
 179              		.global	fineDAC_SetRange
 180              		.thumb
 181              		.thumb_func
 182              		.type	fineDAC_SetRange, %function
 183              	fineDAC_SetRange:
 184              	.LFB5:
 229:Generated_Source\PSoC5/fineDAC.c ****     fineDAC_CR0 &= (uint8)(~fineDAC_RANGE_MASK);      /* Clear existing mode */
 185              		.loc 1 229 0
 186              		.cfi_startproc
 187              		@ args = 0, pretend = 0, frame = 0
 188              		@ frame_needed = 0, uses_anonymous_args = 0
 189              		@ link register save eliminated.
 190              	.LVL5:
 230:Generated_Source\PSoC5/fineDAC.c ****     fineDAC_CR0 |= (range & fineDAC_RANGE_MASK);      /*  Set Range  */
 191              		.loc 1 230 0
 192 0000 054B     		ldr	r3, .L17
 231:Generated_Source\PSoC5/fineDAC.c ****     fineDAC_DacTrim();
 193              		.loc 1 231 0
 194 0002 00F00C00 		and	r0, r0, #12
 195              	.LVL6:
 230:Generated_Source\PSoC5/fineDAC.c ****     fineDAC_CR0 |= (range & fineDAC_RANGE_MASK);      /*  Set Range  */
 196              		.loc 1 230 0
 197 0006 1A78     		ldrb	r2, [r3]	@ zero_extendqisi2
 198 0008 02F0F302 		and	r2, r2, #243
 199 000c 1A70     		strb	r2, [r3]
 231:Generated_Source\PSoC5/fineDAC.c ****     fineDAC_DacTrim();
 200              		.loc 1 231 0
 201 000e 1A78     		ldrb	r2, [r3]	@ zero_extendqisi2
 202 0010 1043     		orrs	r0, r0, r2
 203 0012 1870     		strb	r0, [r3]
 232:Generated_Source\PSoC5/fineDAC.c **** }
 204              		.loc 1 232 0
 205 0014 FFF7FEBF 		b	fineDAC_DacTrim
 206              	.LVL7:
 207              	.L18:
 208              		.align	2
 209              	.L17:
 210 0018 2C580040 		.word	1073764396
 211              		.cfi_endproc
ARM GAS  C:\Users\THOMPS~1\AppData\Local\Temp\ccP1wsW2.s 			page 10


 212              	.LFE5:
 213              		.size	fineDAC_SetRange, .-fineDAC_SetRange
 214              		.section	.text.fineDAC_Init,"ax",%progbits
 215              		.align	1
 216              		.global	fineDAC_Init
 217              		.thumb
 218              		.thumb_func
 219              		.type	fineDAC_Init, %function
 220              	fineDAC_Init:
 221              	.LFB0:
  56:Generated_Source\PSoC5/fineDAC.c ****     fineDAC_CR0 = (fineDAC_MODE_V );
 222              		.loc 1 56 0
 223              		.cfi_startproc
 224              		@ args = 0, pretend = 0, frame = 0
 225              		@ frame_needed = 0, uses_anonymous_args = 0
 226 0000 08B5     		push	{r3, lr}
 227              		.cfi_def_cfa_offset 8
 228              		.cfi_offset 3, -8
 229              		.cfi_offset 14, -4
  57:Generated_Source\PSoC5/fineDAC.c **** 
 230              		.loc 1 57 0
 231 0002 064A     		ldr	r2, .L20
 232 0004 0023     		movs	r3, #0
 233 0006 1370     		strb	r3, [r2]
  72:Generated_Source\PSoC5/fineDAC.c **** 
 234              		.loc 1 72 0
 235 0008 0420     		movs	r0, #4
  63:Generated_Source\PSoC5/fineDAC.c ****     #endif /* (fineDAC_DEFAULT_DATA_SRC != 0 ) */
 236              		.loc 1 63 0
 237 000a 5370     		strb	r3, [r2, #1]
  72:Generated_Source\PSoC5/fineDAC.c **** 
 238              		.loc 1 72 0
 239 000c FFF7FEFF 		bl	fineDAC_SetRange
 240              	.LVL8:
  76:Generated_Source\PSoC5/fineDAC.c **** 
 241              		.loc 1 76 0
 242 0010 BDE80840 		pop	{r3, lr}
 243              		.cfi_restore 14
 244              		.cfi_restore 3
 245              		.cfi_def_cfa_offset 0
  75:Generated_Source\PSoC5/fineDAC.c **** }
 246              		.loc 1 75 0
 247 0014 0220     		movs	r0, #2
 248 0016 FFF7FEBF 		b	fineDAC_SetSpeed
 249              	.LVL9:
 250              	.L21:
 251 001a 00BF     		.align	2
 252              	.L20:
 253 001c 2C580040 		.word	1073764396
 254              		.cfi_endproc
 255              	.LFE0:
 256              		.size	fineDAC_Init, .-fineDAC_Init
 257              		.section	.text.fineDAC_Start,"ax",%progbits
 258              		.align	1
 259              		.global	fineDAC_Start
 260              		.thumb
 261              		.thumb_func
ARM GAS  C:\Users\THOMPS~1\AppData\Local\Temp\ccP1wsW2.s 			page 11


 262              		.type	fineDAC_Start, %function
 263              	fineDAC_Start:
 264              	.LFB2:
 134:Generated_Source\PSoC5/fineDAC.c ****     /* Hardware initiazation only needs to occure the first time */
 265              		.loc 1 134 0
 266              		.cfi_startproc
 267              		@ args = 0, pretend = 0, frame = 0
 268              		@ frame_needed = 0, uses_anonymous_args = 0
 269 0000 08B5     		push	{r3, lr}
 270              		.cfi_def_cfa_offset 8
 271              		.cfi_offset 3, -8
 272              		.cfi_offset 14, -4
 136:Generated_Source\PSoC5/fineDAC.c ****     { 
 273              		.loc 1 136 0
 274 0002 0649     		ldr	r1, .L25
 275 0004 0B78     		ldrb	r3, [r1]	@ zero_extendqisi2
 276 0006 1BB9     		cbnz	r3, .L23
 138:Generated_Source\PSoC5/fineDAC.c ****         fineDAC_initVar = 1u;
 277              		.loc 1 138 0
 278 0008 FFF7FEFF 		bl	fineDAC_Init
 279              	.LVL10:
 139:Generated_Source\PSoC5/fineDAC.c ****     }
 280              		.loc 1 139 0
 281 000c 0123     		movs	r3, #1
 282 000e 0B70     		strb	r3, [r1]
 283              	.L23:
 143:Generated_Source\PSoC5/fineDAC.c **** 
 284              		.loc 1 143 0
 285 0010 FFF7FEFF 		bl	fineDAC_Enable
 286              	.LVL11:
 287              	.LBB4:
 288              	.LBB5:
 260:Generated_Source\PSoC5/fineDAC.c **** 
 289              		.loc 1 260 0
 290 0014 024B     		ldr	r3, .L25+4
 291 0016 6422     		movs	r2, #100
 292 0018 1A70     		strb	r2, [r3]
 293              	.LVL12:
 294 001a 08BD     		pop	{r3, pc}
 295              	.L26:
 296              		.align	2
 297              	.L25:
 298 001c 00000000 		.word	.LANCHOR0
 299 0020 835B0040 		.word	1073765251
 300              	.LBE5:
 301              	.LBE4:
 302              		.cfi_endproc
 303              	.LFE2:
 304              		.size	fineDAC_Start, .-fineDAC_Start
 305              		.global	fineDAC_initVar
 306              		.bss
 307              		.set	.LANCHOR0,. + 0
 308              		.type	fineDAC_initVar, %object
 309              		.size	fineDAC_initVar, 1
 310              	fineDAC_initVar:
 311 0000 00       		.space	1
 312              		.text
ARM GAS  C:\Users\THOMPS~1\AppData\Local\Temp\ccP1wsW2.s 			page 12


 313              	.Letext0:
 314              		.file 2 "Generated_Source\\PSoC5\\cytypes.h"
 315              		.section	.debug_info,"",%progbits
 316              	.Ldebug_info0:
 317 0000 F7010000 		.4byte	0x1f7
 318 0004 0400     		.2byte	0x4
 319 0006 00000000 		.4byte	.Ldebug_abbrev0
 320 000a 04       		.byte	0x4
 321 000b 01       		.uleb128 0x1
 322 000c F1000000 		.4byte	.LASF23
 323 0010 0C       		.byte	0xc
 324 0011 BD000000 		.4byte	.LASF24
 325 0015 E3010000 		.4byte	.LASF25
 326 0019 00000000 		.4byte	.Ldebug_ranges0+0
 327 001d 00000000 		.4byte	0
 328 0021 00000000 		.4byte	.Ldebug_line0
 329 0025 02       		.uleb128 0x2
 330 0026 01       		.byte	0x1
 331 0027 06       		.byte	0x6
 332 0028 C7010000 		.4byte	.LASF0
 333 002c 02       		.uleb128 0x2
 334 002d 01       		.byte	0x1
 335 002e 08       		.byte	0x8
 336 002f 60000000 		.4byte	.LASF1
 337 0033 02       		.uleb128 0x2
 338 0034 02       		.byte	0x2
 339 0035 05       		.byte	0x5
 340 0036 9D010000 		.4byte	.LASF2
 341 003a 02       		.uleb128 0x2
 342 003b 02       		.byte	0x2
 343 003c 07       		.byte	0x7
 344 003d 85000000 		.4byte	.LASF3
 345 0041 02       		.uleb128 0x2
 346 0042 04       		.byte	0x4
 347 0043 05       		.byte	0x5
 348 0044 BE010000 		.4byte	.LASF4
 349 0048 02       		.uleb128 0x2
 350 0049 04       		.byte	0x4
 351 004a 07       		.byte	0x7
 352 004b 73000000 		.4byte	.LASF5
 353 004f 02       		.uleb128 0x2
 354 0050 08       		.byte	0x8
 355 0051 05       		.byte	0x5
 356 0052 8A010000 		.4byte	.LASF6
 357 0056 02       		.uleb128 0x2
 358 0057 08       		.byte	0x8
 359 0058 07       		.byte	0x7
 360 0059 49000000 		.4byte	.LASF7
 361 005d 03       		.uleb128 0x3
 362 005e 04       		.byte	0x4
 363 005f 05       		.byte	0x5
 364 0060 696E7400 		.ascii	"int\000"
 365 0064 02       		.uleb128 0x2
 366 0065 04       		.byte	0x4
 367 0066 07       		.byte	0x7
 368 0067 E4000000 		.4byte	.LASF8
 369 006b 04       		.uleb128 0x4
ARM GAS  C:\Users\THOMPS~1\AppData\Local\Temp\ccP1wsW2.s 			page 13


 370 006c B8010000 		.4byte	.LASF12
 371 0070 02       		.byte	0x2
 372 0071 E401     		.2byte	0x1e4
 373 0073 2C000000 		.4byte	0x2c
 374 0077 02       		.uleb128 0x2
 375 0078 04       		.byte	0x4
 376 0079 04       		.byte	0x4
 377 007a 43000000 		.4byte	.LASF9
 378 007e 02       		.uleb128 0x2
 379 007f 08       		.byte	0x8
 380 0080 04       		.byte	0x4
 381 0081 B6000000 		.4byte	.LASF10
 382 0085 02       		.uleb128 0x2
 383 0086 01       		.byte	0x1
 384 0087 08       		.byte	0x8
 385 0088 98010000 		.4byte	.LASF11
 386 008c 04       		.uleb128 0x4
 387 008d 6E000000 		.4byte	.LASF13
 388 0091 02       		.byte	0x2
 389 0092 8E02     		.2byte	0x28e
 390 0094 98000000 		.4byte	0x98
 391 0098 05       		.uleb128 0x5
 392 0099 6B000000 		.4byte	0x6b
 393 009d 06       		.uleb128 0x6
 394 009e A7010000 		.4byte	.LASF26
 395 00a2 01       		.byte	0x1
 396 00a3 FE       		.byte	0xfe
 397 00a4 01       		.byte	0x1
 398 00a5 B5000000 		.4byte	0xb5
 399 00a9 07       		.uleb128 0x7
 400 00aa 2C000000 		.4byte	.LASF27
 401 00ae 01       		.byte	0x1
 402 00af FE       		.byte	0xfe
 403 00b0 6B000000 		.4byte	0x6b
 404 00b4 00       		.byte	0
 405 00b5 08       		.uleb128 0x8
 406 00b6 00000000 		.4byte	.LASF14
 407 00ba 01       		.byte	0x1
 408 00bb 60       		.byte	0x60
 409 00bc 00000000 		.4byte	.LFB1
 410 00c0 18000000 		.4byte	.LFE1-.LFB1
 411 00c4 01       		.uleb128 0x1
 412 00c5 9C       		.byte	0x9c
 413 00c6 08       		.uleb128 0x8
 414 00c7 A9000000 		.4byte	.LASF15
 415 00cb 01       		.byte	0x1
 416 00cc A8       		.byte	0xa8
 417 00cd 00000000 		.4byte	.LFB3
 418 00d1 18000000 		.4byte	.LFE3-.LFB3
 419 00d5 01       		.uleb128 0x1
 420 00d6 9C       		.byte	0x9c
 421 00d7 09       		.uleb128 0x9
 422 00d8 98000000 		.4byte	.LASF16
 423 00dc 01       		.byte	0x1
 424 00dd CA       		.byte	0xca
 425 00de 00000000 		.4byte	.LFB4
 426 00e2 1C000000 		.4byte	.LFE4-.LFB4
ARM GAS  C:\Users\THOMPS~1\AppData\Local\Temp\ccP1wsW2.s 			page 14


 427 00e6 01       		.uleb128 0x1
 428 00e7 9C       		.byte	0x9c
 429 00e8 FC000000 		.4byte	0xfc
 430 00ec 0A       		.uleb128 0xa
 431 00ed 84010000 		.4byte	.LASF19
 432 00f1 01       		.byte	0x1
 433 00f2 CA       		.byte	0xca
 434 00f3 6B000000 		.4byte	0x6b
 435 00f7 00000000 		.4byte	.LLST0
 436 00fb 00       		.byte	0
 437 00fc 0B       		.uleb128 0xb
 438 00fd 9D000000 		.4byte	0x9d
 439 0101 00000000 		.4byte	.LFB6
 440 0105 0C000000 		.4byte	.LFE6-.LFB6
 441 0109 01       		.uleb128 0x1
 442 010a 9C       		.byte	0x9c
 443 010b 17010000 		.4byte	0x117
 444 010f 0C       		.uleb128 0xc
 445 0110 A9000000 		.4byte	0xa9
 446 0114 01       		.uleb128 0x1
 447 0115 50       		.byte	0x50
 448 0116 00       		.byte	0
 449 0117 0D       		.uleb128 0xd
 450 0118 0F000000 		.4byte	.LASF17
 451 011c 01       		.byte	0x1
 452 011d 2101     		.2byte	0x121
 453 011f 00000000 		.4byte	.LFB7
 454 0123 24000000 		.4byte	.LFE7-.LFB7
 455 0127 01       		.uleb128 0x1
 456 0128 9C       		.byte	0x9c
 457 0129 3E010000 		.4byte	0x13e
 458 012d 0E       		.uleb128 0xe
 459 012e 7F010000 		.4byte	.LASF28
 460 0132 01       		.byte	0x1
 461 0133 2301     		.2byte	0x123
 462 0135 6B000000 		.4byte	0x6b
 463 0139 21000000 		.4byte	.LLST1
 464 013d 00       		.byte	0
 465 013e 09       		.uleb128 0x9
 466 013f 32000000 		.4byte	.LASF18
 467 0143 01       		.byte	0x1
 468 0144 E4       		.byte	0xe4
 469 0145 00000000 		.4byte	.LFB5
 470 0149 1C000000 		.4byte	.LFE5-.LFB5
 471 014d 01       		.uleb128 0x1
 472 014e 9C       		.byte	0x9c
 473 014f 6C010000 		.4byte	0x16c
 474 0153 0A       		.uleb128 0xa
 475 0154 DE000000 		.4byte	.LASF20
 476 0158 01       		.byte	0x1
 477 0159 E4       		.byte	0xe4
 478 015a 6B000000 		.4byte	0x6b
 479 015e 3C000000 		.4byte	.LLST2
 480 0162 0F       		.uleb128 0xf
 481 0163 18000000 		.4byte	.LVL7
 482 0167 17010000 		.4byte	0x117
 483 016b 00       		.byte	0
ARM GAS  C:\Users\THOMPS~1\AppData\Local\Temp\ccP1wsW2.s 			page 15


 484 016c 09       		.uleb128 0x9
 485 016d 1F000000 		.4byte	.LASF21
 486 0171 01       		.byte	0x1
 487 0172 37       		.byte	0x37
 488 0173 00000000 		.4byte	.LFB0
 489 0177 20000000 		.4byte	.LFE0-.LFB0
 490 017b 01       		.uleb128 0x1
 491 017c 9C       		.byte	0x9c
 492 017d A4010000 		.4byte	0x1a4
 493 0181 10       		.uleb128 0x10
 494 0182 10000000 		.4byte	.LVL8
 495 0186 3E010000 		.4byte	0x13e
 496 018a 94010000 		.4byte	0x194
 497 018e 11       		.uleb128 0x11
 498 018f 01       		.uleb128 0x1
 499 0190 50       		.byte	0x50
 500 0191 01       		.uleb128 0x1
 501 0192 34       		.byte	0x34
 502 0193 00       		.byte	0
 503 0194 12       		.uleb128 0x12
 504 0195 1A000000 		.4byte	.LVL9
 505 0199 D7000000 		.4byte	0xd7
 506 019d 11       		.uleb128 0x11
 507 019e 01       		.uleb128 0x1
 508 019f 50       		.byte	0x50
 509 01a0 01       		.uleb128 0x1
 510 01a1 32       		.byte	0x32
 511 01a2 00       		.byte	0
 512 01a3 00       		.byte	0
 513 01a4 09       		.uleb128 0x9
 514 01a5 75020000 		.4byte	.LASF22
 515 01a9 01       		.byte	0x1
 516 01aa 85       		.byte	0x85
 517 01ab 00000000 		.4byte	.LFB2
 518 01af 24000000 		.4byte	.LFE2-.LFB2
 519 01b3 01       		.uleb128 0x1
 520 01b4 9C       		.byte	0x9c
 521 01b5 E9010000 		.4byte	0x1e9
 522 01b9 13       		.uleb128 0x13
 523 01ba 9D000000 		.4byte	0x9d
 524 01be 14000000 		.4byte	.LBB4
 525 01c2 10000000 		.4byte	.LBE4-.LBB4
 526 01c6 01       		.byte	0x1
 527 01c7 92       		.byte	0x92
 528 01c8 D6010000 		.4byte	0x1d6
 529 01cc 14       		.uleb128 0x14
 530 01cd A9000000 		.4byte	0xa9
 531 01d1 5D000000 		.4byte	.LLST3
 532 01d5 00       		.byte	0
 533 01d6 15       		.uleb128 0x15
 534 01d7 0C000000 		.4byte	.LVL10
 535 01db 6C010000 		.4byte	0x16c
 536 01df 15       		.uleb128 0x15
 537 01e0 14000000 		.4byte	.LVL11
 538 01e4 B5000000 		.4byte	0xb5
 539 01e8 00       		.byte	0
 540 01e9 16       		.uleb128 0x16
ARM GAS  C:\Users\THOMPS~1\AppData\Local\Temp\ccP1wsW2.s 			page 16


 541 01ea D3010000 		.4byte	.LASF29
 542 01ee 01       		.byte	0x1
 543 01ef 1B       		.byte	0x1b
 544 01f0 6B000000 		.4byte	0x6b
 545 01f4 05       		.uleb128 0x5
 546 01f5 03       		.byte	0x3
 547 01f6 00000000 		.4byte	fineDAC_initVar
 548 01fa 00       		.byte	0
 549              		.section	.debug_abbrev,"",%progbits
 550              	.Ldebug_abbrev0:
 551 0000 01       		.uleb128 0x1
 552 0001 11       		.uleb128 0x11
 553 0002 01       		.byte	0x1
 554 0003 25       		.uleb128 0x25
 555 0004 0E       		.uleb128 0xe
 556 0005 13       		.uleb128 0x13
 557 0006 0B       		.uleb128 0xb
 558 0007 03       		.uleb128 0x3
 559 0008 0E       		.uleb128 0xe
 560 0009 1B       		.uleb128 0x1b
 561 000a 0E       		.uleb128 0xe
 562 000b 55       		.uleb128 0x55
 563 000c 17       		.uleb128 0x17
 564 000d 11       		.uleb128 0x11
 565 000e 01       		.uleb128 0x1
 566 000f 10       		.uleb128 0x10
 567 0010 17       		.uleb128 0x17
 568 0011 00       		.byte	0
 569 0012 00       		.byte	0
 570 0013 02       		.uleb128 0x2
 571 0014 24       		.uleb128 0x24
 572 0015 00       		.byte	0
 573 0016 0B       		.uleb128 0xb
 574 0017 0B       		.uleb128 0xb
 575 0018 3E       		.uleb128 0x3e
 576 0019 0B       		.uleb128 0xb
 577 001a 03       		.uleb128 0x3
 578 001b 0E       		.uleb128 0xe
 579 001c 00       		.byte	0
 580 001d 00       		.byte	0
 581 001e 03       		.uleb128 0x3
 582 001f 24       		.uleb128 0x24
 583 0020 00       		.byte	0
 584 0021 0B       		.uleb128 0xb
 585 0022 0B       		.uleb128 0xb
 586 0023 3E       		.uleb128 0x3e
 587 0024 0B       		.uleb128 0xb
 588 0025 03       		.uleb128 0x3
 589 0026 08       		.uleb128 0x8
 590 0027 00       		.byte	0
 591 0028 00       		.byte	0
 592 0029 04       		.uleb128 0x4
 593 002a 16       		.uleb128 0x16
 594 002b 00       		.byte	0
 595 002c 03       		.uleb128 0x3
 596 002d 0E       		.uleb128 0xe
 597 002e 3A       		.uleb128 0x3a
ARM GAS  C:\Users\THOMPS~1\AppData\Local\Temp\ccP1wsW2.s 			page 17


 598 002f 0B       		.uleb128 0xb
 599 0030 3B       		.uleb128 0x3b
 600 0031 05       		.uleb128 0x5
 601 0032 49       		.uleb128 0x49
 602 0033 13       		.uleb128 0x13
 603 0034 00       		.byte	0
 604 0035 00       		.byte	0
 605 0036 05       		.uleb128 0x5
 606 0037 35       		.uleb128 0x35
 607 0038 00       		.byte	0
 608 0039 49       		.uleb128 0x49
 609 003a 13       		.uleb128 0x13
 610 003b 00       		.byte	0
 611 003c 00       		.byte	0
 612 003d 06       		.uleb128 0x6
 613 003e 2E       		.uleb128 0x2e
 614 003f 01       		.byte	0x1
 615 0040 3F       		.uleb128 0x3f
 616 0041 19       		.uleb128 0x19
 617 0042 03       		.uleb128 0x3
 618 0043 0E       		.uleb128 0xe
 619 0044 3A       		.uleb128 0x3a
 620 0045 0B       		.uleb128 0xb
 621 0046 3B       		.uleb128 0x3b
 622 0047 0B       		.uleb128 0xb
 623 0048 27       		.uleb128 0x27
 624 0049 19       		.uleb128 0x19
 625 004a 20       		.uleb128 0x20
 626 004b 0B       		.uleb128 0xb
 627 004c 01       		.uleb128 0x1
 628 004d 13       		.uleb128 0x13
 629 004e 00       		.byte	0
 630 004f 00       		.byte	0
 631 0050 07       		.uleb128 0x7
 632 0051 05       		.uleb128 0x5
 633 0052 00       		.byte	0
 634 0053 03       		.uleb128 0x3
 635 0054 0E       		.uleb128 0xe
 636 0055 3A       		.uleb128 0x3a
 637 0056 0B       		.uleb128 0xb
 638 0057 3B       		.uleb128 0x3b
 639 0058 0B       		.uleb128 0xb
 640 0059 49       		.uleb128 0x49
 641 005a 13       		.uleb128 0x13
 642 005b 00       		.byte	0
 643 005c 00       		.byte	0
 644 005d 08       		.uleb128 0x8
 645 005e 2E       		.uleb128 0x2e
 646 005f 00       		.byte	0
 647 0060 3F       		.uleb128 0x3f
 648 0061 19       		.uleb128 0x19
 649 0062 03       		.uleb128 0x3
 650 0063 0E       		.uleb128 0xe
 651 0064 3A       		.uleb128 0x3a
 652 0065 0B       		.uleb128 0xb
 653 0066 3B       		.uleb128 0x3b
 654 0067 0B       		.uleb128 0xb
ARM GAS  C:\Users\THOMPS~1\AppData\Local\Temp\ccP1wsW2.s 			page 18


 655 0068 27       		.uleb128 0x27
 656 0069 19       		.uleb128 0x19
 657 006a 11       		.uleb128 0x11
 658 006b 01       		.uleb128 0x1
 659 006c 12       		.uleb128 0x12
 660 006d 06       		.uleb128 0x6
 661 006e 40       		.uleb128 0x40
 662 006f 18       		.uleb128 0x18
 663 0070 9742     		.uleb128 0x2117
 664 0072 19       		.uleb128 0x19
 665 0073 00       		.byte	0
 666 0074 00       		.byte	0
 667 0075 09       		.uleb128 0x9
 668 0076 2E       		.uleb128 0x2e
 669 0077 01       		.byte	0x1
 670 0078 3F       		.uleb128 0x3f
 671 0079 19       		.uleb128 0x19
 672 007a 03       		.uleb128 0x3
 673 007b 0E       		.uleb128 0xe
 674 007c 3A       		.uleb128 0x3a
 675 007d 0B       		.uleb128 0xb
 676 007e 3B       		.uleb128 0x3b
 677 007f 0B       		.uleb128 0xb
 678 0080 27       		.uleb128 0x27
 679 0081 19       		.uleb128 0x19
 680 0082 11       		.uleb128 0x11
 681 0083 01       		.uleb128 0x1
 682 0084 12       		.uleb128 0x12
 683 0085 06       		.uleb128 0x6
 684 0086 40       		.uleb128 0x40
 685 0087 18       		.uleb128 0x18
 686 0088 9742     		.uleb128 0x2117
 687 008a 19       		.uleb128 0x19
 688 008b 01       		.uleb128 0x1
 689 008c 13       		.uleb128 0x13
 690 008d 00       		.byte	0
 691 008e 00       		.byte	0
 692 008f 0A       		.uleb128 0xa
 693 0090 05       		.uleb128 0x5
 694 0091 00       		.byte	0
 695 0092 03       		.uleb128 0x3
 696 0093 0E       		.uleb128 0xe
 697 0094 3A       		.uleb128 0x3a
 698 0095 0B       		.uleb128 0xb
 699 0096 3B       		.uleb128 0x3b
 700 0097 0B       		.uleb128 0xb
 701 0098 49       		.uleb128 0x49
 702 0099 13       		.uleb128 0x13
 703 009a 02       		.uleb128 0x2
 704 009b 17       		.uleb128 0x17
 705 009c 00       		.byte	0
 706 009d 00       		.byte	0
 707 009e 0B       		.uleb128 0xb
 708 009f 2E       		.uleb128 0x2e
 709 00a0 01       		.byte	0x1
 710 00a1 31       		.uleb128 0x31
 711 00a2 13       		.uleb128 0x13
ARM GAS  C:\Users\THOMPS~1\AppData\Local\Temp\ccP1wsW2.s 			page 19


 712 00a3 11       		.uleb128 0x11
 713 00a4 01       		.uleb128 0x1
 714 00a5 12       		.uleb128 0x12
 715 00a6 06       		.uleb128 0x6
 716 00a7 40       		.uleb128 0x40
 717 00a8 18       		.uleb128 0x18
 718 00a9 9742     		.uleb128 0x2117
 719 00ab 19       		.uleb128 0x19
 720 00ac 01       		.uleb128 0x1
 721 00ad 13       		.uleb128 0x13
 722 00ae 00       		.byte	0
 723 00af 00       		.byte	0
 724 00b0 0C       		.uleb128 0xc
 725 00b1 05       		.uleb128 0x5
 726 00b2 00       		.byte	0
 727 00b3 31       		.uleb128 0x31
 728 00b4 13       		.uleb128 0x13
 729 00b5 02       		.uleb128 0x2
 730 00b6 18       		.uleb128 0x18
 731 00b7 00       		.byte	0
 732 00b8 00       		.byte	0
 733 00b9 0D       		.uleb128 0xd
 734 00ba 2E       		.uleb128 0x2e
 735 00bb 01       		.byte	0x1
 736 00bc 3F       		.uleb128 0x3f
 737 00bd 19       		.uleb128 0x19
 738 00be 03       		.uleb128 0x3
 739 00bf 0E       		.uleb128 0xe
 740 00c0 3A       		.uleb128 0x3a
 741 00c1 0B       		.uleb128 0xb
 742 00c2 3B       		.uleb128 0x3b
 743 00c3 05       		.uleb128 0x5
 744 00c4 27       		.uleb128 0x27
 745 00c5 19       		.uleb128 0x19
 746 00c6 11       		.uleb128 0x11
 747 00c7 01       		.uleb128 0x1
 748 00c8 12       		.uleb128 0x12
 749 00c9 06       		.uleb128 0x6
 750 00ca 40       		.uleb128 0x40
 751 00cb 18       		.uleb128 0x18
 752 00cc 9742     		.uleb128 0x2117
 753 00ce 19       		.uleb128 0x19
 754 00cf 01       		.uleb128 0x1
 755 00d0 13       		.uleb128 0x13
 756 00d1 00       		.byte	0
 757 00d2 00       		.byte	0
 758 00d3 0E       		.uleb128 0xe
 759 00d4 34       		.uleb128 0x34
 760 00d5 00       		.byte	0
 761 00d6 03       		.uleb128 0x3
 762 00d7 0E       		.uleb128 0xe
 763 00d8 3A       		.uleb128 0x3a
 764 00d9 0B       		.uleb128 0xb
 765 00da 3B       		.uleb128 0x3b
 766 00db 05       		.uleb128 0x5
 767 00dc 49       		.uleb128 0x49
 768 00dd 13       		.uleb128 0x13
ARM GAS  C:\Users\THOMPS~1\AppData\Local\Temp\ccP1wsW2.s 			page 20


 769 00de 02       		.uleb128 0x2
 770 00df 17       		.uleb128 0x17
 771 00e0 00       		.byte	0
 772 00e1 00       		.byte	0
 773 00e2 0F       		.uleb128 0xf
 774 00e3 898201   		.uleb128 0x4109
 775 00e6 00       		.byte	0
 776 00e7 11       		.uleb128 0x11
 777 00e8 01       		.uleb128 0x1
 778 00e9 9542     		.uleb128 0x2115
 779 00eb 19       		.uleb128 0x19
 780 00ec 31       		.uleb128 0x31
 781 00ed 13       		.uleb128 0x13
 782 00ee 00       		.byte	0
 783 00ef 00       		.byte	0
 784 00f0 10       		.uleb128 0x10
 785 00f1 898201   		.uleb128 0x4109
 786 00f4 01       		.byte	0x1
 787 00f5 11       		.uleb128 0x11
 788 00f6 01       		.uleb128 0x1
 789 00f7 31       		.uleb128 0x31
 790 00f8 13       		.uleb128 0x13
 791 00f9 01       		.uleb128 0x1
 792 00fa 13       		.uleb128 0x13
 793 00fb 00       		.byte	0
 794 00fc 00       		.byte	0
 795 00fd 11       		.uleb128 0x11
 796 00fe 8A8201   		.uleb128 0x410a
 797 0101 00       		.byte	0
 798 0102 02       		.uleb128 0x2
 799 0103 18       		.uleb128 0x18
 800 0104 9142     		.uleb128 0x2111
 801 0106 18       		.uleb128 0x18
 802 0107 00       		.byte	0
 803 0108 00       		.byte	0
 804 0109 12       		.uleb128 0x12
 805 010a 898201   		.uleb128 0x4109
 806 010d 01       		.byte	0x1
 807 010e 11       		.uleb128 0x11
 808 010f 01       		.uleb128 0x1
 809 0110 9542     		.uleb128 0x2115
 810 0112 19       		.uleb128 0x19
 811 0113 31       		.uleb128 0x31
 812 0114 13       		.uleb128 0x13
 813 0115 00       		.byte	0
 814 0116 00       		.byte	0
 815 0117 13       		.uleb128 0x13
 816 0118 1D       		.uleb128 0x1d
 817 0119 01       		.byte	0x1
 818 011a 31       		.uleb128 0x31
 819 011b 13       		.uleb128 0x13
 820 011c 11       		.uleb128 0x11
 821 011d 01       		.uleb128 0x1
 822 011e 12       		.uleb128 0x12
 823 011f 06       		.uleb128 0x6
 824 0120 58       		.uleb128 0x58
 825 0121 0B       		.uleb128 0xb
ARM GAS  C:\Users\THOMPS~1\AppData\Local\Temp\ccP1wsW2.s 			page 21


 826 0122 59       		.uleb128 0x59
 827 0123 0B       		.uleb128 0xb
 828 0124 01       		.uleb128 0x1
 829 0125 13       		.uleb128 0x13
 830 0126 00       		.byte	0
 831 0127 00       		.byte	0
 832 0128 14       		.uleb128 0x14
 833 0129 05       		.uleb128 0x5
 834 012a 00       		.byte	0
 835 012b 31       		.uleb128 0x31
 836 012c 13       		.uleb128 0x13
 837 012d 02       		.uleb128 0x2
 838 012e 17       		.uleb128 0x17
 839 012f 00       		.byte	0
 840 0130 00       		.byte	0
 841 0131 15       		.uleb128 0x15
 842 0132 898201   		.uleb128 0x4109
 843 0135 00       		.byte	0
 844 0136 11       		.uleb128 0x11
 845 0137 01       		.uleb128 0x1
 846 0138 31       		.uleb128 0x31
 847 0139 13       		.uleb128 0x13
 848 013a 00       		.byte	0
 849 013b 00       		.byte	0
 850 013c 16       		.uleb128 0x16
 851 013d 34       		.uleb128 0x34
 852 013e 00       		.byte	0
 853 013f 03       		.uleb128 0x3
 854 0140 0E       		.uleb128 0xe
 855 0141 3A       		.uleb128 0x3a
 856 0142 0B       		.uleb128 0xb
 857 0143 3B       		.uleb128 0x3b
 858 0144 0B       		.uleb128 0xb
 859 0145 49       		.uleb128 0x49
 860 0146 13       		.uleb128 0x13
 861 0147 3F       		.uleb128 0x3f
 862 0148 19       		.uleb128 0x19
 863 0149 02       		.uleb128 0x2
 864 014a 18       		.uleb128 0x18
 865 014b 00       		.byte	0
 866 014c 00       		.byte	0
 867 014d 00       		.byte	0
 868              		.section	.debug_loc,"",%progbits
 869              	.Ldebug_loc0:
 870              	.LLST0:
 871 0000 00000000 		.4byte	.LVL0
 872 0004 06000000 		.4byte	.LVL1
 873 0008 0100     		.2byte	0x1
 874 000a 50       		.byte	0x50
 875 000b 06000000 		.4byte	.LVL1
 876 000f 1C000000 		.4byte	.LFE4
 877 0013 0400     		.2byte	0x4
 878 0015 F3       		.byte	0xf3
 879 0016 01       		.uleb128 0x1
 880 0017 50       		.byte	0x50
 881 0018 9F       		.byte	0x9f
 882 0019 00000000 		.4byte	0
ARM GAS  C:\Users\THOMPS~1\AppData\Local\Temp\ccP1wsW2.s 			page 22


 883 001d 00000000 		.4byte	0
 884              	.LLST1:
 885 0021 06000000 		.4byte	.LVL3
 886 0025 0A000000 		.4byte	.LVL4
 887 0029 0900     		.2byte	0x9
 888 002b 73       		.byte	0x73
 889 002c 00       		.sleb128 0
 890 002d 3C       		.byte	0x3c
 891 002e 1A       		.byte	0x1a
 892 002f 32       		.byte	0x32
 893 0030 25       		.byte	0x25
 894 0031 23       		.byte	0x23
 895 0032 06       		.uleb128 0x6
 896 0033 9F       		.byte	0x9f
 897 0034 00000000 		.4byte	0
 898 0038 00000000 		.4byte	0
 899              	.LLST2:
 900 003c 00000000 		.4byte	.LVL5
 901 0040 06000000 		.4byte	.LVL6
 902 0044 0100     		.2byte	0x1
 903 0046 50       		.byte	0x50
 904 0047 06000000 		.4byte	.LVL6
 905 004b 1C000000 		.4byte	.LFE5
 906 004f 0400     		.2byte	0x4
 907 0051 F3       		.byte	0xf3
 908 0052 01       		.uleb128 0x1
 909 0053 50       		.byte	0x50
 910 0054 9F       		.byte	0x9f
 911 0055 00000000 		.4byte	0
 912 0059 00000000 		.4byte	0
 913              	.LLST3:
 914 005d 14000000 		.4byte	.LVL11
 915 0061 1A000000 		.4byte	.LVL12
 916 0065 0300     		.2byte	0x3
 917 0067 08       		.byte	0x8
 918 0068 64       		.byte	0x64
 919 0069 9F       		.byte	0x9f
 920 006a 00000000 		.4byte	0
 921 006e 00000000 		.4byte	0
 922              		.section	.debug_aranges,"",%progbits
 923 0000 54000000 		.4byte	0x54
 924 0004 0200     		.2byte	0x2
 925 0006 00000000 		.4byte	.Ldebug_info0
 926 000a 04       		.byte	0x4
 927 000b 00       		.byte	0
 928 000c 0000     		.2byte	0
 929 000e 0000     		.2byte	0
 930 0010 00000000 		.4byte	.LFB1
 931 0014 18000000 		.4byte	.LFE1-.LFB1
 932 0018 00000000 		.4byte	.LFB3
 933 001c 18000000 		.4byte	.LFE3-.LFB3
 934 0020 00000000 		.4byte	.LFB4
 935 0024 1C000000 		.4byte	.LFE4-.LFB4
 936 0028 00000000 		.4byte	.LFB6
 937 002c 0C000000 		.4byte	.LFE6-.LFB6
 938 0030 00000000 		.4byte	.LFB7
 939 0034 24000000 		.4byte	.LFE7-.LFB7
ARM GAS  C:\Users\THOMPS~1\AppData\Local\Temp\ccP1wsW2.s 			page 23


 940 0038 00000000 		.4byte	.LFB5
 941 003c 1C000000 		.4byte	.LFE5-.LFB5
 942 0040 00000000 		.4byte	.LFB0
 943 0044 20000000 		.4byte	.LFE0-.LFB0
 944 0048 00000000 		.4byte	.LFB2
 945 004c 24000000 		.4byte	.LFE2-.LFB2
 946 0050 00000000 		.4byte	0
 947 0054 00000000 		.4byte	0
 948              		.section	.debug_ranges,"",%progbits
 949              	.Ldebug_ranges0:
 950 0000 00000000 		.4byte	.LFB1
 951 0004 18000000 		.4byte	.LFE1
 952 0008 00000000 		.4byte	.LFB3
 953 000c 18000000 		.4byte	.LFE3
 954 0010 00000000 		.4byte	.LFB4
 955 0014 1C000000 		.4byte	.LFE4
 956 0018 00000000 		.4byte	.LFB6
 957 001c 0C000000 		.4byte	.LFE6
 958 0020 00000000 		.4byte	.LFB7
 959 0024 24000000 		.4byte	.LFE7
 960 0028 00000000 		.4byte	.LFB5
 961 002c 1C000000 		.4byte	.LFE5
 962 0030 00000000 		.4byte	.LFB0
 963 0034 20000000 		.4byte	.LFE0
 964 0038 00000000 		.4byte	.LFB2
 965 003c 24000000 		.4byte	.LFE2
 966 0040 00000000 		.4byte	0
 967 0044 00000000 		.4byte	0
 968              		.section	.debug_line,"",%progbits
 969              	.Ldebug_line0:
 970 0000 EF000000 		.section	.debug_str,"MS",%progbits,1
 970      02004400 
 970      00000201 
 970      FB0E0D00 
 970      01010101 
 971              	.LASF14:
 972 0000 66696E65 		.ascii	"fineDAC_Enable\000"
 972      4441435F 
 972      456E6162 
 972      6C6500
 973              	.LASF17:
 974 000f 66696E65 		.ascii	"fineDAC_DacTrim\000"
 974      4441435F 
 974      44616354 
 974      72696D00 
 975              	.LASF21:
 976 001f 66696E65 		.ascii	"fineDAC_Init\000"
 976      4441435F 
 976      496E6974 
 976      00
 977              	.LASF27:
 978 002c 76616C75 		.ascii	"value\000"
 978      6500
 979              	.LASF18:
 980 0032 66696E65 		.ascii	"fineDAC_SetRange\000"
 980      4441435F 
 980      53657452 
ARM GAS  C:\Users\THOMPS~1\AppData\Local\Temp\ccP1wsW2.s 			page 24


 980      616E6765 
 980      00
 981              	.LASF9:
 982 0043 666C6F61 		.ascii	"float\000"
 982      7400
 983              	.LASF7:
 984 0049 6C6F6E67 		.ascii	"long long unsigned int\000"
 984      206C6F6E 
 984      6720756E 
 984      7369676E 
 984      65642069 
 985              	.LASF1:
 986 0060 756E7369 		.ascii	"unsigned char\000"
 986      676E6564 
 986      20636861 
 986      7200
 987              	.LASF13:
 988 006e 72656738 		.ascii	"reg8\000"
 988      00
 989              	.LASF5:
 990 0073 6C6F6E67 		.ascii	"long unsigned int\000"
 990      20756E73 
 990      69676E65 
 990      6420696E 
 990      7400
 991              	.LASF3:
 992 0085 73686F72 		.ascii	"short unsigned int\000"
 992      7420756E 
 992      7369676E 
 992      65642069 
 992      6E7400
 993              	.LASF16:
 994 0098 66696E65 		.ascii	"fineDAC_SetSpeed\000"
 994      4441435F 
 994      53657453 
 994      70656564 
 994      00
 995              	.LASF15:
 996 00a9 66696E65 		.ascii	"fineDAC_Stop\000"
 996      4441435F 
 996      53746F70 
 996      00
 997              	.LASF10:
 998 00b6 646F7562 		.ascii	"double\000"
 998      6C6500
 999              	.LASF24:
 1000 00bd 47656E65 		.ascii	"Generated_Source\\PSoC5\\fineDAC.c\000"
 1000      72617465 
 1000      645F536F 
 1000      75726365 
 1000      5C50536F 
 1001              	.LASF20:
 1002 00de 72616E67 		.ascii	"range\000"
 1002      6500
 1003              	.LASF8:
 1004 00e4 756E7369 		.ascii	"unsigned int\000"
 1004      676E6564 
ARM GAS  C:\Users\THOMPS~1\AppData\Local\Temp\ccP1wsW2.s 			page 25


 1004      20696E74 
 1004      00
 1005              	.LASF23:
 1006 00f1 474E5520 		.ascii	"GNU C11 5.4.1 20160609 (release) [ARM/embedded-5-br"
 1006      43313120 
 1006      352E342E 
 1006      31203230 
 1006      31363036 
 1007 0124 616E6368 		.ascii	"anch revision 237715] -mcpu=cortex-m3 -mthumb -g -O"
 1007      20726576 
 1007      6973696F 
 1007      6E203233 
 1007      37373135 
 1008 0157 73202D66 		.ascii	"s -ffunction-sections -ffat-lto-objects\000"
 1008      66756E63 
 1008      74696F6E 
 1008      2D736563 
 1008      74696F6E 
 1009              	.LASF28:
 1010 017f 6D6F6465 		.ascii	"mode\000"
 1010      00
 1011              	.LASF19:
 1012 0184 73706565 		.ascii	"speed\000"
 1012      6400
 1013              	.LASF6:
 1014 018a 6C6F6E67 		.ascii	"long long int\000"
 1014      206C6F6E 
 1014      6720696E 
 1014      7400
 1015              	.LASF11:
 1016 0198 63686172 		.ascii	"char\000"
 1016      00
 1017              	.LASF2:
 1018 019d 73686F72 		.ascii	"short int\000"
 1018      7420696E 
 1018      7400
 1019              	.LASF26:
 1020 01a7 66696E65 		.ascii	"fineDAC_SetValue\000"
 1020      4441435F 
 1020      53657456 
 1020      616C7565 
 1020      00
 1021              	.LASF12:
 1022 01b8 75696E74 		.ascii	"uint8\000"
 1022      3800
 1023              	.LASF4:
 1024 01be 6C6F6E67 		.ascii	"long int\000"
 1024      20696E74 
 1024      00
 1025              	.LASF0:
 1026 01c7 7369676E 		.ascii	"signed char\000"
 1026      65642063 
 1026      68617200 
 1027              	.LASF29:
 1028 01d3 66696E65 		.ascii	"fineDAC_initVar\000"
 1028      4441435F 
 1028      696E6974 
ARM GAS  C:\Users\THOMPS~1\AppData\Local\Temp\ccP1wsW2.s 			page 26


 1028      56617200 
 1029              	.LASF25:
 1030 01e3 5C5C766C 		.ascii	"\\\\vladan\\Thompson Lab Documents\\Graham\\Arduino"
 1030      6164616E 
 1030      5C54686F 
 1030      6D70736F 
 1030      6E204C61 
 1031 0211 5C547269 		.ascii	"\\Triggered Relocker\\src\\Adjustable Automated Rel"
 1031      67676572 
 1031      65642052 
 1031      656C6F63 
 1031      6B65725C 
 1032 0241 6F636B65 		.ascii	"ocker Code\\Adjustable Automated Relocker Code.cyds"
 1032      7220436F 
 1032      64655C41 
 1032      646A7573 
 1032      7461626C 
 1033 0273 6E00     		.ascii	"n\000"
 1034              	.LASF22:
 1035 0275 66696E65 		.ascii	"fineDAC_Start\000"
 1035      4441435F 
 1035      53746172 
 1035      7400
 1036              		.ident	"GCC: (GNU Tools for ARM Embedded Processors) 5.4.1 20160609 (release) [ARM/embedded-5-bran
