ARM GAS  C:\Users\THOMPS~1\AppData\Local\Temp\ccarQ67K.s 			page 1


   1              		.syntax unified
   2              		.cpu cortex-m3
   3              		.fpu softvfp
   4              		.eabi_attribute 20, 1
   5              		.eabi_attribute 21, 1
   6              		.eabi_attribute 23, 3
   7              		.eabi_attribute 24, 1
   8              		.eabi_attribute 25, 1
   9              		.eabi_attribute 26, 1
  10              		.eabi_attribute 30, 4
  11              		.eabi_attribute 34, 1
  12              		.eabi_attribute 18, 4
  13              		.thumb
  14              		.syntax unified
  15              		.file	"LFOutADC_PM.c"
  16              		.text
  17              	.Ltext0:
  18              		.cfi_sections	.debug_frame
  19              		.section	.text.LFOutADC_SaveConfig,"ax",%progbits
  20              		.align	1
  21              		.global	LFOutADC_SaveConfig
  22              		.thumb
  23              		.thumb_func
  24              		.type	LFOutADC_SaveConfig, %function
  25              	LFOutADC_SaveConfig:
  26              	.LFB0:
  27              		.file 1 "Generated_Source\\PSoC5\\LFOutADC_PM.c"
   1:Generated_Source\PSoC5/LFOutADC_PM.c **** /*******************************************************************************
   2:Generated_Source\PSoC5/LFOutADC_PM.c **** * File Name: LFOutADC_PM.c
   3:Generated_Source\PSoC5/LFOutADC_PM.c **** * Version 3.30
   4:Generated_Source\PSoC5/LFOutADC_PM.c **** *
   5:Generated_Source\PSoC5/LFOutADC_PM.c **** * Description:
   6:Generated_Source\PSoC5/LFOutADC_PM.c **** *  This file provides the power manager source code to the API for the
   7:Generated_Source\PSoC5/LFOutADC_PM.c **** *  Delta-Sigma ADC Component.
   8:Generated_Source\PSoC5/LFOutADC_PM.c **** *
   9:Generated_Source\PSoC5/LFOutADC_PM.c **** * Note:
  10:Generated_Source\PSoC5/LFOutADC_PM.c **** *
  11:Generated_Source\PSoC5/LFOutADC_PM.c **** ********************************************************************************
  12:Generated_Source\PSoC5/LFOutADC_PM.c **** * Copyright 2008-2017, Cypress Semiconductor Corporation.  All rights reserved.
  13:Generated_Source\PSoC5/LFOutADC_PM.c **** * You may use this file only in accordance with the license, terms, conditions,
  14:Generated_Source\PSoC5/LFOutADC_PM.c **** * disclaimers, and limitations in the end user license agreement accompanying
  15:Generated_Source\PSoC5/LFOutADC_PM.c **** * the software package with which this file was provided.
  16:Generated_Source\PSoC5/LFOutADC_PM.c **** *******************************************************************************/
  17:Generated_Source\PSoC5/LFOutADC_PM.c **** 
  18:Generated_Source\PSoC5/LFOutADC_PM.c **** #include "LFOutADC.h"
  19:Generated_Source\PSoC5/LFOutADC_PM.c **** 
  20:Generated_Source\PSoC5/LFOutADC_PM.c **** static LFOutADC_BACKUP_STRUCT LFOutADC_backup =
  21:Generated_Source\PSoC5/LFOutADC_PM.c **** {
  22:Generated_Source\PSoC5/LFOutADC_PM.c ****     LFOutADC_DISABLED,
  23:Generated_Source\PSoC5/LFOutADC_PM.c ****     LFOutADC_CFG1_DEC_CR
  24:Generated_Source\PSoC5/LFOutADC_PM.c **** };
  25:Generated_Source\PSoC5/LFOutADC_PM.c **** 
  26:Generated_Source\PSoC5/LFOutADC_PM.c **** 
  27:Generated_Source\PSoC5/LFOutADC_PM.c **** /*******************************************************************************
  28:Generated_Source\PSoC5/LFOutADC_PM.c **** * Function Name: LFOutADC_SaveConfig
  29:Generated_Source\PSoC5/LFOutADC_PM.c **** ********************************************************************************
  30:Generated_Source\PSoC5/LFOutADC_PM.c **** *
ARM GAS  C:\Users\THOMPS~1\AppData\Local\Temp\ccarQ67K.s 			page 2


  31:Generated_Source\PSoC5/LFOutADC_PM.c **** * Summary:
  32:Generated_Source\PSoC5/LFOutADC_PM.c **** *  Save the register configuration which are not retention.
  33:Generated_Source\PSoC5/LFOutADC_PM.c **** *
  34:Generated_Source\PSoC5/LFOutADC_PM.c **** * Parameters:
  35:Generated_Source\PSoC5/LFOutADC_PM.c **** *  None
  36:Generated_Source\PSoC5/LFOutADC_PM.c **** *
  37:Generated_Source\PSoC5/LFOutADC_PM.c **** * Return:
  38:Generated_Source\PSoC5/LFOutADC_PM.c **** *  None
  39:Generated_Source\PSoC5/LFOutADC_PM.c **** *
  40:Generated_Source\PSoC5/LFOutADC_PM.c **** * Global variables:
  41:Generated_Source\PSoC5/LFOutADC_PM.c **** *  LFOutADC_backup:  This global structure variable is used to store
  42:Generated_Source\PSoC5/LFOutADC_PM.c **** *  configuration registers which are non retention whenever user wants to go
  43:Generated_Source\PSoC5/LFOutADC_PM.c **** *  sleep mode by calling Sleep() API.
  44:Generated_Source\PSoC5/LFOutADC_PM.c **** *
  45:Generated_Source\PSoC5/LFOutADC_PM.c **** *******************************************************************************/
  46:Generated_Source\PSoC5/LFOutADC_PM.c **** void LFOutADC_SaveConfig(void) 
  47:Generated_Source\PSoC5/LFOutADC_PM.c **** {
  28              		.loc 1 47 0
  29              		.cfi_startproc
  30              		@ args = 0, pretend = 0, frame = 0
  31              		@ frame_needed = 0, uses_anonymous_args = 0
  32              		@ link register save eliminated.
  48:Generated_Source\PSoC5/LFOutADC_PM.c ****     LFOutADC_backup.deccr = LFOutADC_DEC_CR_REG;
  33              		.loc 1 48 0
  34 0000 024B     		ldr	r3, .L2
  35 0002 1A78     		ldrb	r2, [r3]	@ zero_extendqisi2
  36 0004 024B     		ldr	r3, .L2+4
  37 0006 5A70     		strb	r2, [r3, #1]
  38 0008 7047     		bx	lr
  39              	.L3:
  40 000a 00BF     		.align	2
  41              	.L2:
  42 000c 004E0040 		.word	1073761792
  43 0010 00000000 		.word	.LANCHOR0
  44              		.cfi_endproc
  45              	.LFE0:
  46              		.size	LFOutADC_SaveConfig, .-LFOutADC_SaveConfig
  47              		.section	.text.LFOutADC_RestoreConfig,"ax",%progbits
  48              		.align	1
  49              		.global	LFOutADC_RestoreConfig
  50              		.thumb
  51              		.thumb_func
  52              		.type	LFOutADC_RestoreConfig, %function
  53              	LFOutADC_RestoreConfig:
  54              	.LFB1:
  49:Generated_Source\PSoC5/LFOutADC_PM.c **** }
  50:Generated_Source\PSoC5/LFOutADC_PM.c **** 
  51:Generated_Source\PSoC5/LFOutADC_PM.c **** 
  52:Generated_Source\PSoC5/LFOutADC_PM.c **** /*******************************************************************************
  53:Generated_Source\PSoC5/LFOutADC_PM.c **** * Function Name: LFOutADC_RestoreConfig
  54:Generated_Source\PSoC5/LFOutADC_PM.c **** ********************************************************************************
  55:Generated_Source\PSoC5/LFOutADC_PM.c **** *
  56:Generated_Source\PSoC5/LFOutADC_PM.c **** * Summary:
  57:Generated_Source\PSoC5/LFOutADC_PM.c **** *  Restore the register configurations which are not retention.
  58:Generated_Source\PSoC5/LFOutADC_PM.c **** *
  59:Generated_Source\PSoC5/LFOutADC_PM.c **** * Parameters:
  60:Generated_Source\PSoC5/LFOutADC_PM.c **** *  None
ARM GAS  C:\Users\THOMPS~1\AppData\Local\Temp\ccarQ67K.s 			page 3


  61:Generated_Source\PSoC5/LFOutADC_PM.c **** *
  62:Generated_Source\PSoC5/LFOutADC_PM.c **** * Return:
  63:Generated_Source\PSoC5/LFOutADC_PM.c **** *  None
  64:Generated_Source\PSoC5/LFOutADC_PM.c **** *
  65:Generated_Source\PSoC5/LFOutADC_PM.c **** * Global variables:
  66:Generated_Source\PSoC5/LFOutADC_PM.c **** *  LFOutADC_backup:  This global structure variable is used to restore
  67:Generated_Source\PSoC5/LFOutADC_PM.c **** *  configuration registers which are non retention whenever user wants to switch
  68:Generated_Source\PSoC5/LFOutADC_PM.c **** *  to active power mode by calling Wakeup() API.
  69:Generated_Source\PSoC5/LFOutADC_PM.c **** *
  70:Generated_Source\PSoC5/LFOutADC_PM.c **** *******************************************************************************/
  71:Generated_Source\PSoC5/LFOutADC_PM.c **** void LFOutADC_RestoreConfig(void) 
  72:Generated_Source\PSoC5/LFOutADC_PM.c **** {
  55              		.loc 1 72 0
  56              		.cfi_startproc
  57              		@ args = 0, pretend = 0, frame = 0
  58              		@ frame_needed = 0, uses_anonymous_args = 0
  59              		@ link register save eliminated.
  73:Generated_Source\PSoC5/LFOutADC_PM.c ****     LFOutADC_DEC_CR_REG = LFOutADC_backup.deccr;
  60              		.loc 1 73 0
  61 0000 024B     		ldr	r3, .L5
  62 0002 5A78     		ldrb	r2, [r3, #1]	@ zero_extendqisi2
  63 0004 024B     		ldr	r3, .L5+4
  64 0006 1A70     		strb	r2, [r3]
  65 0008 7047     		bx	lr
  66              	.L6:
  67 000a 00BF     		.align	2
  68              	.L5:
  69 000c 00000000 		.word	.LANCHOR0
  70 0010 004E0040 		.word	1073761792
  71              		.cfi_endproc
  72              	.LFE1:
  73              		.size	LFOutADC_RestoreConfig, .-LFOutADC_RestoreConfig
  74              		.section	.text.LFOutADC_Sleep,"ax",%progbits
  75              		.align	1
  76              		.global	LFOutADC_Sleep
  77              		.thumb
  78              		.thumb_func
  79              		.type	LFOutADC_Sleep, %function
  80              	LFOutADC_Sleep:
  81              	.LFB2:
  74:Generated_Source\PSoC5/LFOutADC_PM.c **** }
  75:Generated_Source\PSoC5/LFOutADC_PM.c **** 
  76:Generated_Source\PSoC5/LFOutADC_PM.c **** 
  77:Generated_Source\PSoC5/LFOutADC_PM.c **** /*******************************************************************************
  78:Generated_Source\PSoC5/LFOutADC_PM.c **** * Function Name: LFOutADC_Sleep
  79:Generated_Source\PSoC5/LFOutADC_PM.c **** ********************************************************************************
  80:Generated_Source\PSoC5/LFOutADC_PM.c **** *
  81:Generated_Source\PSoC5/LFOutADC_PM.c **** * Summary:
  82:Generated_Source\PSoC5/LFOutADC_PM.c **** *  Stops the operation of the block and saves the user configuration.
  83:Generated_Source\PSoC5/LFOutADC_PM.c **** *
  84:Generated_Source\PSoC5/LFOutADC_PM.c **** * Parameters:
  85:Generated_Source\PSoC5/LFOutADC_PM.c **** *  None
  86:Generated_Source\PSoC5/LFOutADC_PM.c **** *
  87:Generated_Source\PSoC5/LFOutADC_PM.c **** * Return:
  88:Generated_Source\PSoC5/LFOutADC_PM.c **** *  None
  89:Generated_Source\PSoC5/LFOutADC_PM.c **** *
  90:Generated_Source\PSoC5/LFOutADC_PM.c **** * Global variables:
ARM GAS  C:\Users\THOMPS~1\AppData\Local\Temp\ccarQ67K.s 			page 4


  91:Generated_Source\PSoC5/LFOutADC_PM.c **** *  LFOutADC_backup:  The structure field 'enableState' is modified
  92:Generated_Source\PSoC5/LFOutADC_PM.c **** *  depending on the enable state of the block before entering to sleep mode.
  93:Generated_Source\PSoC5/LFOutADC_PM.c **** *
  94:Generated_Source\PSoC5/LFOutADC_PM.c **** *******************************************************************************/
  95:Generated_Source\PSoC5/LFOutADC_PM.c **** void LFOutADC_Sleep(void) 
  96:Generated_Source\PSoC5/LFOutADC_PM.c **** {
  82              		.loc 1 96 0
  83              		.cfi_startproc
  84              		@ args = 0, pretend = 0, frame = 0
  85              		@ frame_needed = 0, uses_anonymous_args = 0
  86 0000 08B5     		push	{r3, lr}
  87              		.cfi_def_cfa_offset 8
  88              		.cfi_offset 3, -8
  89              		.cfi_offset 14, -4
  97:Generated_Source\PSoC5/LFOutADC_PM.c ****     /* Save ADC enable state */
  98:Generated_Source\PSoC5/LFOutADC_PM.c ****     if((LFOutADC_ACT_PWR_DEC_EN == (LFOutADC_PWRMGR_DEC_REG & LFOutADC_ACT_PWR_DEC_EN)) &&
  90              		.loc 1 98 0
  91 0002 0D4A     		ldr	r2, .L21
  92 0004 1378     		ldrb	r3, [r2]	@ zero_extendqisi2
  93 0006 13F0010F 		tst	r3, #1
  94 000a 0C4B     		ldr	r3, .L21+4
  95 000c 0DD0     		beq	.L8
  99:Generated_Source\PSoC5/LFOutADC_PM.c ****        (LFOutADC_ACT_PWR_DSM_EN == (LFOutADC_PWRMGR_DSM_REG & LFOutADC_ACT_PWR_DSM_EN)))
  96              		.loc 1 99 0 discriminator 1
  97 000e 1278     		ldrb	r2, [r2]	@ zero_extendqisi2
  98:Generated_Source\PSoC5/LFOutADC_PM.c ****        (LFOutADC_ACT_PWR_DSM_EN == (LFOutADC_PWRMGR_DSM_REG & LFOutADC_ACT_PWR_DSM_EN)))
  98              		.loc 1 98 0 discriminator 1
  99 0010 D106     		lsls	r1, r2, #27
 100 0012 0AD5     		bpl	.L8
 100:Generated_Source\PSoC5/LFOutADC_PM.c ****     {
 101:Generated_Source\PSoC5/LFOutADC_PM.c ****         /* Component is enabled */
 102:Generated_Source\PSoC5/LFOutADC_PM.c ****         LFOutADC_backup.enableState = LFOutADC_ENABLED;
 101              		.loc 1 102 0
 102 0014 0122     		movs	r2, #1
 103 0016 1A70     		strb	r2, [r3]
 103:Generated_Source\PSoC5/LFOutADC_PM.c ****         if((LFOutADC_DEC_CR_REG & LFOutADC_DEC_START_CONV) != 0u)
 104              		.loc 1 103 0
 105 0018 094A     		ldr	r2, .L21+8
 106 001a 1278     		ldrb	r2, [r2]	@ zero_extendqisi2
 107 001c D207     		lsls	r2, r2, #31
 104:Generated_Source\PSoC5/LFOutADC_PM.c ****         {   
 105:Generated_Source\PSoC5/LFOutADC_PM.c ****             /* Conversion is started */
 106:Generated_Source\PSoC5/LFOutADC_PM.c ****             LFOutADC_backup.enableState |= LFOutADC_STARTED;
 108              		.loc 1 106 0
 109 001e 44BF     		itt	mi
 110 0020 0322     		movmi	r2, #3
 111 0022 1A70     		strbmi	r2, [r3]
 107:Generated_Source\PSoC5/LFOutADC_PM.c ****         }
 108:Generated_Source\PSoC5/LFOutADC_PM.c **** 		
 109:Generated_Source\PSoC5/LFOutADC_PM.c ****         /* Stop the configuration */
 110:Generated_Source\PSoC5/LFOutADC_PM.c ****         LFOutADC_Stop();
 112              		.loc 1 110 0
 113 0024 FFF7FEFF 		bl	LFOutADC_Stop
 114              	.LVL0:
 115 0028 01E0     		b	.L10
 116              	.L8:
 111:Generated_Source\PSoC5/LFOutADC_PM.c ****     }
ARM GAS  C:\Users\THOMPS~1\AppData\Local\Temp\ccarQ67K.s 			page 5


 112:Generated_Source\PSoC5/LFOutADC_PM.c ****     else
 113:Generated_Source\PSoC5/LFOutADC_PM.c ****     {
 114:Generated_Source\PSoC5/LFOutADC_PM.c ****         /* Component is disabled */
 115:Generated_Source\PSoC5/LFOutADC_PM.c ****         LFOutADC_backup.enableState = LFOutADC_DISABLED;
 117              		.loc 1 115 0
 118 002a 0022     		movs	r2, #0
 119 002c 1A70     		strb	r2, [r3]
 120              	.L10:
 116:Generated_Source\PSoC5/LFOutADC_PM.c ****     }
 117:Generated_Source\PSoC5/LFOutADC_PM.c **** 
 118:Generated_Source\PSoC5/LFOutADC_PM.c ****     /* Save the user configuration */
 119:Generated_Source\PSoC5/LFOutADC_PM.c ****     LFOutADC_SaveConfig();
 120:Generated_Source\PSoC5/LFOutADC_PM.c **** }
 121              		.loc 1 120 0
 122 002e BDE80840 		pop	{r3, lr}
 123              		.cfi_restore 14
 124              		.cfi_restore 3
 125              		.cfi_def_cfa_offset 0
 119:Generated_Source\PSoC5/LFOutADC_PM.c **** }
 126              		.loc 1 119 0
 127 0032 FFF7FEBF 		b	LFOutADC_SaveConfig
 128              	.LVL1:
 129              	.L22:
 130 0036 00BF     		.align	2
 131              	.L21:
 132 0038 AA430040 		.word	1073759146
 133 003c 00000000 		.word	.LANCHOR0
 134 0040 004E0040 		.word	1073761792
 135              		.cfi_endproc
 136              	.LFE2:
 137              		.size	LFOutADC_Sleep, .-LFOutADC_Sleep
 138              		.section	.text.LFOutADC_Wakeup,"ax",%progbits
 139              		.align	1
 140              		.global	LFOutADC_Wakeup
 141              		.thumb
 142              		.thumb_func
 143              		.type	LFOutADC_Wakeup, %function
 144              	LFOutADC_Wakeup:
 145              	.LFB3:
 121:Generated_Source\PSoC5/LFOutADC_PM.c **** 
 122:Generated_Source\PSoC5/LFOutADC_PM.c **** 
 123:Generated_Source\PSoC5/LFOutADC_PM.c **** /*******************************************************************************
 124:Generated_Source\PSoC5/LFOutADC_PM.c **** * Function Name: LFOutADC_Wakeup
 125:Generated_Source\PSoC5/LFOutADC_PM.c **** ********************************************************************************
 126:Generated_Source\PSoC5/LFOutADC_PM.c **** *
 127:Generated_Source\PSoC5/LFOutADC_PM.c **** * Summary:
 128:Generated_Source\PSoC5/LFOutADC_PM.c **** *  Restores the user configuration and enables the power to the block.
 129:Generated_Source\PSoC5/LFOutADC_PM.c **** *
 130:Generated_Source\PSoC5/LFOutADC_PM.c **** * Parameters:
 131:Generated_Source\PSoC5/LFOutADC_PM.c **** *  None
 132:Generated_Source\PSoC5/LFOutADC_PM.c **** *
 133:Generated_Source\PSoC5/LFOutADC_PM.c **** * Return:
 134:Generated_Source\PSoC5/LFOutADC_PM.c **** *  None
 135:Generated_Source\PSoC5/LFOutADC_PM.c **** *
 136:Generated_Source\PSoC5/LFOutADC_PM.c **** * Global variables:
 137:Generated_Source\PSoC5/LFOutADC_PM.c **** *  LFOutADC_backup:  The structure field 'enableState' is used to
 138:Generated_Source\PSoC5/LFOutADC_PM.c **** *  restore the enable state of block after wakeup from sleep mode.
ARM GAS  C:\Users\THOMPS~1\AppData\Local\Temp\ccarQ67K.s 			page 6


 139:Generated_Source\PSoC5/LFOutADC_PM.c **** *
 140:Generated_Source\PSoC5/LFOutADC_PM.c **** *******************************************************************************/
 141:Generated_Source\PSoC5/LFOutADC_PM.c **** void LFOutADC_Wakeup(void) 
 142:Generated_Source\PSoC5/LFOutADC_PM.c **** {
 146              		.loc 1 142 0
 147              		.cfi_startproc
 148              		@ args = 0, pretend = 0, frame = 0
 149              		@ frame_needed = 0, uses_anonymous_args = 0
 150 0000 10B5     		push	{r4, lr}
 151              		.cfi_def_cfa_offset 8
 152              		.cfi_offset 4, -8
 153              		.cfi_offset 14, -4
 143:Generated_Source\PSoC5/LFOutADC_PM.c ****     /* Restore the configuration */
 144:Generated_Source\PSoC5/LFOutADC_PM.c ****     LFOutADC_RestoreConfig();
 145:Generated_Source\PSoC5/LFOutADC_PM.c **** 
 146:Generated_Source\PSoC5/LFOutADC_PM.c ****     /* Enables the component operation */
 147:Generated_Source\PSoC5/LFOutADC_PM.c ****     if(LFOutADC_backup.enableState != LFOutADC_DISABLED)
 154              		.loc 1 147 0
 155 0002 074C     		ldr	r4, .L30
 144:Generated_Source\PSoC5/LFOutADC_PM.c **** 
 156              		.loc 1 144 0
 157 0004 FFF7FEFF 		bl	LFOutADC_RestoreConfig
 158              	.LVL2:
 159              		.loc 1 147 0
 160 0008 2378     		ldrb	r3, [r4]	@ zero_extendqisi2
 161 000a 43B1     		cbz	r3, .L23
 148:Generated_Source\PSoC5/LFOutADC_PM.c ****     {
 149:Generated_Source\PSoC5/LFOutADC_PM.c ****         LFOutADC_Enable();
 162              		.loc 1 149 0
 163 000c FFF7FEFF 		bl	LFOutADC_Enable
 164              	.LVL3:
 150:Generated_Source\PSoC5/LFOutADC_PM.c ****         if((LFOutADC_backup.enableState & LFOutADC_STARTED) != 0u)
 165              		.loc 1 150 0
 166 0010 2378     		ldrb	r3, [r4]	@ zero_extendqisi2
 167 0012 9B07     		lsls	r3, r3, #30
 168 0014 03D5     		bpl	.L23
 151:Generated_Source\PSoC5/LFOutADC_PM.c ****         {
 152:Generated_Source\PSoC5/LFOutADC_PM.c ****             LFOutADC_StartConvert();
 153:Generated_Source\PSoC5/LFOutADC_PM.c ****         }
 154:Generated_Source\PSoC5/LFOutADC_PM.c ****     } /* Do nothing if component was disable before */
 155:Generated_Source\PSoC5/LFOutADC_PM.c **** }
 169              		.loc 1 155 0
 170 0016 BDE81040 		pop	{r4, lr}
 171              		.cfi_remember_state
 172              		.cfi_restore 14
 173              		.cfi_restore 4
 174              		.cfi_def_cfa_offset 0
 152:Generated_Source\PSoC5/LFOutADC_PM.c ****         }
 175              		.loc 1 152 0
 176 001a FFF7FEBF 		b	LFOutADC_StartConvert
 177              	.LVL4:
 178              	.L23:
 179              		.cfi_restore_state
 180 001e 10BD     		pop	{r4, pc}
 181              	.L31:
 182              		.align	2
 183              	.L30:
ARM GAS  C:\Users\THOMPS~1\AppData\Local\Temp\ccarQ67K.s 			page 7


 184 0020 00000000 		.word	.LANCHOR0
 185              		.cfi_endproc
 186              	.LFE3:
 187              		.size	LFOutADC_Wakeup, .-LFOutADC_Wakeup
 188              		.data
 189              		.set	.LANCHOR0,. + 0
 190              		.type	LFOutADC_backup, %object
 191              		.size	LFOutADC_backup, 2
 192              	LFOutADC_backup:
 193 0000 00       		.byte	0
 194 0001 38       		.byte	56
 195              		.text
 196              	.Letext0:
 197              		.file 2 "Generated_Source\\PSoC5\\cytypes.h"
 198              		.file 3 "Generated_Source\\PSoC5\\LFOutADC.h"
 199              		.section	.debug_info,"",%progbits
 200              	.Ldebug_info0:
 201 0000 81010000 		.4byte	0x181
 202 0004 0400     		.2byte	0x4
 203 0006 00000000 		.4byte	.Ldebug_abbrev0
 204 000a 04       		.byte	0x4
 205 000b 01       		.uleb128 0x1
 206 000c 42000000 		.4byte	.LASF26
 207 0010 0C       		.byte	0xc
 208 0011 E6000000 		.4byte	.LASF27
 209 0015 0A020000 		.4byte	.LASF28
 210 0019 00000000 		.4byte	.Ldebug_ranges0+0
 211 001d 00000000 		.4byte	0
 212 0021 00000000 		.4byte	.Ldebug_line0
 213 0025 02       		.uleb128 0x2
 214 0026 01       		.byte	0x1
 215 0027 06       		.byte	0x6
 216 0028 FE010000 		.4byte	.LASF0
 217 002c 02       		.uleb128 0x2
 218 002d 01       		.byte	0x1
 219 002e 08       		.byte	0x8
 220 002f 2F000000 		.4byte	.LASF1
 221 0033 02       		.uleb128 0x2
 222 0034 02       		.byte	0x2
 223 0035 05       		.byte	0x5
 224 0036 CB010000 		.4byte	.LASF2
 225 003a 02       		.uleb128 0x2
 226 003b 02       		.byte	0x2
 227 003c 07       		.byte	0x7
 228 003d 10000000 		.4byte	.LASF3
 229 0041 02       		.uleb128 0x2
 230 0042 04       		.byte	0x4
 231 0043 05       		.byte	0x5
 232 0044 D5010000 		.4byte	.LASF4
 233 0048 02       		.uleb128 0x2
 234 0049 04       		.byte	0x4
 235 004a 07       		.byte	0x7
 236 004b 4C010000 		.4byte	.LASF5
 237 004f 02       		.uleb128 0x2
 238 0050 08       		.byte	0x8
 239 0051 05       		.byte	0x5
 240 0052 AA010000 		.4byte	.LASF6
ARM GAS  C:\Users\THOMPS~1\AppData\Local\Temp\ccarQ67K.s 			page 8


 241 0056 02       		.uleb128 0x2
 242 0057 08       		.byte	0x8
 243 0058 07       		.byte	0x7
 244 0059 6B010000 		.4byte	.LASF7
 245 005d 03       		.uleb128 0x3
 246 005e 04       		.byte	0x4
 247 005f 05       		.byte	0x5
 248 0060 696E7400 		.ascii	"int\000"
 249 0064 02       		.uleb128 0x2
 250 0065 04       		.byte	0x4
 251 0066 07       		.byte	0x7
 252 0067 5E010000 		.4byte	.LASF8
 253 006b 04       		.uleb128 0x4
 254 006c D0000000 		.4byte	.LASF12
 255 0070 02       		.byte	0x2
 256 0071 E401     		.2byte	0x1e4
 257 0073 2C000000 		.4byte	0x2c
 258 0077 02       		.uleb128 0x2
 259 0078 04       		.byte	0x4
 260 0079 04       		.byte	0x4
 261 007a 29000000 		.4byte	.LASF9
 262 007e 02       		.uleb128 0x2
 263 007f 08       		.byte	0x8
 264 0080 04       		.byte	0x4
 265 0081 22010000 		.4byte	.LASF10
 266 0085 02       		.uleb128 0x2
 267 0086 01       		.byte	0x1
 268 0087 08       		.byte	0x8
 269 0088 B8010000 		.4byte	.LASF11
 270 008c 04       		.uleb128 0x4
 271 008d 3D000000 		.4byte	.LASF13
 272 0091 02       		.byte	0x2
 273 0092 8E02     		.2byte	0x28e
 274 0094 98000000 		.4byte	0x98
 275 0098 05       		.uleb128 0x5
 276 0099 6B000000 		.4byte	0x6b
 277 009d 02       		.uleb128 0x2
 278 009e 08       		.byte	0x8
 279 009f 04       		.byte	0x4
 280 00a0 F2010000 		.4byte	.LASF14
 281 00a4 02       		.uleb128 0x2
 282 00a5 04       		.byte	0x4
 283 00a6 07       		.byte	0x7
 284 00a7 A1010000 		.4byte	.LASF15
 285 00ab 06       		.uleb128 0x6
 286 00ac 02       		.byte	0x2
 287 00ad 03       		.byte	0x3
 288 00ae 28       		.byte	0x28
 289 00af CC000000 		.4byte	0xcc
 290 00b3 07       		.uleb128 0x7
 291 00b4 40010000 		.4byte	.LASF16
 292 00b8 03       		.byte	0x3
 293 00b9 2A       		.byte	0x2a
 294 00ba 6B000000 		.4byte	0x6b
 295 00be 00       		.byte	0
 296 00bf 07       		.uleb128 0x7
 297 00c0 23000000 		.4byte	.LASF17
ARM GAS  C:\Users\THOMPS~1\AppData\Local\Temp\ccarQ67K.s 			page 9


 298 00c4 03       		.byte	0x3
 299 00c5 2B       		.byte	0x2b
 300 00c6 6B000000 		.4byte	0x6b
 301 00ca 01       		.byte	0x1
 302 00cb 00       		.byte	0
 303 00cc 08       		.uleb128 0x8
 304 00cd 0B010000 		.4byte	.LASF18
 305 00d1 03       		.byte	0x3
 306 00d2 2C       		.byte	0x2c
 307 00d3 AB000000 		.4byte	0xab
 308 00d7 09       		.uleb128 0x9
 309 00d8 DE010000 		.4byte	.LASF19
 310 00dc 01       		.byte	0x1
 311 00dd 2E       		.byte	0x2e
 312 00de 00000000 		.4byte	.LFB0
 313 00e2 14000000 		.4byte	.LFE0-.LFB0
 314 00e6 01       		.uleb128 0x1
 315 00e7 9C       		.byte	0x9c
 316 00e8 09       		.uleb128 0x9
 317 00e9 29010000 		.4byte	.LASF20
 318 00ed 01       		.byte	0x1
 319 00ee 47       		.byte	0x47
 320 00ef 00000000 		.4byte	.LFB1
 321 00f3 14000000 		.4byte	.LFE1-.LFB1
 322 00f7 01       		.uleb128 0x1
 323 00f8 9C       		.byte	0x9c
 324 00f9 0A       		.uleb128 0xa
 325 00fa 92010000 		.4byte	.LASF21
 326 00fe 01       		.byte	0x1
 327 00ff 5F       		.byte	0x5f
 328 0100 00000000 		.4byte	.LFB2
 329 0104 44000000 		.4byte	.LFE2-.LFB2
 330 0108 01       		.uleb128 0x1
 331 0109 9C       		.byte	0x9c
 332 010a 21010000 		.4byte	0x121
 333 010e 0B       		.uleb128 0xb
 334 010f 28000000 		.4byte	.LVL0
 335 0113 63010000 		.4byte	0x163
 336 0117 0C       		.uleb128 0xc
 337 0118 36000000 		.4byte	.LVL1
 338 011c D7000000 		.4byte	0xd7
 339 0120 00       		.byte	0
 340 0121 0A       		.uleb128 0xa
 341 0122 82010000 		.4byte	.LASF22
 342 0126 01       		.byte	0x1
 343 0127 8D       		.byte	0x8d
 344 0128 00000000 		.4byte	.LFB3
 345 012c 24000000 		.4byte	.LFE3-.LFB3
 346 0130 01       		.uleb128 0x1
 347 0131 9C       		.byte	0x9c
 348 0132 52010000 		.4byte	0x152
 349 0136 0B       		.uleb128 0xb
 350 0137 08000000 		.4byte	.LVL2
 351 013b E8000000 		.4byte	0xe8
 352 013f 0B       		.uleb128 0xb
 353 0140 10000000 		.4byte	.LVL3
 354 0144 6E010000 		.4byte	0x16e
ARM GAS  C:\Users\THOMPS~1\AppData\Local\Temp\ccarQ67K.s 			page 10


 355 0148 0C       		.uleb128 0xc
 356 0149 1E000000 		.4byte	.LVL4
 357 014d 79010000 		.4byte	0x179
 358 0151 00       		.byte	0
 359 0152 0D       		.uleb128 0xd
 360 0153 D6000000 		.4byte	.LASF29
 361 0157 01       		.byte	0x1
 362 0158 14       		.byte	0x14
 363 0159 CC000000 		.4byte	0xcc
 364 015d 05       		.uleb128 0x5
 365 015e 03       		.byte	0x3
 366 015f 00000000 		.4byte	LFOutADC_backup
 367 0163 0E       		.uleb128 0xe
 368 0164 BD010000 		.4byte	.LASF23
 369 0168 BD010000 		.4byte	.LASF23
 370 016c 03       		.byte	0x3
 371 016d 3B       		.byte	0x3b
 372 016e 0E       		.uleb128 0xe
 373 016f 00000000 		.4byte	.LASF24
 374 0173 00000000 		.4byte	.LASF24
 375 0177 03       		.byte	0x3
 376 0178 4D       		.byte	0x4d
 377 0179 0E       		.uleb128 0xe
 378 017a 9C020000 		.4byte	.LASF25
 379 017e 9C020000 		.4byte	.LASF25
 380 0182 03       		.byte	0x3
 381 0183 3D       		.byte	0x3d
 382 0184 00       		.byte	0
 383              		.section	.debug_abbrev,"",%progbits
 384              	.Ldebug_abbrev0:
 385 0000 01       		.uleb128 0x1
 386 0001 11       		.uleb128 0x11
 387 0002 01       		.byte	0x1
 388 0003 25       		.uleb128 0x25
 389 0004 0E       		.uleb128 0xe
 390 0005 13       		.uleb128 0x13
 391 0006 0B       		.uleb128 0xb
 392 0007 03       		.uleb128 0x3
 393 0008 0E       		.uleb128 0xe
 394 0009 1B       		.uleb128 0x1b
 395 000a 0E       		.uleb128 0xe
 396 000b 55       		.uleb128 0x55
 397 000c 17       		.uleb128 0x17
 398 000d 11       		.uleb128 0x11
 399 000e 01       		.uleb128 0x1
 400 000f 10       		.uleb128 0x10
 401 0010 17       		.uleb128 0x17
 402 0011 00       		.byte	0
 403 0012 00       		.byte	0
 404 0013 02       		.uleb128 0x2
 405 0014 24       		.uleb128 0x24
 406 0015 00       		.byte	0
 407 0016 0B       		.uleb128 0xb
 408 0017 0B       		.uleb128 0xb
 409 0018 3E       		.uleb128 0x3e
 410 0019 0B       		.uleb128 0xb
 411 001a 03       		.uleb128 0x3
ARM GAS  C:\Users\THOMPS~1\AppData\Local\Temp\ccarQ67K.s 			page 11


 412 001b 0E       		.uleb128 0xe
 413 001c 00       		.byte	0
 414 001d 00       		.byte	0
 415 001e 03       		.uleb128 0x3
 416 001f 24       		.uleb128 0x24
 417 0020 00       		.byte	0
 418 0021 0B       		.uleb128 0xb
 419 0022 0B       		.uleb128 0xb
 420 0023 3E       		.uleb128 0x3e
 421 0024 0B       		.uleb128 0xb
 422 0025 03       		.uleb128 0x3
 423 0026 08       		.uleb128 0x8
 424 0027 00       		.byte	0
 425 0028 00       		.byte	0
 426 0029 04       		.uleb128 0x4
 427 002a 16       		.uleb128 0x16
 428 002b 00       		.byte	0
 429 002c 03       		.uleb128 0x3
 430 002d 0E       		.uleb128 0xe
 431 002e 3A       		.uleb128 0x3a
 432 002f 0B       		.uleb128 0xb
 433 0030 3B       		.uleb128 0x3b
 434 0031 05       		.uleb128 0x5
 435 0032 49       		.uleb128 0x49
 436 0033 13       		.uleb128 0x13
 437 0034 00       		.byte	0
 438 0035 00       		.byte	0
 439 0036 05       		.uleb128 0x5
 440 0037 35       		.uleb128 0x35
 441 0038 00       		.byte	0
 442 0039 49       		.uleb128 0x49
 443 003a 13       		.uleb128 0x13
 444 003b 00       		.byte	0
 445 003c 00       		.byte	0
 446 003d 06       		.uleb128 0x6
 447 003e 13       		.uleb128 0x13
 448 003f 01       		.byte	0x1
 449 0040 0B       		.uleb128 0xb
 450 0041 0B       		.uleb128 0xb
 451 0042 3A       		.uleb128 0x3a
 452 0043 0B       		.uleb128 0xb
 453 0044 3B       		.uleb128 0x3b
 454 0045 0B       		.uleb128 0xb
 455 0046 01       		.uleb128 0x1
 456 0047 13       		.uleb128 0x13
 457 0048 00       		.byte	0
 458 0049 00       		.byte	0
 459 004a 07       		.uleb128 0x7
 460 004b 0D       		.uleb128 0xd
 461 004c 00       		.byte	0
 462 004d 03       		.uleb128 0x3
 463 004e 0E       		.uleb128 0xe
 464 004f 3A       		.uleb128 0x3a
 465 0050 0B       		.uleb128 0xb
 466 0051 3B       		.uleb128 0x3b
 467 0052 0B       		.uleb128 0xb
 468 0053 49       		.uleb128 0x49
ARM GAS  C:\Users\THOMPS~1\AppData\Local\Temp\ccarQ67K.s 			page 12


 469 0054 13       		.uleb128 0x13
 470 0055 38       		.uleb128 0x38
 471 0056 0B       		.uleb128 0xb
 472 0057 00       		.byte	0
 473 0058 00       		.byte	0
 474 0059 08       		.uleb128 0x8
 475 005a 16       		.uleb128 0x16
 476 005b 00       		.byte	0
 477 005c 03       		.uleb128 0x3
 478 005d 0E       		.uleb128 0xe
 479 005e 3A       		.uleb128 0x3a
 480 005f 0B       		.uleb128 0xb
 481 0060 3B       		.uleb128 0x3b
 482 0061 0B       		.uleb128 0xb
 483 0062 49       		.uleb128 0x49
 484 0063 13       		.uleb128 0x13
 485 0064 00       		.byte	0
 486 0065 00       		.byte	0
 487 0066 09       		.uleb128 0x9
 488 0067 2E       		.uleb128 0x2e
 489 0068 00       		.byte	0
 490 0069 3F       		.uleb128 0x3f
 491 006a 19       		.uleb128 0x19
 492 006b 03       		.uleb128 0x3
 493 006c 0E       		.uleb128 0xe
 494 006d 3A       		.uleb128 0x3a
 495 006e 0B       		.uleb128 0xb
 496 006f 3B       		.uleb128 0x3b
 497 0070 0B       		.uleb128 0xb
 498 0071 27       		.uleb128 0x27
 499 0072 19       		.uleb128 0x19
 500 0073 11       		.uleb128 0x11
 501 0074 01       		.uleb128 0x1
 502 0075 12       		.uleb128 0x12
 503 0076 06       		.uleb128 0x6
 504 0077 40       		.uleb128 0x40
 505 0078 18       		.uleb128 0x18
 506 0079 9742     		.uleb128 0x2117
 507 007b 19       		.uleb128 0x19
 508 007c 00       		.byte	0
 509 007d 00       		.byte	0
 510 007e 0A       		.uleb128 0xa
 511 007f 2E       		.uleb128 0x2e
 512 0080 01       		.byte	0x1
 513 0081 3F       		.uleb128 0x3f
 514 0082 19       		.uleb128 0x19
 515 0083 03       		.uleb128 0x3
 516 0084 0E       		.uleb128 0xe
 517 0085 3A       		.uleb128 0x3a
 518 0086 0B       		.uleb128 0xb
 519 0087 3B       		.uleb128 0x3b
 520 0088 0B       		.uleb128 0xb
 521 0089 27       		.uleb128 0x27
 522 008a 19       		.uleb128 0x19
 523 008b 11       		.uleb128 0x11
 524 008c 01       		.uleb128 0x1
 525 008d 12       		.uleb128 0x12
ARM GAS  C:\Users\THOMPS~1\AppData\Local\Temp\ccarQ67K.s 			page 13


 526 008e 06       		.uleb128 0x6
 527 008f 40       		.uleb128 0x40
 528 0090 18       		.uleb128 0x18
 529 0091 9742     		.uleb128 0x2117
 530 0093 19       		.uleb128 0x19
 531 0094 01       		.uleb128 0x1
 532 0095 13       		.uleb128 0x13
 533 0096 00       		.byte	0
 534 0097 00       		.byte	0
 535 0098 0B       		.uleb128 0xb
 536 0099 898201   		.uleb128 0x4109
 537 009c 00       		.byte	0
 538 009d 11       		.uleb128 0x11
 539 009e 01       		.uleb128 0x1
 540 009f 31       		.uleb128 0x31
 541 00a0 13       		.uleb128 0x13
 542 00a1 00       		.byte	0
 543 00a2 00       		.byte	0
 544 00a3 0C       		.uleb128 0xc
 545 00a4 898201   		.uleb128 0x4109
 546 00a7 00       		.byte	0
 547 00a8 11       		.uleb128 0x11
 548 00a9 01       		.uleb128 0x1
 549 00aa 9542     		.uleb128 0x2115
 550 00ac 19       		.uleb128 0x19
 551 00ad 31       		.uleb128 0x31
 552 00ae 13       		.uleb128 0x13
 553 00af 00       		.byte	0
 554 00b0 00       		.byte	0
 555 00b1 0D       		.uleb128 0xd
 556 00b2 34       		.uleb128 0x34
 557 00b3 00       		.byte	0
 558 00b4 03       		.uleb128 0x3
 559 00b5 0E       		.uleb128 0xe
 560 00b6 3A       		.uleb128 0x3a
 561 00b7 0B       		.uleb128 0xb
 562 00b8 3B       		.uleb128 0x3b
 563 00b9 0B       		.uleb128 0xb
 564 00ba 49       		.uleb128 0x49
 565 00bb 13       		.uleb128 0x13
 566 00bc 02       		.uleb128 0x2
 567 00bd 18       		.uleb128 0x18
 568 00be 00       		.byte	0
 569 00bf 00       		.byte	0
 570 00c0 0E       		.uleb128 0xe
 571 00c1 2E       		.uleb128 0x2e
 572 00c2 00       		.byte	0
 573 00c3 3F       		.uleb128 0x3f
 574 00c4 19       		.uleb128 0x19
 575 00c5 3C       		.uleb128 0x3c
 576 00c6 19       		.uleb128 0x19
 577 00c7 6E       		.uleb128 0x6e
 578 00c8 0E       		.uleb128 0xe
 579 00c9 03       		.uleb128 0x3
 580 00ca 0E       		.uleb128 0xe
 581 00cb 3A       		.uleb128 0x3a
 582 00cc 0B       		.uleb128 0xb
ARM GAS  C:\Users\THOMPS~1\AppData\Local\Temp\ccarQ67K.s 			page 14


 583 00cd 3B       		.uleb128 0x3b
 584 00ce 0B       		.uleb128 0xb
 585 00cf 00       		.byte	0
 586 00d0 00       		.byte	0
 587 00d1 00       		.byte	0
 588              		.section	.debug_aranges,"",%progbits
 589 0000 34000000 		.4byte	0x34
 590 0004 0200     		.2byte	0x2
 591 0006 00000000 		.4byte	.Ldebug_info0
 592 000a 04       		.byte	0x4
 593 000b 00       		.byte	0
 594 000c 0000     		.2byte	0
 595 000e 0000     		.2byte	0
 596 0010 00000000 		.4byte	.LFB0
 597 0014 14000000 		.4byte	.LFE0-.LFB0
 598 0018 00000000 		.4byte	.LFB1
 599 001c 14000000 		.4byte	.LFE1-.LFB1
 600 0020 00000000 		.4byte	.LFB2
 601 0024 44000000 		.4byte	.LFE2-.LFB2
 602 0028 00000000 		.4byte	.LFB3
 603 002c 24000000 		.4byte	.LFE3-.LFB3
 604 0030 00000000 		.4byte	0
 605 0034 00000000 		.4byte	0
 606              		.section	.debug_ranges,"",%progbits
 607              	.Ldebug_ranges0:
 608 0000 00000000 		.4byte	.LFB0
 609 0004 14000000 		.4byte	.LFE0
 610 0008 00000000 		.4byte	.LFB1
 611 000c 14000000 		.4byte	.LFE1
 612 0010 00000000 		.4byte	.LFB2
 613 0014 44000000 		.4byte	.LFE2
 614 0018 00000000 		.4byte	.LFB3
 615 001c 24000000 		.4byte	.LFE3
 616 0020 00000000 		.4byte	0
 617 0024 00000000 		.4byte	0
 618              		.section	.debug_line,"",%progbits
 619              	.Ldebug_line0:
 620 0000 B6000000 		.section	.debug_str,"MS",%progbits,1
 620      02005600 
 620      00000201 
 620      FB0E0D00 
 620      01010101 
 621              	.LASF24:
 622 0000 4C464F75 		.ascii	"LFOutADC_Enable\000"
 622      74414443 
 622      5F456E61 
 622      626C6500 
 623              	.LASF3:
 624 0010 73686F72 		.ascii	"short unsigned int\000"
 624      7420756E 
 624      7369676E 
 624      65642069 
 624      6E7400
 625              	.LASF17:
 626 0023 64656363 		.ascii	"deccr\000"
 626      7200
 627              	.LASF9:
ARM GAS  C:\Users\THOMPS~1\AppData\Local\Temp\ccarQ67K.s 			page 15


 628 0029 666C6F61 		.ascii	"float\000"
 628      7400
 629              	.LASF1:
 630 002f 756E7369 		.ascii	"unsigned char\000"
 630      676E6564 
 630      20636861 
 630      7200
 631              	.LASF13:
 632 003d 72656738 		.ascii	"reg8\000"
 632      00
 633              	.LASF26:
 634 0042 474E5520 		.ascii	"GNU C11 5.4.1 20160609 (release) [ARM/embedded-5-br"
 634      43313120 
 634      352E342E 
 634      31203230 
 634      31363036 
 635 0075 616E6368 		.ascii	"anch revision 237715] -mcpu=cortex-m3 -mthumb -g -O"
 635      20726576 
 635      6973696F 
 635      6E203233 
 635      37373135 
 636 00a8 73202D66 		.ascii	"s -ffunction-sections -ffat-lto-objects\000"
 636      66756E63 
 636      74696F6E 
 636      2D736563 
 636      74696F6E 
 637              	.LASF12:
 638 00d0 75696E74 		.ascii	"uint8\000"
 638      3800
 639              	.LASF29:
 640 00d6 4C464F75 		.ascii	"LFOutADC_backup\000"
 640      74414443 
 640      5F626163 
 640      6B757000 
 641              	.LASF27:
 642 00e6 47656E65 		.ascii	"Generated_Source\\PSoC5\\LFOutADC_PM.c\000"
 642      72617465 
 642      645F536F 
 642      75726365 
 642      5C50536F 
 643              	.LASF18:
 644 010b 4C464F75 		.ascii	"LFOutADC_BACKUP_STRUCT\000"
 644      74414443 
 644      5F424143 
 644      4B55505F 
 644      53545255 
 645              	.LASF10:
 646 0122 646F7562 		.ascii	"double\000"
 646      6C6500
 647              	.LASF20:
 648 0129 4C464F75 		.ascii	"LFOutADC_RestoreConfig\000"
 648      74414443 
 648      5F526573 
 648      746F7265 
 648      436F6E66 
 649              	.LASF16:
 650 0140 656E6162 		.ascii	"enableState\000"
ARM GAS  C:\Users\THOMPS~1\AppData\Local\Temp\ccarQ67K.s 			page 16


 650      6C655374 
 650      61746500 
 651              	.LASF5:
 652 014c 6C6F6E67 		.ascii	"long unsigned int\000"
 652      20756E73 
 652      69676E65 
 652      6420696E 
 652      7400
 653              	.LASF8:
 654 015e 756E7369 		.ascii	"unsigned int\000"
 654      676E6564 
 654      20696E74 
 654      00
 655              	.LASF7:
 656 016b 6C6F6E67 		.ascii	"long long unsigned int\000"
 656      206C6F6E 
 656      6720756E 
 656      7369676E 
 656      65642069 
 657              	.LASF22:
 658 0182 4C464F75 		.ascii	"LFOutADC_Wakeup\000"
 658      74414443 
 658      5F57616B 
 658      65757000 
 659              	.LASF21:
 660 0192 4C464F75 		.ascii	"LFOutADC_Sleep\000"
 660      74414443 
 660      5F536C65 
 660      657000
 661              	.LASF15:
 662 01a1 73697A65 		.ascii	"sizetype\000"
 662      74797065 
 662      00
 663              	.LASF6:
 664 01aa 6C6F6E67 		.ascii	"long long int\000"
 664      206C6F6E 
 664      6720696E 
 664      7400
 665              	.LASF11:
 666 01b8 63686172 		.ascii	"char\000"
 666      00
 667              	.LASF23:
 668 01bd 4C464F75 		.ascii	"LFOutADC_Stop\000"
 668      74414443 
 668      5F53746F 
 668      7000
 669              	.LASF2:
 670 01cb 73686F72 		.ascii	"short int\000"
 670      7420696E 
 670      7400
 671              	.LASF4:
 672 01d5 6C6F6E67 		.ascii	"long int\000"
 672      20696E74 
 672      00
 673              	.LASF19:
 674 01de 4C464F75 		.ascii	"LFOutADC_SaveConfig\000"
 674      74414443 
ARM GAS  C:\Users\THOMPS~1\AppData\Local\Temp\ccarQ67K.s 			page 17


 674      5F536176 
 674      65436F6E 
 674      66696700 
 675              	.LASF14:
 676 01f2 6C6F6E67 		.ascii	"long double\000"
 676      20646F75 
 676      626C6500 
 677              	.LASF0:
 678 01fe 7369676E 		.ascii	"signed char\000"
 678      65642063 
 678      68617200 
 679              	.LASF28:
 680 020a 5C5C766C 		.ascii	"\\\\vladan\\Thompson Lab Documents\\Graham\\Arduino"
 680      6164616E 
 680      5C54686F 
 680      6D70736F 
 680      6E204C61 
 681 0238 5C547269 		.ascii	"\\Triggered Relocker\\src\\Adjustable Automated Rel"
 681      67676572 
 681      65642052 
 681      656C6F63 
 681      6B65725C 
 682 0268 6F636B65 		.ascii	"ocker Code\\Adjustable Automated Relocker Code.cyds"
 682      7220436F 
 682      64655C41 
 682      646A7573 
 682      7461626C 
 683 029a 6E00     		.ascii	"n\000"
 684              	.LASF25:
 685 029c 4C464F75 		.ascii	"LFOutADC_StartConvert\000"
 685      74414443 
 685      5F537461 
 685      7274436F 
 685      6E766572 
 686              		.ident	"GCC: (GNU Tools for ARM Embedded Processors) 5.4.1 20160609 (release) [ARM/embedded-5-bran
