Archive member included because of file (symbol)

.\CortexM3\ARM_GCC_493\Debug\Adjustable Automated Relocker Code.a(cyfitter_cfg.o)
                              .\CortexM3\ARM_GCC_493\Debug\Cm3Start.o (cyfitter_cfg)
.\CortexM3\ARM_GCC_493\Debug\Adjustable Automated Relocker Code.a(lfOutADC.o)
                              .\CortexM3\ARM_GCC_493\Debug\main.o (lfOutADC_Start)
.\CortexM3\ARM_GCC_493\Debug\Adjustable Automated Relocker Code.a(lfOutADC_INT.o)
                              .\CortexM3\ARM_GCC_493\Debug\Adjustable Automated Relocker Code.a(lfOutADC.o) (lfOutADC_ISR1)
.\CortexM3\ARM_GCC_493\Debug\Adjustable Automated Relocker Code.a(redLight.o)
                              .\CortexM3\ARM_GCC_493\Debug\main.o (redLight_Write)
.\CortexM3\ARM_GCC_493\Debug\Adjustable Automated Relocker Code.a(eMonADC.o)
                              .\CortexM3\ARM_GCC_493\Debug\main.o (eMonADC_Start)
.\CortexM3\ARM_GCC_493\Debug\Adjustable Automated Relocker Code.a(eMonADC_INT.o)
                              .\CortexM3\ARM_GCC_493\Debug\Adjustable Automated Relocker Code.a(eMonADC.o) (eMonADC_ISR)
.\CortexM3\ARM_GCC_493\Debug\Adjustable Automated Relocker Code.a(fineDAC.o)
                              .\CortexM3\ARM_GCC_493\Debug\main.o (fineDAC_SetValue)
.\CortexM3\ARM_GCC_493\Debug\Adjustable Automated Relocker Code.a(switches.o)
                              .\CortexM3\ARM_GCC_493\Debug\main.o (switches_Write)
.\CortexM3\ARM_GCC_493\Debug\Adjustable Automated Relocker Code.a(calibratePin.o)
                              .\CortexM3\ARM_GCC_493\Debug\main.o (calibratePin_Read)
.\CortexM3\ARM_GCC_493\Debug\Adjustable Automated Relocker Code.a(yellowLight.o)
                              .\CortexM3\ARM_GCC_493\Debug\main.o (yellowLight_Write)
.\CortexM3\ARM_GCC_493\Debug\Adjustable Automated Relocker Code.a(greenLight.o)
                              .\CortexM3\ARM_GCC_493\Debug\main.o (greenLight_Write)
.\CortexM3\ARM_GCC_493\Debug\Adjustable Automated Relocker Code.a(courseDAC.o)
                              .\CortexM3\ARM_GCC_493\Debug\main.o (courseDAC_SetValue)
.\CortexM3\ARM_GCC_493\Debug\Adjustable Automated Relocker Code.a(setting8V.o)
                              .\CortexM3\ARM_GCC_493\Debug\main.o (setting8V_Read)
.\CortexM3\ARM_GCC_493\Debug\Adjustable Automated Relocker Code.a(setting22V.o)
                              .\CortexM3\ARM_GCC_493\Debug\main.o (setting22V_Read)
.\CortexM3\ARM_GCC_493\Debug\Adjustable Automated Relocker Code.a(setting28V.o)
                              .\CortexM3\ARM_GCC_493\Debug\main.o (setting28V_Read)
.\CortexM3\ARM_GCC_493\Debug\Adjustable Automated Relocker Code.a(lfOutADC_AMux.o)
                              .\CortexM3\ARM_GCC_493\Debug\Adjustable Automated Relocker Code.a(lfOutADC.o) (lfOutADC_AMux_Select)
.\CortexM3\ARM_GCC_493\Debug\Adjustable Automated Relocker Code.a(lfOutADC_Ext_CP_Clk.o)
                              .\CortexM3\ARM_GCC_493\Debug\Adjustable Automated Relocker Code.a(lfOutADC.o) (lfOutADC_Ext_CP_Clk_SetModeRegister)
.\CortexM3\ARM_GCC_493\Debug\Adjustable Automated Relocker Code.a(lfOutADC_theACLK.o)
                              .\CortexM3\ARM_GCC_493\Debug\Adjustable Automated Relocker Code.a(lfOutADC.o) (lfOutADC_theACLK_SetModeRegister)
.\CortexM3\ARM_GCC_493\Debug\Adjustable Automated Relocker Code.a(eMonADC_theACLK.o)
                              .\CortexM3\ARM_GCC_493\Debug\Adjustable Automated Relocker Code.a(eMonADC.o) (eMonADC_theACLK_SetModeRegister)
.\CortexM3\ARM_GCC_493\Debug\Adjustable Automated Relocker Code.a(CyLib.o)
                              .\CortexM3\ARM_GCC_493\Debug\Cm3Start.o (CyHalt)
.\CortexM3\ARM_GCC_493\Debug\Adjustable Automated Relocker Code.a(cyPm.o)
                              .\CortexM3\ARM_GCC_493\Debug\Adjustable Automated Relocker Code.a(CyLib.o) (CyPmReadStatus)
.\CortexM3\ARM_GCC_493\Debug\Adjustable Automated Relocker Code.a(thresSample.o)
                              .\CortexM3\ARM_GCC_493\Debug\main.o (thresSample_Read)
.\CortexM3\ARM_GCC_493\Debug\Adjustable Automated Relocker Code.a(lockIn.o)
                              .\CortexM3\ARM_GCC_493\Debug\main.o (lockIn_Read)
.\CortexM3\ARM_GCC_493\Debug\Adjustable Automated Relocker Code.a(checkLight.o)
                              .\CortexM3\ARM_GCC_493\Debug\main.o (checkLight_Write)
.\CortexM3\ARM_GCC_493\Debug\Adjustable Automated Relocker Code.a(CyBootAsmGnu.o)
                              .\CortexM3\ARM_GCC_493\Debug\Adjustable Automated Relocker Code.a(cyfitter_cfg.o) (CyDelayCycles)
.\CortexM3\ARM_GCC_493\Debug\Adjustable Automated Relocker Code.a(CyFlash.o)
                              .\CortexM3\ARM_GCC_493\Debug\Adjustable Automated Relocker Code.a(cyPm.o) (CyFlash_SetWaitCycles)
.\CortexM3\ARM_GCC_493\Debug\Adjustable Automated Relocker Code.a(CySpc.o)
                              .\CortexM3\ARM_GCC_493\Debug\Adjustable Automated Relocker Code.a(CyFlash.o) (CySpcStart)
[...]
Memory Configuration

Name             Origin             Length             Attributes
rom              0x00000000         0x00040000         xr
ram              0x1fff8000         0x00010000         xrw
*default*        0x00000000         0xffffffff

Linker script and memory map

LOAD c:/program files (x86)/cypress/psoc creator/4.0/psoc creator/import/gnu/arm/4.9.3/bin/../lib/gcc/arm-none-eabi/4.9.3/armv7-m/crti.o
LOAD c:/program files (x86)/cypress/psoc creator/4.0/psoc creator/import/gnu/arm/4.9.3/bin/../lib/gcc/arm-none-eabi/4.9.3/armv7-m/crtbegin.o
LOAD c:/program files (x86)/cypress/psoc creator/4.0/psoc creator/import/gnu/arm/4.9.3/bin/../lib/gcc/arm-none-eabi/4.9.3/../../../../arm-none-eabi/lib/armv7-m/crt0.o
START GROUP
LOAD .\CortexM3\ARM_GCC_493\Debug\main.o
LOAD .\CortexM3\ARM_GCC_493\Debug\cymetadata.o
LOAD .\CortexM3\ARM_GCC_493\Debug\Cm3Start.o
LOAD .\CortexM3\ARM_GCC_493\Debug\Adjustable Automated Relocker Code.a
LOAD C:\Program Files (x86)\Cypress\PSoC Creator\4.0\PSoC Creator\psoc\content\cycomponentlibrary\CyComponentLibrary.cylib\CortexM3\ARM_GCC_493\Debug\CyComponentLibrary.a
END GROUP
START GROUP
LOAD c:/program files (x86)/cypress/psoc creator/4.0/psoc creator/import/gnu/arm/4.9.3/bin/../lib/gcc/arm-none-eabi/4.9.3/armv7-m\libgcc.a
LOAD c:/program files (x86)/cypress/psoc creator/4.0/psoc creator/import/gnu/arm/4.9.3/bin/../lib/gcc/arm-none-eabi/4.9.3/../../../../arm-none-eabi/lib/armv7-m\libg_nano.a
LOAD c:/program files (x86)/cypress/psoc creator/4.0/psoc creator/import/gnu/arm/4.9.3/bin/../lib/gcc/arm-none-eabi/4.9.3/../../../../arm-none-eabi/lib/armv7-m\libc_nano.a
END GROUP
START GROUP
LOAD c:/program files (x86)/cypress/psoc creator/4.0/psoc creator/import/gnu/arm/4.9.3/bin/../lib/gcc/arm-none-eabi/4.9.3/armv7-m\libgcc.a
LOAD c:/program files (x86)/cypress/psoc creator/4.0/psoc creator/import/gnu/arm/4.9.3/bin/../lib/gcc/arm-none-eabi/4.9.3/../../../../arm-none-eabi/lib/armv7-m\libc_nano.a
END GROUP
LOAD c:/program files (x86)/cypress/psoc creator/4.0/psoc creator/import/gnu/arm/4.9.3/bin/../lib/gcc/arm-none-eabi/4.9.3/armv7-m/crtend.o
LOAD c:/program files (x86)/cypress/psoc creator/4.0/psoc creator/import/gnu/arm/4.9.3/bin/../lib/gcc/arm-none-eabi/4.9.3/armv7-m/crtn.o
START GROUP
LOAD c:/program files (x86)/cypress/psoc creator/4.0/psoc creator/import/gnu/arm/4.9.3/bin/../lib/gcc/arm-none-eabi/4.9.3/armv7-m\libgcc.a
LOAD c:/program files (x86)/cypress/psoc creator/4.0/psoc creator/import/gnu/arm/4.9.3/bin/../lib/gcc/arm-none-eabi/4.9.3/../../../../arm-none-eabi/lib/armv7-m\libc.a
LOAD c:/program files (x86)/cypress/psoc creator/4.0/psoc creator/import/gnu/arm/4.9.3/bin/../lib/gcc/arm-none-eabi/4.9.3/../../../../arm-none-eabi/lib/armv7-m\libnosys.a
END GROUP
                0x00000000                CY_APPL_ORIGIN = 0x0
                0x00000100                CY_FLASH_ROW_SIZE = 0x100
                0x00000020                CY_ECC_ROW_SIZE = 0x20
                0x00000000                CY_EE_IN_BTLDR = 0x0
                0x00000000                CY_APPL_LOADABLE = 0x0
                0x00000800                CY_EE_SIZE = 0x800
                0x00000001                CY_APPL_NUM = 0x1
                0x00000001                CY_APPL_MAX = 0x1
                0x00000040                CY_METADATA_SIZE = 0x40
                0x00000000                CY_APPL_LOADABLE = 0x0
                0x00000000                CY_CHECKSUM_EXCLUDE_SIZE = ALIGN (0x0, CY_FLASH_ROW_SIZE)
                0x1fff81c8                PROVIDE (__cy_heap_start, _end)
                0x00000001                PROVIDE (__cy_region_num, ((__cy_regions_end - __cy_regions) / 0x10))
                0x20008000                PROVIDE (__cy_stack, (ORIGIN (ram) + 0x10000))
                0x20007800                PROVIDE (__cy_heap_end, (__cy_stack - 0x800))

.cybootloader   0x00000000        0x0
 *(.cybootloader)
                0x00000000                appl1_start = CY_APPL_ORIGIN?CY_APPL_ORIGIN:ALIGN (CY_FLASH_ROW_SIZE)
                0x0001ff00                appl2_start = (appl1_start + ALIGN ((((0x40000 - appl1_start) - (0x2 * CY_FLASH_ROW_SIZE)) / 0x2), CY_FLASH_ROW_SIZE))
                0x00000000                appl_start = (CY_APPL_NUM == 0x1)?appl1_start:appl2_start
                0x00000000                ecc_offset = ((appl_start / CY_FLASH_ROW_SIZE) * CY_ECC_ROW_SIZE)
                0x00000000                ee_offset = (CY_APPL_LOADABLE && ! (CY_EE_IN_BTLDR))?((CY_EE_SIZE / CY_APPL_MAX) * (CY_APPL_NUM - 0x1)):0x0
                0x00000800                ee_size = (CY_APPL_LOADABLE && ! (CY_EE_IN_BTLDR))?(CY_EE_SIZE / CY_APPL_MAX):CY_EE_SIZE
                0x00000000                PROVIDE (CY_ECC_OFFSET, ecc_offset)

.text           0x00000000     0x208a
 CREATE_OBJECT_SYMBOLS
                0x00000000                PROVIDE (__cy_interrupt_vector, RomVectors)
 *(.romvectors)
 .romvectors    0x00000000       0x10 .\CortexM3\ARM_GCC_493\Debug\Cm3Start.o
                0x00000000                RomVectors
                0x00000001                ASSERT ((. != __cy_interrupt_vector), No interrupt vector)
                0x00000001                ASSERT (CY_APPL_ORIGIN?(SIZEOF (.cybootloader) <= CY_APPL_ORIGIN):0x1, Wrong image location)
                0x00000010                PROVIDE (__cy_reset, Reset)
 *(.text.Reset)
 .text.Reset    0x00000010       0x18 .\CortexM3\ARM_GCC_493\Debug\Cm3Start.o
                0x00000010                Reset
                0x00000001                ASSERT ((. != __cy_reset), No reset code)
 *(.dma_init)
                0x00000001                ASSERT ((((appl_start + .) <= 0x10000) || 0x1), DMA Init must be within the first 64k of flash)
 *(.text .text.* .gnu.linkonce.t.*)
 .text          0x00000028       0x5c c:/program files (x86)/cypress/psoc creator/4.0/psoc creator/import/gnu/arm/4.9.3/bin/../lib/gcc/arm-none-eabi/4.9.3/armv7-m/crtbegin.o
 *fill*         0x00000084        0x4 
 .text.main     0x00000088      0x7a0 .\CortexM3\ARM_GCC_493\Debug\main.o
                0x00000088                main
 .text.IntDefaultHandler
                0x00000828       0x10 .\CortexM3\ARM_GCC_493\Debug\Cm3Start.o
                0x00000828                IntDefaultHandler
 .text.Start_c  0x00000838       0x4c .\CortexM3\ARM_GCC_493\Debug\Cm3Start.o
                0x00000838                Start_c
 .text.initialize_psoc
                0x00000884       0x74 .\CortexM3\ARM_GCC_493\Debug\Cm3Start.o
                0x00000884                initialize_psoc
 .text.CyClockStartupError
                0x000008f8        0x4 .\CortexM3\ARM_GCC_493\Debug\Adjustable Automated Relocker Code.a(cyfitter_cfg.o)
 .text.cfg_write_bytes32
                0x000008fc       0x34 .\CortexM3\ARM_GCC_493\Debug\Adjustable Automated Relocker Code.a(cyfitter_cfg.o)
 .text.CYMEMZERO
                0x00000930        0xc .\CortexM3\ARM_GCC_493\Debug\Adjustable Automated Relocker Code.a(cyfitter_cfg.o)
 .text.AnalogSetDefault
                0x0000093c       0xa4 .\CortexM3\ARM_GCC_493\Debug\Adjustable Automated Relocker Code.a(cyfitter_cfg.o)
 .text.CYCONFIGCPY
                0x000009e0        0x8 .\CortexM3\ARM_GCC_493\Debug\Adjustable Automated Relocker Code.a(cyfitter_cfg.o)
 .text.ClockSetup
                0x000009e8       0xf0 .\CortexM3\ARM_GCC_493\Debug\Adjustable Automated Relocker Code.a(cyfitter_cfg.o)
 .text.lfOutADC_AMux_Set
                0x00000ad8       0x1c .\CortexM3\ARM_GCC_493\Debug\Adjustable Automated Relocker Code.a(cyfitter_cfg.o)
                0x00000ad8                lfOutADC_AMux_Set
 .text.lfOutADC_AMux_Unset
                0x00000af4       0x1c .\CortexM3\ARM_GCC_493\Debug\Adjustable Automated Relocker Code.a(cyfitter_cfg.o)
                0x00000af4                lfOutADC_AMux_Unset
 .text.cyfitter_cfg
                0x00000b10      0x14c .\CortexM3\ARM_GCC_493\Debug\Adjustable Automated Relocker Code.a(cyfitter_cfg.o)
                0x00000b10                cyfitter_cfg
 .text.lfOutADC_GainCompensation
                0x00000c5c       0xcc .\CortexM3\ARM_GCC_493\Debug\Adjustable Automated Relocker Code.a(lfOutADC.o)
 .text.lfOutADC_SetDSMRef0Reg
                0x00000d28       0x4c .\CortexM3\ARM_GCC_493\Debug\Adjustable Automated Relocker Code.a(lfOutADC.o)
 .text.lfOutADC_InitConfig
                0x00000d74       0xdc .\CortexM3\ARM_GCC_493\Debug\Adjustable Automated Relocker Code.a(lfOutADC.o)
 .text.lfOutADC_Init
                0x00000e50       0xc4 .\CortexM3\ARM_GCC_493\Debug\Adjustable Automated Relocker Code.a(lfOutADC.o)
                0x00000e50                lfOutADC_Init
 .text.lfOutADC_Enable
                0x00000f14       0xd8 .\CortexM3\ARM_GCC_493\Debug\Adjustable Automated Relocker Code.a(lfOutADC.o)
                0x00000f14                lfOutADC_Enable
 .text.lfOutADC_Start
                0x00000fec       0x28 .\CortexM3\ARM_GCC_493\Debug\Adjustable Automated Relocker Code.a(lfOutADC.o)
                0x00000fec                lfOutADC_Start
 .text.lfOutADC_StartConvert
                0x00001014       0x10 .\CortexM3\ARM_GCC_493\Debug\Adjustable Automated Relocker Code.a(lfOutADC.o)
                0x00001014                lfOutADC_StartConvert
 .text.lfOutADC_StopConvert
                0x00001024       0x10 .\CortexM3\ARM_GCC_493\Debug\Adjustable Automated Relocker Code.a(lfOutADC.o)
                0x00001024                lfOutADC_StopConvert
 .text.lfOutADC_IsEndConversion
                0x00001034       0x30 .\CortexM3\ARM_GCC_493\Debug\Adjustable Automated Relocker Code.a(lfOutADC.o)
                0x00001034                lfOutADC_IsEndConversion
 .text.lfOutADC_GetResult32
                0x00001064       0x6c .\CortexM3\ARM_GCC_493\Debug\Adjustable Automated Relocker Code.a(lfOutADC.o)
                0x00001064                lfOutADC_GetResult32
 .text.lfOutADC_Read32
                0x000010d0       0x28 .\CortexM3\ARM_GCC_493\Debug\Adjustable Automated Relocker Code.a(lfOutADC.o)
                0x000010d0                lfOutADC_Read32
 .text.lfOutADC_ISR1
                0x000010f8        0x4 .\CortexM3\ARM_GCC_493\Debug\Adjustable Automated Relocker Code.a(lfOutADC_INT.o)
                0x000010f8                lfOutADC_ISR1
 .text.redLight_Write
                0x000010fc       0x18 .\CortexM3\ARM_GCC_493\Debug\Adjustable Automated Relocker Code.a(redLight.o)
                0x000010fc                redLight_Write
 .text.eMonADC_CalcGain
                0x00001114       0x5c .\CortexM3\ARM_GCC_493\Debug\Adjustable Automated Relocker Code.a(eMonADC.o)
 .text.eMonADC_Enable
                0x00001170       0x94 .\CortexM3\ARM_GCC_493\Debug\Adjustable Automated Relocker Code.a(eMonADC.o)
                0x00001170                eMonADC_Enable
 .text.eMonADC_SetResolution
                0x00001204       0x38 .\CortexM3\ARM_GCC_493\Debug\Adjustable Automated Relocker Code.a(eMonADC.o)
                0x00001204                eMonADC_SetResolution
 .text.eMonADC_Init
                0x0000123c       0x3c .\CortexM3\ARM_GCC_493\Debug\Adjustable Automated Relocker Code.a(eMonADC.o)
                0x0000123c                eMonADC_Init
 .text.eMonADC_Start
                0x00001278       0x1c .\CortexM3\ARM_GCC_493\Debug\Adjustable Automated Relocker Code.a(eMonADC.o)
                0x00001278                eMonADC_Start
 .text.eMonADC_StartConvert
                0x00001294       0x10 .\CortexM3\ARM_GCC_493\Debug\Adjustable Automated Relocker Code.a(eMonADC.o)
                0x00001294                eMonADC_StartConvert
 .text.eMonADC_GetResult16
                0x000012a4       0x18 .\CortexM3\ARM_GCC_493\Debug\Adjustable Automated Relocker Code.a(eMonADC.o)
                0x000012a4                eMonADC_GetResult16
 .text.eMonADC_ISR
                0x000012bc        0x4 .\CortexM3\ARM_GCC_493\Debug\Adjustable Automated Relocker Code.a(eMonADC_INT.o)
                0x000012bc                eMonADC_ISR
 .text.fineDAC_Enable
                0x000012c0       0x1c .\CortexM3\ARM_GCC_493\Debug\Adjustable Automated Relocker Code.a(fineDAC.o)
                0x000012c0                fineDAC_Enable
 .text.fineDAC_SetSpeed
                0x000012dc       0x1c .\CortexM3\ARM_GCC_493\Debug\Adjustable Automated Relocker Code.a(fineDAC.o)
                0x000012dc                fineDAC_SetSpeed
 .text.fineDAC_SetValue
                0x000012f8        0xc .\CortexM3\ARM_GCC_493\Debug\Adjustable Automated Relocker Code.a(fineDAC.o)
                0x000012f8                fineDAC_SetValue
 .text.fineDAC_DacTrim
                0x00001304       0x24 .\CortexM3\ARM_GCC_493\Debug\Adjustable Automated Relocker Code.a(fineDAC.o)
                0x00001304                fineDAC_DacTrim
 .text.fineDAC_SetRange
                0x00001328       0x20 .\CortexM3\ARM_GCC_493\Debug\Adjustable Automated Relocker Code.a(fineDAC.o)
                0x00001328                fineDAC_SetRange
 .text.fineDAC_Init
                0x00001348       0x20 .\CortexM3\ARM_GCC_493\Debug\Adjustable Automated Relocker Code.a(fineDAC.o)
                0x00001348                fineDAC_Init
 .text.fineDAC_Start
                0x00001368       0x24 .\CortexM3\ARM_GCC_493\Debug\Adjustable Automated Relocker Code.a(fineDAC.o)
                0x00001368                fineDAC_Start
 .text.switches_Write
                0x0000138c        0xc .\CortexM3\ARM_GCC_493\Debug\Adjustable Automated Relocker Code.a(switches.o)
                0x0000138c                switches_Write
 .text.calibratePin_Read
                0x00001398       0x10 .\CortexM3\ARM_GCC_493\Debug\Adjustable Automated Relocker Code.a(calibratePin.o)
                0x00001398                calibratePin_Read
 .text.yellowLight_Write
                0x000013a8       0x18 .\CortexM3\ARM_GCC_493\Debug\Adjustable Automated Relocker Code.a(yellowLight.o)
                0x000013a8                yellowLight_Write
 .text.greenLight_Write
                0x000013c0       0x18 .\CortexM3\ARM_GCC_493\Debug\Adjustable Automated Relocker Code.a(greenLight.o)
                0x000013c0                greenLight_Write
 .text.courseDAC_Enable
                0x000013d8       0x1c .\CortexM3\ARM_GCC_493\Debug\Adjustable Automated Relocker Code.a(courseDAC.o)
                0x000013d8                courseDAC_Enable
 .text.courseDAC_SetSpeed
                0x000013f4       0x1c .\CortexM3\ARM_GCC_493\Debug\Adjustable Automated Relocker Code.a(courseDAC.o)
                0x000013f4                courseDAC_SetSpeed
 .text.courseDAC_SetValue
                0x00001410        0xc .\CortexM3\ARM_GCC_493\Debug\Adjustable Automated Relocker Code.a(courseDAC.o)
                0x00001410                courseDAC_SetValue
 .text.courseDAC_DacTrim
                0x0000141c       0x24 .\CortexM3\ARM_GCC_493\Debug\Adjustable Automated Relocker Code.a(courseDAC.o)
                0x0000141c                courseDAC_DacTrim
 .text.courseDAC_SetRange
                0x00001440       0x20 .\CortexM3\ARM_GCC_493\Debug\Adjustable Automated Relocker Code.a(courseDAC.o)
                0x00001440                courseDAC_SetRange
 .text.courseDAC_Init
                0x00001460       0x20 .\CortexM3\ARM_GCC_493\Debug\Adjustable Automated Relocker Code.a(courseDAC.o)
                0x00001460                courseDAC_Init
 .text.courseDAC_Start
                0x00001480       0x24 .\CortexM3\ARM_GCC_493\Debug\Adjustable Automated Relocker Code.a(courseDAC.o)
                0x00001480                courseDAC_Start
 .text.setting8V_Read
                0x000014a4       0x10 .\CortexM3\ARM_GCC_493\Debug\Adjustable Automated Relocker Code.a(setting8V.o)
                0x000014a4                setting8V_Read
 .text.setting22V_Read
                0x000014b4       0x10 .\CortexM3\ARM_GCC_493\Debug\Adjustable Automated Relocker Code.a(setting22V.o)
                0x000014b4                setting22V_Read
 .text.setting28V_Read
                0x000014c4       0x10 .\CortexM3\ARM_GCC_493\Debug\Adjustable Automated Relocker Code.a(setting28V.o)
                0x000014c4                setting28V_Read
 .text.lfOutADC_AMux_Start
                0x000014d4       0x20 .\CortexM3\ARM_GCC_493\Debug\Adjustable Automated Relocker Code.a(lfOutADC_AMux.o)
                0x000014d4                lfOutADC_AMux_Start
 .text.lfOutADC_AMux_Select
                0x000014f4       0x18 .\CortexM3\ARM_GCC_493\Debug\Adjustable Automated Relocker Code.a(lfOutADC_AMux.o)
                0x000014f4                lfOutADC_AMux_Select
 .text.lfOutADC_Ext_CP_Clk_GetDividerRegister
                0x0000150c        0xc .\CortexM3\ARM_GCC_493\Debug\Adjustable Automated Relocker Code.a(lfOutADC_Ext_CP_Clk.o)
                0x0000150c                lfOutADC_Ext_CP_Clk_GetDividerRegister
 .text.lfOutADC_Ext_CP_Clk_SetModeRegister
                0x00001518       0x14 .\CortexM3\ARM_GCC_493\Debug\Adjustable Automated Relocker Code.a(lfOutADC_Ext_CP_Clk.o)
                0x00001518                lfOutADC_Ext_CP_Clk_SetModeRegister
 .text.lfOutADC_Ext_CP_Clk_GetSourceRegister
                0x0000152c       0x10 .\CortexM3\ARM_GCC_493\Debug\Adjustable Automated Relocker Code.a(lfOutADC_Ext_CP_Clk.o)
                0x0000152c                lfOutADC_Ext_CP_Clk_GetSourceRegister
 .text.lfOutADC_Ext_CP_Clk_SetDividerRegister
                0x0000153c       0xd8 .\CortexM3\ARM_GCC_493\Debug\Adjustable Automated Relocker Code.a(lfOutADC_Ext_CP_Clk.o)
                0x0000153c                lfOutADC_Ext_CP_Clk_SetDividerRegister
 .text.lfOutADC_theACLK_GetDividerRegister
                0x00001614        0xc .\CortexM3\ARM_GCC_493\Debug\Adjustable Automated Relocker Code.a(lfOutADC_theACLK.o)
                0x00001614                lfOutADC_theACLK_GetDividerRegister
 .text.lfOutADC_theACLK_SetModeRegister
                0x00001620       0x14 .\CortexM3\ARM_GCC_493\Debug\Adjustable Automated Relocker Code.a(lfOutADC_theACLK.o)
                0x00001620                lfOutADC_theACLK_SetModeRegister
 .text.lfOutADC_theACLK_GetSourceRegister
                0x00001634       0x10 .\CortexM3\ARM_GCC_493\Debug\Adjustable Automated Relocker Code.a(lfOutADC_theACLK.o)
                0x00001634                lfOutADC_theACLK_GetSourceRegister
 .text.lfOutADC_theACLK_SetDividerRegister
                0x00001644       0xd8 .\CortexM3\ARM_GCC_493\Debug\Adjustable Automated Relocker Code.a(lfOutADC_theACLK.o)
                0x00001644                lfOutADC_theACLK_SetDividerRegister
 .text.eMonADC_theACLK_SetModeRegister
                0x0000171c       0x14 .\CortexM3\ARM_GCC_493\Debug\Adjustable Automated Relocker Code.a(eMonADC_theACLK.o)
                0x0000171c                eMonADC_theACLK_SetModeRegister
 .text.CyHalt   0x00001730        0x4 .\CortexM3\ARM_GCC_493\Debug\Adjustable Automated Relocker Code.a(CyLib.o)
                0x00001730                CyHalt
 .text.CyDelay  0x00001734       0x2c .\CortexM3\ARM_GCC_493\Debug\Adjustable Automated Relocker Code.a(CyLib.o)
                0x00001734                CyDelay
 .text.CyDelayUs
                0x00001760       0x14 .\CortexM3\ARM_GCC_493\Debug\Adjustable Automated Relocker Code.a(CyLib.o)
                0x00001760                CyDelayUs
 .text.CyIntSetVector
                0x00001774       0x28 .\CortexM3\ARM_GCC_493\Debug\Adjustable Automated Relocker Code.a(CyLib.o)
                0x00001774                CyIntSetVector
 .text.CyIntSetPriority
                0x0000179c       0x30 .\CortexM3\ARM_GCC_493\Debug\Adjustable Automated Relocker Code.a(CyLib.o)
                0x0000179c                CyIntSetPriority
 .text.thresSample_Read
                0x000017cc       0x10 .\CortexM3\ARM_GCC_493\Debug\Adjustable Automated Relocker Code.a(thresSample.o)
                0x000017cc                thresSample_Read
 .text.lockIn_Read
                0x000017dc       0x10 .\CortexM3\ARM_GCC_493\Debug\Adjustable Automated Relocker Code.a(lockIn.o)
                0x000017dc                lockIn_Read
 .text.checkLight_Write
                0x000017ec       0x18 .\CortexM3\ARM_GCC_493\Debug\Adjustable Automated Relocker Code.a(checkLight.o)
                0x000017ec                checkLight_Write
 *fill*         0x00001804        0x4 
 .text          0x00001808       0x20 .\CortexM3\ARM_GCC_493\Debug\Adjustable Automated Relocker Code.a(CyBootAsmGnu.o)
                0x00001808                CyDelayCycles
                0x00001818                CyEnterCriticalSection
                0x00001820                CyExitCriticalSection
 .text          0x00001828      0x370 c:/program files (x86)/cypress/psoc creator/4.0/psoc creator/import/gnu/arm/4.9.3/bin/../lib/gcc/arm-none-eabi/4.9.3/armv7-m\libgcc.a(_arm_addsubdf3.o)
                0x00001828                __aeabi_drsub
                0x00001830                __aeabi_dsub
                0x00001830                __subdf3
                0x00001834                __aeabi_dadd
                0x00001834                __adddf3
                0x00001aac                __floatunsidf
                0x00001aac                __aeabi_ui2d
                0x00001acc                __floatsidf
                0x00001acc                __aeabi_i2d
                0x00001af0                __aeabi_f2d
                0x00001af0                __extendsfdf2
                0x00001b2c                __floatundidf
                0x00001b2c                __aeabi_ul2d
                0x00001b3c                __floatdidf
                0x00001b3c                __aeabi_l2d
 .text          0x00001b98      0x424 c:/program files (x86)/cypress/psoc creator/4.0/psoc creator/import/gnu/arm/4.9.3/bin/../lib/gcc/arm-none-eabi/4.9.3/armv7-m\libgcc.a(_arm_muldivdf3.o)
                0x00001b98                __aeabi_dmul
                0x00001b98                __muldf3
                0x00001dec                __divdf3
                0x00001dec                __aeabi_ddiv
 .text          0x00001fbc       0x50 c:/program files (x86)/cypress/psoc creator/4.0/psoc creator/import/gnu/arm/4.9.3/bin/../lib/gcc/arm-none-eabi/4.9.3/armv7-m\libgcc.a(_arm_fixdfsi.o)
                0x00001fbc                __aeabi_d2iz
                0x00001fbc                __fixdfsi
 .text.__errno  0x0000200c        0xc c:/program files (x86)/cypress/psoc creator/4.0/psoc creator/import/gnu/arm/4.9.3/bin/../lib/gcc/arm-none-eabi/4.9.3/../../../../arm-none-eabi/lib/armv7-m\libg_nano.a(lib_a-errno.o)
                0x0000200c                __errno
 .text.__libc_init_array
                0x00002018       0x4c c:/program files (x86)/cypress/psoc creator/4.0/psoc creator/import/gnu/arm/4.9.3/bin/../lib/gcc/arm-none-eabi/4.9.3/../../../../arm-none-eabi/lib/armv7-m\libg_nano.a(lib_a-init.o)
                0x00002018                __libc_init_array
 .text.memcpy   0x00002064       0x16 c:/program files (x86)/cypress/psoc creator/4.0/psoc creator/import/gnu/arm/4.9.3/bin/../lib/gcc/arm-none-eabi/4.9.3/../../../../arm-none-eabi/lib/armv7-m\libg_nano.a(lib_a-memcpy.o)
                0x00002064                memcpy
 .text.memset   0x0000207a       0x10 c:/program files (x86)/cypress/psoc creator/4.0/psoc creator/import/gnu/arm/4.9.3/bin/../lib/gcc/arm-none-eabi/4.9.3/../../../../arm-none-eabi/lib/armv7-m\libg_nano.a(lib_a-memset.o)
                0x0000207a                memset
 *(.plt)
 *(.gnu.warning)
 *(.glue_7t)
 .glue_7t       0x00000000        0x0 linker stubs
 *(.glue_7)
 .glue_7        0x00000000        0x0 linker stubs
 *(.vfp11_veneer)
 .vfp11_veneer  0x00000000        0x0 linker stubs
 *(.bootloader)
 *(.ARM.extab* .gnu.linkonce.armextab.*)
 *(.gcc_except_table)

.v4_bx          0x0000208c        0x0
 .v4_bx         0x00000000        0x0 linker stubs

.iplt           0x0000208c        0x0
 .iplt          0x00000000        0x0 c:/program files (x86)/cypress/psoc creator/4.0/psoc creator/import/gnu/arm/4.9.3/bin/../lib/gcc/arm-none-eabi/4.9.3/armv7-m/crtbegin.o

.eh_frame_hdr
 *(.eh_frame_hdr)

.eh_frame       0x0000208c        0x4
 *(.eh_frame)
 .eh_frame      0x0000208c        0x0 c:/program files (x86)/cypress/psoc creator/4.0/psoc creator/import/gnu/arm/4.9.3/bin/../lib/gcc/arm-none-eabi/4.9.3/armv7-m/crtbegin.o
 .eh_frame      0x0000208c        0x4 c:/program files (x86)/cypress/psoc creator/4.0/psoc creator/import/gnu/arm/4.9.3/bin/../lib/gcc/arm-none-eabi/4.9.3/armv7-m/crtend.o
                0x00002090                PROVIDE (__exidx_start, .)

.ARM.exidx
 *(.ARM.exidx* .gnu.linkonce.armexidx.*)
                0x00002090                __exidx_end = .

.rodata         0x00002090       0x68
 *(.rodata .rodata.* .gnu.linkonce.r.*)
 .rodata        0x00002090       0x30 .\CortexM3\ARM_GCC_493\Debug\Adjustable Automated Relocker Code.a(cyfitter_cfg.o)
                0x00002090                lfOutADC_AMux__addrTable
                0x00002098                lfOutADC_AMux__maskTable
 .rodata.str1.1
                0x000020c0        0x2 c:/program files (x86)/cypress/psoc creator/4.0/psoc creator/import/gnu/arm/4.9.3/bin/../lib/gcc/arm-none-eabi/4.9.3/../../../../arm-none-eabi/lib/armv7-m\libg_nano.a(lib_a-impure.o)
                0x000020c4                . = ALIGN (0x4)
 *fill*         0x000020c2        0x2 
 *(.init)
 .init          0x000020c4        0x4 c:/program files (x86)/cypress/psoc creator/4.0/psoc creator/import/gnu/arm/4.9.3/bin/../lib/gcc/arm-none-eabi/4.9.3/armv7-m/crti.o
                0x000020c4                _init
 .init          0x000020c8        0x8 c:/program files (x86)/cypress/psoc creator/4.0/psoc creator/import/gnu/arm/4.9.3/bin/../lib/gcc/arm-none-eabi/4.9.3/armv7-m/crtn.o
                0x000020d0                . = ALIGN (0x4)
                0x000020d0                __preinit_array_start = .
 *(.preinit_array)
                0x000020d0                __preinit_array_end = .
                0x000020d0                . = ALIGN (0x4)
                0x000020d0                __init_array_start = .
 *(SORT(.init_array.*))
 *(.init_array)
 .init_array    0x000020d0        0x4 c:/program files (x86)/cypress/psoc creator/4.0/psoc creator/import/gnu/arm/4.9.3/bin/../lib/gcc/arm-none-eabi/4.9.3/armv7-m/crtbegin.o
 .init_array    0x000020d4        0x4 .\CortexM3\ARM_GCC_493\Debug\Cm3Start.o
                0x000020d8                __init_array_end = .
                0x000020d8                . = ALIGN (0x4)
 *(.fini)
 .fini          0x000020d8        0x4 c:/program files (x86)/cypress/psoc creator/4.0/psoc creator/import/gnu/arm/4.9.3/bin/../lib/gcc/arm-none-eabi/4.9.3/armv7-m/crti.o
                0x000020d8                _fini
 .fini          0x000020dc        0x8 c:/program files (x86)/cypress/psoc creator/4.0/psoc creator/import/gnu/arm/4.9.3/bin/../lib/gcc/arm-none-eabi/4.9.3/armv7-m/crtn.o
                0x000020e4                . = ALIGN (0x4)
                0x000020e4                __fini_array_start = .
 *(.fini_array)
 .fini_array    0x000020e4        0x4 c:/program files (x86)/cypress/psoc creator/4.0/psoc creator/import/gnu/arm/4.9.3/bin/../lib/gcc/arm-none-eabi/4.9.3/armv7-m/crtbegin.o
 *(SORT(.fini_array.*))
                0x000020e8                __fini_array_end = .
                0x000020e8                . = ALIGN (0x4)
 *crtbegin.o(.ctors)
 *(EXCLUDE_FILE(*crtend.o) .ctors)
 *(SORT(.ctors.*))
 *crtend.o(.ctors)
                0x000020e8                . = ALIGN (0x4)
 *crtbegin.o(.dtors)
 *(EXCLUDE_FILE(*crtend.o) .dtors)
 *(SORT(.dtors.*))
 *crtend.o(.dtors)
                0x000020e8                . = ALIGN (0x4)
                0x000020e8                __cy_regions = .
                0x000020e8        0x4 LONG 0x20f8 __cy_region_init_ram
                0x000020ec        0x4 LONG 0x1fff8108 __cy_region_start_data
                0x000020f0        0x4 LONG 0x80 __cy_region_init_size_ram
                0x000020f4        0x4 LONG 0x40 __cy_region_zero_size_ram
                0x000020f8                __cy_regions_end = .
                0x000020f8                . = ALIGN (0x8)
                0x000020f8                _etext = .

.cy_checksum_exclude
                0x000020f8        0x0
 *(.cy_checksum_exclude)

.ramvectors     0x1fff8000      0x100
                0x1fff8000                __cy_region_start_ram = .
 *(.ramvectors)
 .ramvectors    0x1fff8000      0x100 .\CortexM3\ARM_GCC_493\Debug\Cm3Start.o
                0x1fff8000                CyRamVectors

.noinit         0x1fff8100        0x5
 *(.noinit)
 .noinit        0x1fff8100        0x4 .\CortexM3\ARM_GCC_493\Debug\Cm3Start.o
 .noinit        0x1fff8104        0x1 .\CortexM3\ARM_GCC_493\Debug\Adjustable Automated Relocker Code.a(CyLib.o)
                0x1fff8104                CyResetStatus

.data           0x1fff8108       0x80 load address 0x000020f8
                0x1fff8108                __cy_region_start_data = .
 *(.jcr)
 .jcr           0x1fff8108        0x0 c:/program files (x86)/cypress/psoc creator/4.0/psoc creator/import/gnu/arm/4.9.3/bin/../lib/gcc/arm-none-eabi/4.9.3/armv7-m/crtbegin.o
 .jcr           0x1fff8108        0x4 c:/program files (x86)/cypress/psoc creator/4.0/psoc creator/import/gnu/arm/4.9.3/bin/../lib/gcc/arm-none-eabi/4.9.3/armv7-m/crtend.o
 *(.got.plt)
 *(.got)
 *(.shdata)
 *(.data .data.* .gnu.linkonce.d.*)
 .data          0x1fff810c        0x1 .\CortexM3\ARM_GCC_493\Debug\Adjustable Automated Relocker Code.a(lfOutADC.o)
                0x1fff810c                lfOutADC_Config
 .data          0x1fff810d        0x1 .\CortexM3\ARM_GCC_493\Debug\Adjustable Automated Relocker Code.a(lfOutADC_AMux.o)
 *fill*         0x1fff810e        0x2 
 .data          0x1fff8110       0x10 .\CortexM3\ARM_GCC_493\Debug\Adjustable Automated Relocker Code.a(CyLib.o)
                0x1fff8110                cydelay_32k_ms
                0x1fff8114                cydelay_freq_khz
                0x1fff8118                cydelay_freq_mhz
                0x1fff811c                cydelay_freq_hz
 .data.impure_data
                0x1fff8120       0x60 c:/program files (x86)/cypress/psoc creator/4.0/psoc creator/import/gnu/arm/4.9.3/bin/../lib/gcc/arm-none-eabi/4.9.3/../../../../arm-none-eabi/lib/armv7-m\libg_nano.a(lib_a-impure.o)
 .data._impure_ptr
                0x1fff8180        0x4 c:/program files (x86)/cypress/psoc creator/4.0/psoc creator/import/gnu/arm/4.9.3/bin/../lib/gcc/arm-none-eabi/4.9.3/../../../../arm-none-eabi/lib/armv7-m\libg_nano.a(lib_a-impure.o)
                0x1fff8180                _impure_ptr
                0x1fff8188                . = ALIGN (0x8)
 *fill*         0x1fff8184        0x4 
 *(.ram)
                0x1fff8188                _edata = .

.igot.plt       0x1fff8188        0x0 load address 0x00002178
 .igot.plt      0x00000000        0x0 c:/program files (x86)/cypress/psoc creator/4.0/psoc creator/import/gnu/arm/4.9.3/bin/../lib/gcc/arm-none-eabi/4.9.3/armv7-m/crtbegin.o

.bss            0x1fff8188       0x40 load address 0x00002178
                0x1fff8188                PROVIDE (__bss_start__, .)
 *(.shbss)
 *(.bss .bss.* .gnu.linkonce.b.*)
 .bss           0x1fff8188       0x1c c:/program files (x86)/cypress/psoc creator/4.0/psoc creator/import/gnu/arm/4.9.3/bin/../lib/gcc/arm-none-eabi/4.9.3/armv7-m/crtbegin.o
 .bss           0x1fff81a4        0x8 .\CortexM3\ARM_GCC_493\Debug\Adjustable Automated Relocker Code.a(lfOutADC.o)
                0x1fff81a8                lfOutADC_stopConversion
                0x1fff81a9                lfOutADC_convDone
                0x1fff81aa                lfOutADC_initVar
                0x1fff81ab                lfOutADC_started
 .bss           0x1fff81ac        0x1 .\CortexM3\ARM_GCC_493\Debug\Adjustable Automated Relocker Code.a(eMonADC.o)
                0x1fff81ac                eMonADC_initVar
 .bss           0x1fff81ad        0x1 .\CortexM3\ARM_GCC_493\Debug\Adjustable Automated Relocker Code.a(fineDAC.o)
                0x1fff81ad                fineDAC_initVar
 .bss           0x1fff81ae        0x1 .\CortexM3\ARM_GCC_493\Debug\Adjustable Automated Relocker Code.a(courseDAC.o)
                0x1fff81ae                courseDAC_initVar
 *(COMMON)
 *fill*         0x1fff81af        0x1 
 COMMON         0x1fff81b0        0x8 .\CortexM3\ARM_GCC_493\Debug\Adjustable Automated Relocker Code.a(lfOutADC.o)
                0x1fff81b0                lfOutADC_Offset
                0x1fff81b4                lfOutADC_CountsPerVolt
 COMMON         0x1fff81b8        0xc .\CortexM3\ARM_GCC_493\Debug\Adjustable Automated Relocker Code.a(eMonADC.o)
                0x1fff81b8                eMonADC_shift
                0x1fff81ba                eMonADC_countsPerVolt
                0x1fff81bc                eMonADC_offset
                0x1fff81c0                eMonADC_countsPer10Volt
                0x1fff81c8                . = ALIGN (0x8)
 *fill*         0x1fff81c4        0x4 
 *(.ram.b)
                0x1fff81c8                _end = .
                0x1fff81c8                __end = .
                0x1fff81c8                PROVIDE (end, .)
                0x1fff81c8                PROVIDE (__bss_end__, .)
                0x000020f8                __cy_region_init_ram = LOADADDR (.data)
                0x00000080                __cy_region_init_size_ram = (_edata - ADDR (.data))
                0x00000040                __cy_region_zero_size_ram = (_end - _edata)

.heap           0x1fff81c8       0x80 load address 0x00002178
                0x1fff81c8                . = _end
                0x1fff8248                . = (. + 0x80)
 *fill*         0x1fff81c8       0x80 
                0x1fff8248                __cy_heap_limit = .

.stack          0x20007800      0x800
                0x20007800                __cy_stack_limit = .
                0x20008000                . = (. + 0x800)
 *fill*         0x20007800      0x800 
                0x00000001                ASSERT ((__cy_stack_limit >= __cy_heap_limit), region RAM overflowed with stack)
                0x00000000                cy_checksum_exclude_size = (CY_APPL_LOADABLE == 0x1)?SIZEOF (.cy_checksum_exclude):0x0
                0x00000001                ASSERT ((cy_checksum_exclude_size <= CY_CHECKSUM_EXCLUDE_SIZE), CY_BOOT: Section .cy_checksum_exclude size exceedes specified limit.)

.cyloadermeta
 *(.cyloadermeta)

.cyloadablemeta
 *(.cyloadablemeta)

.cyconfigecc    0x80000000      0x11c
 *(.cyconfigecc)
 .cyconfigecc   0x80000000      0x11c .\CortexM3\ARM_GCC_493\Debug\cymetadata.o
                0x80000000                cy_meta_configecc

.cycustnvl      0x90000000        0x4
 *(.cycustnvl)
 .cycustnvl     0x90000000        0x4 .\CortexM3\ARM_GCC_493\Debug\cymetadata.o
                0x90000000                cy_meta_custnvl

.cywolatch      0x90100000        0x4
 *(.cywolatch)
 .cywolatch     0x90100000        0x4 .\CortexM3\ARM_GCC_493\Debug\cymetadata.o
                0x90100000                cy_meta_wonvl

.cyeeprom       0x90200000        0x0
 *(.cyeeprom)
                0x00000001                ASSERT ((. <= ((0x90200000 + ee_offset) + ee_size)), .cyeeprom data will not fit in EEPROM)

.cyflashprotect
                0x90400000      0x100
 *(.cyflashprotect)
 .cyflashprotect
                0x90400000      0x100 .\CortexM3\ARM_GCC_493\Debug\cymetadata.o
                0x90400000                cy_meta_flashprotect

.cymeta         0x90500000        0xc
 *(.cymeta)
 .cymeta        0x90500000        0xc .\CortexM3\ARM_GCC_493\Debug\cymetadata.o
                0x90500000                cy_metadata

.rel.dyn        0x00002178        0x0 load address 0x9050000c
 .rel.iplt      0x00000000        0x0 c:/program files (x86)/cypress/psoc creator/4.0/psoc creator/import/gnu/arm/4.9.3/bin/../lib/gcc/arm-none-eabi/4.9.3/armv7-m/crtbegin.o

.stab
 *(.stab)

.stabstr
 *(.stabstr)

.debug
 *(.debug)

.line
 *(.line)

.debug_srcinfo
 *(.debug_srcinfo)

.debug_sfnames
 *(.debug_sfnames)

.debug_aranges  0x00000000      0xbb8
 *(.debug_aranges)
 .debug_aranges
                0x00000000       0x20 .\CortexM3\ARM_GCC_493\Debug\main.o
 .debug_aranges
                0x00000020       0x18 .\CortexM3\ARM_GCC_493\Debug\cymetadata.o
 .debug_aranges
                0x00000038       0x48 .\CortexM3\ARM_GCC_493\Debug\Cm3Start.o
 .debug_aranges
                0x00000080       0x68 .\CortexM3\ARM_GCC_493\Debug\Adjustable Automated Relocker Code.a(cyfitter_cfg.o)
 .debug_aranges
                0x000000e8       0xe8 .\CortexM3\ARM_GCC_493\Debug\Adjustable Automated Relocker Code.a(lfOutADC.o)
 .debug_aranges
                0x000001d0       0x38 .\CortexM3\ARM_GCC_493\Debug\Adjustable Automated Relocker Code.a(lfOutADC_INT.o)
 .debug_aranges
                0x00000208       0x38 .\CortexM3\ARM_GCC_493\Debug\Adjustable Automated Relocker Code.a(redLight.o)
 .debug_aranges
                0x00000240       0xa8 .\CortexM3\ARM_GCC_493\Debug\Adjustable Automated Relocker Code.a(eMonADC.o)
 .debug_aranges
                0x000002e8       0x20 .\CortexM3\ARM_GCC_493\Debug\Adjustable Automated Relocker Code.a(eMonADC_INT.o)
 .debug_aranges
                0x00000308       0x58 .\CortexM3\ARM_GCC_493\Debug\Adjustable Automated Relocker Code.a(fineDAC.o)
 .debug_aranges
                0x00000360       0x28 .\CortexM3\ARM_GCC_493\Debug\Adjustable Automated Relocker Code.a(switches.o)
 .debug_aranges
                0x00000388       0x38 .\CortexM3\ARM_GCC_493\Debug\Adjustable Automated Relocker Code.a(calibratePin.o)
 .debug_aranges
                0x000003c0       0x38 .\CortexM3\ARM_GCC_493\Debug\Adjustable Automated Relocker Code.a(yellowLight.o)
 .debug_aranges
                0x000003f8       0x38 .\CortexM3\ARM_GCC_493\Debug\Adjustable Automated Relocker Code.a(greenLight.o)
 .debug_aranges
                0x00000430       0x58 .\CortexM3\ARM_GCC_493\Debug\Adjustable Automated Relocker Code.a(courseDAC.o)
 .debug_aranges
                0x00000488       0x38 .\CortexM3\ARM_GCC_493\Debug\Adjustable Automated Relocker Code.a(setting8V.o)
 .debug_aranges
                0x000004c0       0x38 .\CortexM3\ARM_GCC_493\Debug\Adjustable Automated Relocker Code.a(setting22V.o)
 .debug_aranges
                0x000004f8       0x38 .\CortexM3\ARM_GCC_493\Debug\Adjustable Automated Relocker Code.a(setting28V.o)
 .debug_aranges
                0x00000530       0x30 .\CortexM3\ARM_GCC_493\Debug\Adjustable Automated Relocker Code.a(lfOutADC_AMux.o)
 .debug_aranges
                0x00000560       0x70 .\CortexM3\ARM_GCC_493\Debug\Adjustable Automated Relocker Code.a(lfOutADC_Ext_CP_Clk.o)
 .debug_aranges
                0x000005d0       0x80 .\CortexM3\ARM_GCC_493\Debug\Adjustable Automated Relocker Code.a(lfOutADC_theACLK.o)
 .debug_aranges
                0x00000650       0x70 .\CortexM3\ARM_GCC_493\Debug\Adjustable Automated Relocker Code.a(eMonADC_theACLK.o)
 .debug_aranges
                0x000006c0      0x2a0 .\CortexM3\ARM_GCC_493\Debug\Adjustable Automated Relocker Code.a(CyLib.o)
 .debug_aranges
                0x00000960       0x98 .\CortexM3\ARM_GCC_493\Debug\Adjustable Automated Relocker Code.a(cyPm.o)
 .debug_aranges
                0x000009f8       0x38 .\CortexM3\ARM_GCC_493\Debug\Adjustable Automated Relocker Code.a(thresSample.o)
 .debug_aranges
                0x00000a30       0x38 .\CortexM3\ARM_GCC_493\Debug\Adjustable Automated Relocker Code.a(lockIn.o)
 .debug_aranges
                0x00000a68       0x38 .\CortexM3\ARM_GCC_493\Debug\Adjustable Automated Relocker Code.a(checkLight.o)
 .debug_aranges
                0x00000aa0       0x20 .\CortexM3\ARM_GCC_493\Debug\Adjustable Automated Relocker Code.a(CyBootAsmGnu.o)
 .debug_aranges
                0x00000ac0       0x80 .\CortexM3\ARM_GCC_493\Debug\Adjustable Automated Relocker Code.a(CyFlash.o)
 .debug_aranges
                0x00000b40       0x78 .\CortexM3\ARM_GCC_493\Debug\Adjustable Automated Relocker Code.a(CySpc.o)

.debug_pubnames
 *(.debug_pubnames)

.debug_info     0x00000000     0x69b8
 *(.debug_info .gnu.linkonce.wi.*)
 .debug_info    0x00000000      0x9d0 .\CortexM3\ARM_GCC_493\Debug\main.o
 .debug_info    0x000009d0      0x13b .\CortexM3\ARM_GCC_493\Debug\cymetadata.o
 .debug_info    0x00000b0b      0x3b3 .\CortexM3\ARM_GCC_493\Debug\Cm3Start.o
 .debug_info    0x00000ebe      0x693 .\CortexM3\ARM_GCC_493\Debug\Adjustable Automated Relocker Code.a(cyfitter_cfg.o)
 .debug_info    0x00001551      0xa75 .\CortexM3\ARM_GCC_493\Debug\Adjustable Automated Relocker Code.a(lfOutADC.o)
 .debug_info    0x00001fc6       0xcc .\CortexM3\ARM_GCC_493\Debug\Adjustable Automated Relocker Code.a(lfOutADC_INT.o)
 .debug_info    0x00002092      0x11f .\CortexM3\ARM_GCC_493\Debug\Adjustable Automated Relocker Code.a(redLight.o)
 .debug_info    0x000021b1      0x5f8 .\CortexM3\ARM_GCC_493\Debug\Adjustable Automated Relocker Code.a(eMonADC.o)
 .debug_info    0x000027a9       0x92 .\CortexM3\ARM_GCC_493\Debug\Adjustable Automated Relocker Code.a(eMonADC_INT.o)
 .debug_info    0x0000283b      0x1df .\CortexM3\ARM_GCC_493\Debug\Adjustable Automated Relocker Code.a(fineDAC.o)
 .debug_info    0x00002a1a       0xd6 .\CortexM3\ARM_GCC_493\Debug\Adjustable Automated Relocker Code.a(switches.o)
 .debug_info    0x00002af0      0x11f .\CortexM3\ARM_GCC_493\Debug\Adjustable Automated Relocker Code.a(calibratePin.o)
 .debug_info    0x00002c0f      0x121 .\CortexM3\ARM_GCC_493\Debug\Adjustable Automated Relocker Code.a(yellowLight.o)
 .debug_info    0x00002d30      0x121 .\CortexM3\ARM_GCC_493\Debug\Adjustable Automated Relocker Code.a(greenLight.o)
 .debug_info    0x00002e51      0x1df .\CortexM3\ARM_GCC_493\Debug\Adjustable Automated Relocker Code.a(courseDAC.o)
 .debug_info    0x00003030      0x11f .\CortexM3\ARM_GCC_493\Debug\Adjustable Automated Relocker Code.a(setting8V.o)
 .debug_info    0x0000314f      0x11f .\CortexM3\ARM_GCC_493\Debug\Adjustable Automated Relocker Code.a(setting22V.o)
 .debug_info    0x0000326e      0x11f .\CortexM3\ARM_GCC_493\Debug\Adjustable Automated Relocker Code.a(setting28V.o)
 .debug_info    0x0000338d      0x16d .\CortexM3\ARM_GCC_493\Debug\Adjustable Automated Relocker Code.a(lfOutADC_AMux.o)
 .debug_info    0x000034fa      0x283 .\CortexM3\ARM_GCC_493\Debug\Adjustable Automated Relocker Code.a(lfOutADC_Ext_CP_Clk.o)
 .debug_info    0x0000377d      0x2c4 .\CortexM3\ARM_GCC_493\Debug\Adjustable Automated Relocker Code.a(lfOutADC_theACLK.o)
 .debug_info    0x00003a41      0x283 .\CortexM3\ARM_GCC_493\Debug\Adjustable Automated Relocker Code.a(eMonADC_theACLK.o)
 .debug_info    0x00003cc4     0x1385 .\CortexM3\ARM_GCC_493\Debug\Adjustable Automated Relocker Code.a(CyLib.o)
 .debug_info    0x00005049      0xa57 .\CortexM3\ARM_GCC_493\Debug\Adjustable Automated Relocker Code.a(cyPm.o)
 .debug_info    0x00005aa0      0x11f .\CortexM3\ARM_GCC_493\Debug\Adjustable Automated Relocker Code.a(thresSample.o)
 .debug_info    0x00005bbf      0x11f .\CortexM3\ARM_GCC_493\Debug\Adjustable Automated Relocker Code.a(lockIn.o)
 .debug_info    0x00005cde      0x121 .\CortexM3\ARM_GCC_493\Debug\Adjustable Automated Relocker Code.a(checkLight.o)
 .debug_info    0x00005dff       0xc7 .\CortexM3\ARM_GCC_493\Debug\Adjustable Automated Relocker Code.a(CyBootAsmGnu.o)
 .debug_info    0x00005ec6      0x608 .\CortexM3\ARM_GCC_493\Debug\Adjustable Automated Relocker Code.a(CyFlash.o)
 .debug_info    0x000064ce      0x4ea .\CortexM3\ARM_GCC_493\Debug\Adjustable Automated Relocker Code.a(CySpc.o)

.debug_abbrev   0x00000000     0x1ed6
 *(.debug_abbrev)
 .debug_abbrev  0x00000000       0xf8 .\CortexM3\ARM_GCC_493\Debug\main.o
 .debug_abbrev  0x000000f8       0x66 .\CortexM3\ARM_GCC_493\Debug\cymetadata.o
 .debug_abbrev  0x0000015e      0x1f7 .\CortexM3\ARM_GCC_493\Debug\Cm3Start.o
 .debug_abbrev  0x00000355      0x223 .\CortexM3\ARM_GCC_493\Debug\Adjustable Automated Relocker Code.a(cyfitter_cfg.o)
 .debug_abbrev  0x00000578      0x23d .\CortexM3\ARM_GCC_493\Debug\Adjustable Automated Relocker Code.a(lfOutADC.o)
 .debug_abbrev  0x000007b5       0x42 .\CortexM3\ARM_GCC_493\Debug\Adjustable Automated Relocker Code.a(lfOutADC_INT.o)
 .debug_abbrev  0x000007f7       0x90 .\CortexM3\ARM_GCC_493\Debug\Adjustable Automated Relocker Code.a(redLight.o)
 .debug_abbrev  0x00000887      0x1eb .\CortexM3\ARM_GCC_493\Debug\Adjustable Automated Relocker Code.a(eMonADC.o)
 .debug_abbrev  0x00000a72       0x42 .\CortexM3\ARM_GCC_493\Debug\Adjustable Automated Relocker Code.a(eMonADC_INT.o)
 .debug_abbrev  0x00000ab4       0xf7 .\CortexM3\ARM_GCC_493\Debug\Adjustable Automated Relocker Code.a(fineDAC.o)
 .debug_abbrev  0x00000bab       0x81 .\CortexM3\ARM_GCC_493\Debug\Adjustable Automated Relocker Code.a(switches.o)
 .debug_abbrev  0x00000c2c       0x90 .\CortexM3\ARM_GCC_493\Debug\Adjustable Automated Relocker Code.a(calibratePin.o)
 .debug_abbrev  0x00000cbc       0x90 .\CortexM3\ARM_GCC_493\Debug\Adjustable Automated Relocker Code.a(yellowLight.o)
 .debug_abbrev  0x00000d4c       0x90 .\CortexM3\ARM_GCC_493\Debug\Adjustable Automated Relocker Code.a(greenLight.o)
 .debug_abbrev  0x00000ddc       0xf7 .\CortexM3\ARM_GCC_493\Debug\Adjustable Automated Relocker Code.a(courseDAC.o)
 .debug_abbrev  0x00000ed3       0x90 .\CortexM3\ARM_GCC_493\Debug\Adjustable Automated Relocker Code.a(setting8V.o)
 .debug_abbrev  0x00000f63       0x90 .\CortexM3\ARM_GCC_493\Debug\Adjustable Automated Relocker Code.a(setting22V.o)
 .debug_abbrev  0x00000ff3       0x90 .\CortexM3\ARM_GCC_493\Debug\Adjustable Automated Relocker Code.a(setting28V.o)
 .debug_abbrev  0x00001083       0xcb .\CortexM3\ARM_GCC_493\Debug\Adjustable Automated Relocker Code.a(lfOutADC_AMux.o)
 .debug_abbrev  0x0000114e      0x139 .\CortexM3\ARM_GCC_493\Debug\Adjustable Automated Relocker Code.a(lfOutADC_Ext_CP_Clk.o)
 .debug_abbrev  0x00001287      0x121 .\CortexM3\ARM_GCC_493\Debug\Adjustable Automated Relocker Code.a(lfOutADC_theACLK.o)
 .debug_abbrev  0x000013a8      0x139 .\CortexM3\ARM_GCC_493\Debug\Adjustable Automated Relocker Code.a(eMonADC_theACLK.o)
 .debug_abbrev  0x000014e1      0x296 .\CortexM3\ARM_GCC_493\Debug\Adjustable Automated Relocker Code.a(CyLib.o)
 .debug_abbrev  0x00001777      0x1ed .\CortexM3\ARM_GCC_493\Debug\Adjustable Automated Relocker Code.a(cyPm.o)
 .debug_abbrev  0x00001964       0x90 .\CortexM3\ARM_GCC_493\Debug\Adjustable Automated Relocker Code.a(thresSample.o)
 .debug_abbrev  0x000019f4       0x90 .\CortexM3\ARM_GCC_493\Debug\Adjustable Automated Relocker Code.a(lockIn.o)
 .debug_abbrev  0x00001a84       0x90 .\CortexM3\ARM_GCC_493\Debug\Adjustable Automated Relocker Code.a(checkLight.o)
 .debug_abbrev  0x00001b14       0x14 .\CortexM3\ARM_GCC_493\Debug\Adjustable Automated Relocker Code.a(CyBootAsmGnu.o)
 .debug_abbrev  0x00001b28      0x1ed .\CortexM3\ARM_GCC_493\Debug\Adjustable Automated Relocker Code.a(CyFlash.o)
 .debug_abbrev  0x00001d15      0x1c1 .\CortexM3\ARM_GCC_493\Debug\Adjustable Automated Relocker Code.a(CySpc.o)

.debug_line     0x00000000     0x2d89
 *(.debug_line)
 .debug_line    0x00000000      0x4f8 .\CortexM3\ARM_GCC_493\Debug\main.o
 .debug_line    0x000004f8       0x51 .\CortexM3\ARM_GCC_493\Debug\cymetadata.o
 .debug_line    0x00000549      0x24f .\CortexM3\ARM_GCC_493\Debug\Cm3Start.o
 .debug_line    0x00000798      0x21d .\CortexM3\ARM_GCC_493\Debug\Adjustable Automated Relocker Code.a(cyfitter_cfg.o)
 .debug_line    0x000009b5      0x368 .\CortexM3\ARM_GCC_493\Debug\Adjustable Automated Relocker Code.a(lfOutADC.o)
 .debug_line    0x00000d1d       0x85 .\CortexM3\ARM_GCC_493\Debug\Adjustable Automated Relocker Code.a(lfOutADC_INT.o)
 .debug_line    0x00000da2       0x95 .\CortexM3\ARM_GCC_493\Debug\Adjustable Automated Relocker Code.a(redLight.o)
 .debug_line    0x00000e37      0x21d .\CortexM3\ARM_GCC_493\Debug\Adjustable Automated Relocker Code.a(eMonADC.o)
 .debug_line    0x00001054       0x54 .\CortexM3\ARM_GCC_493\Debug\Adjustable Automated Relocker Code.a(eMonADC_INT.o)
 .debug_line    0x000010a8       0xe4 .\CortexM3\ARM_GCC_493\Debug\Adjustable Automated Relocker Code.a(fineDAC.o)
 .debug_line    0x0000118c       0x70 .\CortexM3\ARM_GCC_493\Debug\Adjustable Automated Relocker Code.a(switches.o)
 .debug_line    0x000011fc       0x99 .\CortexM3\ARM_GCC_493\Debug\Adjustable Automated Relocker Code.a(calibratePin.o)
 .debug_line    0x00001295       0x98 .\CortexM3\ARM_GCC_493\Debug\Adjustable Automated Relocker Code.a(yellowLight.o)
 .debug_line    0x0000132d       0x97 .\CortexM3\ARM_GCC_493\Debug\Adjustable Automated Relocker Code.a(greenLight.o)
 .debug_line    0x000013c4       0xe6 .\CortexM3\ARM_GCC_493\Debug\Adjustable Automated Relocker Code.a(courseDAC.o)
 .debug_line    0x000014aa       0x96 .\CortexM3\ARM_GCC_493\Debug\Adjustable Automated Relocker Code.a(setting8V.o)
 .debug_line    0x00001540       0x97 .\CortexM3\ARM_GCC_493\Debug\Adjustable Automated Relocker Code.a(setting22V.o)
 .debug_line    0x000015d7       0x97 .\CortexM3\ARM_GCC_493\Debug\Adjustable Automated Relocker Code.a(setting28V.o)
 .debug_line    0x0000166e       0xb1 .\CortexM3\ARM_GCC_493\Debug\Adjustable Automated Relocker Code.a(lfOutADC_AMux.o)
 .debug_line    0x0000171f      0x182 .\CortexM3\ARM_GCC_493\Debug\Adjustable Automated Relocker Code.a(lfOutADC_Ext_CP_Clk.o)
 .debug_line    0x000018a1      0x1a2 .\CortexM3\ARM_GCC_493\Debug\Adjustable Automated Relocker Code.a(lfOutADC_theACLK.o)
 .debug_line    0x00001a43      0x17e .\CortexM3\ARM_GCC_493\Debug\Adjustable Automated Relocker Code.a(eMonADC_theACLK.o)
 .debug_line    0x00001bc1      0x816 .\CortexM3\ARM_GCC_493\Debug\Adjustable Automated Relocker Code.a(CyLib.o)
 .debug_line    0x000023d7      0x364 .\CortexM3\ARM_GCC_493\Debug\Adjustable Automated Relocker Code.a(cyPm.o)
 .debug_line    0x0000273b       0x98 .\CortexM3\ARM_GCC_493\Debug\Adjustable Automated Relocker Code.a(thresSample.o)
 .debug_line    0x000027d3       0x93 .\CortexM3\ARM_GCC_493\Debug\Adjustable Automated Relocker Code.a(lockIn.o)
 .debug_line    0x00002866       0x97 .\CortexM3\ARM_GCC_493\Debug\Adjustable Automated Relocker Code.a(checkLight.o)
 .debug_line    0x000028fd       0x66 .\CortexM3\ARM_GCC_493\Debug\Adjustable Automated Relocker Code.a(CyBootAsmGnu.o)
 .debug_line    0x00002963      0x1ea .\CortexM3\ARM_GCC_493\Debug\Adjustable Automated Relocker Code.a(CyFlash.o)
 .debug_line    0x00002b4d      0x23c .\CortexM3\ARM_GCC_493\Debug\Adjustable Automated Relocker Code.a(CySpc.o)

.debug_frame    0x00000000     0x1c24
 *(.debug_frame)
 .debug_frame   0x00000000       0x44 .\CortexM3\ARM_GCC_493\Debug\main.o
 .debug_frame   0x00000044       0xb8 .\CortexM3\ARM_GCC_493\Debug\Cm3Start.o
 .debug_frame   0x000000fc      0x11c .\CortexM3\ARM_GCC_493\Debug\Adjustable Automated Relocker Code.a(cyfitter_cfg.o)
 .debug_frame   0x00000218      0x278 .\CortexM3\ARM_GCC_493\Debug\Adjustable Automated Relocker Code.a(lfOutADC.o)
 .debug_frame   0x00000490       0x50 .\CortexM3\ARM_GCC_493\Debug\Adjustable Automated Relocker Code.a(lfOutADC_INT.o)
 .debug_frame   0x000004e0       0x50 .\CortexM3\ARM_GCC_493\Debug\Adjustable Automated Relocker Code.a(redLight.o)
 .debug_frame   0x00000530      0x1a4 .\CortexM3\ARM_GCC_493\Debug\Adjustable Automated Relocker Code.a(eMonADC.o)
 .debug_frame   0x000006d4       0x20 .\CortexM3\ARM_GCC_493\Debug\Adjustable Automated Relocker Code.a(eMonADC_INT.o)
 .debug_frame   0x000006f4       0xb4 .\CortexM3\ARM_GCC_493\Debug\Adjustable Automated Relocker Code.a(fineDAC.o)
 .debug_frame   0x000007a8       0x30 .\CortexM3\ARM_GCC_493\Debug\Adjustable Automated Relocker Code.a(switches.o)
 .debug_frame   0x000007d8       0x50 .\CortexM3\ARM_GCC_493\Debug\Adjustable Automated Relocker Code.a(calibratePin.o)
 .debug_frame   0x00000828       0x50 .\CortexM3\ARM_GCC_493\Debug\Adjustable Automated Relocker Code.a(yellowLight.o)
 .debug_frame   0x00000878       0x50 .\CortexM3\ARM_GCC_493\Debug\Adjustable Automated Relocker Code.a(greenLight.o)
 .debug_frame   0x000008c8       0xb4 .\CortexM3\ARM_GCC_493\Debug\Adjustable Automated Relocker Code.a(courseDAC.o)
 .debug_frame   0x0000097c       0x50 .\CortexM3\ARM_GCC_493\Debug\Adjustable Automated Relocker Code.a(setting8V.o)
 .debug_frame   0x000009cc       0x50 .\CortexM3\ARM_GCC_493\Debug\Adjustable Automated Relocker Code.a(setting22V.o)
 .debug_frame   0x00000a1c       0x50 .\CortexM3\ARM_GCC_493\Debug\Adjustable Automated Relocker Code.a(setting28V.o)
 .debug_frame   0x00000a6c       0x64 .\CortexM3\ARM_GCC_493\Debug\Adjustable Automated Relocker Code.a(lfOutADC_AMux.o)
 .debug_frame   0x00000ad0       0xe0 .\CortexM3\ARM_GCC_493\Debug\Adjustable Automated Relocker Code.a(lfOutADC_Ext_CP_Clk.o)
 .debug_frame   0x00000bb0      0x100 .\CortexM3\ARM_GCC_493\Debug\Adjustable Automated Relocker Code.a(lfOutADC_theACLK.o)
 .debug_frame   0x00000cb0       0xe0 .\CortexM3\ARM_GCC_493\Debug\Adjustable Automated Relocker Code.a(eMonADC_theACLK.o)
 .debug_frame   0x00000d90      0x738 .\CortexM3\ARM_GCC_493\Debug\Adjustable Automated Relocker Code.a(CyLib.o)
 .debug_frame   0x000014c8      0x1f8 .\CortexM3\ARM_GCC_493\Debug\Adjustable Automated Relocker Code.a(cyPm.o)
 .debug_frame   0x000016c0       0x50 .\CortexM3\ARM_GCC_493\Debug\Adjustable Automated Relocker Code.a(thresSample.o)
 .debug_frame   0x00001710       0x50 .\CortexM3\ARM_GCC_493\Debug\Adjustable Automated Relocker Code.a(lockIn.o)
 .debug_frame   0x00001760       0x50 .\CortexM3\ARM_GCC_493\Debug\Adjustable Automated Relocker Code.a(checkLight.o)
 .debug_frame   0x000017b0      0x174 .\CortexM3\ARM_GCC_493\Debug\Adjustable Automated Relocker Code.a(CyFlash.o)
 .debug_frame   0x00001924      0x160 .\CortexM3\ARM_GCC_493\Debug\Adjustable Automated Relocker Code.a(CySpc.o)
 .debug_frame   0x00001a84       0x28 c:/program files (x86)/cypress/psoc creator/4.0/psoc creator/import/gnu/arm/4.9.3/bin/../lib/gcc/arm-none-eabi/4.9.3/armv7-m\libgcc.a(_aeabi_ldivmod.o)
 .debug_frame   0x00001aac       0x54 c:/program files (x86)/cypress/psoc creator/4.0/psoc creator/import/gnu/arm/4.9.3/bin/../lib/gcc/arm-none-eabi/4.9.3/armv7-m\libgcc.a(bpabi.o)
 .debug_frame   0x00001b00       0x34 c:/program files (x86)/cypress/psoc creator/4.0/psoc creator/import/gnu/arm/4.9.3/bin/../lib/gcc/arm-none-eabi/4.9.3/armv7-m\libgcc.a(_divdi3.o)
 .debug_frame   0x00001b34       0x34 c:/program files (x86)/cypress/psoc creator/4.0/psoc creator/import/gnu/arm/4.9.3/bin/../lib/gcc/arm-none-eabi/4.9.3/armv7-m\libgcc.a(_udivdi3.o)
 .debug_frame   0x00001b68       0x20 c:/program files (x86)/cypress/psoc creator/4.0/psoc creator/import/gnu/arm/4.9.3/bin/../lib/gcc/arm-none-eabi/4.9.3/../../../../arm-none-eabi/lib/armv7-m\libg_nano.a(lib_a-errno.o)
 .debug_frame   0x00001b88       0x28 c:/program files (x86)/cypress/psoc creator/4.0/psoc creator/import/gnu/arm/4.9.3/bin/../lib/gcc/arm-none-eabi/4.9.3/../../../../arm-none-eabi/lib/armv7-m\libg_nano.a(lib_a-exit.o)
 .debug_frame   0x00001bb0       0x2c c:/program files (x86)/cypress/psoc creator/4.0/psoc creator/import/gnu/arm/4.9.3/bin/../lib/gcc/arm-none-eabi/4.9.3/../../../../arm-none-eabi/lib/armv7-m\libg_nano.a(lib_a-init.o)
 .debug_frame   0x00001bdc       0x28 c:/program files (x86)/cypress/psoc creator/4.0/psoc creator/import/gnu/arm/4.9.3/bin/../lib/gcc/arm-none-eabi/4.9.3/../../../../arm-none-eabi/lib/armv7-m\libg_nano.a(lib_a-memcpy.o)
 .debug_frame   0x00001c04       0x20 c:/program files (x86)/cypress/psoc creator/4.0/psoc creator/import/gnu/arm/4.9.3/bin/../lib/gcc/arm-none-eabi/4.9.3/../../../../arm-none-eabi/lib/armv7-m\libg_nano.a(lib_a-memset.o)

.debug_str      0x00000000     0x2604
 *(.debug_str)
 .debug_str     0x00000000      0x3ed .\CortexM3\ARM_GCC_493\Debug\main.o
                                0x43a (size before relaxing)
 .debug_str     0x000003ed       0x75 .\CortexM3\ARM_GCC_493\Debug\cymetadata.o
                                0x221 (size before relaxing)
 .debug_str     0x00000462      0x163 .\CortexM3\ARM_GCC_493\Debug\Cm3Start.o
                                0x335 (size before relaxing)
 .debug_str     0x000005c5      0x1ad .\CortexM3\ARM_GCC_493\Debug\Adjustable Automated Relocker Code.a(cyfitter_cfg.o)
                                0x3a4 (size before relaxing)
 .debug_str     0x00000772      0x456 .\CortexM3\ARM_GCC_493\Debug\Adjustable Automated Relocker Code.a(lfOutADC.o)
                                0x6ce (size before relaxing)
 .debug_str     0x00000bc8       0x5e .\CortexM3\ARM_GCC_493\Debug\Adjustable Automated Relocker Code.a(lfOutADC_INT.o)
                                0x204 (size before relaxing)
 .debug_str     0x00000c26       0x6b .\CortexM3\ARM_GCC_493\Debug\Adjustable Automated Relocker Code.a(redLight.o)
                                0x228 (size before relaxing)
 .debug_str     0x00000c91      0x1d4 .\CortexM3\ARM_GCC_493\Debug\Adjustable Automated Relocker Code.a(eMonADC.o)
                                0x4c3 (size before relaxing)
 .debug_str     0x00000e65       0x31 .\CortexM3\ARM_GCC_493\Debug\Adjustable Automated Relocker Code.a(eMonADC_INT.o)
                                0x1ce (size before relaxing)
 .debug_str     0x00000e96       0x98 .\CortexM3\ARM_GCC_493\Debug\Adjustable Automated Relocker Code.a(fineDAC.o)
                                0x26a (size before relaxing)
 .debug_str     0x00000f2e       0x38 .\CortexM3\ARM_GCC_493\Debug\Adjustable Automated Relocker Code.a(switches.o)
                                0x1ef (size before relaxing)
 .debug_str     0x00000f66       0x6c .\CortexM3\ARM_GCC_493\Debug\Adjustable Automated Relocker Code.a(calibratePin.o)
                                0x23c (size before relaxing)
 .debug_str     0x00000fd2       0x67 .\CortexM3\ARM_GCC_493\Debug\Adjustable Automated Relocker Code.a(yellowLight.o)
                                0x237 (size before relaxing)
 .debug_str     0x00001039       0x63 .\CortexM3\ARM_GCC_493\Debug\Adjustable Automated Relocker Code.a(greenLight.o)
                                0x232 (size before relaxing)
 .debug_str     0x0000109c       0x9c .\CortexM3\ARM_GCC_493\Debug\Adjustable Automated Relocker Code.a(courseDAC.o)
                                0x27e (size before relaxing)
 .debug_str     0x00001138       0x60 .\CortexM3\ARM_GCC_493\Debug\Adjustable Automated Relocker Code.a(setting8V.o)
                                0x22d (size before relaxing)
 .debug_str     0x00001198       0x64 .\CortexM3\ARM_GCC_493\Debug\Adjustable Automated Relocker Code.a(setting22V.o)
                                0x232 (size before relaxing)
 .debug_str     0x000011fc       0x64 .\CortexM3\ARM_GCC_493\Debug\Adjustable Automated Relocker Code.a(setting28V.o)
                                0x232 (size before relaxing)
 .debug_str     0x00001260       0x73 .\CortexM3\ARM_GCC_493\Debug\Adjustable Automated Relocker Code.a(lfOutADC_AMux.o)
                                0x259 (size before relaxing)
 .debug_str     0x000012d3      0x1a5 .\CortexM3\ARM_GCC_493\Debug\Adjustable Automated Relocker Code.a(lfOutADC_Ext_CP_Clk.o)
                                0x3b5 (size before relaxing)
 .debug_str     0x00001478      0x18b .\CortexM3\ARM_GCC_493\Debug\Adjustable Automated Relocker Code.a(lfOutADC_theACLK.o)
                                0x3de (size before relaxing)
 .debug_str     0x00001603      0x157 .\CortexM3\ARM_GCC_493\Debug\Adjustable Automated Relocker Code.a(eMonADC_theACLK.o)
                                0x385 (size before relaxing)
 .debug_str     0x0000175a      0x7ea .\CortexM3\ARM_GCC_493\Debug\Adjustable Automated Relocker Code.a(CyLib.o)
                                0xa72 (size before relaxing)
 .debug_str     0x00001f44      0x359 .\CortexM3\ARM_GCC_493\Debug\Adjustable Automated Relocker Code.a(cyPm.o)
                                0x752 (size before relaxing)
 .debug_str     0x0000229d       0x68 .\CortexM3\ARM_GCC_493\Debug\Adjustable Automated Relocker Code.a(thresSample.o)
                                0x237 (size before relaxing)
 .debug_str     0x00002305       0x54 .\CortexM3\ARM_GCC_493\Debug\Adjustable Automated Relocker Code.a(lockIn.o)
                                0x21e (size before relaxing)
 .debug_str     0x00002359       0x63 .\CortexM3\ARM_GCC_493\Debug\Adjustable Automated Relocker Code.a(checkLight.o)
                                0x232 (size before relaxing)
 .debug_str     0x000023bc      0x19c .\CortexM3\ARM_GCC_493\Debug\Adjustable Automated Relocker Code.a(CyFlash.o)
                                0x3cc (size before relaxing)
 .debug_str     0x00002558       0xac .\CortexM3\ARM_GCC_493\Debug\Adjustable Automated Relocker Code.a(CySpc.o)
                                0x355 (size before relaxing)

.debug_loc      0x00000000     0x35a9
 *(.debug_loc)
 .debug_loc     0x00000000      0xc2f .\CortexM3\ARM_GCC_493\Debug\main.o
 .debug_loc     0x00000c2f      0x144 .\CortexM3\ARM_GCC_493\Debug\Cm3Start.o
 .debug_loc     0x00000d73      0x23f .\CortexM3\ARM_GCC_493\Debug\Adjustable Automated Relocker Code.a(cyfitter_cfg.o)
 .debug_loc     0x00000fb2      0x676 .\CortexM3\ARM_GCC_493\Debug\Adjustable Automated Relocker Code.a(lfOutADC.o)
 .debug_loc     0x00001628       0x42 .\CortexM3\ARM_GCC_493\Debug\Adjustable Automated Relocker Code.a(redLight.o)
 .debug_loc     0x0000166a      0x273 .\CortexM3\ARM_GCC_493\Debug\Adjustable Automated Relocker Code.a(eMonADC.o)
 .debug_loc     0x000018dd       0x79 .\CortexM3\ARM_GCC_493\Debug\Adjustable Automated Relocker Code.a(fineDAC.o)
 .debug_loc     0x00001956       0x42 .\CortexM3\ARM_GCC_493\Debug\Adjustable Automated Relocker Code.a(calibratePin.o)
 .debug_loc     0x00001998       0x55 .\CortexM3\ARM_GCC_493\Debug\Adjustable Automated Relocker Code.a(yellowLight.o)
 .debug_loc     0x000019ed       0x55 .\CortexM3\ARM_GCC_493\Debug\Adjustable Automated Relocker Code.a(greenLight.o)
 .debug_loc     0x00001a42       0x79 .\CortexM3\ARM_GCC_493\Debug\Adjustable Automated Relocker Code.a(courseDAC.o)
 .debug_loc     0x00001abb       0x42 .\CortexM3\ARM_GCC_493\Debug\Adjustable Automated Relocker Code.a(setting8V.o)
 .debug_loc     0x00001afd       0x42 .\CortexM3\ARM_GCC_493\Debug\Adjustable Automated Relocker Code.a(setting22V.o)
 .debug_loc     0x00001b3f       0x42 .\CortexM3\ARM_GCC_493\Debug\Adjustable Automated Relocker Code.a(setting28V.o)
 .debug_loc     0x00001b81       0x6c .\CortexM3\ARM_GCC_493\Debug\Adjustable Automated Relocker Code.a(lfOutADC_AMux.o)
 .debug_loc     0x00001bed      0x12c .\CortexM3\ARM_GCC_493\Debug\Adjustable Automated Relocker Code.a(lfOutADC_Ext_CP_Clk.o)
 .debug_loc     0x00001d19      0x14d .\CortexM3\ARM_GCC_493\Debug\Adjustable Automated Relocker Code.a(lfOutADC_theACLK.o)
 .debug_loc     0x00001e66      0x128 .\CortexM3\ARM_GCC_493\Debug\Adjustable Automated Relocker Code.a(eMonADC_theACLK.o)
 .debug_loc     0x00001f8e      0xa11 .\CortexM3\ARM_GCC_493\Debug\Adjustable Automated Relocker Code.a(CyLib.o)
 .debug_loc     0x0000299f      0x1e4 .\CortexM3\ARM_GCC_493\Debug\Adjustable Automated Relocker Code.a(cyPm.o)
 .debug_loc     0x00002b83       0x42 .\CortexM3\ARM_GCC_493\Debug\Adjustable Automated Relocker Code.a(thresSample.o)
 .debug_loc     0x00002bc5       0x42 .\CortexM3\ARM_GCC_493\Debug\Adjustable Automated Relocker Code.a(lockIn.o)
 .debug_loc     0x00002c07       0x55 .\CortexM3\ARM_GCC_493\Debug\Adjustable Automated Relocker Code.a(checkLight.o)
 .debug_loc     0x00002c5c      0x300 .\CortexM3\ARM_GCC_493\Debug\Adjustable Automated Relocker Code.a(CyFlash.o)
 .debug_loc     0x00002f5c      0x64d .\CortexM3\ARM_GCC_493\Debug\Adjustable Automated Relocker Code.a(CySpc.o)

.debug_macinfo
 *(.debug_macinfo)

.debug_ranges   0x00000000      0x9c0
 *(.debug_ranges)
 .debug_ranges  0x00000000       0x10 .\CortexM3\ARM_GCC_493\Debug\main.o
 .debug_ranges  0x00000010       0x38 .\CortexM3\ARM_GCC_493\Debug\Cm3Start.o
 .debug_ranges  0x00000048       0x58 .\CortexM3\ARM_GCC_493\Debug\Adjustable Automated Relocker Code.a(cyfitter_cfg.o)
 .debug_ranges  0x000000a0       0xd8 .\CortexM3\ARM_GCC_493\Debug\Adjustable Automated Relocker Code.a(lfOutADC.o)
 .debug_ranges  0x00000178       0x28 .\CortexM3\ARM_GCC_493\Debug\Adjustable Automated Relocker Code.a(lfOutADC_INT.o)
 .debug_ranges  0x000001a0       0x28 .\CortexM3\ARM_GCC_493\Debug\Adjustable Automated Relocker Code.a(redLight.o)
 .debug_ranges  0x000001c8       0x98 .\CortexM3\ARM_GCC_493\Debug\Adjustable Automated Relocker Code.a(eMonADC.o)
 .debug_ranges  0x00000260       0x10 .\CortexM3\ARM_GCC_493\Debug\Adjustable Automated Relocker Code.a(eMonADC_INT.o)
 .debug_ranges  0x00000270       0x48 .\CortexM3\ARM_GCC_493\Debug\Adjustable Automated Relocker Code.a(fineDAC.o)
 .debug_ranges  0x000002b8       0x18 .\CortexM3\ARM_GCC_493\Debug\Adjustable Automated Relocker Code.a(switches.o)
 .debug_ranges  0x000002d0       0x28 .\CortexM3\ARM_GCC_493\Debug\Adjustable Automated Relocker Code.a(calibratePin.o)
 .debug_ranges  0x000002f8       0x28 .\CortexM3\ARM_GCC_493\Debug\Adjustable Automated Relocker Code.a(yellowLight.o)
 .debug_ranges  0x00000320       0x28 .\CortexM3\ARM_GCC_493\Debug\Adjustable Automated Relocker Code.a(greenLight.o)
 .debug_ranges  0x00000348       0x48 .\CortexM3\ARM_GCC_493\Debug\Adjustable Automated Relocker Code.a(courseDAC.o)
 .debug_ranges  0x00000390       0x28 .\CortexM3\ARM_GCC_493\Debug\Adjustable Automated Relocker Code.a(setting8V.o)
 .debug_ranges  0x000003b8       0x28 .\CortexM3\ARM_GCC_493\Debug\Adjustable Automated Relocker Code.a(setting22V.o)
 .debug_ranges  0x000003e0       0x28 .\CortexM3\ARM_GCC_493\Debug\Adjustable Automated Relocker Code.a(setting28V.o)
 .debug_ranges  0x00000408       0x20 .\CortexM3\ARM_GCC_493\Debug\Adjustable Automated Relocker Code.a(lfOutADC_AMux.o)
 .debug_ranges  0x00000428       0x60 .\CortexM3\ARM_GCC_493\Debug\Adjustable Automated Relocker Code.a(lfOutADC_Ext_CP_Clk.o)
 .debug_ranges  0x00000488       0x70 .\CortexM3\ARM_GCC_493\Debug\Adjustable Automated Relocker Code.a(lfOutADC_theACLK.o)
 .debug_ranges  0x000004f8       0x60 .\CortexM3\ARM_GCC_493\Debug\Adjustable Automated Relocker Code.a(eMonADC_theACLK.o)
 .debug_ranges  0x00000558      0x290 .\CortexM3\ARM_GCC_493\Debug\Adjustable Automated Relocker Code.a(CyLib.o)
 .debug_ranges  0x000007e8       0x88 .\CortexM3\ARM_GCC_493\Debug\Adjustable Automated Relocker Code.a(cyPm.o)
 .debug_ranges  0x00000870       0x28 .\CortexM3\ARM_GCC_493\Debug\Adjustable Automated Relocker Code.a(thresSample.o)
 .debug_ranges  0x00000898       0x28 .\CortexM3\ARM_GCC_493\Debug\Adjustable Automated Relocker Code.a(lockIn.o)
 .debug_ranges  0x000008c0       0x28 .\CortexM3\ARM_GCC_493\Debug\Adjustable Automated Relocker Code.a(checkLight.o)
 .debug_ranges  0x000008e8       0x70 .\CortexM3\ARM_GCC_493\Debug\Adjustable Automated Relocker Code.a(CyFlash.o)
 .debug_ranges  0x00000958       0x68 .\CortexM3\ARM_GCC_493\Debug\Adjustable Automated Relocker Code.a(CySpc.o)

.comment        0x00000000       0x70
 .comment       0x00000000       0x70 .\CortexM3\ARM_GCC_493\Debug\main.o
                                 0x71 (size before relaxing)
 .comment       0x00000000       0x71 .\CortexM3\ARM_GCC_493\Debug\cymetadata.o
 .comment       0x00000000       0x71 .\CortexM3\ARM_GCC_493\Debug\Cm3Start.o
 .comment       0x00000000       0x71 .\CortexM3\ARM_GCC_493\Debug\Adjustable Automated Relocker Code.a(cyfitter_cfg.o)
 .comment       0x00000000       0x71 .\CortexM3\ARM_GCC_493\Debug\Adjustable Automated Relocker Code.a(lfOutADC.o)
 .comment       0x00000000       0x71 .\CortexM3\ARM_GCC_493\Debug\Adjustable Automated Relocker Code.a(lfOutADC_INT.o)
 .comment       0x00000000       0x71 .\CortexM3\ARM_GCC_493\Debug\Adjustable Automated Relocker Code.a(redLight.o)
 .comment       0x00000000       0x71 .\CortexM3\ARM_GCC_493\Debug\Adjustable Automated Relocker Code.a(eMonADC.o)
 .comment       0x00000000       0x71 .\CortexM3\ARM_GCC_493\Debug\Adjustable Automated Relocker Code.a(eMonADC_INT.o)
 .comment       0x00000000       0x71 .\CortexM3\ARM_GCC_493\Debug\Adjustable Automated Relocker Code.a(fineDAC.o)
 .comment       0x00000000       0x71 .\CortexM3\ARM_GCC_493\Debug\Adjustable Automated Relocker Code.a(switches.o)
 .comment       0x00000000       0x71 .\CortexM3\ARM_GCC_493\Debug\Adjustable Automated Relocker Code.a(calibratePin.o)
 .comment       0x00000000       0x71 .\CortexM3\ARM_GCC_493\Debug\Adjustable Automated Relocker Code.a(yellowLight.o)
 .comment       0x00000000       0x71 .\CortexM3\ARM_GCC_493\Debug\Adjustable Automated Relocker Code.a(greenLight.o)
 .comment       0x00000000       0x71 .\CortexM3\ARM_GCC_493\Debug\Adjustable Automated Relocker Code.a(courseDAC.o)
 .comment       0x00000000       0x71 .\CortexM3\ARM_GCC_493\Debug\Adjustable Automated Relocker Code.a(setting8V.o)
 .comment       0x00000000       0x71 .\CortexM3\ARM_GCC_493\Debug\Adjustable Automated Relocker Code.a(setting22V.o)
 .comment       0x00000000       0x71 .\CortexM3\ARM_GCC_493\Debug\Adjustable Automated Relocker Code.a(setting28V.o)
 .comment       0x00000000       0x71 .\CortexM3\ARM_GCC_493\Debug\Adjustable Automated Relocker Code.a(lfOutADC_AMux.o)
 .comment       0x00000000       0x71 .\CortexM3\ARM_GCC_493\Debug\Adjustable Automated Relocker Code.a(lfOutADC_Ext_CP_Clk.o)
 .comment       0x00000000       0x71 .\CortexM3\ARM_GCC_493\Debug\Adjustable Automated Relocker Code.a(lfOutADC_theACLK.o)
 .comment       0x00000000       0x71 .\CortexM3\ARM_GCC_493\Debug\Adjustable Automated Relocker Code.a(eMonADC_theACLK.o)
 .comment       0x00000000       0x71 .\CortexM3\ARM_GCC_493\Debug\Adjustable Automated Relocker Code.a(CyLib.o)
 .comment       0x00000000       0x71 .\CortexM3\ARM_GCC_493\Debug\Adjustable Automated Relocker Code.a(cyPm.o)
 .comment       0x00000000       0x71 .\CortexM3\ARM_GCC_493\Debug\Adjustable Automated Relocker Code.a(thresSample.o)
 .comment       0x00000000       0x71 .\CortexM3\ARM_GCC_493\Debug\Adjustable Automated Relocker Code.a(lockIn.o)
 .comment       0x00000000       0x71 .\CortexM3\ARM_GCC_493\Debug\Adjustable Automated Relocker Code.a(checkLight.o)
 .comment       0x00000000       0x71 .\CortexM3\ARM_GCC_493\Debug\Adjustable Automated Relocker Code.a(CyFlash.o)
 .comment       0x00000000       0x71 .\CortexM3\ARM_GCC_493\Debug\Adjustable Automated Relocker Code.a(CySpc.o)

.debug_weaknames
 *(.debug_weaknames)

.debug_funcnames
 *(.debug_funcnames)

.debug_typenames
 *(.debug_typenames)

.debug_varnames
 *(.debug_varnames)

.note.gnu.arm.ident
 *(.note.gnu.arm.ident)

.ARM.attributes
                0x00000000       0x29
 *(.ARM.attributes)
 .ARM.attributes
                0x00000000       0x1d c:/program files (x86)/cypress/psoc creator/4.0/psoc creator/import/gnu/arm/4.9.3/bin/../lib/gcc/arm-none-eabi/4.9.3/armv7-m/crti.o
 .ARM.attributes
                0x0000001d       0x2d c:/program files (x86)/cypress/psoc creator/4.0/psoc creator/import/gnu/arm/4.9.3/bin/../lib/gcc/arm-none-eabi/4.9.3/armv7-m/crtbegin.o
 .ARM.attributes
                0x0000004a       0x1b c:/program files (x86)/cypress/psoc creator/4.0/psoc creator/import/gnu/arm/4.9.3/bin/../lib/gcc/arm-none-eabi/4.9.3/../../../../arm-none-eabi/lib/armv7-m/crt0.o
 .ARM.attributes
                0x00000065       0x33 .\CortexM3\ARM_GCC_493\Debug\main.o
 .ARM.attributes
                0x00000098       0x33 .\CortexM3\ARM_GCC_493\Debug\cymetadata.o
 .ARM.attributes
                0x000000cb       0x33 .\CortexM3\ARM_GCC_493\Debug\Cm3Start.o
 .ARM.attributes
                0x000000fe       0x33 .\CortexM3\ARM_GCC_493\Debug\Adjustable Automated Relocker Code.a(cyfitter_cfg.o)
 .ARM.attributes
                0x00000131       0x33 .\CortexM3\ARM_GCC_493\Debug\Adjustable Automated Relocker Code.a(lfOutADC.o)
 .ARM.attributes
                0x00000164       0x33 .\CortexM3\ARM_GCC_493\Debug\Adjustable Automated Relocker Code.a(lfOutADC_INT.o)
 .ARM.attributes
                0x00000197       0x33 .\CortexM3\ARM_GCC_493\Debug\Adjustable Automated Relocker Code.a(redLight.o)
 .ARM.attributes
                0x000001ca       0x33 .\CortexM3\ARM_GCC_493\Debug\Adjustable Automated Relocker Code.a(eMonADC.o)
 .ARM.attributes
                0x000001fd       0x33 .\CortexM3\ARM_GCC_493\Debug\Adjustable Automated Relocker Code.a(eMonADC_INT.o)
 .ARM.attributes
                0x00000230       0x33 .\CortexM3\ARM_GCC_493\Debug\Adjustable Automated Relocker Code.a(fineDAC.o)
 .ARM.attributes
                0x00000263       0x33 .\CortexM3\ARM_GCC_493\Debug\Adjustable Automated Relocker Code.a(switches.o)
 .ARM.attributes
                0x00000296       0x33 .\CortexM3\ARM_GCC_493\Debug\Adjustable Automated Relocker Code.a(calibratePin.o)
 .ARM.attributes
                0x000002c9       0x33 .\CortexM3\ARM_GCC_493\Debug\Adjustable Automated Relocker Code.a(yellowLight.o)
 .ARM.attributes
                0x000002fc       0x33 .\CortexM3\ARM_GCC_493\Debug\Adjustable Automated Relocker Code.a(greenLight.o)
 .ARM.attributes
                0x0000032f       0x33 .\CortexM3\ARM_GCC_493\Debug\Adjustable Automated Relocker Code.a(courseDAC.o)
 .ARM.attributes
                0x00000362       0x33 .\CortexM3\ARM_GCC_493\Debug\Adjustable Automated Relocker Code.a(setting8V.o)
 .ARM.attributes
                0x00000395       0x33 .\CortexM3\ARM_GCC_493\Debug\Adjustable Automated Relocker Code.a(setting22V.o)
 .ARM.attributes
                0x000003c8       0x33 .\CortexM3\ARM_GCC_493\Debug\Adjustable Automated Relocker Code.a(setting28V.o)
 .ARM.attributes
                0x000003fb       0x33 .\CortexM3\ARM_GCC_493\Debug\Adjustable Automated Relocker Code.a(lfOutADC_AMux.o)
 .ARM.attributes
                0x0000042e       0x33 .\CortexM3\ARM_GCC_493\Debug\Adjustable Automated Relocker Code.a(lfOutADC_Ext_CP_Clk.o)
 .ARM.attributes
                0x00000461       0x33 .\CortexM3\ARM_GCC_493\Debug\Adjustable Automated Relocker Code.a(lfOutADC_theACLK.o)
 .ARM.attributes
                0x00000494       0x33 .\CortexM3\ARM_GCC_493\Debug\Adjustable Automated Relocker Code.a(eMonADC_theACLK.o)
 .ARM.attributes
                0x000004c7       0x33 .\CortexM3\ARM_GCC_493\Debug\Adjustable Automated Relocker Code.a(CyLib.o)
 .ARM.attributes
                0x000004fa       0x33 .\CortexM3\ARM_GCC_493\Debug\Adjustable Automated Relocker Code.a(cyPm.o)
 .ARM.attributes
                0x0000052d       0x33 .\CortexM3\ARM_GCC_493\Debug\Adjustable Automated Relocker Code.a(thresSample.o)
 .ARM.attributes
                0x00000560       0x33 .\CortexM3\ARM_GCC_493\Debug\Adjustable Automated Relocker Code.a(lockIn.o)
 .ARM.attributes
                0x00000593       0x33 .\CortexM3\ARM_GCC_493\Debug\Adjustable Automated Relocker Code.a(checkLight.o)
 .ARM.attributes
                0x000005c6       0x21 .\CortexM3\ARM_GCC_493\Debug\Adjustable Automated Relocker Code.a(CyBootAsmGnu.o)
 .ARM.attributes
                0x000005e7       0x33 .\CortexM3\ARM_GCC_493\Debug\Adjustable Automated Relocker Code.a(CyFlash.o)
 .ARM.attributes
                0x0000061a       0x33 .\CortexM3\ARM_GCC_493\Debug\Adjustable Automated Relocker Code.a(CySpc.o)
 .ARM.attributes
                0x0000064d       0x1d c:/program files (x86)/cypress/psoc creator/4.0/psoc creator/import/gnu/arm/4.9.3/bin/../lib/gcc/arm-none-eabi/4.9.3/armv7-m\libgcc.a(_arm_addsubdf3.o)
 .ARM.attributes
                0x0000066a       0x1d c:/program files (x86)/cypress/psoc creator/4.0/psoc creator/import/gnu/arm/4.9.3/bin/../lib/gcc/arm-none-eabi/4.9.3/armv7-m\libgcc.a(_arm_muldivdf3.o)
 .ARM.attributes
                0x00000687       0x1d c:/program files (x86)/cypress/psoc creator/4.0/psoc creator/import/gnu/arm/4.9.3/bin/../lib/gcc/arm-none-eabi/4.9.3/armv7-m\libgcc.a(_arm_cmpdf2.o)
 .ARM.attributes
                0x000006a4       0x1d c:/program files (x86)/cypress/psoc creator/4.0/psoc creator/import/gnu/arm/4.9.3/bin/../lib/gcc/arm-none-eabi/4.9.3/armv7-m\libgcc.a(_arm_fixdfsi.o)
 .ARM.attributes
                0x000006c1       0x1d c:/program files (x86)/cypress/psoc creator/4.0/psoc creator/import/gnu/arm/4.9.3/bin/../lib/gcc/arm-none-eabi/4.9.3/armv7-m\libgcc.a(_arm_addsubsf3.o)
 .ARM.attributes
                0x000006de       0x1d c:/program files (x86)/cypress/psoc creator/4.0/psoc creator/import/gnu/arm/4.9.3/bin/../lib/gcc/arm-none-eabi/4.9.3/armv7-m\libgcc.a(_arm_muldivsf3.o)
 .ARM.attributes
                0x000006fb       0x1d c:/program files (x86)/cypress/psoc creator/4.0/psoc creator/import/gnu/arm/4.9.3/bin/../lib/gcc/arm-none-eabi/4.9.3/armv7-m\libgcc.a(_arm_fixunssfsi.o)
 .ARM.attributes
                0x00000718       0x1d c:/program files (x86)/cypress/psoc creator/4.0/psoc creator/import/gnu/arm/4.9.3/bin/../lib/gcc/arm-none-eabi/4.9.3/armv7-m\libgcc.a(_aeabi_ldivmod.o)
 .ARM.attributes
                0x00000735       0x2d c:/program files (x86)/cypress/psoc creator/4.0/psoc creator/import/gnu/arm/4.9.3/bin/../lib/gcc/arm-none-eabi/4.9.3/armv7-m\libgcc.a(bpabi.o)
 .ARM.attributes
                0x00000762       0x1d c:/program files (x86)/cypress/psoc creator/4.0/psoc creator/import/gnu/arm/4.9.3/bin/../lib/gcc/arm-none-eabi/4.9.3/armv7-m\libgcc.a(_dvmd_tls.o)
 .ARM.attributes
                0x0000077f       0x2d c:/program files (x86)/cypress/psoc creator/4.0/psoc creator/import/gnu/arm/4.9.3/bin/../lib/gcc/arm-none-eabi/4.9.3/armv7-m\libgcc.a(_divdi3.o)
 .ARM.attributes
                0x000007ac       0x2d c:/program files (x86)/cypress/psoc creator/4.0/psoc creator/import/gnu/arm/4.9.3/bin/../lib/gcc/arm-none-eabi/4.9.3/armv7-m\libgcc.a(_udivdi3.o)
 .ARM.attributes
                0x000007d9       0x2d c:/program files (x86)/cypress/psoc creator/4.0/psoc creator/import/gnu/arm/4.9.3/bin/../lib/gcc/arm-none-eabi/4.9.3/../../../../arm-none-eabi/lib/armv7-m\libg_nano.a(lib_a-errno.o)
 .ARM.attributes
                0x00000806       0x2d c:/program files (x86)/cypress/psoc creator/4.0/psoc creator/import/gnu/arm/4.9.3/bin/../lib/gcc/arm-none-eabi/4.9.3/../../../../arm-none-eabi/lib/armv7-m\libg_nano.a(lib_a-exit.o)
 .ARM.attributes
                0x00000833       0x2d c:/program files (x86)/cypress/psoc creator/4.0/psoc creator/import/gnu/arm/4.9.3/bin/../lib/gcc/arm-none-eabi/4.9.3/../../../../arm-none-eabi/lib/armv7-m\libg_nano.a(lib_a-impure.o)
 .ARM.attributes
                0x00000860       0x2d c:/program files (x86)/cypress/psoc creator/4.0/psoc creator/import/gnu/arm/4.9.3/bin/../lib/gcc/arm-none-eabi/4.9.3/../../../../arm-none-eabi/lib/armv7-m\libg_nano.a(lib_a-init.o)
 .ARM.attributes
                0x0000088d       0x2d c:/program files (x86)/cypress/psoc creator/4.0/psoc creator/import/gnu/arm/4.9.3/bin/../lib/gcc/arm-none-eabi/4.9.3/../../../../arm-none-eabi/lib/armv7-m\libg_nano.a(lib_a-memcpy.o)
 .ARM.attributes
                0x000008ba       0x2d c:/program files (x86)/cypress/psoc creator/4.0/psoc creator/import/gnu/arm/4.9.3/bin/../lib/gcc/arm-none-eabi/4.9.3/../../../../arm-none-eabi/lib/armv7-m\libg_nano.a(lib_a-memset.o)
 .ARM.attributes
                0x000008e7       0x2d c:/program files (x86)/cypress/psoc creator/4.0/psoc creator/import/gnu/arm/4.9.3/bin/../lib/gcc/arm-none-eabi/4.9.3/armv7-m/crtend.o
 .ARM.attributes
                0x00000914       0x1d c:/program files (x86)/cypress/psoc creator/4.0/psoc creator/import/gnu/arm/4.9.3/bin/../lib/gcc/arm-none-eabi/4.9.3/armv7-m/crtn.o

/DISCARD/
 *(.note.GNU-stack)
OUTPUT(.\CortexM3\ARM_GCC_493\Debug\Adjustable Automated Relocker Code.elf elf32-littlearm)
